
  .   ____          _            __ _ _
 /\\ / ___'_ __ _ _(_)_ __  __ _ \ \ \ \
( ( )\___ | '_ | '_| | '_ \/ _` | \ \ \ \
 \\/  ___)| |_)| | | | | || (_| |  ) ) ) )
  '  |____| .__|_| |_|_| |_\__, | / / / /
 =========|_|==============|___/=/_/_/_/

 :: Spring Boot ::                (v3.3.5)

2026-09-26T21:50:47.925+08:00  INFO 57544 --- [seckill-system] [           main] com.ddk.seckill.SeckillApplication       : Starting SeckillApplication v0.0.1-SNAPSHOT using Java 21.0.12.1 with PID 57544 (C:\seckill-system\target\seckill-system-0.0.1-SNAPSHOT.jar started by Asus in C:\seckill-system)
2026-09-26T21:50:47.934+08:00  INFO 57544 --- [seckill-system] [           main] com.ddk.seckill.SeckillApplication       : No active profile set, falling back to 1 default profile: "default"
2026-09-26T21:50:49.896+08:00  INFO 57544 --- [seckill-system] [           main] o.s.b.w.embedded.tomcat.TomcatWebServer  : Tomcat initialized with port 18081 (http)
2026-09-26T21:50:49.921+08:00  INFO 57544 --- [seckill-system] [           main] o.apache.catalina.core.StandardService   : Starting service [Tomcat]
2026-09-26T21:50:49.922+08:00  INFO 57544 --- [seckill-system] [           main] o.apache.catalina.core.StandardEngine    : Starting Servlet engine: [Apache Tomcat/10.1.31]
2026-09-26T21:50:49.975+08:00  INFO 57544 --- [seckill-system] [           main] o.a.c.c.C.[Tomcat].[localhost].[/api]    : Initializing Spring embedded WebApplicationContext
2026-09-26T21:50:49.976+08:00  INFO 57544 --- [seckill-system] [           main] w.s.c.ServletWebServerApplicationContext : Root WebApplicationContext: initialization completed in 1947 ms
2026-09-26T21:50:51.300+08:00  INFO 57544 --- [seckill-system] [           main] o.s.b.w.embedded.tomcat.TomcatWebServer  : Tomcat started on port 18081 (http) with context path '/api'
2026-09-26T21:50:51.342+08:00  INFO 57544 --- [seckill-system] [           main] com.ddk.seckill.SeckillApplication       : Started SeckillApplication in 4.166 seconds (process running for 5.091)
2026-09-26T21:50:52.424+08:00  INFO 57544 --- [seckill-system] [io-18081-exec-1] o.a.c.c.C.[Tomcat].[localhost].[/api]    : Initializing Spring DispatcherServlet 'dispatcherServlet'
2026-09-26T21:50:52.425+08:00  INFO 57544 --- [seckill-system] [io-18081-exec-1] o.s.web.servlet.DispatcherServlet        : Initializing Servlet 'dispatcherServlet'
2026-09-26T21:50:52.426+08:00  INFO 57544 --- [seckill-system] [io-18081-exec-1] o.s.web.servlet.DispatcherServlet        : Completed initialization in 1 ms
2026-09-26T21:50:52.518+08:00  INFO 57544 --- [seckill-system] [io-18081-exec-1] com.zaxxer.hikari.HikariDataSource       : HikariPool-1 - Starting...
2026-09-26T21:50:52.816+08:00  INFO 57544 --- [seckill-system] [io-18081-exec-1] com.zaxxer.hikari.pool.HikariPool        : HikariPool-1 - Added connection com.mysql.cj.jdbc.ConnectionImpl@e3fcf92
2026-09-26T21:50:52.819+08:00  INFO 57544 --- [seckill-system] [io-18081-exec-1] com.zaxxer.hikari.HikariDataSource       : HikariPool-1 - Start completed.
