2026-09-26 21:51:00,230 INFO o.a.j.u.JMeterUtils: Setting Locale to zh_CN
2026-09-26 21:51:00,264 INFO o.a.j.JMeter: Loading user properties from: C:\seckill-system\target\tools\apache-jmeter-5.6.3\bin\user.properties
2026-09-26 21:51:00,264 INFO o.a.j.JMeter: Loading system properties from: C:\seckill-system\target\tools\apache-jmeter-5.6.3\bin\system.properties
2026-09-26 21:51:00,265 INFO o.a.j.JMeter: Setting JMeter property: users=100
2026-09-26 21:51:00,265 INFO o.a.j.JMeter: Setting JMeter property: loops=10
2026-09-26 21:51:00,265 INFO o.a.j.JMeter: Setting JMeter property: ramp=1
2026-09-26 21:51:00,266 INFO o.a.j.JMeter: Setting JMeter property: product=6
2026-09-26 21:51:00,266 INFO o.a.j.JMeter: Setting JMeter property: port=18081
2026-09-26 21:51:00,273 INFO o.a.j.JMeter: Copyright (c) 1998-2024 The Apache Software Foundation
2026-09-26 21:51:00,273 INFO o.a.j.JMeter: Version 5.6.3
2026-09-26 21:51:00,273 INFO o.a.j.JMeter: java.version=21.0.12.1
2026-09-26 21:51:00,273 INFO o.a.j.JMeter: java.vm.name=OpenJDK 64-Bit Server VM
2026-09-26 21:51:00,273 INFO o.a.j.JMeter: os.name=Windows 11
2026-09-26 21:51:00,273 INFO o.a.j.JMeter: os.arch=amd64
2026-09-26 21:51:00,273 INFO o.a.j.JMeter: os.version=10.0
2026-09-26 21:51:00,273 INFO o.a.j.JMeter: file.encoding=UTF-8
2026-09-26 21:51:00,274 INFO o.a.j.JMeter: java.awt.headless=true
2026-09-26 21:51:00,274 INFO o.a.j.JMeter: Max memory     =536870912
2026-09-26 21:51:00,274 INFO o.a.j.JMeter: Available Processors =32
2026-09-26 21:51:00,285 INFO o.a.j.JMeter: Default Locale=中文 (中国)
2026-09-26 21:51:00,286 INFO o.a.j.JMeter: JMeter  Locale=中文 (中国)
2026-09-26 21:51:00,286 INFO o.a.j.JMeter: JMeterHome=C:\seckill-system\target\tools\apache-jmeter-5.6.3
2026-09-26 21:51:00,286 INFO o.a.j.JMeter: user.dir  =C:\seckill-system
2026-09-26 21:51:00,286 INFO o.a.j.JMeter: PWD       =C:\seckill-system
2026-09-26 21:51:00,291 INFO o.a.j.JMeter: IP: 172.26.244.203 Name: LAPTOP-77E72ENH FullName: windows10.microdone.cn
2026-09-26 21:51:00,316 INFO o.a.j.s.FileServer: Default base='C:\seckill-system'
2026-09-26 21:51:00,318 INFO o.a.j.s.FileServer: Set new base='C:\seckill-system\perf'
2026-09-26 21:51:00,581 INFO o.a.j.s.SaveService: Testplan (JMX) version: 2.2. Testlog (JTL) version: 2.2
2026-09-26 21:51:00,624 INFO o.a.j.s.SaveService: Using SaveService properties version 5.0
2026-09-26 21:51:00,629 INFO o.a.j.s.SaveService: Using SaveService properties file encoding UTF-8
2026-09-26 21:51:00,634 INFO o.a.j.s.SaveService: Loading file: perf\stage1.jmx
2026-09-26 21:51:00,706 INFO o.a.j.p.h.s.HTTPSamplerBase: Parser for text/html is org.apache.jmeter.protocol.http.parser.LagartoBasedHtmlParser
2026-09-26 21:51:00,706 INFO o.a.j.p.h.s.HTTPSamplerBase: Parser for application/xhtml+xml is org.apache.jmeter.protocol.http.parser.LagartoBasedHtmlParser
2026-09-26 21:51:00,706 INFO o.a.j.p.h.s.HTTPSamplerBase: Parser for application/xml is org.apache.jmeter.protocol.http.parser.LagartoBasedHtmlParser
2026-09-26 21:51:00,706 INFO o.a.j.p.h.s.HTTPSamplerBase: Parser for text/xml is org.apache.jmeter.protocol.http.parser.LagartoBasedHtmlParser
2026-09-26 21:51:00,706 INFO o.a.j.p.h.s.HTTPSamplerBase: Parser for text/vnd.wap.wml is org.apache.jmeter.protocol.http.parser.RegexpHTMLParser
2026-09-26 21:51:00,707 INFO o.a.j.p.h.s.HTTPSamplerBase: Parser for text/css is org.apache.jmeter.protocol.http.parser.CssParser
2026-09-26 21:51:00,719 INFO o.a.j.JMeter: Creating summariser <summary>
2026-09-26 21:51:00,751 INFO o.a.j.e.StandardJMeterEngine: Running the test!
2026-09-26 21:51:00,752 INFO o.a.j.s.SampleEvent: List of sample_variables: []
2026-09-26 21:51:00,753 INFO o.a.j.s.SampleEvent: List of sample_variables: []
2026-09-26 21:51:00,759 INFO o.a.j.e.u.CompoundVariable: Note: Function class names must contain the string: '.functions.'
2026-09-26 21:51:00,759 INFO o.a.j.e.u.CompoundVariable: Note: Function class names must not contain the string: '.gui.'
2026-09-26 21:51:00,847 INFO o.a.j.JMeter: 正在运行的测试 (1790430660847)
2026-09-26 21:51:00,868 INFO o.a.j.e.StandardJMeterEngine: Starting ThreadGroup: 1 : Purchase
2026-09-26 21:51:00,868 INFO o.a.j.e.StandardJMeterEngine: Starting 100 threads for group Purchase.
2026-09-26 21:51:00,869 INFO o.a.j.e.StandardJMeterEngine: Thread will continue on error
2026-09-26 21:51:00,869 INFO o.a.j.t.ThreadGroup: Starting thread group... number=1 threads=100 ramp-up=1 delayedStart=false
2026-09-26 21:51:00,878 INFO o.a.j.t.JMeterThread: Thread started: Purchase 1-1
2026-09-26 21:51:00,884 INFO o.a.j.t.JMeterThread: Thread started: Purchase 1-2
2026-09-26 21:51:00,893 INFO o.a.j.t.JMeterThread: Thread started: Purchase 1-3
2026-09-26 21:51:00,904 INFO o.a.j.t.JMeterThread: Thread started: Purchase 1-4
2026-09-26 21:51:00,908 INFO o.a.j.p.h.s.HTTPHCAbstractImpl: Local host = LAPTOP-77E72ENH
2026-09-26 21:51:00,912 INFO o.a.j.t.JMeterThread: Thread started: Purchase 1-5
2026-09-26 21:51:00,915 INFO o.a.j.t.ThreadGroup: Started thread group number 1
2026-09-26 21:51:00,916 INFO o.a.j.e.StandardJMeterEngine: All thread groups have been started
2026-09-26 21:51:00,921 INFO o.a.j.p.h.s.HTTPHC4Impl: HTTP request retry count = 0
2026-09-26 21:51:00,922 INFO o.a.j.t.JMeterThread: Thread started: Purchase 1-6
2026-09-26 21:51:00,923 INFO o.a.j.s.SampleResult: Note: Sample TimeStamps are START times
2026-09-26 21:51:00,924 INFO o.a.j.s.SampleResult: sampleresult.default.encoding is set to UTF-8
2026-09-26 21:51:00,924 INFO o.a.j.s.SampleResult: sampleresult.useNanoTime=true
2026-09-26 21:51:00,924 INFO o.a.j.s.SampleResult: sampleresult.nanoThreadSleep=5000
2026-09-26 21:51:00,931 INFO o.a.j.t.JMeterThread: Thread started: Purchase 1-7
2026-09-26 21:51:00,940 INFO o.a.j.t.JMeterThread: Thread started: Purchase 1-8
2026-09-26 21:51:00,951 INFO o.a.j.t.JMeterThread: Thread started: Purchase 1-9
2026-09-26 21:51:00,960 INFO o.a.j.t.JMeterThread: Thread started: Purchase 1-10
2026-09-26 21:51:00,970 INFO o.a.j.t.JMeterThread: Thread started: Purchase 1-11
2026-09-26 21:51:00,981 INFO o.a.j.t.JMeterThread: Thread started: Purchase 1-12
2026-09-26 21:51:00,991 INFO o.a.j.t.JMeterThread: Thread started: Purchase 1-13
2026-09-26 21:51:01,001 INFO o.a.j.t.JMeterThread: Thread started: Purchase 1-14
2026-09-26 21:51:01,010 INFO o.a.j.t.JMeterThread: Thread started: Purchase 1-15
2026-09-26 21:51:01,021 INFO o.a.j.t.JMeterThread: Thread started: Purchase 1-16
2026-09-26 21:51:01,030 INFO o.a.j.t.JMeterThread: Thread started: Purchase 1-17
2026-09-26 21:51:01,041 INFO o.a.j.t.JMeterThread: Thread started: Purchase 1-18
2026-09-26 21:51:01,051 INFO o.a.j.t.JMeterThread: Thread started: Purchase 1-19
2026-09-26 21:51:01,061 INFO o.a.j.t.JMeterThread: Thread started: Purchase 1-20
2026-09-26 21:51:01,071 INFO o.a.j.t.JMeterThread: Thread started: Purchase 1-21
2026-09-26 21:51:01,080 INFO o.a.j.t.JMeterThread: Thread started: Purchase 1-22
2026-09-26 21:51:01,089 INFO o.a.j.r.Summariser: summary +      1 in 00:00:00 =    4.2/s Avg:    68 Min:    68 Max:    68 Err:     0 (0.00%) Active: 22 Started: 22 Finished: 0
2026-09-26 21:51:01,090 INFO o.a.j.t.JMeterThread: Thread started: Purchase 1-23
2026-09-26 21:51:01,100 INFO o.a.j.t.JMeterThread: Thread started: Purchase 1-24
2026-09-26 21:51:01,109 INFO o.a.j.t.JMeterThread: Thread started: Purchase 1-25
2026-09-26 21:51:01,121 INFO o.a.j.t.JMeterThread: Thread started: Purchase 1-26
2026-09-26 21:51:01,130 INFO o.a.j.t.JMeterThread: Thread started: Purchase 1-27
2026-09-26 21:51:01,140 INFO o.a.j.t.JMeterThread: Thread started: Purchase 1-28
2026-09-26 21:51:01,151 INFO o.a.j.t.JMeterThread: Thread started: Purchase 1-29
2026-09-26 21:51:01,160 INFO o.a.j.t.JMeterThread: Thread started: Purchase 1-30
2026-09-26 21:51:01,171 INFO o.a.j.t.JMeterThread: Thread started: Purchase 1-31
2026-09-26 21:51:01,181 INFO o.a.j.t.JMeterThread: Thread started: Purchase 1-32
2026-09-26 21:51:01,190 INFO o.a.j.t.JMeterThread: Thread started: Purchase 1-33
2026-09-26 21:51:01,201 INFO o.a.j.t.JMeterThread: Thread started: Purchase 1-34
2026-09-26 21:51:01,214 INFO o.a.j.t.JMeterThread: Thread started: Purchase 1-35
2026-09-26 21:51:01,223 INFO o.a.j.t.JMeterThread: Thread started: Purchase 1-36
2026-09-26 21:51:01,233 INFO o.a.j.t.JMeterThread: Thread started: Purchase 1-37
2026-09-26 21:51:01,241 INFO o.a.j.t.JMeterThread: Thread started: Purchase 1-38
2026-09-26 21:51:01,251 INFO o.a.j.t.JMeterThread: Thread started: Purchase 1-39
2026-09-26 21:51:01,261 INFO o.a.j.t.JMeterThread: Thread started: Purchase 1-40
2026-09-26 21:51:01,271 INFO o.a.j.t.JMeterThread: Thread started: Purchase 1-41
2026-09-26 21:51:01,282 INFO o.a.j.t.JMeterThread: Thread started: Purchase 1-42
2026-09-26 21:51:01,291 INFO o.a.j.t.JMeterThread: Thread started: Purchase 1-43
2026-09-26 21:51:01,301 INFO o.a.j.t.JMeterThread: Thread started: Purchase 1-44
2026-09-26 21:51:01,310 INFO o.a.j.t.JMeterThread: Thread started: Purchase 1-45
2026-09-26 21:51:01,321 INFO o.a.j.t.JMeterThread: Thread started: Purchase 1-46
2026-09-26 21:51:01,331 INFO o.a.j.t.JMeterThread: Thread started: Purchase 1-47
2026-09-26 21:51:01,341 INFO o.a.j.t.JMeterThread: Thread started: Purchase 1-48
2026-09-26 21:51:01,352 INFO o.a.j.t.JMeterThread: Thread started: Purchase 1-49
2026-09-26 21:51:01,363 INFO o.a.j.t.JMeterThread: Thread started: Purchase 1-50
2026-09-26 21:51:01,373 INFO o.a.j.t.JMeterThread: Thread started: Purchase 1-51
2026-09-26 21:51:01,380 INFO o.a.j.t.JMeterThread: Thread started: Purchase 1-52
2026-09-26 21:51:01,393 INFO o.a.j.t.JMeterThread: Thread started: Purchase 1-53
2026-09-26 21:51:01,401 INFO o.a.j.t.JMeterThread: Thread started: Purchase 1-54
2026-09-26 21:51:01,411 INFO o.a.j.t.JMeterThread: Thread started: Purchase 1-55
2026-09-26 21:51:01,421 INFO o.a.j.t.JMeterThread: Thread started: Purchase 1-56
2026-09-26 21:51:01,430 INFO o.a.j.t.JMeterThread: Thread started: Purchase 1-57
2026-09-26 21:51:01,442 INFO o.a.j.t.JMeterThread: Thread started: Purchase 1-58
2026-09-26 21:51:01,451 INFO o.a.j.t.JMeterThread: Thread started: Purchase 1-59
2026-09-26 21:51:01,461 INFO o.a.j.t.JMeterThread: Thread started: Purchase 1-60
2026-09-26 21:51:01,470 INFO o.a.j.t.JMeterThread: Thread started: Purchase 1-61
2026-09-26 21:51:01,481 INFO o.a.j.t.JMeterThread: Thread started: Purchase 1-62
2026-09-26 21:51:01,490 INFO o.a.j.t.JMeterThread: Thread started: Purchase 1-63
2026-09-26 21:51:01,500 INFO o.a.j.t.JMeterThread: Thread started: Purchase 1-64
2026-09-26 21:51:01,509 INFO o.a.j.t.JMeterThread: Thread started: Purchase 1-65
2026-09-26 21:51:01,521 INFO o.a.j.t.JMeterThread: Thread started: Purchase 1-66
2026-09-26 21:51:01,530 INFO o.a.j.t.JMeterThread: Thread started: Purchase 1-67
2026-09-26 21:51:01,539 INFO o.a.j.t.JMeterThread: Thread started: Purchase 1-68
2026-09-26 21:51:01,551 INFO o.a.j.t.JMeterThread: Thread started: Purchase 1-69
2026-09-26 21:51:01,560 INFO o.a.j.t.JMeterThread: Thread started: Purchase 1-70
2026-09-26 21:51:01,574 INFO o.a.j.t.JMeterThread: Thread started: Purchase 1-71
2026-09-26 21:51:01,582 INFO o.a.j.t.JMeterThread: Thread started: Purchase 1-72
2026-09-26 21:51:01,593 INFO o.a.j.t.JMeterThread: Thread started: Purchase 1-73
2026-09-26 21:51:01,605 INFO o.a.j.t.JMeterThread: Thread started: Purchase 1-74
2026-09-26 21:51:01,610 INFO o.a.j.t.JMeterThread: Thread started: Purchase 1-75
2026-09-26 21:51:01,622 INFO o.a.j.t.JMeterThread: Thread started: Purchase 1-76
2026-09-26 21:51:01,631 INFO o.a.j.t.JMeterThread: Thread started: Purchase 1-77
2026-09-26 21:51:01,641 INFO o.a.j.t.JMeterThread: Thread started: Purchase 1-78
2026-09-26 21:51:01,651 INFO o.a.j.t.JMeterThread: Thread started: Purchase 1-79
2026-09-26 21:51:01,661 INFO o.a.j.t.JMeterThread: Thread started: Purchase 1-80
2026-09-26 21:51:01,671 INFO o.a.j.t.JMeterThread: Thread started: Purchase 1-81
2026-09-26 21:51:01,682 INFO o.a.j.t.JMeterThread: Thread started: Purchase 1-82
2026-09-26 21:51:01,691 INFO o.a.j.t.JMeterThread: Thread started: Purchase 1-83
2026-09-26 21:51:01,700 INFO o.a.j.t.JMeterThread: Thread started: Purchase 1-84
2026-09-26 21:51:01,711 INFO o.a.j.t.JMeterThread: Thread started: Purchase 1-85
2026-09-26 21:51:01,721 INFO o.a.j.t.JMeterThread: Thread started: Purchase 1-86
2026-09-26 21:51:01,731 INFO o.a.j.t.JMeterThread: Thread started: Purchase 1-87
2026-09-26 21:51:01,741 INFO o.a.j.t.JMeterThread: Thread started: Purchase 1-88
2026-09-26 21:51:01,751 INFO o.a.j.t.JMeterThread: Thread started: Purchase 1-89
2026-09-26 21:51:01,761 INFO o.a.j.t.JMeterThread: Thread started: Purchase 1-90
2026-09-26 21:51:01,770 INFO o.a.j.t.JMeterThread: Thread started: Purchase 1-91
2026-09-26 21:51:01,781 INFO o.a.j.t.JMeterThread: Thread started: Purchase 1-92
2026-09-26 21:51:01,791 INFO o.a.j.t.JMeterThread: Thread started: Purchase 1-93
2026-09-26 21:51:01,801 INFO o.a.j.t.JMeterThread: Thread started: Purchase 1-94
2026-09-26 21:51:01,811 INFO o.a.j.t.JMeterThread: Thread started: Purchase 1-95
2026-09-26 21:51:01,820 INFO o.a.j.t.JMeterThread: Thread started: Purchase 1-96
2026-09-26 21:51:01,831 INFO o.a.j.t.JMeterThread: Thread started: Purchase 1-97
2026-09-26 21:51:01,841 INFO o.a.j.t.JMeterThread: Thread started: Purchase 1-98
2026-09-26 21:51:01,850 INFO o.a.j.t.JMeterThread: Thread started: Purchase 1-99
2026-09-26 21:51:01,861 INFO o.a.j.t.JMeterThread: Thread started: Purchase 1-100
2026-09-26 21:51:01,965 INFO o.a.j.t.JMeterThread: Thread is done: Purchase 1-2
2026-09-26 21:51:01,965 INFO o.a.j.t.JMeterThread: Thread finished: Purchase 1-2
2026-09-26 21:51:01,984 INFO o.a.j.t.JMeterThread: Thread is done: Purchase 1-1
2026-09-26 21:51:01,984 INFO o.a.j.t.JMeterThread: Thread finished: Purchase 1-1
2026-09-26 21:51:02,036 INFO o.a.j.t.JMeterThread: Thread is done: Purchase 1-19
2026-09-26 21:51:02,037 INFO o.a.j.t.JMeterThread: Thread finished: Purchase 1-19
2026-09-26 21:51:02,038 INFO o.a.j.t.JMeterThread: Thread is done: Purchase 1-12
2026-09-26 21:51:02,038 INFO o.a.j.t.JMeterThread: Thread finished: Purchase 1-12
2026-09-26 21:51:02,091 INFO o.a.j.t.JMeterThread: Thread is done: Purchase 1-3
2026-09-26 21:51:02,091 INFO o.a.j.t.JMeterThread: Thread finished: Purchase 1-3
2026-09-26 21:51:02,125 INFO o.a.j.t.JMeterThread: Thread is done: Purchase 1-7
2026-09-26 21:51:02,126 INFO o.a.j.t.JMeterThread: Thread finished: Purchase 1-7
2026-09-26 21:51:02,134 INFO o.a.j.t.JMeterThread: Thread is done: Purchase 1-9
2026-09-26 21:51:02,134 INFO o.a.j.t.JMeterThread: Thread finished: Purchase 1-9
2026-09-26 21:51:02,138 INFO o.a.j.t.JMeterThread: Thread is done: Purchase 1-13
2026-09-26 21:51:02,138 INFO o.a.j.t.JMeterThread: Thread finished: Purchase 1-13
2026-09-26 21:51:02,172 INFO o.a.j.t.JMeterThread: Thread is done: Purchase 1-5
2026-09-26 21:51:02,172 INFO o.a.j.t.JMeterThread: Thread finished: Purchase 1-5
2026-09-26 21:51:02,180 INFO o.a.j.t.JMeterThread: Thread is done: Purchase 1-18
2026-09-26 21:51:02,180 INFO o.a.j.t.JMeterThread: Thread finished: Purchase 1-18
2026-09-26 21:51:02,181 INFO o.a.j.t.JMeterThread: Thread is done: Purchase 1-14
2026-09-26 21:51:02,181 INFO o.a.j.t.JMeterThread: Thread finished: Purchase 1-14
2026-09-26 21:51:02,198 INFO o.a.j.t.JMeterThread: Thread is done: Purchase 1-20
2026-09-26 21:51:02,198 INFO o.a.j.t.JMeterThread: Thread finished: Purchase 1-20
2026-09-26 21:51:02,204 INFO o.a.j.t.JMeterThread: Thread is done: Purchase 1-22
2026-09-26 21:51:02,204 INFO o.a.j.t.JMeterThread: Thread finished: Purchase 1-22
2026-09-26 21:51:02,205 INFO o.a.j.t.JMeterThread: Thread is done: Purchase 1-15
2026-09-26 21:51:02,205 INFO o.a.j.t.JMeterThread: Thread finished: Purchase 1-15
2026-09-26 21:51:02,221 INFO o.a.j.t.JMeterThread: Thread is done: Purchase 1-11
2026-09-26 21:51:02,221 INFO o.a.j.t.JMeterThread: Thread finished: Purchase 1-11
2026-09-26 21:51:02,231 INFO o.a.j.t.JMeterThread: Thread is done: Purchase 1-6
2026-09-26 21:51:02,231 INFO o.a.j.t.JMeterThread: Thread finished: Purchase 1-6
2026-09-26 21:51:02,232 INFO o.a.j.t.JMeterThread: Thread is done: Purchase 1-26
2026-09-26 21:51:02,232 INFO o.a.j.t.JMeterThread: Thread finished: Purchase 1-26
2026-09-26 21:51:02,235 INFO o.a.j.t.JMeterThread: Thread is done: Purchase 1-4
2026-09-26 21:51:02,236 INFO o.a.j.t.JMeterThread: Thread finished: Purchase 1-4
2026-09-26 21:51:02,243 INFO o.a.j.t.JMeterThread: Thread is done: Purchase 1-16
2026-09-26 21:51:02,243 INFO o.a.j.t.JMeterThread: Thread finished: Purchase 1-16
2026-09-26 21:51:02,244 INFO o.a.j.t.JMeterThread: Thread is done: Purchase 1-8
2026-09-26 21:51:02,244 INFO o.a.j.t.JMeterThread: Thread finished: Purchase 1-8
2026-09-26 21:51:02,252 INFO o.a.j.t.JMeterThread: Thread is done: Purchase 1-21
2026-09-26 21:51:02,252 INFO o.a.j.t.JMeterThread: Thread finished: Purchase 1-21
2026-09-26 21:51:02,266 INFO o.a.j.t.JMeterThread: Thread is done: Purchase 1-17
2026-09-26 21:51:02,267 INFO o.a.j.t.JMeterThread: Thread finished: Purchase 1-17
2026-09-26 21:51:02,267 INFO o.a.j.t.JMeterThread: Thread is done: Purchase 1-27
2026-09-26 21:51:02,268 INFO o.a.j.t.JMeterThread: Thread finished: Purchase 1-27
2026-09-26 21:51:02,269 INFO o.a.j.t.JMeterThread: Thread is done: Purchase 1-44
2026-09-26 21:51:02,269 INFO o.a.j.t.JMeterThread: Thread finished: Purchase 1-44
2026-09-26 21:51:02,293 INFO o.a.j.t.JMeterThread: Thread is done: Purchase 1-30
2026-09-26 21:51:02,294 INFO o.a.j.t.JMeterThread: Thread finished: Purchase 1-30
2026-09-26 21:51:02,300 INFO o.a.j.t.JMeterThread: Thread is done: Purchase 1-10
2026-09-26 21:51:02,300 INFO o.a.j.t.JMeterThread: Thread finished: Purchase 1-10
2026-09-26 21:51:02,304 INFO o.a.j.t.JMeterThread: Thread is done: Purchase 1-29
2026-09-26 21:51:02,304 INFO o.a.j.t.JMeterThread: Thread finished: Purchase 1-29
2026-09-26 21:51:02,319 INFO o.a.j.t.JMeterThread: Thread is done: Purchase 1-23
2026-09-26 21:51:02,319 INFO o.a.j.t.JMeterThread: Thread finished: Purchase 1-23
2026-09-26 21:51:02,323 INFO o.a.j.t.JMeterThread: Thread is done: Purchase 1-24
2026-09-26 21:51:02,323 INFO o.a.j.t.JMeterThread: Thread finished: Purchase 1-24
2026-09-26 21:51:02,347 INFO o.a.j.t.JMeterThread: Thread is done: Purchase 1-37
2026-09-26 21:51:02,348 INFO o.a.j.t.JMeterThread: Thread finished: Purchase 1-37
2026-09-26 21:51:02,350 INFO o.a.j.t.JMeterThread: Thread is done: Purchase 1-43
2026-09-26 21:51:02,350 INFO o.a.j.t.JMeterThread: Thread finished: Purchase 1-43
2026-09-26 21:51:02,351 INFO o.a.j.t.JMeterThread: Thread is done: Purchase 1-55
2026-09-26 21:51:02,351 INFO o.a.j.t.JMeterThread: Thread finished: Purchase 1-55
2026-09-26 21:51:02,353 INFO o.a.j.t.JMeterThread: Thread is done: Purchase 1-34
2026-09-26 21:51:02,353 INFO o.a.j.t.JMeterThread: Thread finished: Purchase 1-34
2026-09-26 21:51:02,361 INFO o.a.j.t.JMeterThread: Thread is done: Purchase 1-25
2026-09-26 21:51:02,361 INFO o.a.j.t.JMeterThread: Thread finished: Purchase 1-25
2026-09-26 21:51:02,361 INFO o.a.j.t.JMeterThread: Thread is done: Purchase 1-36
2026-09-26 21:51:02,361 INFO o.a.j.t.JMeterThread: Thread finished: Purchase 1-36
2026-09-26 21:51:02,364 INFO o.a.j.t.JMeterThread: Thread is done: Purchase 1-35
2026-09-26 21:51:02,364 INFO o.a.j.t.JMeterThread: Thread finished: Purchase 1-35
2026-09-26 21:51:02,371 INFO o.a.j.t.JMeterThread: Thread is done: Purchase 1-42
2026-09-26 21:51:02,372 INFO o.a.j.t.JMeterThread: Thread finished: Purchase 1-42
2026-09-26 21:51:02,379 INFO o.a.j.t.JMeterThread: Thread is done: Purchase 1-41
2026-09-26 21:51:02,379 INFO o.a.j.t.JMeterThread: Thread finished: Purchase 1-41
2026-09-26 21:51:02,383 INFO o.a.j.t.JMeterThread: Thread is done: Purchase 1-31
2026-09-26 21:51:02,383 INFO o.a.j.t.JMeterThread: Thread finished: Purchase 1-31
2026-09-26 21:51:02,390 INFO o.a.j.t.JMeterThread: Thread is done: Purchase 1-61
2026-09-26 21:51:02,390 INFO o.a.j.t.JMeterThread: Thread finished: Purchase 1-61
2026-09-26 21:51:02,395 INFO o.a.j.t.JMeterThread: Thread is done: Purchase 1-39
2026-09-26 21:51:02,395 INFO o.a.j.t.JMeterThread: Thread finished: Purchase 1-39
2026-09-26 21:51:02,399 INFO o.a.j.t.JMeterThread: Thread is done: Purchase 1-40
2026-09-26 21:51:02,399 INFO o.a.j.t.JMeterThread: Thread finished: Purchase 1-40
2026-09-26 21:51:02,403 INFO o.a.j.t.JMeterThread: Thread is done: Purchase 1-28
2026-09-26 21:51:02,403 INFO o.a.j.t.JMeterThread: Thread finished: Purchase 1-28
2026-09-26 21:51:02,406 INFO o.a.j.t.JMeterThread: Thread is done: Purchase 1-48
2026-09-26 21:51:02,406 INFO o.a.j.t.JMeterThread: Thread finished: Purchase 1-48
2026-09-26 21:51:02,411 INFO o.a.j.t.JMeterThread: Thread is done: Purchase 1-32
2026-09-26 21:51:02,411 INFO o.a.j.t.JMeterThread: Thread finished: Purchase 1-32
2026-09-26 21:51:02,416 INFO o.a.j.t.JMeterThread: Thread is done: Purchase 1-53
2026-09-26 21:51:02,417 INFO o.a.j.t.JMeterThread: Thread finished: Purchase 1-53
2026-09-26 21:51:02,419 INFO o.a.j.t.JMeterThread: Thread is done: Purchase 1-54
2026-09-26 21:51:02,419 INFO o.a.j.t.JMeterThread: Thread finished: Purchase 1-54
2026-09-26 21:51:02,420 INFO o.a.j.t.JMeterThread: Thread is done: Purchase 1-68
2026-09-26 21:51:02,420 INFO o.a.j.t.JMeterThread: Thread finished: Purchase 1-68
2026-09-26 21:51:02,424 INFO o.a.j.t.JMeterThread: Thread is done: Purchase 1-49
2026-09-26 21:51:02,424 INFO o.a.j.t.JMeterThread: Thread finished: Purchase 1-49
2026-09-26 21:51:02,426 INFO o.a.j.t.JMeterThread: Thread is done: Purchase 1-56
2026-09-26 21:51:02,427 INFO o.a.j.t.JMeterThread: Thread finished: Purchase 1-56
2026-09-26 21:51:02,428 INFO o.a.j.t.JMeterThread: Thread is done: Purchase 1-65
2026-09-26 21:51:02,429 INFO o.a.j.t.JMeterThread: Thread finished: Purchase 1-65
2026-09-26 21:51:02,430 INFO o.a.j.t.JMeterThread: Thread is done: Purchase 1-62
2026-09-26 21:51:02,430 INFO o.a.j.t.JMeterThread: Thread finished: Purchase 1-62
2026-09-26 21:51:02,434 INFO o.a.j.t.JMeterThread: Thread is done: Purchase 1-72
2026-09-26 21:51:02,434 INFO o.a.j.t.JMeterThread: Thread finished: Purchase 1-72
2026-09-26 21:51:02,440 INFO o.a.j.t.JMeterThread: Thread is done: Purchase 1-46
2026-09-26 21:51:02,440 INFO o.a.j.t.JMeterThread: Thread finished: Purchase 1-46
2026-09-26 21:51:02,441 INFO o.a.j.t.JMeterThread: Thread is done: Purchase 1-64
2026-09-26 21:51:02,441 INFO o.a.j.t.JMeterThread: Thread finished: Purchase 1-64
2026-09-26 21:51:02,443 INFO o.a.j.t.JMeterThread: Thread is done: Purchase 1-60
2026-09-26 21:51:02,443 INFO o.a.j.t.JMeterThread: Thread finished: Purchase 1-60
2026-09-26 21:51:02,446 INFO o.a.j.t.JMeterThread: Thread is done: Purchase 1-38
2026-09-26 21:51:02,446 INFO o.a.j.t.JMeterThread: Thread finished: Purchase 1-38
2026-09-26 21:51:02,448 INFO o.a.j.t.JMeterThread: Thread is done: Purchase 1-57
2026-09-26 21:51:02,448 INFO o.a.j.t.JMeterThread: Thread finished: Purchase 1-57
2026-09-26 21:51:02,450 INFO o.a.j.t.JMeterThread: Thread is done: Purchase 1-45
2026-09-26 21:51:02,450 INFO o.a.j.t.JMeterThread: Thread finished: Purchase 1-45
2026-09-26 21:51:02,452 INFO o.a.j.t.JMeterThread: Thread is done: Purchase 1-51
2026-09-26 21:51:02,453 INFO o.a.j.t.JMeterThread: Thread finished: Purchase 1-51
2026-09-26 21:51:02,455 INFO o.a.j.t.JMeterThread: Thread is done: Purchase 1-33
2026-09-26 21:51:02,455 INFO o.a.j.t.JMeterThread: Thread finished: Purchase 1-33
2026-09-26 21:51:02,456 INFO o.a.j.t.JMeterThread: Thread is done: Purchase 1-66
2026-09-26 21:51:02,456 INFO o.a.j.t.JMeterThread: Thread finished: Purchase 1-66
2026-09-26 21:51:02,456 INFO o.a.j.t.JMeterThread: Thread is done: Purchase 1-50
2026-09-26 21:51:02,456 INFO o.a.j.t.JMeterThread: Thread finished: Purchase 1-50
2026-09-26 21:51:02,459 INFO o.a.j.t.JMeterThread: Thread is done: Purchase 1-71
2026-09-26 21:51:02,459 INFO o.a.j.t.JMeterThread: Thread finished: Purchase 1-71
2026-09-26 21:51:02,461 INFO o.a.j.t.JMeterThread: Thread is done: Purchase 1-52
2026-09-26 21:51:02,461 INFO o.a.j.t.JMeterThread: Thread finished: Purchase 1-52
2026-09-26 21:51:02,462 INFO o.a.j.t.JMeterThread: Thread is done: Purchase 1-67
2026-09-26 21:51:02,462 INFO o.a.j.t.JMeterThread: Thread finished: Purchase 1-67
2026-09-26 21:51:02,465 INFO o.a.j.t.JMeterThread: Thread is done: Purchase 1-70
2026-09-26 21:51:02,465 INFO o.a.j.t.JMeterThread: Thread finished: Purchase 1-70
2026-09-26 21:51:02,473 INFO o.a.j.t.JMeterThread: Thread is done: Purchase 1-81
2026-09-26 21:51:02,473 INFO o.a.j.t.JMeterThread: Thread finished: Purchase 1-81
2026-09-26 21:51:02,479 INFO o.a.j.t.JMeterThread: Thread is done: Purchase 1-69
2026-09-26 21:51:02,480 INFO o.a.j.t.JMeterThread: Thread finished: Purchase 1-69
2026-09-26 21:51:02,483 INFO o.a.j.t.JMeterThread: Thread is done: Purchase 1-59
2026-09-26 21:51:02,483 INFO o.a.j.t.JMeterThread: Thread finished: Purchase 1-59
2026-09-26 21:51:02,489 INFO o.a.j.t.JMeterThread: Thread is done: Purchase 1-58
2026-09-26 21:51:02,489 INFO o.a.j.t.JMeterThread: Thread finished: Purchase 1-58
2026-09-26 21:51:02,494 INFO o.a.j.t.JMeterThread: Thread is done: Purchase 1-78
2026-09-26 21:51:02,494 INFO o.a.j.t.JMeterThread: Thread finished: Purchase 1-78
2026-09-26 21:51:02,495 INFO o.a.j.t.JMeterThread: Thread is done: Purchase 1-63
2026-09-26 21:51:02,495 INFO o.a.j.t.JMeterThread: Thread finished: Purchase 1-63
2026-09-26 21:51:02,497 INFO o.a.j.t.JMeterThread: Thread is done: Purchase 1-47
2026-09-26 21:51:02,497 INFO o.a.j.t.JMeterThread: Thread finished: Purchase 1-47
2026-09-26 21:51:02,499 INFO o.a.j.t.JMeterThread: Thread is done: Purchase 1-80
2026-09-26 21:51:02,499 INFO o.a.j.t.JMeterThread: Thread finished: Purchase 1-80
2026-09-26 21:51:02,502 INFO o.a.j.t.JMeterThread: Thread is done: Purchase 1-74
2026-09-26 21:51:02,502 INFO o.a.j.t.JMeterThread: Thread finished: Purchase 1-74
2026-09-26 21:51:02,504 INFO o.a.j.t.JMeterThread: Thread is done: Purchase 1-75
2026-09-26 21:51:02,505 INFO o.a.j.t.JMeterThread: Thread finished: Purchase 1-75
2026-09-26 21:51:02,508 INFO o.a.j.t.JMeterThread: Thread is done: Purchase 1-76
2026-09-26 21:51:02,508 INFO o.a.j.t.JMeterThread: Thread finished: Purchase 1-76
2026-09-26 21:51:02,510 INFO o.a.j.t.JMeterThread: Thread is done: Purchase 1-77
2026-09-26 21:51:02,510 INFO o.a.j.t.JMeterThread: Thread finished: Purchase 1-77
2026-09-26 21:51:02,512 INFO o.a.j.t.JMeterThread: Thread is done: Purchase 1-85
2026-09-26 21:51:02,513 INFO o.a.j.t.JMeterThread: Thread finished: Purchase 1-85
2026-09-26 21:51:02,517 INFO o.a.j.t.JMeterThread: Thread is done: Purchase 1-79
2026-09-26 21:51:02,517 INFO o.a.j.t.JMeterThread: Thread finished: Purchase 1-79
2026-09-26 21:51:02,522 INFO o.a.j.t.JMeterThread: Thread is done: Purchase 1-73
2026-09-26 21:51:02,522 INFO o.a.j.t.JMeterThread: Thread finished: Purchase 1-73
2026-09-26 21:51:02,522 INFO o.a.j.t.JMeterThread: Thread is done: Purchase 1-82
2026-09-26 21:51:02,522 INFO o.a.j.t.JMeterThread: Thread finished: Purchase 1-82
2026-09-26 21:51:02,524 INFO o.a.j.t.JMeterThread: Thread is done: Purchase 1-91
2026-09-26 21:51:02,524 INFO o.a.j.t.JMeterThread: Thread finished: Purchase 1-91
2026-09-26 21:51:02,525 INFO o.a.j.t.JMeterThread: Thread is done: Purchase 1-83
2026-09-26 21:51:02,525 INFO o.a.j.t.JMeterThread: Thread finished: Purchase 1-83
2026-09-26 21:51:02,526 INFO o.a.j.t.JMeterThread: Thread is done: Purchase 1-84
2026-09-26 21:51:02,526 INFO o.a.j.t.JMeterThread: Thread finished: Purchase 1-84
2026-09-26 21:51:02,528 INFO o.a.j.t.JMeterThread: Thread is done: Purchase 1-93
2026-09-26 21:51:02,528 INFO o.a.j.t.JMeterThread: Thread finished: Purchase 1-93
2026-09-26 21:51:02,532 INFO o.a.j.t.JMeterThread: Thread is done: Purchase 1-86
2026-09-26 21:51:02,532 INFO o.a.j.t.JMeterThread: Thread finished: Purchase 1-86
2026-09-26 21:51:02,535 INFO o.a.j.t.JMeterThread: Thread is done: Purchase 1-87
2026-09-26 21:51:02,535 INFO o.a.j.t.JMeterThread: Thread finished: Purchase 1-87
2026-09-26 21:51:02,538 INFO o.a.j.t.JMeterThread: Thread is done: Purchase 1-88
2026-09-26 21:51:02,538 INFO o.a.j.t.JMeterThread: Thread finished: Purchase 1-88
2026-09-26 21:51:02,539 INFO o.a.j.t.JMeterThread: Thread is done: Purchase 1-90
2026-09-26 21:51:02,539 INFO o.a.j.t.JMeterThread: Thread finished: Purchase 1-90
2026-09-26 21:51:02,540 INFO o.a.j.t.JMeterThread: Thread is done: Purchase 1-89
2026-09-26 21:51:02,540 INFO o.a.j.t.JMeterThread: Thread finished: Purchase 1-89
2026-09-26 21:51:02,541 INFO o.a.j.t.JMeterThread: Thread is done: Purchase 1-92
2026-09-26 21:51:02,541 INFO o.a.j.t.JMeterThread: Thread finished: Purchase 1-92
2026-09-26 21:51:02,543 INFO o.a.j.t.JMeterThread: Thread is done: Purchase 1-94
2026-09-26 21:51:02,543 INFO o.a.j.t.JMeterThread: Thread finished: Purchase 1-94
2026-09-26 21:51:02,544 INFO o.a.j.t.JMeterThread: Thread is done: Purchase 1-95
2026-09-26 21:51:02,544 INFO o.a.j.t.JMeterThread: Thread finished: Purchase 1-95
2026-09-26 21:51:02,545 INFO o.a.j.t.JMeterThread: Thread is done: Purchase 1-96
2026-09-26 21:51:02,545 INFO o.a.j.t.JMeterThread: Thread finished: Purchase 1-96
2026-09-26 21:51:02,546 INFO o.a.j.t.JMeterThread: Thread is done: Purchase 1-98
2026-09-26 21:51:02,546 INFO o.a.j.t.JMeterThread: Thread finished: Purchase 1-98
2026-09-26 21:51:02,547 INFO o.a.j.t.JMeterThread: Thread is done: Purchase 1-97
2026-09-26 21:51:02,547 INFO o.a.j.t.JMeterThread: Thread finished: Purchase 1-97
2026-09-26 21:51:02,548 INFO o.a.j.t.JMeterThread: Thread is done: Purchase 1-99
2026-09-26 21:51:02,548 INFO o.a.j.t.JMeterThread: Thread finished: Purchase 1-99
2026-09-26 21:51:02,549 INFO o.a.j.t.JMeterThread: Thread is done: Purchase 1-100
2026-09-26 21:51:02,549 INFO o.a.j.t.JMeterThread: Thread finished: Purchase 1-100
2026-09-26 21:51:02,549 INFO o.a.j.e.StandardJMeterEngine: Notifying test listeners of end of test
2026-09-26 21:51:02,553 INFO o.a.j.r.Summariser: summary +    999 in 00:00:01 =  681.4/s Avg:   100 Min:     7 Max:   343 Err:   900 (90.09%) Active: 0 Started: 100 Finished: 100
2026-09-26 21:51:02,553 INFO o.a.j.r.Summariser: summary =   1000 in 00:00:02 =  586.2/s Avg:   100 Min:     7 Max:   343 Err:   900 (90.00%)
