2026-09-26 21:51:50,191 INFO o.a.j.u.JMeterUtils: Setting Locale to zh_CN
2026-09-26 21:51:50,231 INFO o.a.j.JMeter: Loading user properties from: C:\seckill-system\target\tools\apache-jmeter-5.6.3\bin\user.properties
2026-09-26 21:51:50,232 INFO o.a.j.JMeter: Loading system properties from: C:\seckill-system\target\tools\apache-jmeter-5.6.3\bin\system.properties
2026-09-26 21:51:50,233 INFO o.a.j.JMeter: Setting JMeter property: users=10
2026-09-26 21:51:50,233 INFO o.a.j.JMeter: Setting JMeter property: loops=1000
2026-09-26 21:51:50,233 INFO o.a.j.JMeter: Setting JMeter property: ramp=1
2026-09-26 21:51:50,234 INFO o.a.j.JMeter: Setting JMeter property: product=8
2026-09-26 21:51:50,234 INFO o.a.j.JMeter: Setting JMeter property: port=18081
2026-09-26 21:51:50,244 INFO o.a.j.JMeter: Copyright (c) 1998-2024 The Apache Software Foundation
2026-09-26 21:51:50,244 INFO o.a.j.JMeter: Version 5.6.3
2026-09-26 21:51:50,244 INFO o.a.j.JMeter: java.version=21.0.12.1
2026-09-26 21:51:50,244 INFO o.a.j.JMeter: java.vm.name=OpenJDK 64-Bit Server VM
2026-09-26 21:51:50,244 INFO o.a.j.JMeter: os.name=Windows 11
2026-09-26 21:51:50,244 INFO o.a.j.JMeter: os.arch=amd64
2026-09-26 21:51:50,244 INFO o.a.j.JMeter: os.version=10.0
2026-09-26 21:51:50,245 INFO o.a.j.JMeter: file.encoding=UTF-8
2026-09-26 21:51:50,245 INFO o.a.j.JMeter: java.awt.headless=true
2026-09-26 21:51:50,245 INFO o.a.j.JMeter: Max memory     =536870912
2026-09-26 21:51:50,245 INFO o.a.j.JMeter: Available Processors =32
2026-09-26 21:51:50,260 INFO o.a.j.JMeter: Default Locale=中文 (中国)
2026-09-26 21:51:50,261 INFO o.a.j.JMeter: JMeter  Locale=中文 (中国)
2026-09-26 21:51:50,261 INFO o.a.j.JMeter: JMeterHome=C:\seckill-system\target\tools\apache-jmeter-5.6.3
2026-09-26 21:51:50,261 INFO o.a.j.JMeter: user.dir  =C:\seckill-system
2026-09-26 21:51:50,262 INFO o.a.j.JMeter: PWD       =C:\seckill-system
2026-09-26 21:51:50,266 INFO o.a.j.JMeter: IP: 172.26.244.203 Name: LAPTOP-77E72ENH FullName: windows10.microdone.cn
2026-09-26 21:51:50,281 INFO o.a.j.s.FileServer: Default base='C:\seckill-system'
2026-09-26 21:51:50,283 INFO o.a.j.s.FileServer: Set new base='C:\seckill-system\perf'
2026-09-26 21:51:50,589 INFO o.a.j.s.SaveService: Testplan (JMX) version: 2.2. Testlog (JTL) version: 2.2
2026-09-26 21:51:50,632 INFO o.a.j.s.SaveService: Using SaveService properties version 5.0
2026-09-26 21:51:50,638 INFO o.a.j.s.SaveService: Using SaveService properties file encoding UTF-8
2026-09-26 21:51:50,644 INFO o.a.j.s.SaveService: Loading file: perf\stage1.jmx
2026-09-26 21:51:50,720 INFO o.a.j.p.h.s.HTTPSamplerBase: Parser for text/html is org.apache.jmeter.protocol.http.parser.LagartoBasedHtmlParser
2026-09-26 21:51:50,720 INFO o.a.j.p.h.s.HTTPSamplerBase: Parser for application/xhtml+xml is org.apache.jmeter.protocol.http.parser.LagartoBasedHtmlParser
2026-09-26 21:51:50,720 INFO o.a.j.p.h.s.HTTPSamplerBase: Parser for application/xml is org.apache.jmeter.protocol.http.parser.LagartoBasedHtmlParser
2026-09-26 21:51:50,721 INFO o.a.j.p.h.s.HTTPSamplerBase: Parser for text/xml is org.apache.jmeter.protocol.http.parser.LagartoBasedHtmlParser
2026-09-26 21:51:50,721 INFO o.a.j.p.h.s.HTTPSamplerBase: Parser for text/vnd.wap.wml is org.apache.jmeter.protocol.http.parser.RegexpHTMLParser
2026-09-26 21:51:50,721 INFO o.a.j.p.h.s.HTTPSamplerBase: Parser for text/css is org.apache.jmeter.protocol.http.parser.CssParser
2026-09-26 21:51:50,734 INFO o.a.j.JMeter: Creating summariser <summary>
2026-09-26 21:51:50,759 INFO o.a.j.e.StandardJMeterEngine: Running the test!
2026-09-26 21:51:50,760 INFO o.a.j.s.SampleEvent: List of sample_variables: []
2026-09-26 21:51:50,760 INFO o.a.j.s.SampleEvent: List of sample_variables: []
2026-09-26 21:51:50,768 INFO o.a.j.e.u.CompoundVariable: Note: Function class names must contain the string: '.functions.'
2026-09-26 21:51:50,768 INFO o.a.j.e.u.CompoundVariable: Note: Function class names must not contain the string: '.gui.'
2026-09-26 21:51:50,862 INFO o.a.j.JMeter: 正在运行的测试 (1790430710862)
2026-09-26 21:51:50,885 INFO o.a.j.e.StandardJMeterEngine: Starting ThreadGroup: 1 : Purchase
2026-09-26 21:51:50,885 INFO o.a.j.e.StandardJMeterEngine: Starting 10 threads for group Purchase.
2026-09-26 21:51:50,886 INFO o.a.j.e.StandardJMeterEngine: Thread will continue on error
2026-09-26 21:51:50,886 INFO o.a.j.t.ThreadGroup: Starting thread group... number=1 threads=10 ramp-up=1 delayedStart=false
2026-09-26 21:51:50,895 INFO o.a.j.t.ThreadGroup: Started thread group number 1
2026-09-26 21:51:50,896 INFO o.a.j.e.StandardJMeterEngine: All thread groups have been started
2026-09-26 21:51:50,895 INFO o.a.j.t.JMeterThread: Thread started: Purchase 1-1
2026-09-26 21:51:50,913 INFO o.a.j.p.h.s.HTTPHCAbstractImpl: Local host = LAPTOP-77E72ENH
2026-09-26 21:51:50,922 INFO o.a.j.p.h.s.HTTPHC4Impl: HTTP request retry count = 0
2026-09-26 21:51:50,924 INFO o.a.j.s.SampleResult: Note: Sample TimeStamps are START times
2026-09-26 21:51:50,924 INFO o.a.j.s.SampleResult: sampleresult.default.encoding is set to UTF-8
2026-09-26 21:51:50,924 INFO o.a.j.s.SampleResult: sampleresult.useNanoTime=true
2026-09-26 21:51:50,924 INFO o.a.j.s.SampleResult: sampleresult.nanoThreadSleep=5000
2026-09-26 21:51:50,993 INFO o.a.j.t.JMeterThread: Thread started: Purchase 1-2
2026-09-26 21:51:51,092 INFO o.a.j.t.JMeterThread: Thread started: Purchase 1-3
2026-09-26 21:51:51,190 INFO o.a.j.t.JMeterThread: Thread started: Purchase 1-4
2026-09-26 21:51:51,291 INFO o.a.j.t.JMeterThread: Thread started: Purchase 1-5
2026-09-26 21:51:51,390 INFO o.a.j.t.JMeterThread: Thread started: Purchase 1-6
2026-09-26 21:51:51,489 INFO o.a.j.t.JMeterThread: Thread started: Purchase 1-7
2026-09-26 21:51:51,589 INFO o.a.j.t.JMeterThread: Thread started: Purchase 1-8
2026-09-26 21:51:51,689 INFO o.a.j.t.JMeterThread: Thread started: Purchase 1-9
2026-09-26 21:51:51,788 INFO o.a.j.t.JMeterThread: Thread started: Purchase 1-10
2026-09-26 21:52:00,006 INFO o.a.j.r.Summariser: summary +   3715 in 00:00:09 =  406.4/s Avg:    23 Min:     4 Max:    64 Err:     0 (0.00%) Active: 10 Started: 10 Finished: 0
2026-09-26 21:52:16,812 INFO o.a.j.t.JMeterThread: Thread is done: Purchase 1-1
2026-09-26 21:52:16,812 INFO o.a.j.t.JMeterThread: Thread finished: Purchase 1-1
2026-09-26 21:52:16,814 INFO o.a.j.t.JMeterThread: Thread is done: Purchase 1-2
2026-09-26 21:52:16,814 INFO o.a.j.t.JMeterThread: Thread finished: Purchase 1-2
2026-09-26 21:52:16,931 INFO o.a.j.t.JMeterThread: Thread is done: Purchase 1-3
2026-09-26 21:52:16,931 INFO o.a.j.t.JMeterThread: Thread finished: Purchase 1-3
2026-09-26 21:52:17,218 INFO o.a.j.t.JMeterThread: Thread is done: Purchase 1-4
2026-09-26 21:52:17,218 INFO o.a.j.t.JMeterThread: Thread finished: Purchase 1-4
2026-09-26 21:52:17,383 INFO o.a.j.t.JMeterThread: Thread is done: Purchase 1-5
2026-09-26 21:52:17,384 INFO o.a.j.t.JMeterThread: Thread finished: Purchase 1-5
2026-09-26 21:52:17,499 INFO o.a.j.t.JMeterThread: Thread is done: Purchase 1-6
2026-09-26 21:52:17,499 INFO o.a.j.t.JMeterThread: Thread finished: Purchase 1-6
2026-09-26 21:52:17,574 INFO o.a.j.t.JMeterThread: Thread is done: Purchase 1-7
2026-09-26 21:52:17,574 INFO o.a.j.t.JMeterThread: Thread finished: Purchase 1-7
2026-09-26 21:52:17,609 INFO o.a.j.t.JMeterThread: Thread is done: Purchase 1-8
2026-09-26 21:52:17,609 INFO o.a.j.t.JMeterThread: Thread finished: Purchase 1-8
2026-09-26 21:52:17,649 INFO o.a.j.t.JMeterThread: Thread is done: Purchase 1-9
2026-09-26 21:52:17,649 INFO o.a.j.t.JMeterThread: Thread finished: Purchase 1-9
2026-09-26 21:52:17,666 INFO o.a.j.t.JMeterThread: Thread is done: Purchase 1-10
2026-09-26 21:52:17,666 INFO o.a.j.t.JMeterThread: Thread finished: Purchase 1-10
2026-09-26 21:52:17,667 INFO o.a.j.e.StandardJMeterEngine: Notifying test listeners of end of test
2026-09-26 21:52:17,670 INFO o.a.j.r.Summariser: summary +   6285 in 00:00:18 =  355.8/s Avg:    27 Min:     3 Max:    73 Err:     0 (0.00%) Active: 0 Started: 10 Finished: 10
2026-09-26 21:52:17,670 INFO o.a.j.r.Summariser: summary =  10000 in 00:00:27 =  373.0/s Avg:    25 Min:     3 Max:    73 Err:     0 (0.00%)
