2026-09-26 21:51:06,117 INFO o.a.j.u.JMeterUtils: Setting Locale to zh_CN
2026-09-26 21:51:06,155 INFO o.a.j.JMeter: Loading user properties from: C:\seckill-system\target\tools\apache-jmeter-5.6.3\bin\user.properties
2026-09-26 21:51:06,156 INFO o.a.j.JMeter: Loading system properties from: C:\seckill-system\target\tools\apache-jmeter-5.6.3\bin\system.properties
2026-09-26 21:51:06,156 INFO o.a.j.JMeter: Setting JMeter property: users=1
2026-09-26 21:51:06,156 INFO o.a.j.JMeter: Setting JMeter property: loops=10000
2026-09-26 21:51:06,156 INFO o.a.j.JMeter: Setting JMeter property: ramp=1
2026-09-26 21:51:06,157 INFO o.a.j.JMeter: Setting JMeter property: product=7
2026-09-26 21:51:06,157 INFO o.a.j.JMeter: Setting JMeter property: port=18081
2026-09-26 21:51:06,164 INFO o.a.j.JMeter: Copyright (c) 1998-2024 The Apache Software Foundation
2026-09-26 21:51:06,164 INFO o.a.j.JMeter: Version 5.6.3
2026-09-26 21:51:06,164 INFO o.a.j.JMeter: java.version=21.0.12.1
2026-09-26 21:51:06,164 INFO o.a.j.JMeter: java.vm.name=OpenJDK 64-Bit Server VM
2026-09-26 21:51:06,164 INFO o.a.j.JMeter: os.name=Windows 11
2026-09-26 21:51:06,164 INFO o.a.j.JMeter: os.arch=amd64
2026-09-26 21:51:06,165 INFO o.a.j.JMeter: os.version=10.0
2026-09-26 21:51:06,165 INFO o.a.j.JMeter: file.encoding=UTF-8
2026-09-26 21:51:06,165 INFO o.a.j.JMeter: java.awt.headless=true
2026-09-26 21:51:06,165 INFO o.a.j.JMeter: Max memory     =536870912
2026-09-26 21:51:06,165 INFO o.a.j.JMeter: Available Processors =32
2026-09-26 21:51:06,175 INFO o.a.j.JMeter: Default Locale=中文 (中国)
2026-09-26 21:51:06,176 INFO o.a.j.JMeter: JMeter  Locale=中文 (中国)
2026-09-26 21:51:06,176 INFO o.a.j.JMeter: JMeterHome=C:\seckill-system\target\tools\apache-jmeter-5.6.3
2026-09-26 21:51:06,176 INFO o.a.j.JMeter: user.dir  =C:\seckill-system
2026-09-26 21:51:06,177 INFO o.a.j.JMeter: PWD       =C:\seckill-system
2026-09-26 21:51:06,181 INFO o.a.j.JMeter: IP: 172.26.244.203 Name: LAPTOP-77E72ENH FullName: windows10.microdone.cn
2026-09-26 21:51:06,195 INFO o.a.j.s.FileServer: Default base='C:\seckill-system'
2026-09-26 21:51:06,197 INFO o.a.j.s.FileServer: Set new base='C:\seckill-system\perf'
2026-09-26 21:51:06,438 INFO o.a.j.s.SaveService: Testplan (JMX) version: 2.2. Testlog (JTL) version: 2.2
2026-09-26 21:51:06,481 INFO o.a.j.s.SaveService: Using SaveService properties version 5.0
2026-09-26 21:51:06,488 INFO o.a.j.s.SaveService: Using SaveService properties file encoding UTF-8
2026-09-26 21:51:06,493 INFO o.a.j.s.SaveService: Loading file: perf\stage1.jmx
2026-09-26 21:51:06,565 INFO o.a.j.p.h.s.HTTPSamplerBase: Parser for text/html is org.apache.jmeter.protocol.http.parser.LagartoBasedHtmlParser
2026-09-26 21:51:06,565 INFO o.a.j.p.h.s.HTTPSamplerBase: Parser for application/xhtml+xml is org.apache.jmeter.protocol.http.parser.LagartoBasedHtmlParser
2026-09-26 21:51:06,565 INFO o.a.j.p.h.s.HTTPSamplerBase: Parser for application/xml is org.apache.jmeter.protocol.http.parser.LagartoBasedHtmlParser
2026-09-26 21:51:06,565 INFO o.a.j.p.h.s.HTTPSamplerBase: Parser for text/xml is org.apache.jmeter.protocol.http.parser.LagartoBasedHtmlParser
2026-09-26 21:51:06,566 INFO o.a.j.p.h.s.HTTPSamplerBase: Parser for text/vnd.wap.wml is org.apache.jmeter.protocol.http.parser.RegexpHTMLParser
2026-09-26 21:51:06,566 INFO o.a.j.p.h.s.HTTPSamplerBase: Parser for text/css is org.apache.jmeter.protocol.http.parser.CssParser
2026-09-26 21:51:06,581 INFO o.a.j.JMeter: Creating summariser <summary>
2026-09-26 21:51:06,609 INFO o.a.j.e.StandardJMeterEngine: Running the test!
2026-09-26 21:51:06,610 INFO o.a.j.s.SampleEvent: List of sample_variables: []
2026-09-26 21:51:06,610 INFO o.a.j.s.SampleEvent: List of sample_variables: []
2026-09-26 21:51:06,618 INFO o.a.j.e.u.CompoundVariable: Note: Function class names must contain the string: '.functions.'
2026-09-26 21:51:06,618 INFO o.a.j.e.u.CompoundVariable: Note: Function class names must not contain the string: '.gui.'
2026-09-26 21:51:06,710 INFO o.a.j.JMeter: 正在运行的测试 (1790430666710)
2026-09-26 21:51:06,731 INFO o.a.j.e.StandardJMeterEngine: Starting ThreadGroup: 1 : Purchase
2026-09-26 21:51:06,732 INFO o.a.j.e.StandardJMeterEngine: Starting 1 threads for group Purchase.
2026-09-26 21:51:06,732 INFO o.a.j.e.StandardJMeterEngine: Thread will continue on error
2026-09-26 21:51:06,732 INFO o.a.j.t.ThreadGroup: Starting thread group... number=1 threads=1 ramp-up=1 delayedStart=false
2026-09-26 21:51:06,738 INFO o.a.j.t.ThreadGroup: Started thread group number 1
2026-09-26 21:51:06,738 INFO o.a.j.e.StandardJMeterEngine: All thread groups have been started
2026-09-26 21:51:06,740 INFO o.a.j.t.JMeterThread: Thread started: Purchase 1-1
2026-09-26 21:51:06,757 INFO o.a.j.p.h.s.HTTPHCAbstractImpl: Local host = LAPTOP-77E72ENH
2026-09-26 21:51:06,765 INFO o.a.j.p.h.s.HTTPHC4Impl: HTTP request retry count = 0
2026-09-26 21:51:06,767 INFO o.a.j.s.SampleResult: Note: Sample TimeStamps are START times
2026-09-26 21:51:06,767 INFO o.a.j.s.SampleResult: sampleresult.default.encoding is set to UTF-8
2026-09-26 21:51:06,767 INFO o.a.j.s.SampleResult: sampleresult.useNanoTime=true
2026-09-26 21:51:06,767 INFO o.a.j.s.SampleResult: sampleresult.nanoThreadSleep=5000
2026-09-26 21:51:30,005 INFO o.a.j.r.Summariser: summary +   5313 in 00:00:23 =  228.1/s Avg:     4 Min:     2 Max:    64 Err:     0 (0.00%) Active: 1 Started: 1 Finished: 0
2026-09-26 21:51:45,830 INFO o.a.j.t.JMeterThread: Thread is done: Purchase 1-1
2026-09-26 21:51:45,830 INFO o.a.j.t.JMeterThread: Thread finished: Purchase 1-1
2026-09-26 21:51:45,831 INFO o.a.j.e.StandardJMeterEngine: Notifying test listeners of end of test
2026-09-26 21:51:45,833 INFO o.a.j.r.Summariser: summary +   4687 in 00:00:16 =  296.1/s Avg:     3 Min:     2 Max:    21 Err:     0 (0.00%) Active: 0 Started: 1 Finished: 1
2026-09-26 21:51:45,833 INFO o.a.j.r.Summariser: summary =  10000 in 00:00:39 =  255.6/s Avg:     3 Min:     2 Max:    64 Err:     0 (0.00%)
