2026-09-27 10:08:31,471 INFO o.a.j.u.JMeterUtils: Setting Locale to zh_CN
2026-09-27 10:08:31,519 INFO o.a.j.JMeter: Loading user properties from: C:\seckill-system\target\tools\apache-jmeter-5.6.3\bin\user.properties
2026-09-27 10:08:31,520 INFO o.a.j.JMeter: Loading system properties from: C:\seckill-system\target\tools\apache-jmeter-5.6.3\bin\system.properties
2026-09-27 10:08:31,521 INFO o.a.j.JMeter: Setting JMeter property: users=10
2026-09-27 10:08:31,521 INFO o.a.j.JMeter: Setting JMeter property: loops=1000
2026-09-27 10:08:31,521 INFO o.a.j.JMeter: Setting JMeter property: ramp=1
2026-09-27 10:08:31,521 INFO o.a.j.JMeter: Setting JMeter property: product=31
2026-09-27 10:08:31,521 INFO o.a.j.JMeter: Setting JMeter property: port=18082
2026-09-27 10:08:31,534 INFO o.a.j.JMeter: Copyright (c) 1998-2024 The Apache Software Foundation
2026-09-27 10:08:31,534 INFO o.a.j.JMeter: Version 5.6.3
2026-09-27 10:08:31,534 INFO o.a.j.JMeter: java.version=21.0.12.1
2026-09-27 10:08:31,534 INFO o.a.j.JMeter: java.vm.name=OpenJDK 64-Bit Server VM
2026-09-27 10:08:31,534 INFO o.a.j.JMeter: os.name=Windows 11
2026-09-27 10:08:31,534 INFO o.a.j.JMeter: os.arch=amd64
2026-09-27 10:08:31,534 INFO o.a.j.JMeter: os.version=10.0
2026-09-27 10:08:31,534 INFO o.a.j.JMeter: file.encoding=UTF-8
2026-09-27 10:08:31,534 INFO o.a.j.JMeter: java.awt.headless=true
2026-09-27 10:08:31,534 INFO o.a.j.JMeter: Max memory     =536870912
2026-09-27 10:08:31,534 INFO o.a.j.JMeter: Available Processors =32
2026-09-27 10:08:31,546 INFO o.a.j.JMeter: Default Locale=中文 (中国)
2026-09-27 10:08:31,547 INFO o.a.j.JMeter: JMeter  Locale=中文 (中国)
2026-09-27 10:08:31,548 INFO o.a.j.JMeter: JMeterHome=C:\seckill-system\target\tools\apache-jmeter-5.6.3
2026-09-27 10:08:31,548 INFO o.a.j.JMeter: user.dir  =C:\seckill-system
2026-09-27 10:08:31,548 INFO o.a.j.JMeter: PWD       =C:\seckill-system
2026-09-27 10:08:31,554 INFO o.a.j.JMeter: IP: 172.26.68.241 Name: LAPTOP-77E72ENH FullName: windows10.microdone.cn
2026-09-27 10:08:31,581 INFO o.a.j.s.FileServer: Default base='C:\seckill-system'
2026-09-27 10:08:31,583 INFO o.a.j.s.FileServer: Set new base='C:\seckill-system\perf'
2026-09-27 10:08:31,925 INFO o.a.j.s.SaveService: Testplan (JMX) version: 2.2. Testlog (JTL) version: 2.2
2026-09-27 10:08:31,980 INFO o.a.j.s.SaveService: Using SaveService properties version 5.0
2026-09-27 10:08:31,988 INFO o.a.j.s.SaveService: Using SaveService properties file encoding UTF-8
2026-09-27 10:08:31,993 INFO o.a.j.s.SaveService: Loading file: perf\stage1.jmx
2026-09-27 10:08:32,085 INFO o.a.j.p.h.s.HTTPSamplerBase: Parser for text/html is org.apache.jmeter.protocol.http.parser.LagartoBasedHtmlParser
2026-09-27 10:08:32,085 INFO o.a.j.p.h.s.HTTPSamplerBase: Parser for application/xhtml+xml is org.apache.jmeter.protocol.http.parser.LagartoBasedHtmlParser
2026-09-27 10:08:32,085 INFO o.a.j.p.h.s.HTTPSamplerBase: Parser for application/xml is org.apache.jmeter.protocol.http.parser.LagartoBasedHtmlParser
2026-09-27 10:08:32,085 INFO o.a.j.p.h.s.HTTPSamplerBase: Parser for text/xml is org.apache.jmeter.protocol.http.parser.LagartoBasedHtmlParser
2026-09-27 10:08:32,085 INFO o.a.j.p.h.s.HTTPSamplerBase: Parser for text/vnd.wap.wml is org.apache.jmeter.protocol.http.parser.RegexpHTMLParser
2026-09-27 10:08:32,086 INFO o.a.j.p.h.s.HTTPSamplerBase: Parser for text/css is org.apache.jmeter.protocol.http.parser.CssParser
2026-09-27 10:08:32,108 INFO o.a.j.JMeter: Creating summariser <summary>
2026-09-27 10:08:32,142 INFO o.a.j.e.StandardJMeterEngine: Running the test!
2026-09-27 10:08:32,143 INFO o.a.j.s.SampleEvent: List of sample_variables: []
2026-09-27 10:08:32,143 INFO o.a.j.s.SampleEvent: List of sample_variables: []
2026-09-27 10:08:32,152 INFO o.a.j.e.u.CompoundVariable: Note: Function class names must contain the string: '.functions.'
2026-09-27 10:08:32,152 INFO o.a.j.e.u.CompoundVariable: Note: Function class names must not contain the string: '.gui.'
2026-09-27 10:08:32,274 INFO o.a.j.JMeter: 正在运行的测试 (1790474912274)
2026-09-27 10:08:32,295 INFO o.a.j.e.StandardJMeterEngine: Starting ThreadGroup: 1 : Purchase
2026-09-27 10:08:32,296 INFO o.a.j.e.StandardJMeterEngine: Starting 10 threads for group Purchase.
2026-09-27 10:08:32,296 INFO o.a.j.e.StandardJMeterEngine: Thread will continue on error
2026-09-27 10:08:32,296 INFO o.a.j.t.ThreadGroup: Starting thread group... number=1 threads=10 ramp-up=1 delayedStart=false
2026-09-27 10:08:32,308 INFO o.a.j.t.ThreadGroup: Started thread group number 1
2026-09-27 10:08:32,308 INFO o.a.j.e.StandardJMeterEngine: All thread groups have been started
2026-09-27 10:08:32,308 INFO o.a.j.t.JMeterThread: Thread started: Purchase 1-1
2026-09-27 10:08:32,331 INFO o.a.j.p.h.s.HTTPHCAbstractImpl: Local host = LAPTOP-77E72ENH
2026-09-27 10:08:32,340 INFO o.a.j.p.h.s.HTTPHC4Impl: HTTP request retry count = 0
2026-09-27 10:08:32,343 INFO o.a.j.s.SampleResult: Note: Sample TimeStamps are START times
2026-09-27 10:08:32,343 INFO o.a.j.s.SampleResult: sampleresult.default.encoding is set to UTF-8
2026-09-27 10:08:32,343 INFO o.a.j.s.SampleResult: sampleresult.useNanoTime=true
2026-09-27 10:08:32,343 INFO o.a.j.s.SampleResult: sampleresult.nanoThreadSleep=5000
2026-09-27 10:08:32,404 INFO o.a.j.t.JMeterThread: Thread started: Purchase 1-2
2026-09-27 10:08:32,503 INFO o.a.j.t.JMeterThread: Thread started: Purchase 1-3
2026-09-27 10:08:32,572 INFO o.a.j.r.Summariser: summary +      1 in 00:00:00 =    3.4/s Avg:    76 Min:    76 Max:    76 Err:     0 (0.00%) Active: 3 Started: 3 Finished: 0
2026-09-27 10:08:32,603 INFO o.a.j.t.JMeterThread: Thread started: Purchase 1-4
2026-09-27 10:08:32,703 INFO o.a.j.t.JMeterThread: Thread started: Purchase 1-5
2026-09-27 10:08:32,801 INFO o.a.j.t.JMeterThread: Thread started: Purchase 1-6
2026-09-27 10:08:32,901 INFO o.a.j.t.JMeterThread: Thread started: Purchase 1-7
2026-09-27 10:08:33,000 INFO o.a.j.t.JMeterThread: Thread started: Purchase 1-8
2026-09-27 10:08:33,099 INFO o.a.j.t.JMeterThread: Thread started: Purchase 1-9
2026-09-27 10:08:33,199 INFO o.a.j.t.JMeterThread: Thread started: Purchase 1-10
2026-09-27 10:09:00,002 INFO o.a.j.r.Summariser: summary +   8394 in 00:00:27 =  306.0/s Avg:    32 Min:     7 Max:    76 Err:     0 (0.00%) Active: 10 Started: 10 Finished: 0
2026-09-27 10:09:00,002 INFO o.a.j.r.Summariser: summary =   8395 in 00:00:28 =  302.8/s Avg:    32 Min:     7 Max:    76 Err:     0 (0.00%)
2026-09-27 10:09:04,671 INFO o.a.j.t.JMeterThread: Thread is done: Purchase 1-2
2026-09-27 10:09:04,671 INFO o.a.j.t.JMeterThread: Thread finished: Purchase 1-2
2026-09-27 10:09:04,674 INFO o.a.j.t.JMeterThread: Thread is done: Purchase 1-3
2026-09-27 10:09:04,674 INFO o.a.j.t.JMeterThread: Thread finished: Purchase 1-3
2026-09-27 10:09:04,696 INFO o.a.j.t.JMeterThread: Thread is done: Purchase 1-1
2026-09-27 10:09:04,696 INFO o.a.j.t.JMeterThread: Thread finished: Purchase 1-1
2026-09-27 10:09:04,773 INFO o.a.j.t.JMeterThread: Thread is done: Purchase 1-4
2026-09-27 10:09:04,774 INFO o.a.j.t.JMeterThread: Thread finished: Purchase 1-4
2026-09-27 10:09:04,918 INFO o.a.j.t.JMeterThread: Thread is done: Purchase 1-5
2026-09-27 10:09:04,919 INFO o.a.j.t.JMeterThread: Thread finished: Purchase 1-5
2026-09-27 10:09:05,005 INFO o.a.j.t.JMeterThread: Thread is done: Purchase 1-6
2026-09-27 10:09:05,005 INFO o.a.j.t.JMeterThread: Thread finished: Purchase 1-6
2026-09-27 10:09:05,065 INFO o.a.j.t.JMeterThread: Thread is done: Purchase 1-7
2026-09-27 10:09:05,065 INFO o.a.j.t.JMeterThread: Thread finished: Purchase 1-7
2026-09-27 10:09:05,109 INFO o.a.j.t.JMeterThread: Thread is done: Purchase 1-8
2026-09-27 10:09:05,109 INFO o.a.j.t.JMeterThread: Thread finished: Purchase 1-8
2026-09-27 10:09:05,133 INFO o.a.j.t.JMeterThread: Thread is done: Purchase 1-9
2026-09-27 10:09:05,134 INFO o.a.j.t.JMeterThread: Thread finished: Purchase 1-9
2026-09-27 10:09:05,150 INFO o.a.j.t.JMeterThread: Thread is done: Purchase 1-10
2026-09-27 10:09:05,150 INFO o.a.j.t.JMeterThread: Thread finished: Purchase 1-10
2026-09-27 10:09:05,150 INFO o.a.j.e.StandardJMeterEngine: Notifying test listeners of end of test
2026-09-27 10:09:05,154 INFO o.a.j.r.Summariser: summary +   1605 in 00:00:05 =  311.5/s Avg:    30 Min:     4 Max:    57 Err:     0 (0.00%) Active: 0 Started: 10 Finished: 10
2026-09-27 10:09:05,155 INFO o.a.j.r.Summariser: summary =  10000 in 00:00:33 =  304.1/s Avg:    32 Min:     4 Max:    76 Err:     0 (0.00%)
