2026-09-27 10:09:11,257 INFO o.a.j.u.JMeterUtils: Setting Locale to zh_CN
2026-09-27 10:09:11,308 INFO o.a.j.JMeter: Loading user properties from: C:\seckill-system\target\tools\apache-jmeter-5.6.3\bin\user.properties
2026-09-27 10:09:11,309 INFO o.a.j.JMeter: Loading system properties from: C:\seckill-system\target\tools\apache-jmeter-5.6.3\bin\system.properties
2026-09-27 10:09:11,309 INFO o.a.j.JMeter: Setting JMeter property: users=100
2026-09-27 10:09:11,309 INFO o.a.j.JMeter: Setting JMeter property: loops=100
2026-09-27 10:09:11,309 INFO o.a.j.JMeter: Setting JMeter property: ramp=1
2026-09-27 10:09:11,310 INFO o.a.j.JMeter: Setting JMeter property: product=32
2026-09-27 10:09:11,310 INFO o.a.j.JMeter: Setting JMeter property: port=18082
2026-09-27 10:09:11,321 INFO o.a.j.JMeter: Copyright (c) 1998-2024 The Apache Software Foundation
2026-09-27 10:09:11,321 INFO o.a.j.JMeter: Version 5.6.3
2026-09-27 10:09:11,321 INFO o.a.j.JMeter: java.version=21.0.12.1
2026-09-27 10:09:11,321 INFO o.a.j.JMeter: java.vm.name=OpenJDK 64-Bit Server VM
2026-09-27 10:09:11,321 INFO o.a.j.JMeter: os.name=Windows 11
2026-09-27 10:09:11,321 INFO o.a.j.JMeter: os.arch=amd64
2026-09-27 10:09:11,321 INFO o.a.j.JMeter: os.version=10.0
2026-09-27 10:09:11,321 INFO o.a.j.JMeter: file.encoding=UTF-8
2026-09-27 10:09:11,322 INFO o.a.j.JMeter: java.awt.headless=true
2026-09-27 10:09:11,322 INFO o.a.j.JMeter: Max memory     =536870912
2026-09-27 10:09:11,322 INFO o.a.j.JMeter: Available Processors =32
2026-09-27 10:09:11,342 INFO o.a.j.JMeter: Default Locale=中文 (中国)
2026-09-27 10:09:11,343 INFO o.a.j.JMeter: JMeter  Locale=中文 (中国)
2026-09-27 10:09:11,343 INFO o.a.j.JMeter: JMeterHome=C:\seckill-system\target\tools\apache-jmeter-5.6.3
2026-09-27 10:09:11,343 INFO o.a.j.JMeter: user.dir  =C:\seckill-system
2026-09-27 10:09:11,343 INFO o.a.j.JMeter: PWD       =C:\seckill-system
2026-09-27 10:09:11,348 INFO o.a.j.JMeter: IP: 172.26.68.241 Name: LAPTOP-77E72ENH FullName: windows10.microdone.cn
2026-09-27 10:09:11,368 INFO o.a.j.s.FileServer: Default base='C:\seckill-system'
2026-09-27 10:09:11,371 INFO o.a.j.s.FileServer: Set new base='C:\seckill-system\perf'
2026-09-27 10:09:11,693 INFO o.a.j.s.SaveService: Testplan (JMX) version: 2.2. Testlog (JTL) version: 2.2
2026-09-27 10:09:11,741 INFO o.a.j.s.SaveService: Using SaveService properties version 5.0
2026-09-27 10:09:11,746 INFO o.a.j.s.SaveService: Using SaveService properties file encoding UTF-8
2026-09-27 10:09:11,751 INFO o.a.j.s.SaveService: Loading file: perf\stage1.jmx
2026-09-27 10:09:11,833 INFO o.a.j.p.h.s.HTTPSamplerBase: Parser for text/html is org.apache.jmeter.protocol.http.parser.LagartoBasedHtmlParser
2026-09-27 10:09:11,833 INFO o.a.j.p.h.s.HTTPSamplerBase: Parser for application/xhtml+xml is org.apache.jmeter.protocol.http.parser.LagartoBasedHtmlParser
2026-09-27 10:09:11,833 INFO o.a.j.p.h.s.HTTPSamplerBase: Parser for application/xml is org.apache.jmeter.protocol.http.parser.LagartoBasedHtmlParser
2026-09-27 10:09:11,834 INFO o.a.j.p.h.s.HTTPSamplerBase: Parser for text/xml is org.apache.jmeter.protocol.http.parser.LagartoBasedHtmlParser
2026-09-27 10:09:11,834 INFO o.a.j.p.h.s.HTTPSamplerBase: Parser for text/vnd.wap.wml is org.apache.jmeter.protocol.http.parser.RegexpHTMLParser
2026-09-27 10:09:11,834 INFO o.a.j.p.h.s.HTTPSamplerBase: Parser for text/css is org.apache.jmeter.protocol.http.parser.CssParser
2026-09-27 10:09:11,851 INFO o.a.j.JMeter: Creating summariser <summary>
2026-09-27 10:09:11,879 INFO o.a.j.e.StandardJMeterEngine: Running the test!
2026-09-27 10:09:11,880 INFO o.a.j.s.SampleEvent: List of sample_variables: []
2026-09-27 10:09:11,880 INFO o.a.j.s.SampleEvent: List of sample_variables: []
2026-09-27 10:09:11,889 INFO o.a.j.e.u.CompoundVariable: Note: Function class names must contain the string: '.functions.'
2026-09-27 10:09:11,889 INFO o.a.j.e.u.CompoundVariable: Note: Function class names must not contain the string: '.gui.'
2026-09-27 10:09:12,006 INFO o.a.j.JMeter: 正在运行的测试 (1790474952006)
2026-09-27 10:09:12,027 INFO o.a.j.e.StandardJMeterEngine: Starting ThreadGroup: 1 : Purchase
2026-09-27 10:09:12,027 INFO o.a.j.e.StandardJMeterEngine: Starting 100 threads for group Purchase.
2026-09-27 10:09:12,027 INFO o.a.j.e.StandardJMeterEngine: Thread will continue on error
2026-09-27 10:09:12,028 INFO o.a.j.t.ThreadGroup: Starting thread group... number=1 threads=100 ramp-up=1 delayedStart=false
2026-09-27 10:09:12,039 INFO o.a.j.t.JMeterThread: Thread started: Purchase 1-1
2026-09-27 10:09:12,046 INFO o.a.j.t.JMeterThread: Thread started: Purchase 1-2
2026-09-27 10:09:12,056 INFO o.a.j.t.JMeterThread: Thread started: Purchase 1-3
2026-09-27 10:09:12,065 INFO o.a.j.t.JMeterThread: Thread started: Purchase 1-4
2026-09-27 10:09:12,075 INFO o.a.j.t.JMeterThread: Thread started: Purchase 1-5
2026-09-27 10:09:12,075 INFO o.a.j.p.h.s.HTTPHCAbstractImpl: Local host = LAPTOP-77E72ENH
2026-09-27 10:09:12,084 INFO o.a.j.t.JMeterThread: Thread started: Purchase 1-6
2026-09-27 10:09:12,089 INFO o.a.j.t.ThreadGroup: Started thread group number 1
2026-09-27 10:09:12,090 INFO o.a.j.e.StandardJMeterEngine: All thread groups have been started
2026-09-27 10:09:12,094 INFO o.a.j.t.JMeterThread: Thread started: Purchase 1-7
2026-09-27 10:09:12,098 INFO o.a.j.p.h.s.HTTPHC4Impl: HTTP request retry count = 0
2026-09-27 10:09:12,099 INFO o.a.j.s.SampleResult: Note: Sample TimeStamps are START times
2026-09-27 10:09:12,100 INFO o.a.j.s.SampleResult: sampleresult.default.encoding is set to UTF-8
2026-09-27 10:09:12,100 INFO o.a.j.s.SampleResult: sampleresult.useNanoTime=true
2026-09-27 10:09:12,100 INFO o.a.j.s.SampleResult: sampleresult.nanoThreadSleep=5000
2026-09-27 10:09:12,103 INFO o.a.j.t.JMeterThread: Thread started: Purchase 1-8
2026-09-27 10:09:12,112 INFO o.a.j.t.JMeterThread: Thread started: Purchase 1-9
2026-09-27 10:09:12,122 INFO o.a.j.t.JMeterThread: Thread started: Purchase 1-10
2026-09-27 10:09:12,131 INFO o.a.j.t.JMeterThread: Thread started: Purchase 1-11
2026-09-27 10:09:12,140 INFO o.a.j.t.JMeterThread: Thread started: Purchase 1-12
2026-09-27 10:09:12,151 INFO o.a.j.t.JMeterThread: Thread started: Purchase 1-13
2026-09-27 10:09:12,160 INFO o.a.j.t.JMeterThread: Thread started: Purchase 1-14
2026-09-27 10:09:12,170 INFO o.a.j.t.JMeterThread: Thread started: Purchase 1-15
2026-09-27 10:09:12,181 INFO o.a.j.t.JMeterThread: Thread started: Purchase 1-16
2026-09-27 10:09:12,190 INFO o.a.j.t.JMeterThread: Thread started: Purchase 1-17
2026-09-27 10:09:12,200 INFO o.a.j.t.JMeterThread: Thread started: Purchase 1-18
2026-09-27 10:09:12,210 INFO o.a.j.t.JMeterThread: Thread started: Purchase 1-19
2026-09-27 10:09:12,220 INFO o.a.j.t.JMeterThread: Thread started: Purchase 1-20
2026-09-27 10:09:12,230 INFO o.a.j.t.JMeterThread: Thread started: Purchase 1-21
2026-09-27 10:09:12,240 INFO o.a.j.t.JMeterThread: Thread started: Purchase 1-22
2026-09-27 10:09:12,250 INFO o.a.j.t.JMeterThread: Thread started: Purchase 1-23
2026-09-27 10:09:12,260 INFO o.a.j.t.JMeterThread: Thread started: Purchase 1-24
2026-09-27 10:09:12,270 INFO o.a.j.t.JMeterThread: Thread started: Purchase 1-25
2026-09-27 10:09:12,280 INFO o.a.j.t.JMeterThread: Thread started: Purchase 1-26
2026-09-27 10:09:12,290 INFO o.a.j.t.JMeterThread: Thread started: Purchase 1-27
2026-09-27 10:09:12,300 INFO o.a.j.t.JMeterThread: Thread started: Purchase 1-28
2026-09-27 10:09:12,310 INFO o.a.j.t.JMeterThread: Thread started: Purchase 1-29
2026-09-27 10:09:12,320 INFO o.a.j.t.JMeterThread: Thread started: Purchase 1-30
2026-09-27 10:09:12,331 INFO o.a.j.t.JMeterThread: Thread started: Purchase 1-31
2026-09-27 10:09:12,340 INFO o.a.j.t.JMeterThread: Thread started: Purchase 1-32
2026-09-27 10:09:12,350 INFO o.a.j.t.JMeterThread: Thread started: Purchase 1-33
2026-09-27 10:09:12,361 INFO o.a.j.t.JMeterThread: Thread started: Purchase 1-34
2026-09-27 10:09:12,370 INFO o.a.j.t.JMeterThread: Thread started: Purchase 1-35
2026-09-27 10:09:12,381 INFO o.a.j.t.JMeterThread: Thread started: Purchase 1-36
2026-09-27 10:09:12,389 INFO o.a.j.t.JMeterThread: Thread started: Purchase 1-37
2026-09-27 10:09:12,401 INFO o.a.j.t.JMeterThread: Thread started: Purchase 1-38
2026-09-27 10:09:12,411 INFO o.a.j.t.JMeterThread: Thread started: Purchase 1-39
2026-09-27 10:09:12,422 INFO o.a.j.t.JMeterThread: Thread started: Purchase 1-40
2026-09-27 10:09:12,430 INFO o.a.j.t.JMeterThread: Thread started: Purchase 1-41
2026-09-27 10:09:12,440 INFO o.a.j.t.JMeterThread: Thread started: Purchase 1-42
2026-09-27 10:09:12,450 INFO o.a.j.t.JMeterThread: Thread started: Purchase 1-43
2026-09-27 10:09:12,460 INFO o.a.j.t.JMeterThread: Thread started: Purchase 1-44
2026-09-27 10:09:12,470 INFO o.a.j.t.JMeterThread: Thread started: Purchase 1-45
2026-09-27 10:09:12,481 INFO o.a.j.t.JMeterThread: Thread started: Purchase 1-46
2026-09-27 10:09:12,490 INFO o.a.j.t.JMeterThread: Thread started: Purchase 1-47
2026-09-27 10:09:12,500 INFO o.a.j.t.JMeterThread: Thread started: Purchase 1-48
2026-09-27 10:09:12,510 INFO o.a.j.t.JMeterThread: Thread started: Purchase 1-49
2026-09-27 10:09:12,521 INFO o.a.j.t.JMeterThread: Thread started: Purchase 1-50
2026-09-27 10:09:12,531 INFO o.a.j.t.JMeterThread: Thread started: Purchase 1-51
2026-09-27 10:09:12,540 INFO o.a.j.t.JMeterThread: Thread started: Purchase 1-52
2026-09-27 10:09:12,550 INFO o.a.j.t.JMeterThread: Thread started: Purchase 1-53
2026-09-27 10:09:12,560 INFO o.a.j.t.JMeterThread: Thread started: Purchase 1-54
2026-09-27 10:09:12,570 INFO o.a.j.t.JMeterThread: Thread started: Purchase 1-55
2026-09-27 10:09:12,580 INFO o.a.j.t.JMeterThread: Thread started: Purchase 1-56
2026-09-27 10:09:12,590 INFO o.a.j.t.JMeterThread: Thread started: Purchase 1-57
2026-09-27 10:09:12,600 INFO o.a.j.t.JMeterThread: Thread started: Purchase 1-58
2026-09-27 10:09:12,610 INFO o.a.j.t.JMeterThread: Thread started: Purchase 1-59
2026-09-27 10:09:12,619 INFO o.a.j.t.JMeterThread: Thread started: Purchase 1-60
2026-09-27 10:09:12,629 INFO o.a.j.t.JMeterThread: Thread started: Purchase 1-61
2026-09-27 10:09:12,641 INFO o.a.j.t.JMeterThread: Thread started: Purchase 1-62
2026-09-27 10:09:12,650 INFO o.a.j.t.JMeterThread: Thread started: Purchase 1-63
2026-09-27 10:09:12,660 INFO o.a.j.t.JMeterThread: Thread started: Purchase 1-64
2026-09-27 10:09:12,670 INFO o.a.j.t.JMeterThread: Thread started: Purchase 1-65
2026-09-27 10:09:12,680 INFO o.a.j.t.JMeterThread: Thread started: Purchase 1-66
2026-09-27 10:09:12,690 INFO o.a.j.t.JMeterThread: Thread started: Purchase 1-67
2026-09-27 10:09:12,700 INFO o.a.j.t.JMeterThread: Thread started: Purchase 1-68
2026-09-27 10:09:12,710 INFO o.a.j.t.JMeterThread: Thread started: Purchase 1-69
2026-09-27 10:09:12,720 INFO o.a.j.t.JMeterThread: Thread started: Purchase 1-70
2026-09-27 10:09:12,731 INFO o.a.j.t.JMeterThread: Thread started: Purchase 1-71
2026-09-27 10:09:12,739 INFO o.a.j.t.JMeterThread: Thread started: Purchase 1-72
2026-09-27 10:09:12,751 INFO o.a.j.t.JMeterThread: Thread started: Purchase 1-73
2026-09-27 10:09:12,761 INFO o.a.j.t.JMeterThread: Thread started: Purchase 1-74
2026-09-27 10:09:12,770 INFO o.a.j.t.JMeterThread: Thread started: Purchase 1-75
2026-09-27 10:09:12,780 INFO o.a.j.t.JMeterThread: Thread started: Purchase 1-76
2026-09-27 10:09:12,789 INFO o.a.j.t.JMeterThread: Thread started: Purchase 1-77
2026-09-27 10:09:12,800 INFO o.a.j.t.JMeterThread: Thread started: Purchase 1-78
2026-09-27 10:09:12,810 INFO o.a.j.t.JMeterThread: Thread started: Purchase 1-79
2026-09-27 10:09:12,820 INFO o.a.j.t.JMeterThread: Thread started: Purchase 1-80
2026-09-27 10:09:12,829 INFO o.a.j.t.JMeterThread: Thread started: Purchase 1-81
2026-09-27 10:09:12,840 INFO o.a.j.t.JMeterThread: Thread started: Purchase 1-82
2026-09-27 10:09:12,850 INFO o.a.j.t.JMeterThread: Thread started: Purchase 1-83
2026-09-27 10:09:12,860 INFO o.a.j.t.JMeterThread: Thread started: Purchase 1-84
2026-09-27 10:09:12,870 INFO o.a.j.t.JMeterThread: Thread started: Purchase 1-85
2026-09-27 10:09:12,881 INFO o.a.j.t.JMeterThread: Thread started: Purchase 1-86
2026-09-27 10:09:12,891 INFO o.a.j.t.JMeterThread: Thread started: Purchase 1-87
2026-09-27 10:09:12,900 INFO o.a.j.t.JMeterThread: Thread started: Purchase 1-88
2026-09-27 10:09:12,910 INFO o.a.j.t.JMeterThread: Thread started: Purchase 1-89
2026-09-27 10:09:12,920 INFO o.a.j.t.JMeterThread: Thread started: Purchase 1-90
2026-09-27 10:09:12,931 INFO o.a.j.t.JMeterThread: Thread started: Purchase 1-91
2026-09-27 10:09:12,940 INFO o.a.j.t.JMeterThread: Thread started: Purchase 1-92
2026-09-27 10:09:12,950 INFO o.a.j.t.JMeterThread: Thread started: Purchase 1-93
2026-09-27 10:09:12,961 INFO o.a.j.t.JMeterThread: Thread started: Purchase 1-94
2026-09-27 10:09:12,971 INFO o.a.j.t.JMeterThread: Thread started: Purchase 1-95
2026-09-27 10:09:12,980 INFO o.a.j.t.JMeterThread: Thread started: Purchase 1-96
2026-09-27 10:09:12,990 INFO o.a.j.t.JMeterThread: Thread started: Purchase 1-97
2026-09-27 10:09:13,000 INFO o.a.j.t.JMeterThread: Thread started: Purchase 1-98
2026-09-27 10:09:13,010 INFO o.a.j.t.JMeterThread: Thread started: Purchase 1-99
2026-09-27 10:09:13,020 INFO o.a.j.t.JMeterThread: Thread started: Purchase 1-100
2026-09-27 10:09:30,007 INFO o.a.j.r.Summariser: summary +   5574 in 00:00:18 =  309.7/s Avg:   309 Min:    35 Max:   491 Err:     0 (0.00%) Active: 100 Started: 100 Finished: 0
2026-09-27 10:09:43,211 INFO o.a.j.t.JMeterThread: Thread is done: Purchase 1-31
2026-09-27 10:09:43,211 INFO o.a.j.t.JMeterThread: Thread finished: Purchase 1-31
2026-09-27 10:09:43,370 INFO o.a.j.t.JMeterThread: Thread is done: Purchase 1-24
2026-09-27 10:09:43,370 INFO o.a.j.t.JMeterThread: Thread finished: Purchase 1-24
2026-09-27 10:09:43,435 INFO o.a.j.t.JMeterThread: Thread is done: Purchase 1-7
2026-09-27 10:09:43,435 INFO o.a.j.t.JMeterThread: Thread finished: Purchase 1-7
2026-09-27 10:09:43,452 INFO o.a.j.t.JMeterThread: Thread is done: Purchase 1-18
2026-09-27 10:09:43,453 INFO o.a.j.t.JMeterThread: Thread finished: Purchase 1-18
2026-09-27 10:09:43,476 INFO o.a.j.t.JMeterThread: Thread is done: Purchase 1-30
2026-09-27 10:09:43,476 INFO o.a.j.t.JMeterThread: Thread finished: Purchase 1-30
2026-09-27 10:09:43,482 INFO o.a.j.t.JMeterThread: Thread is done: Purchase 1-17
2026-09-27 10:09:43,483 INFO o.a.j.t.JMeterThread: Thread finished: Purchase 1-17
2026-09-27 10:09:43,491 INFO o.a.j.t.JMeterThread: Thread is done: Purchase 1-1
2026-09-27 10:09:43,491 INFO o.a.j.t.JMeterThread: Thread finished: Purchase 1-1
2026-09-27 10:09:43,496 INFO o.a.j.t.JMeterThread: Thread is done: Purchase 1-8
2026-09-27 10:09:43,496 INFO o.a.j.t.JMeterThread: Thread finished: Purchase 1-8
2026-09-27 10:09:43,500 INFO o.a.j.t.JMeterThread: Thread is done: Purchase 1-33
2026-09-27 10:09:43,500 INFO o.a.j.t.JMeterThread: Thread finished: Purchase 1-33
2026-09-27 10:09:43,514 INFO o.a.j.t.JMeterThread: Thread is done: Purchase 1-25
2026-09-27 10:09:43,514 INFO o.a.j.t.JMeterThread: Thread finished: Purchase 1-25
2026-09-27 10:09:43,528 INFO o.a.j.t.JMeterThread: Thread is done: Purchase 1-6
2026-09-27 10:09:43,528 INFO o.a.j.t.JMeterThread: Thread finished: Purchase 1-6
2026-09-27 10:09:43,540 INFO o.a.j.t.JMeterThread: Thread is done: Purchase 1-11
2026-09-27 10:09:43,540 INFO o.a.j.t.JMeterThread: Thread finished: Purchase 1-11
2026-09-27 10:09:43,549 INFO o.a.j.t.JMeterThread: Thread is done: Purchase 1-22
2026-09-27 10:09:43,549 INFO o.a.j.t.JMeterThread: Thread finished: Purchase 1-22
2026-09-27 10:09:43,568 INFO o.a.j.t.JMeterThread: Thread is done: Purchase 1-26
2026-09-27 10:09:43,568 INFO o.a.j.t.JMeterThread: Thread finished: Purchase 1-26
2026-09-27 10:09:43,594 INFO o.a.j.t.JMeterThread: Thread is done: Purchase 1-10
2026-09-27 10:09:43,594 INFO o.a.j.t.JMeterThread: Thread finished: Purchase 1-10
2026-09-27 10:09:43,597 INFO o.a.j.t.JMeterThread: Thread is done: Purchase 1-3
2026-09-27 10:09:43,598 INFO o.a.j.t.JMeterThread: Thread finished: Purchase 1-3
2026-09-27 10:09:43,617 INFO o.a.j.t.JMeterThread: Thread is done: Purchase 1-5
2026-09-27 10:09:43,617 INFO o.a.j.t.JMeterThread: Thread finished: Purchase 1-5
2026-09-27 10:09:43,657 INFO o.a.j.t.JMeterThread: Thread is done: Purchase 1-2
2026-09-27 10:09:43,657 INFO o.a.j.t.JMeterThread: Thread finished: Purchase 1-2
2026-09-27 10:09:43,660 INFO o.a.j.t.JMeterThread: Thread is done: Purchase 1-9
2026-09-27 10:09:43,661 INFO o.a.j.t.JMeterThread: Thread finished: Purchase 1-9
2026-09-27 10:09:43,670 INFO o.a.j.t.JMeterThread: Thread is done: Purchase 1-29
2026-09-27 10:09:43,671 INFO o.a.j.t.JMeterThread: Thread finished: Purchase 1-29
2026-09-27 10:09:43,679 INFO o.a.j.t.JMeterThread: Thread is done: Purchase 1-16
2026-09-27 10:09:43,679 INFO o.a.j.t.JMeterThread: Thread finished: Purchase 1-16
2026-09-27 10:09:43,691 INFO o.a.j.t.JMeterThread: Thread is done: Purchase 1-4
2026-09-27 10:09:43,691 INFO o.a.j.t.JMeterThread: Thread finished: Purchase 1-4
2026-09-27 10:09:43,695 INFO o.a.j.t.JMeterThread: Thread is done: Purchase 1-15
2026-09-27 10:09:43,695 INFO o.a.j.t.JMeterThread: Thread finished: Purchase 1-15
2026-09-27 10:09:43,714 INFO o.a.j.t.JMeterThread: Thread is done: Purchase 1-34
2026-09-27 10:09:43,714 INFO o.a.j.t.JMeterThread: Thread finished: Purchase 1-34
2026-09-27 10:09:43,717 INFO o.a.j.t.JMeterThread: Thread is done: Purchase 1-19
2026-09-27 10:09:43,717 INFO o.a.j.t.JMeterThread: Thread finished: Purchase 1-19
2026-09-27 10:09:43,746 INFO o.a.j.t.JMeterThread: Thread is done: Purchase 1-20
2026-09-27 10:09:43,746 INFO o.a.j.t.JMeterThread: Thread finished: Purchase 1-20
2026-09-27 10:09:43,750 INFO o.a.j.t.JMeterThread: Thread is done: Purchase 1-35
2026-09-27 10:09:43,750 INFO o.a.j.t.JMeterThread: Thread finished: Purchase 1-35
2026-09-27 10:09:43,760 INFO o.a.j.t.JMeterThread: Thread is done: Purchase 1-27
2026-09-27 10:09:43,760 INFO o.a.j.t.JMeterThread: Thread finished: Purchase 1-27
2026-09-27 10:09:43,766 INFO o.a.j.t.JMeterThread: Thread is done: Purchase 1-23
2026-09-27 10:09:43,766 INFO o.a.j.t.JMeterThread: Thread finished: Purchase 1-23
2026-09-27 10:09:43,773 INFO o.a.j.t.JMeterThread: Thread is done: Purchase 1-12
2026-09-27 10:09:43,774 INFO o.a.j.t.JMeterThread: Thread finished: Purchase 1-12
2026-09-27 10:09:43,776 INFO o.a.j.t.JMeterThread: Thread is done: Purchase 1-14
2026-09-27 10:09:43,776 INFO o.a.j.t.JMeterThread: Thread finished: Purchase 1-14
2026-09-27 10:09:43,790 INFO o.a.j.t.JMeterThread: Thread is done: Purchase 1-13
2026-09-27 10:09:43,790 INFO o.a.j.t.JMeterThread: Thread finished: Purchase 1-13
2026-09-27 10:09:43,797 INFO o.a.j.t.JMeterThread: Thread is done: Purchase 1-28
2026-09-27 10:09:43,797 INFO o.a.j.t.JMeterThread: Thread finished: Purchase 1-28
2026-09-27 10:09:43,808 INFO o.a.j.t.JMeterThread: Thread is done: Purchase 1-36
2026-09-27 10:09:43,808 INFO o.a.j.t.JMeterThread: Thread finished: Purchase 1-36
2026-09-27 10:09:43,815 INFO o.a.j.t.JMeterThread: Thread is done: Purchase 1-37
2026-09-27 10:09:43,815 INFO o.a.j.t.JMeterThread: Thread finished: Purchase 1-37
2026-09-27 10:09:43,825 INFO o.a.j.t.JMeterThread: Thread is done: Purchase 1-32
2026-09-27 10:09:43,826 INFO o.a.j.t.JMeterThread: Thread finished: Purchase 1-32
2026-09-27 10:09:43,869 INFO o.a.j.t.JMeterThread: Thread is done: Purchase 1-38
2026-09-27 10:09:43,869 INFO o.a.j.t.JMeterThread: Thread finished: Purchase 1-38
2026-09-27 10:09:43,881 INFO o.a.j.t.JMeterThread: Thread is done: Purchase 1-21
2026-09-27 10:09:43,882 INFO o.a.j.t.JMeterThread: Thread finished: Purchase 1-21
2026-09-27 10:09:43,885 INFO o.a.j.t.JMeterThread: Thread is done: Purchase 1-39
2026-09-27 10:09:43,885 INFO o.a.j.t.JMeterThread: Thread finished: Purchase 1-39
2026-09-27 10:09:43,904 INFO o.a.j.t.JMeterThread: Thread is done: Purchase 1-40
2026-09-27 10:09:43,904 INFO o.a.j.t.JMeterThread: Thread finished: Purchase 1-40
2026-09-27 10:09:43,932 INFO o.a.j.t.JMeterThread: Thread is done: Purchase 1-41
2026-09-27 10:09:43,932 INFO o.a.j.t.JMeterThread: Thread finished: Purchase 1-41
2026-09-27 10:09:43,945 INFO o.a.j.t.JMeterThread: Thread is done: Purchase 1-42
2026-09-27 10:09:43,945 INFO o.a.j.t.JMeterThread: Thread finished: Purchase 1-42
2026-09-27 10:09:43,965 INFO o.a.j.t.JMeterThread: Thread is done: Purchase 1-43
2026-09-27 10:09:43,965 INFO o.a.j.t.JMeterThread: Thread finished: Purchase 1-43
2026-09-27 10:09:43,974 INFO o.a.j.t.JMeterThread: Thread is done: Purchase 1-44
2026-09-27 10:09:43,974 INFO o.a.j.t.JMeterThread: Thread finished: Purchase 1-44
2026-09-27 10:09:43,996 INFO o.a.j.t.JMeterThread: Thread is done: Purchase 1-45
2026-09-27 10:09:43,996 INFO o.a.j.t.JMeterThread: Thread finished: Purchase 1-45
2026-09-27 10:09:44,005 INFO o.a.j.t.JMeterThread: Thread is done: Purchase 1-46
2026-09-27 10:09:44,005 INFO o.a.j.t.JMeterThread: Thread finished: Purchase 1-46
2026-09-27 10:09:44,015 INFO o.a.j.t.JMeterThread: Thread is done: Purchase 1-47
2026-09-27 10:09:44,015 INFO o.a.j.t.JMeterThread: Thread finished: Purchase 1-47
2026-09-27 10:09:44,026 INFO o.a.j.t.JMeterThread: Thread is done: Purchase 1-48
2026-09-27 10:09:44,026 INFO o.a.j.t.JMeterThread: Thread finished: Purchase 1-48
2026-09-27 10:09:44,041 INFO o.a.j.t.JMeterThread: Thread is done: Purchase 1-49
2026-09-27 10:09:44,041 INFO o.a.j.t.JMeterThread: Thread finished: Purchase 1-49
2026-09-27 10:09:44,053 INFO o.a.j.t.JMeterThread: Thread is done: Purchase 1-50
2026-09-27 10:09:44,054 INFO o.a.j.t.JMeterThread: Thread finished: Purchase 1-50
2026-09-27 10:09:44,069 INFO o.a.j.t.JMeterThread: Thread is done: Purchase 1-51
2026-09-27 10:09:44,069 INFO o.a.j.t.JMeterThread: Thread finished: Purchase 1-51
2026-09-27 10:09:44,077 INFO o.a.j.t.JMeterThread: Thread is done: Purchase 1-52
2026-09-27 10:09:44,077 INFO o.a.j.t.JMeterThread: Thread finished: Purchase 1-52
2026-09-27 10:09:44,086 INFO o.a.j.t.JMeterThread: Thread is done: Purchase 1-53
2026-09-27 10:09:44,086 INFO o.a.j.t.JMeterThread: Thread finished: Purchase 1-53
2026-09-27 10:09:44,095 INFO o.a.j.t.JMeterThread: Thread is done: Purchase 1-54
2026-09-27 10:09:44,095 INFO o.a.j.t.JMeterThread: Thread finished: Purchase 1-54
2026-09-27 10:09:44,110 INFO o.a.j.t.JMeterThread: Thread is done: Purchase 1-55
2026-09-27 10:09:44,110 INFO o.a.j.t.JMeterThread: Thread finished: Purchase 1-55
2026-09-27 10:09:44,126 INFO o.a.j.t.JMeterThread: Thread is done: Purchase 1-56
2026-09-27 10:09:44,126 INFO o.a.j.t.JMeterThread: Thread finished: Purchase 1-56
2026-09-27 10:09:44,136 INFO o.a.j.t.JMeterThread: Thread is done: Purchase 1-57
2026-09-27 10:09:44,136 INFO o.a.j.t.JMeterThread: Thread finished: Purchase 1-57
2026-09-27 10:09:44,148 INFO o.a.j.t.JMeterThread: Thread is done: Purchase 1-58
2026-09-27 10:09:44,148 INFO o.a.j.t.JMeterThread: Thread finished: Purchase 1-58
2026-09-27 10:09:44,153 INFO o.a.j.t.JMeterThread: Thread is done: Purchase 1-59
2026-09-27 10:09:44,154 INFO o.a.j.t.JMeterThread: Thread finished: Purchase 1-59
2026-09-27 10:09:44,162 INFO o.a.j.t.JMeterThread: Thread is done: Purchase 1-60
2026-09-27 10:09:44,162 INFO o.a.j.t.JMeterThread: Thread finished: Purchase 1-60
2026-09-27 10:09:44,172 INFO o.a.j.t.JMeterThread: Thread is done: Purchase 1-61
2026-09-27 10:09:44,173 INFO o.a.j.t.JMeterThread: Thread finished: Purchase 1-61
2026-09-27 10:09:44,181 INFO o.a.j.t.JMeterThread: Thread is done: Purchase 1-63
2026-09-27 10:09:44,182 INFO o.a.j.t.JMeterThread: Thread finished: Purchase 1-63
2026-09-27 10:09:44,188 INFO o.a.j.t.JMeterThread: Thread is done: Purchase 1-64
2026-09-27 10:09:44,188 INFO o.a.j.t.JMeterThread: Thread finished: Purchase 1-64
2026-09-27 10:09:44,197 INFO o.a.j.t.JMeterThread: Thread is done: Purchase 1-65
2026-09-27 10:09:44,197 INFO o.a.j.t.JMeterThread: Thread finished: Purchase 1-65
2026-09-27 10:09:44,204 INFO o.a.j.t.JMeterThread: Thread is done: Purchase 1-66
2026-09-27 10:09:44,204 INFO o.a.j.t.JMeterThread: Thread finished: Purchase 1-66
2026-09-27 10:09:44,209 INFO o.a.j.t.JMeterThread: Thread is done: Purchase 1-67
2026-09-27 10:09:44,210 INFO o.a.j.t.JMeterThread: Thread finished: Purchase 1-67
2026-09-27 10:09:44,215 INFO o.a.j.t.JMeterThread: Thread is done: Purchase 1-68
2026-09-27 10:09:44,216 INFO o.a.j.t.JMeterThread: Thread finished: Purchase 1-68
2026-09-27 10:09:44,225 INFO o.a.j.t.JMeterThread: Thread is done: Purchase 1-69
2026-09-27 10:09:44,226 INFO o.a.j.t.JMeterThread: Thread finished: Purchase 1-69
2026-09-27 10:09:44,229 INFO o.a.j.t.JMeterThread: Thread is done: Purchase 1-70
2026-09-27 10:09:44,229 INFO o.a.j.t.JMeterThread: Thread finished: Purchase 1-70
2026-09-27 10:09:44,237 INFO o.a.j.t.JMeterThread: Thread is done: Purchase 1-71
2026-09-27 10:09:44,238 INFO o.a.j.t.JMeterThread: Thread finished: Purchase 1-71
2026-09-27 10:09:44,244 INFO o.a.j.t.JMeterThread: Thread is done: Purchase 1-92
2026-09-27 10:09:44,244 INFO o.a.j.t.JMeterThread: Thread finished: Purchase 1-92
2026-09-27 10:09:44,247 INFO o.a.j.t.JMeterThread: Thread is done: Purchase 1-72
2026-09-27 10:09:44,247 INFO o.a.j.t.JMeterThread: Thread finished: Purchase 1-72
2026-09-27 10:09:44,253 INFO o.a.j.t.JMeterThread: Thread is done: Purchase 1-73
2026-09-27 10:09:44,253 INFO o.a.j.t.JMeterThread: Thread finished: Purchase 1-73
2026-09-27 10:09:44,261 INFO o.a.j.t.JMeterThread: Thread is done: Purchase 1-74
2026-09-27 10:09:44,262 INFO o.a.j.t.JMeterThread: Thread finished: Purchase 1-74
2026-09-27 10:09:44,265 INFO o.a.j.t.JMeterThread: Thread is done: Purchase 1-75
2026-09-27 10:09:44,265 INFO o.a.j.t.JMeterThread: Thread finished: Purchase 1-75
2026-09-27 10:09:44,274 INFO o.a.j.t.JMeterThread: Thread is done: Purchase 1-76
2026-09-27 10:09:44,274 INFO o.a.j.t.JMeterThread: Thread finished: Purchase 1-76
2026-09-27 10:09:44,277 INFO o.a.j.t.JMeterThread: Thread is done: Purchase 1-77
2026-09-27 10:09:44,277 INFO o.a.j.t.JMeterThread: Thread finished: Purchase 1-77
2026-09-27 10:09:44,281 INFO o.a.j.t.JMeterThread: Thread is done: Purchase 1-78
2026-09-27 10:09:44,281 INFO o.a.j.t.JMeterThread: Thread finished: Purchase 1-78
2026-09-27 10:09:44,284 INFO o.a.j.t.JMeterThread: Thread is done: Purchase 1-62
2026-09-27 10:09:44,284 INFO o.a.j.t.JMeterThread: Thread finished: Purchase 1-62
2026-09-27 10:09:44,286 INFO o.a.j.t.JMeterThread: Thread is done: Purchase 1-79
2026-09-27 10:09:44,286 INFO o.a.j.t.JMeterThread: Thread finished: Purchase 1-79
2026-09-27 10:09:44,289 INFO o.a.j.t.JMeterThread: Thread is done: Purchase 1-80
2026-09-27 10:09:44,290 INFO o.a.j.t.JMeterThread: Thread finished: Purchase 1-80
2026-09-27 10:09:44,293 INFO o.a.j.t.JMeterThread: Thread is done: Purchase 1-81
2026-09-27 10:09:44,293 INFO o.a.j.t.JMeterThread: Thread finished: Purchase 1-81
2026-09-27 10:09:44,296 INFO o.a.j.t.JMeterThread: Thread is done: Purchase 1-82
2026-09-27 10:09:44,296 INFO o.a.j.t.JMeterThread: Thread finished: Purchase 1-82
2026-09-27 10:09:44,299 INFO o.a.j.t.JMeterThread: Thread is done: Purchase 1-83
2026-09-27 10:09:44,299 INFO o.a.j.t.JMeterThread: Thread finished: Purchase 1-83
2026-09-27 10:09:44,302 INFO o.a.j.t.JMeterThread: Thread is done: Purchase 1-84
2026-09-27 10:09:44,302 INFO o.a.j.t.JMeterThread: Thread finished: Purchase 1-84
2026-09-27 10:09:44,305 INFO o.a.j.t.JMeterThread: Thread is done: Purchase 1-85
2026-09-27 10:09:44,305 INFO o.a.j.t.JMeterThread: Thread finished: Purchase 1-85
2026-09-27 10:09:44,308 INFO o.a.j.t.JMeterThread: Thread is done: Purchase 1-86
2026-09-27 10:09:44,308 INFO o.a.j.t.JMeterThread: Thread finished: Purchase 1-86
2026-09-27 10:09:44,311 INFO o.a.j.t.JMeterThread: Thread is done: Purchase 1-87
2026-09-27 10:09:44,311 INFO o.a.j.t.JMeterThread: Thread finished: Purchase 1-87
2026-09-27 10:09:44,314 INFO o.a.j.t.JMeterThread: Thread is done: Purchase 1-88
2026-09-27 10:09:44,315 INFO o.a.j.t.JMeterThread: Thread finished: Purchase 1-88
2026-09-27 10:09:44,318 INFO o.a.j.t.JMeterThread: Thread is done: Purchase 1-89
2026-09-27 10:09:44,318 INFO o.a.j.t.JMeterThread: Thread finished: Purchase 1-89
2026-09-27 10:09:44,320 INFO o.a.j.t.JMeterThread: Thread is done: Purchase 1-90
2026-09-27 10:09:44,320 INFO o.a.j.t.JMeterThread: Thread finished: Purchase 1-90
2026-09-27 10:09:44,324 INFO o.a.j.t.JMeterThread: Thread is done: Purchase 1-91
2026-09-27 10:09:44,324 INFO o.a.j.t.JMeterThread: Thread finished: Purchase 1-91
2026-09-27 10:09:44,327 INFO o.a.j.t.JMeterThread: Thread is done: Purchase 1-93
2026-09-27 10:09:44,327 INFO o.a.j.t.JMeterThread: Thread finished: Purchase 1-93
2026-09-27 10:09:44,330 INFO o.a.j.t.JMeterThread: Thread is done: Purchase 1-94
2026-09-27 10:09:44,330 INFO o.a.j.t.JMeterThread: Thread finished: Purchase 1-94
2026-09-27 10:09:44,333 INFO o.a.j.t.JMeterThread: Thread is done: Purchase 1-95
2026-09-27 10:09:44,333 INFO o.a.j.t.JMeterThread: Thread finished: Purchase 1-95
2026-09-27 10:09:44,336 INFO o.a.j.t.JMeterThread: Thread is done: Purchase 1-96
2026-09-27 10:09:44,336 INFO o.a.j.t.JMeterThread: Thread finished: Purchase 1-96
2026-09-27 10:09:44,339 INFO o.a.j.t.JMeterThread: Thread is done: Purchase 1-97
2026-09-27 10:09:44,339 INFO o.a.j.t.JMeterThread: Thread finished: Purchase 1-97
2026-09-27 10:09:44,342 INFO o.a.j.t.JMeterThread: Thread is done: Purchase 1-98
2026-09-27 10:09:44,342 INFO o.a.j.t.JMeterThread: Thread finished: Purchase 1-98
2026-09-27 10:09:44,345 INFO o.a.j.t.JMeterThread: Thread is done: Purchase 1-99
2026-09-27 10:09:44,345 INFO o.a.j.t.JMeterThread: Thread finished: Purchase 1-99
2026-09-27 10:09:44,348 INFO o.a.j.t.JMeterThread: Thread is done: Purchase 1-100
2026-09-27 10:09:44,348 INFO o.a.j.t.JMeterThread: Thread finished: Purchase 1-100
2026-09-27 10:09:44,349 INFO o.a.j.e.StandardJMeterEngine: Notifying test listeners of end of test
2026-09-27 10:09:44,351 INFO o.a.j.r.Summariser: summary +   4426 in 00:00:14 =  308.5/s Avg:   319 Min:    77 Max:   435 Err:     0 (0.00%) Active: 0 Started: 100 Finished: 100
2026-09-27 10:09:44,352 INFO o.a.j.r.Summariser: summary =  10000 in 00:00:32 =  309.2/s Avg:   314 Min:    35 Max:   491 Err:     0 (0.00%)
