
  .   ____          _            __ _ _
 /\\ / ___'_ __ _ _(_)_ __  __ _ \ \ \ \
( ( )\___ | '_ | '_| | '_ \/ _` | \ \ \ \
 \\/  ___)| |_)| | | | | || (_| |  ) ) ) )
  '  |____| .__|_| |_|_| |_\__, | / / / /
 =========|_|==============|___/=/_/_/_/

 :: Spring Boot ::                (v3.3.5)

2026-09-27T10:06:56.916+08:00  INFO 17340 --- [seckill-system] [           main] com.ddk.seckill.SeckillApplication       : Starting SeckillApplication v0.0.1-SNAPSHOT using Java 21.0.12.1 with PID 17340 (C:\seckill-system\target\seckill-system-0.0.1-SNAPSHOT.jar started by Asus in C:\seckill-system)
2026-09-27T10:06:56.923+08:00  INFO 17340 --- [seckill-system] [           main] com.ddk.seckill.SeckillApplication       : No active profile set, falling back to 1 default profile: "default"
2026-09-27T10:06:58.394+08:00  INFO 17340 --- [seckill-system] [           main] .s.d.r.c.RepositoryConfigurationDelegate : Multiple Spring Data modules found, entering strict repository configuration mode
2026-09-27T10:06:58.399+08:00  INFO 17340 --- [seckill-system] [           main] .s.d.r.c.RepositoryConfigurationDelegate : Bootstrapping Spring Data Redis repositories in DEFAULT mode.
2026-09-27T10:06:58.432+08:00  INFO 17340 --- [seckill-system] [           main] .s.d.r.c.RepositoryConfigurationDelegate : Finished Spring Data repository scanning in 10 ms. Found 0 Redis repository interfaces.
2026-09-27T10:06:59.551+08:00  INFO 17340 --- [seckill-system] [           main] o.s.b.w.embedded.tomcat.TomcatWebServer  : Tomcat initialized with port 18082 (http)
2026-09-27T10:06:59.575+08:00  INFO 17340 --- [seckill-system] [           main] o.apache.catalina.core.StandardService   : Starting service [Tomcat]
2026-09-27T10:06:59.575+08:00  INFO 17340 --- [seckill-system] [           main] o.apache.catalina.core.StandardEngine    : Starting Servlet engine: [Apache Tomcat/10.1.31]
2026-09-27T10:06:59.634+08:00  INFO 17340 --- [seckill-system] [           main] o.a.c.c.C.[Tomcat].[localhost].[/api]    : Initializing Spring embedded WebApplicationContext
2026-09-27T10:06:59.635+08:00  INFO 17340 --- [seckill-system] [           main] w.s.c.ServletWebServerApplicationContext : Root WebApplicationContext: initialization completed in 2573 ms
2026-09-27T10:07:02.155+08:00  INFO 17340 --- [seckill-system] [           main] o.s.b.w.embedded.tomcat.TomcatWebServer  : Tomcat started on port 18082 (http) with context path '/api'
2026-09-27T10:07:02.196+08:00  INFO 17340 --- [seckill-system] [           main] com.ddk.seckill.SeckillApplication       : Started SeckillApplication in 6.094 seconds (process running for 7.155)
2026-09-27T10:07:02.668+08:00  INFO 17340 --- [seckill-system] [io-18082-exec-1] o.a.c.c.C.[Tomcat].[localhost].[/api]    : Initializing Spring DispatcherServlet 'dispatcherServlet'
2026-09-27T10:07:02.670+08:00  INFO 17340 --- [seckill-system] [io-18082-exec-1] o.s.web.servlet.DispatcherServlet        : Initializing Servlet 'dispatcherServlet'
2026-09-27T10:07:02.671+08:00  INFO 17340 --- [seckill-system] [io-18082-exec-1] o.s.web.servlet.DispatcherServlet        : Completed initialization in 1 ms
2026-09-27T10:07:07.460+08:00  INFO 17340 --- [seckill-system] [io-18082-exec-2] com.zaxxer.hikari.HikariDataSource       : HikariPool-1 - Starting...
2026-09-27T10:07:08.084+08:00  INFO 17340 --- [seckill-system] [io-18082-exec-2] com.zaxxer.hikari.pool.HikariPool        : HikariPool-1 - Added connection com.mysql.cj.jdbc.ConnectionImpl@14964531
2026-09-27T10:07:08.088+08:00  INFO 17340 --- [seckill-system] [io-18082-exec-2] com.zaxxer.hikari.HikariDataSource       : HikariPool-1 - Start completed.
