2026-09-27 10:07:27,178 INFO o.a.j.u.JMeterUtils: Setting Locale to zh_CN
2026-09-27 10:07:27,245 INFO o.a.j.JMeter: Loading user properties from: C:\seckill-system\target\tools\apache-jmeter-5.6.3\bin\user.properties
2026-09-27 10:07:27,246 INFO o.a.j.JMeter: Loading system properties from: C:\seckill-system\target\tools\apache-jmeter-5.6.3\bin\system.properties
2026-09-27 10:07:27,247 INFO o.a.j.JMeter: Setting JMeter property: users=1
2026-09-27 10:07:27,247 INFO o.a.j.JMeter: Setting JMeter property: loops=10000
2026-09-27 10:07:27,247 INFO o.a.j.JMeter: Setting JMeter property: ramp=1
2026-09-27 10:07:27,247 INFO o.a.j.JMeter: Setting JMeter property: product=30
2026-09-27 10:07:27,247 INFO o.a.j.JMeter: Setting JMeter property: port=18082
2026-09-27 10:07:27,257 INFO o.a.j.JMeter: Copyright (c) 1998-2024 The Apache Software Foundation
2026-09-27 10:07:27,257 INFO o.a.j.JMeter: Version 5.6.3
2026-09-27 10:07:27,257 INFO o.a.j.JMeter: java.version=21.0.12.1
2026-09-27 10:07:27,257 INFO o.a.j.JMeter: java.vm.name=OpenJDK 64-Bit Server VM
2026-09-27 10:07:27,257 INFO o.a.j.JMeter: os.name=Windows 11
2026-09-27 10:07:27,257 INFO o.a.j.JMeter: os.arch=amd64
2026-09-27 10:07:27,257 INFO o.a.j.JMeter: os.version=10.0
2026-09-27 10:07:27,257 INFO o.a.j.JMeter: file.encoding=UTF-8
2026-09-27 10:07:27,257 INFO o.a.j.JMeter: java.awt.headless=true
2026-09-27 10:07:27,257 INFO o.a.j.JMeter: Max memory     =536870912
2026-09-27 10:07:27,258 INFO o.a.j.JMeter: Available Processors =32
2026-09-27 10:07:27,270 INFO o.a.j.JMeter: Default Locale=中文 (中国)
2026-09-27 10:07:27,271 INFO o.a.j.JMeter: JMeter  Locale=中文 (中国)
2026-09-27 10:07:27,271 INFO o.a.j.JMeter: JMeterHome=C:\seckill-system\target\tools\apache-jmeter-5.6.3
2026-09-27 10:07:27,271 INFO o.a.j.JMeter: user.dir  =C:\seckill-system
2026-09-27 10:07:27,272 INFO o.a.j.JMeter: PWD       =C:\seckill-system
2026-09-27 10:07:27,291 INFO o.a.j.JMeter: IP: 172.26.68.241 Name: LAPTOP-77E72ENH FullName: windows10.microdone.cn
2026-09-27 10:07:27,310 INFO o.a.j.s.FileServer: Default base='C:\seckill-system'
2026-09-27 10:07:27,313 INFO o.a.j.s.FileServer: Set new base='C:\seckill-system\perf'
2026-09-27 10:07:27,649 INFO o.a.j.s.SaveService: Testplan (JMX) version: 2.2. Testlog (JTL) version: 2.2
2026-09-27 10:07:27,700 INFO o.a.j.s.SaveService: Using SaveService properties version 5.0
2026-09-27 10:07:27,707 INFO o.a.j.s.SaveService: Using SaveService properties file encoding UTF-8
2026-09-27 10:07:27,714 INFO o.a.j.s.SaveService: Loading file: perf\stage1.jmx
2026-09-27 10:07:27,810 INFO o.a.j.p.h.s.HTTPSamplerBase: Parser for text/html is org.apache.jmeter.protocol.http.parser.LagartoBasedHtmlParser
2026-09-27 10:07:27,810 INFO o.a.j.p.h.s.HTTPSamplerBase: Parser for application/xhtml+xml is org.apache.jmeter.protocol.http.parser.LagartoBasedHtmlParser
2026-09-27 10:07:27,811 INFO o.a.j.p.h.s.HTTPSamplerBase: Parser for application/xml is org.apache.jmeter.protocol.http.parser.LagartoBasedHtmlParser
2026-09-27 10:07:27,811 INFO o.a.j.p.h.s.HTTPSamplerBase: Parser for text/xml is org.apache.jmeter.protocol.http.parser.LagartoBasedHtmlParser
2026-09-27 10:07:27,811 INFO o.a.j.p.h.s.HTTPSamplerBase: Parser for text/vnd.wap.wml is org.apache.jmeter.protocol.http.parser.RegexpHTMLParser
2026-09-27 10:07:27,811 INFO o.a.j.p.h.s.HTTPSamplerBase: Parser for text/css is org.apache.jmeter.protocol.http.parser.CssParser
2026-09-27 10:07:27,829 INFO o.a.j.JMeter: Creating summariser <summary>
2026-09-27 10:07:27,865 INFO o.a.j.e.StandardJMeterEngine: Running the test!
2026-09-27 10:07:27,866 INFO o.a.j.s.SampleEvent: List of sample_variables: []
2026-09-27 10:07:27,867 INFO o.a.j.s.SampleEvent: List of sample_variables: []
2026-09-27 10:07:27,872 INFO o.a.j.e.u.CompoundVariable: Note: Function class names must contain the string: '.functions.'
2026-09-27 10:07:27,873 INFO o.a.j.e.u.CompoundVariable: Note: Function class names must not contain the string: '.gui.'
2026-09-27 10:07:27,994 INFO o.a.j.JMeter: 正在运行的测试 (1790474847994)
2026-09-27 10:07:28,026 INFO o.a.j.e.StandardJMeterEngine: Starting ThreadGroup: 1 : Purchase
2026-09-27 10:07:28,027 INFO o.a.j.e.StandardJMeterEngine: Starting 1 threads for group Purchase.
2026-09-27 10:07:28,027 INFO o.a.j.e.StandardJMeterEngine: Thread will continue on error
2026-09-27 10:07:28,028 INFO o.a.j.t.ThreadGroup: Starting thread group... number=1 threads=1 ramp-up=1 delayedStart=false
2026-09-27 10:07:28,033 INFO o.a.j.t.ThreadGroup: Started thread group number 1
2026-09-27 10:07:28,034 INFO o.a.j.e.StandardJMeterEngine: All thread groups have been started
2026-09-27 10:07:28,037 INFO o.a.j.t.JMeterThread: Thread started: Purchase 1-1
2026-09-27 10:07:28,060 INFO o.a.j.p.h.s.HTTPHCAbstractImpl: Local host = LAPTOP-77E72ENH
2026-09-27 10:07:28,070 INFO o.a.j.p.h.s.HTTPHC4Impl: HTTP request retry count = 0
2026-09-27 10:07:28,072 INFO o.a.j.s.SampleResult: Note: Sample TimeStamps are START times
2026-09-27 10:07:28,073 INFO o.a.j.s.SampleResult: sampleresult.default.encoding is set to UTF-8
2026-09-27 10:07:28,073 INFO o.a.j.s.SampleResult: sampleresult.useNanoTime=true
2026-09-27 10:07:28,073 INFO o.a.j.s.SampleResult: sampleresult.nanoThreadSleep=5000
2026-09-27 10:07:30,011 INFO o.a.j.r.Summariser: summary +    180 in 00:00:02 =   89.4/s Avg:     9 Min:     7 Max:    64 Err:     0 (0.00%) Active: 1 Started: 1 Finished: 0
2026-09-27 10:08:00,001 INFO o.a.j.r.Summariser: summary +   4995 in 00:00:30 =  166.5/s Avg:     5 Min:     4 Max:    27 Err:     0 (0.00%) Active: 1 Started: 1 Finished: 0
2026-09-27 10:08:00,002 INFO o.a.j.r.Summariser: summary =   5175 in 00:00:32 =  161.7/s Avg:     5 Min:     4 Max:    64 Err:     0 (0.00%)
2026-09-27 10:08:24,679 INFO o.a.j.t.JMeterThread: Thread is done: Purchase 1-1
2026-09-27 10:08:24,679 INFO o.a.j.t.JMeterThread: Thread finished: Purchase 1-1
2026-09-27 10:08:24,681 INFO o.a.j.e.StandardJMeterEngine: Notifying test listeners of end of test
2026-09-27 10:08:24,685 INFO o.a.j.r.Summariser: summary +   4825 in 00:00:25 =  195.5/s Avg:     5 Min:     3 Max:    22 Err:     0 (0.00%) Active: 0 Started: 1 Finished: 1
2026-09-27 10:08:24,685 INFO o.a.j.r.Summariser: summary =  10000 in 00:00:57 =  176.4/s Avg:     5 Min:     3 Max:    64 Err:     0 (0.00%)
