
  .   ____          _            __ _ _
 /\\ / ___'_ __ _ _(_)_ __  __ _ \ \ \ \
( ( )\___ | '_ | '_| | '_ \/ _` | \ \ \ \
 \\/  ___)| |_)| | | | | || (_| |  ) ) ) )
  '  |____| .__|_| |_|_| |_\__, | / / / /
 =========|_|==============|___/=/_/_/_/

 :: Spring Boot ::                (v3.3.5)

2026-09-27T10:09:48.856+08:00  INFO 43704 --- [seckill-system] [           main] com.ddk.seckill.SeckillApplication       : Starting SeckillApplication v0.0.1-SNAPSHOT using Java 21.0.12.1 with PID 43704 (C:\seckill-system\target\seckill-system-0.0.1-SNAPSHOT.jar started by Asus in C:\seckill-system)
2026-09-27T10:09:48.864+08:00  INFO 43704 --- [seckill-system] [           main] com.ddk.seckill.SeckillApplication       : The following 1 profile is active: "stage2"
2026-09-27T10:09:50.573+08:00  INFO 43704 --- [seckill-system] [           main] .s.d.r.c.RepositoryConfigurationDelegate : Multiple Spring Data modules found, entering strict repository configuration mode
2026-09-27T10:09:50.581+08:00  INFO 43704 --- [seckill-system] [           main] .s.d.r.c.RepositoryConfigurationDelegate : Bootstrapping Spring Data Redis repositories in DEFAULT mode.
2026-09-27T10:09:50.624+08:00  INFO 43704 --- [seckill-system] [           main] .s.d.r.c.RepositoryConfigurationDelegate : Finished Spring Data repository scanning in 11 ms. Found 0 Redis repository interfaces.
2026-09-27T10:09:52.179+08:00  INFO 43704 --- [seckill-system] [           main] o.s.b.w.embedded.tomcat.TomcatWebServer  : Tomcat initialized with port 18082 (http)
2026-09-27T10:09:52.207+08:00  INFO 43704 --- [seckill-system] [           main] o.apache.catalina.core.StandardService   : Starting service [Tomcat]
2026-09-27T10:09:52.207+08:00  INFO 43704 --- [seckill-system] [           main] o.apache.catalina.core.StandardEngine    : Starting Servlet engine: [Apache Tomcat/10.1.31]
2026-09-27T10:09:52.289+08:00  INFO 43704 --- [seckill-system] [           main] o.a.c.c.C.[Tomcat].[localhost].[/api]    : Initializing Spring embedded WebApplicationContext
2026-09-27T10:09:52.291+08:00  INFO 43704 --- [seckill-system] [           main] w.s.c.ServletWebServerApplicationContext : Root WebApplicationContext: initialization completed in 3239 ms
2026-09-27T10:09:55.854+08:00  INFO 43704 --- [seckill-system] [           main] o.s.b.w.embedded.tomcat.TomcatWebServer  : Tomcat started on port 18082 (http) with context path '/api'
2026-09-27T10:09:55.901+08:00  INFO 43704 --- [seckill-system] [           main] com.ddk.seckill.SeckillApplication       : Started SeckillApplication in 7.906 seconds (process running for 8.986)
2026-09-27T10:09:56.163+08:00  INFO 43704 --- [seckill-system] [io-18082-exec-1] o.a.c.c.C.[Tomcat].[localhost].[/api]    : Initializing Spring DispatcherServlet 'dispatcherServlet'
2026-09-27T10:09:56.163+08:00  INFO 43704 --- [seckill-system] [io-18082-exec-1] o.s.web.servlet.DispatcherServlet        : Initializing Servlet 'dispatcherServlet'
2026-09-27T10:09:56.166+08:00  INFO 43704 --- [seckill-system] [io-18082-exec-1] o.s.web.servlet.DispatcherServlet        : Completed initialization in 3 ms
2026-09-27T10:10:14.286+08:00  INFO 43704 --- [seckill-system] [io-18082-exec-8] com.zaxxer.hikari.HikariDataSource       : HikariPool-1 - Starting...
2026-09-27T10:10:15.053+08:00  INFO 43704 --- [seckill-system] [io-18082-exec-8] com.zaxxer.hikari.pool.HikariPool        : HikariPool-1 - Added connection com.mysql.cj.jdbc.ConnectionImpl@1863e4b4
2026-09-27T10:10:15.059+08:00  INFO 43704 --- [seckill-system] [io-18082-exec-8] com.zaxxer.hikari.HikariDataSource       : HikariPool-1 - Start completed.
