2026-09-27 10:10:53,692 INFO o.a.j.u.JMeterUtils: Setting Locale to zh_CN
2026-09-27 10:10:53,738 INFO o.a.j.JMeter: Loading user properties from: C:\seckill-system\target\tools\apache-jmeter-5.6.3\bin\user.properties
2026-09-27 10:10:53,739 INFO o.a.j.JMeter: Loading system properties from: C:\seckill-system\target\tools\apache-jmeter-5.6.3\bin\system.properties
2026-09-27 10:10:53,739 INFO o.a.j.JMeter: Setting JMeter property: users=1
2026-09-27 10:10:53,739 INFO o.a.j.JMeter: Setting JMeter property: loops=10000
2026-09-27 10:10:53,739 INFO o.a.j.JMeter: Setting JMeter property: ramp=1
2026-09-27 10:10:53,739 INFO o.a.j.JMeter: Setting JMeter property: product=35
2026-09-27 10:10:53,740 INFO o.a.j.JMeter: Setting JMeter property: port=18082
2026-09-27 10:10:53,752 INFO o.a.j.JMeter: Copyright (c) 1998-2024 The Apache Software Foundation
2026-09-27 10:10:53,752 INFO o.a.j.JMeter: Version 5.6.3
2026-09-27 10:10:53,752 INFO o.a.j.JMeter: java.version=21.0.12.1
2026-09-27 10:10:53,752 INFO o.a.j.JMeter: java.vm.name=OpenJDK 64-Bit Server VM
2026-09-27 10:10:53,752 INFO o.a.j.JMeter: os.name=Windows 11
2026-09-27 10:10:53,752 INFO o.a.j.JMeter: os.arch=amd64
2026-09-27 10:10:53,752 INFO o.a.j.JMeter: os.version=10.0
2026-09-27 10:10:53,752 INFO o.a.j.JMeter: file.encoding=UTF-8
2026-09-27 10:10:53,753 INFO o.a.j.JMeter: java.awt.headless=true
2026-09-27 10:10:53,753 INFO o.a.j.JMeter: Max memory     =536870912
2026-09-27 10:10:53,753 INFO o.a.j.JMeter: Available Processors =32
2026-09-27 10:10:53,773 INFO o.a.j.JMeter: Default Locale=中文 (中国)
2026-09-27 10:10:53,773 INFO o.a.j.JMeter: JMeter  Locale=中文 (中国)
2026-09-27 10:10:53,773 INFO o.a.j.JMeter: JMeterHome=C:\seckill-system\target\tools\apache-jmeter-5.6.3
2026-09-27 10:10:53,773 INFO o.a.j.JMeter: user.dir  =C:\seckill-system
2026-09-27 10:10:53,773 INFO o.a.j.JMeter: PWD       =C:\seckill-system
2026-09-27 10:10:53,793 INFO o.a.j.JMeter: IP: 172.26.68.241 Name: LAPTOP-77E72ENH FullName: windows10.microdone.cn
2026-09-27 10:10:53,812 INFO o.a.j.s.FileServer: Default base='C:\seckill-system'
2026-09-27 10:10:53,815 INFO o.a.j.s.FileServer: Set new base='C:\seckill-system\perf'
2026-09-27 10:10:54,155 INFO o.a.j.s.SaveService: Testplan (JMX) version: 2.2. Testlog (JTL) version: 2.2
2026-09-27 10:10:54,206 INFO o.a.j.s.SaveService: Using SaveService properties version 5.0
2026-09-27 10:10:54,214 INFO o.a.j.s.SaveService: Using SaveService properties file encoding UTF-8
2026-09-27 10:10:54,219 INFO o.a.j.s.SaveService: Loading file: perf\stage1.jmx
2026-09-27 10:10:54,306 INFO o.a.j.p.h.s.HTTPSamplerBase: Parser for text/html is org.apache.jmeter.protocol.http.parser.LagartoBasedHtmlParser
2026-09-27 10:10:54,306 INFO o.a.j.p.h.s.HTTPSamplerBase: Parser for application/xhtml+xml is org.apache.jmeter.protocol.http.parser.LagartoBasedHtmlParser
2026-09-27 10:10:54,306 INFO o.a.j.p.h.s.HTTPSamplerBase: Parser for application/xml is org.apache.jmeter.protocol.http.parser.LagartoBasedHtmlParser
2026-09-27 10:10:54,306 INFO o.a.j.p.h.s.HTTPSamplerBase: Parser for text/xml is org.apache.jmeter.protocol.http.parser.LagartoBasedHtmlParser
2026-09-27 10:10:54,306 INFO o.a.j.p.h.s.HTTPSamplerBase: Parser for text/vnd.wap.wml is org.apache.jmeter.protocol.http.parser.RegexpHTMLParser
2026-09-27 10:10:54,306 INFO o.a.j.p.h.s.HTTPSamplerBase: Parser for text/css is org.apache.jmeter.protocol.http.parser.CssParser
2026-09-27 10:10:54,321 INFO o.a.j.JMeter: Creating summariser <summary>
2026-09-27 10:10:54,355 INFO o.a.j.e.StandardJMeterEngine: Running the test!
2026-09-27 10:10:54,356 INFO o.a.j.s.SampleEvent: List of sample_variables: []
2026-09-27 10:10:54,356 INFO o.a.j.s.SampleEvent: List of sample_variables: []
2026-09-27 10:10:54,362 INFO o.a.j.e.u.CompoundVariable: Note: Function class names must contain the string: '.functions.'
2026-09-27 10:10:54,362 INFO o.a.j.e.u.CompoundVariable: Note: Function class names must not contain the string: '.gui.'
2026-09-27 10:10:54,479 INFO o.a.j.JMeter: 正在运行的测试 (1790475054479)
2026-09-27 10:10:54,502 INFO o.a.j.e.StandardJMeterEngine: Starting ThreadGroup: 1 : Purchase
2026-09-27 10:10:54,503 INFO o.a.j.e.StandardJMeterEngine: Starting 1 threads for group Purchase.
2026-09-27 10:10:54,503 INFO o.a.j.e.StandardJMeterEngine: Thread will continue on error
2026-09-27 10:10:54,504 INFO o.a.j.t.ThreadGroup: Starting thread group... number=1 threads=1 ramp-up=1 delayedStart=false
2026-09-27 10:10:54,509 INFO o.a.j.t.ThreadGroup: Started thread group number 1
2026-09-27 10:10:54,509 INFO o.a.j.e.StandardJMeterEngine: All thread groups have been started
2026-09-27 10:10:54,512 INFO o.a.j.t.JMeterThread: Thread started: Purchase 1-1
2026-09-27 10:10:54,535 INFO o.a.j.p.h.s.HTTPHCAbstractImpl: Local host = LAPTOP-77E72ENH
2026-09-27 10:10:54,545 INFO o.a.j.p.h.s.HTTPHC4Impl: HTTP request retry count = 0
2026-09-27 10:10:54,548 INFO o.a.j.s.SampleResult: Note: Sample TimeStamps are START times
2026-09-27 10:10:54,548 INFO o.a.j.s.SampleResult: sampleresult.default.encoding is set to UTF-8
2026-09-27 10:10:54,548 INFO o.a.j.s.SampleResult: sampleresult.useNanoTime=true
2026-09-27 10:10:54,549 INFO o.a.j.s.SampleResult: sampleresult.nanoThreadSleep=5000
2026-09-27 10:11:00,009 INFO o.a.j.r.Summariser: summary +    451 in 00:00:06 =   81.6/s Avg:    11 Min:     8 Max:    79 Err:     0 (0.00%) Active: 1 Started: 1 Finished: 0
2026-09-27 10:11:30,002 INFO o.a.j.r.Summariser: summary +   3291 in 00:00:30 =  109.7/s Avg:     8 Min:     6 Max:    38 Err:     0 (0.00%) Active: 1 Started: 1 Finished: 0
2026-09-27 10:11:30,002 INFO o.a.j.r.Summariser: summary =   3742 in 00:00:36 =  105.3/s Avg:     9 Min:     6 Max:    79 Err:     0 (0.00%)
2026-09-27 10:12:00,002 INFO o.a.j.r.Summariser: summary +   4261 in 00:00:30 =  142.0/s Avg:     6 Min:     5 Max:    27 Err:     0 (0.00%) Active: 1 Started: 1 Finished: 0
2026-09-27 10:12:00,002 INFO o.a.j.r.Summariser: summary =   8003 in 00:01:06 =  122.1/s Avg:     7 Min:     5 Max:    79 Err:     0 (0.00%)
2026-09-27 10:12:13,769 INFO o.a.j.t.JMeterThread: Thread is done: Purchase 1-1
2026-09-27 10:12:13,769 INFO o.a.j.t.JMeterThread: Thread finished: Purchase 1-1
2026-09-27 10:12:13,771 INFO o.a.j.e.StandardJMeterEngine: Notifying test listeners of end of test
2026-09-27 10:12:13,773 INFO o.a.j.r.Summariser: summary +   1997 in 00:00:14 =  145.0/s Avg:     6 Min:     5 Max:    23 Err:     0 (0.00%) Active: 0 Started: 1 Finished: 1
2026-09-27 10:12:13,774 INFO o.a.j.r.Summariser: summary =  10000 in 00:01:19 =  126.1/s Avg:     7 Min:     5 Max:    79 Err:     0 (0.00%)
