2026-09-27 10:12:30,352 INFO o.a.j.u.JMeterUtils: Setting Locale to zh_CN
2026-09-27 10:12:30,394 INFO o.a.j.JMeter: Loading user properties from: C:\seckill-system\target\tools\apache-jmeter-5.6.3\bin\user.properties
2026-09-27 10:12:30,395 INFO o.a.j.JMeter: Loading system properties from: C:\seckill-system\target\tools\apache-jmeter-5.6.3\bin\system.properties
2026-09-27 10:12:30,395 INFO o.a.j.JMeter: Setting JMeter property: users=10
2026-09-27 10:12:30,396 INFO o.a.j.JMeter: Setting JMeter property: loops=1000
2026-09-27 10:12:30,396 INFO o.a.j.JMeter: Setting JMeter property: ramp=1
2026-09-27 10:12:30,396 INFO o.a.j.JMeter: Setting JMeter property: product=36
2026-09-27 10:12:30,396 INFO o.a.j.JMeter: Setting JMeter property: port=18082
2026-09-27 10:12:30,405 INFO o.a.j.JMeter: Copyright (c) 1998-2024 The Apache Software Foundation
2026-09-27 10:12:30,405 INFO o.a.j.JMeter: Version 5.6.3
2026-09-27 10:12:30,405 INFO o.a.j.JMeter: java.version=21.0.12.1
2026-09-27 10:12:30,405 INFO o.a.j.JMeter: java.vm.name=OpenJDK 64-Bit Server VM
2026-09-27 10:12:30,405 INFO o.a.j.JMeter: os.name=Windows 11
2026-09-27 10:12:30,405 INFO o.a.j.JMeter: os.arch=amd64
2026-09-27 10:12:30,405 INFO o.a.j.JMeter: os.version=10.0
2026-09-27 10:12:30,405 INFO o.a.j.JMeter: file.encoding=UTF-8
2026-09-27 10:12:30,405 INFO o.a.j.JMeter: java.awt.headless=true
2026-09-27 10:12:30,405 INFO o.a.j.JMeter: Max memory     =536870912
2026-09-27 10:12:30,406 INFO o.a.j.JMeter: Available Processors =32
2026-09-27 10:12:30,417 INFO o.a.j.JMeter: Default Locale=中文 (中国)
2026-09-27 10:12:30,417 INFO o.a.j.JMeter: JMeter  Locale=中文 (中国)
2026-09-27 10:12:30,418 INFO o.a.j.JMeter: JMeterHome=C:\seckill-system\target\tools\apache-jmeter-5.6.3
2026-09-27 10:12:30,418 INFO o.a.j.JMeter: user.dir  =C:\seckill-system
2026-09-27 10:12:30,418 INFO o.a.j.JMeter: PWD       =C:\seckill-system
2026-09-27 10:12:30,438 INFO o.a.j.JMeter: IP: 172.26.68.241 Name: LAPTOP-77E72ENH FullName: windows10.microdone.cn
2026-09-27 10:12:30,462 INFO o.a.j.s.FileServer: Default base='C:\seckill-system'
2026-09-27 10:12:30,466 INFO o.a.j.s.FileServer: Set new base='C:\seckill-system\perf'
2026-09-27 10:12:30,773 INFO o.a.j.s.SaveService: Testplan (JMX) version: 2.2. Testlog (JTL) version: 2.2
2026-09-27 10:12:30,827 INFO o.a.j.s.SaveService: Using SaveService properties version 5.0
2026-09-27 10:12:30,834 INFO o.a.j.s.SaveService: Using SaveService properties file encoding UTF-8
2026-09-27 10:12:30,841 INFO o.a.j.s.SaveService: Loading file: perf\stage1.jmx
2026-09-27 10:12:30,921 INFO o.a.j.p.h.s.HTTPSamplerBase: Parser for text/html is org.apache.jmeter.protocol.http.parser.LagartoBasedHtmlParser
2026-09-27 10:12:30,922 INFO o.a.j.p.h.s.HTTPSamplerBase: Parser for application/xhtml+xml is org.apache.jmeter.protocol.http.parser.LagartoBasedHtmlParser
2026-09-27 10:12:30,922 INFO o.a.j.p.h.s.HTTPSamplerBase: Parser for application/xml is org.apache.jmeter.protocol.http.parser.LagartoBasedHtmlParser
2026-09-27 10:12:30,922 INFO o.a.j.p.h.s.HTTPSamplerBase: Parser for text/xml is org.apache.jmeter.protocol.http.parser.LagartoBasedHtmlParser
2026-09-27 10:12:30,922 INFO o.a.j.p.h.s.HTTPSamplerBase: Parser for text/vnd.wap.wml is org.apache.jmeter.protocol.http.parser.RegexpHTMLParser
2026-09-27 10:12:30,922 INFO o.a.j.p.h.s.HTTPSamplerBase: Parser for text/css is org.apache.jmeter.protocol.http.parser.CssParser
2026-09-27 10:12:30,941 INFO o.a.j.JMeter: Creating summariser <summary>
2026-09-27 10:12:30,975 INFO o.a.j.e.StandardJMeterEngine: Running the test!
2026-09-27 10:12:30,976 INFO o.a.j.s.SampleEvent: List of sample_variables: []
2026-09-27 10:12:30,976 INFO o.a.j.s.SampleEvent: List of sample_variables: []
2026-09-27 10:12:30,989 INFO o.a.j.e.u.CompoundVariable: Note: Function class names must contain the string: '.functions.'
2026-09-27 10:12:30,989 INFO o.a.j.e.u.CompoundVariable: Note: Function class names must not contain the string: '.gui.'
2026-09-27 10:12:31,103 INFO o.a.j.JMeter: 正在运行的测试 (1790475151103)
2026-09-27 10:12:31,124 INFO o.a.j.e.StandardJMeterEngine: Starting ThreadGroup: 1 : Purchase
2026-09-27 10:12:31,125 INFO o.a.j.e.StandardJMeterEngine: Starting 10 threads for group Purchase.
2026-09-27 10:12:31,125 INFO o.a.j.e.StandardJMeterEngine: Thread will continue on error
2026-09-27 10:12:31,125 INFO o.a.j.t.ThreadGroup: Starting thread group... number=1 threads=10 ramp-up=1 delayedStart=false
2026-09-27 10:12:31,136 INFO o.a.j.t.ThreadGroup: Started thread group number 1
2026-09-27 10:12:31,136 INFO o.a.j.e.StandardJMeterEngine: All thread groups have been started
2026-09-27 10:12:31,136 INFO o.a.j.t.JMeterThread: Thread started: Purchase 1-1
2026-09-27 10:12:31,157 INFO o.a.j.p.h.s.HTTPHCAbstractImpl: Local host = LAPTOP-77E72ENH
2026-09-27 10:12:31,166 INFO o.a.j.p.h.s.HTTPHC4Impl: HTTP request retry count = 0
2026-09-27 10:12:31,168 INFO o.a.j.s.SampleResult: Note: Sample TimeStamps are START times
2026-09-27 10:12:31,168 INFO o.a.j.s.SampleResult: sampleresult.default.encoding is set to UTF-8
2026-09-27 10:12:31,168 INFO o.a.j.s.SampleResult: sampleresult.useNanoTime=true
2026-09-27 10:12:31,168 INFO o.a.j.s.SampleResult: sampleresult.nanoThreadSleep=5000
2026-09-27 10:12:31,233 INFO o.a.j.t.JMeterThread: Thread started: Purchase 1-2
2026-09-27 10:12:31,332 INFO o.a.j.t.JMeterThread: Thread started: Purchase 1-3
2026-09-27 10:12:31,363 INFO o.a.j.r.Summariser: summary +      1 in 00:00:00 =    3.9/s Avg:    68 Min:    68 Max:    68 Err:     0 (0.00%) Active: 3 Started: 3 Finished: 0
2026-09-27 10:12:31,433 INFO o.a.j.t.JMeterThread: Thread started: Purchase 1-4
2026-09-27 10:12:31,531 INFO o.a.j.t.JMeterThread: Thread started: Purchase 1-5
2026-09-27 10:12:31,631 INFO o.a.j.t.JMeterThread: Thread started: Purchase 1-6
2026-09-27 10:12:31,731 INFO o.a.j.t.JMeterThread: Thread started: Purchase 1-7
2026-09-27 10:12:31,833 INFO o.a.j.t.JMeterThread: Thread started: Purchase 1-8
2026-09-27 10:12:31,929 INFO o.a.j.t.JMeterThread: Thread started: Purchase 1-9
2026-09-27 10:12:32,028 INFO o.a.j.t.JMeterThread: Thread started: Purchase 1-10
2026-09-27 10:12:40,327 INFO o.a.j.t.JMeterThread: Thread is done: Purchase 1-2
2026-09-27 10:12:40,328 INFO o.a.j.t.JMeterThread: Thread finished: Purchase 1-2
2026-09-27 10:12:40,337 INFO o.a.j.t.JMeterThread: Thread is done: Purchase 1-1
2026-09-27 10:12:40,337 INFO o.a.j.t.JMeterThread: Thread finished: Purchase 1-1
2026-09-27 10:12:40,368 INFO o.a.j.t.JMeterThread: Thread is done: Purchase 1-3
2026-09-27 10:12:40,369 INFO o.a.j.t.JMeterThread: Thread finished: Purchase 1-3
2026-09-27 10:12:40,409 INFO o.a.j.t.JMeterThread: Thread is done: Purchase 1-4
2026-09-27 10:12:40,409 INFO o.a.j.t.JMeterThread: Thread finished: Purchase 1-4
2026-09-27 10:12:40,538 INFO o.a.j.t.JMeterThread: Thread is done: Purchase 1-5
2026-09-27 10:12:40,539 INFO o.a.j.t.JMeterThread: Thread finished: Purchase 1-5
2026-09-27 10:12:40,553 INFO o.a.j.t.JMeterThread: Thread is done: Purchase 1-6
2026-09-27 10:12:40,553 INFO o.a.j.t.JMeterThread: Thread finished: Purchase 1-6
2026-09-27 10:12:40,675 INFO o.a.j.t.JMeterThread: Thread is done: Purchase 1-7
2026-09-27 10:12:40,675 INFO o.a.j.t.JMeterThread: Thread finished: Purchase 1-7
2026-09-27 10:12:40,778 INFO o.a.j.t.JMeterThread: Thread is done: Purchase 1-8
2026-09-27 10:12:40,778 INFO o.a.j.t.JMeterThread: Thread finished: Purchase 1-8
2026-09-27 10:12:40,820 INFO o.a.j.t.JMeterThread: Thread is done: Purchase 1-9
2026-09-27 10:12:40,820 INFO o.a.j.t.JMeterThread: Thread finished: Purchase 1-9
2026-09-27 10:12:40,901 INFO o.a.j.t.JMeterThread: Thread is done: Purchase 1-10
2026-09-27 10:12:40,901 INFO o.a.j.t.JMeterThread: Thread finished: Purchase 1-10
2026-09-27 10:12:40,902 INFO o.a.j.e.StandardJMeterEngine: Notifying test listeners of end of test
2026-09-27 10:12:40,906 INFO o.a.j.r.Summariser: summary +   9999 in 00:00:10 = 1047.5/s Avg:     8 Min:     6 Max:    68 Err:     0 (0.00%) Active: 0 Started: 10 Finished: 10
2026-09-27 10:12:40,908 INFO o.a.j.r.Summariser: summary =  10000 in 00:00:10 = 1020.0/s Avg:     8 Min:     6 Max:    68 Err:     0 (0.00%)
