2026-09-27 10:10:11,683 INFO o.a.j.u.JMeterUtils: Setting Locale to zh_CN
2026-09-27 10:10:11,731 INFO o.a.j.JMeter: Loading user properties from: C:\seckill-system\target\tools\apache-jmeter-5.6.3\bin\user.properties
2026-09-27 10:10:11,731 INFO o.a.j.JMeter: Loading system properties from: C:\seckill-system\target\tools\apache-jmeter-5.6.3\bin\system.properties
2026-09-27 10:10:11,731 INFO o.a.j.JMeter: Setting JMeter property: users=10
2026-09-27 10:10:11,731 INFO o.a.j.JMeter: Setting JMeter property: loops=20
2026-09-27 10:10:11,732 INFO o.a.j.JMeter: Setting JMeter property: ramp=1
2026-09-27 10:10:11,732 INFO o.a.j.JMeter: Setting JMeter property: product=33
2026-09-27 10:10:11,732 INFO o.a.j.JMeter: Setting JMeter property: port=18082
2026-09-27 10:10:11,742 INFO o.a.j.JMeter: Copyright (c) 1998-2024 The Apache Software Foundation
2026-09-27 10:10:11,742 INFO o.a.j.JMeter: Version 5.6.3
2026-09-27 10:10:11,742 INFO o.a.j.JMeter: java.version=21.0.12.1
2026-09-27 10:10:11,742 INFO o.a.j.JMeter: java.vm.name=OpenJDK 64-Bit Server VM
2026-09-27 10:10:11,742 INFO o.a.j.JMeter: os.name=Windows 11
2026-09-27 10:10:11,742 INFO o.a.j.JMeter: os.arch=amd64
2026-09-27 10:10:11,742 INFO o.a.j.JMeter: os.version=10.0
2026-09-27 10:10:11,743 INFO o.a.j.JMeter: file.encoding=UTF-8
2026-09-27 10:10:11,743 INFO o.a.j.JMeter: java.awt.headless=true
2026-09-27 10:10:11,743 INFO o.a.j.JMeter: Max memory     =536870912
2026-09-27 10:10:11,743 INFO o.a.j.JMeter: Available Processors =32
2026-09-27 10:10:11,755 INFO o.a.j.JMeter: Default Locale=中文 (中国)
2026-09-27 10:10:11,756 INFO o.a.j.JMeter: JMeter  Locale=中文 (中国)
2026-09-27 10:10:11,756 INFO o.a.j.JMeter: JMeterHome=C:\seckill-system\target\tools\apache-jmeter-5.6.3
2026-09-27 10:10:11,756 INFO o.a.j.JMeter: user.dir  =C:\seckill-system
2026-09-27 10:10:11,756 INFO o.a.j.JMeter: PWD       =C:\seckill-system
2026-09-27 10:10:11,762 INFO o.a.j.JMeter: IP: 172.26.68.241 Name: LAPTOP-77E72ENH FullName: windows10.microdone.cn
2026-09-27 10:10:11,790 INFO o.a.j.s.FileServer: Default base='C:\seckill-system'
2026-09-27 10:10:11,792 INFO o.a.j.s.FileServer: Set new base='C:\seckill-system\perf'
2026-09-27 10:10:12,184 INFO o.a.j.s.SaveService: Testplan (JMX) version: 2.2. Testlog (JTL) version: 2.2
2026-09-27 10:10:12,246 INFO o.a.j.s.SaveService: Using SaveService properties version 5.0
2026-09-27 10:10:12,258 INFO o.a.j.s.SaveService: Using SaveService properties file encoding UTF-8
2026-09-27 10:10:12,266 INFO o.a.j.s.SaveService: Loading file: perf\stage1.jmx
2026-09-27 10:10:12,372 INFO o.a.j.p.h.s.HTTPSamplerBase: Parser for text/html is org.apache.jmeter.protocol.http.parser.LagartoBasedHtmlParser
2026-09-27 10:10:12,372 INFO o.a.j.p.h.s.HTTPSamplerBase: Parser for application/xhtml+xml is org.apache.jmeter.protocol.http.parser.LagartoBasedHtmlParser
2026-09-27 10:10:12,372 INFO o.a.j.p.h.s.HTTPSamplerBase: Parser for application/xml is org.apache.jmeter.protocol.http.parser.LagartoBasedHtmlParser
2026-09-27 10:10:12,372 INFO o.a.j.p.h.s.HTTPSamplerBase: Parser for text/xml is org.apache.jmeter.protocol.http.parser.LagartoBasedHtmlParser
2026-09-27 10:10:12,372 INFO o.a.j.p.h.s.HTTPSamplerBase: Parser for text/vnd.wap.wml is org.apache.jmeter.protocol.http.parser.RegexpHTMLParser
2026-09-27 10:10:12,372 INFO o.a.j.p.h.s.HTTPSamplerBase: Parser for text/css is org.apache.jmeter.protocol.http.parser.CssParser
2026-09-27 10:10:12,391 INFO o.a.j.JMeter: Creating summariser <summary>
2026-09-27 10:10:12,426 INFO o.a.j.e.StandardJMeterEngine: Running the test!
2026-09-27 10:10:12,427 INFO o.a.j.s.SampleEvent: List of sample_variables: []
2026-09-27 10:10:12,427 INFO o.a.j.s.SampleEvent: List of sample_variables: []
2026-09-27 10:10:12,441 INFO o.a.j.e.u.CompoundVariable: Note: Function class names must contain the string: '.functions.'
2026-09-27 10:10:12,441 INFO o.a.j.e.u.CompoundVariable: Note: Function class names must not contain the string: '.gui.'
2026-09-27 10:10:12,578 INFO o.a.j.JMeter: 正在运行的测试 (1790475012578)
2026-09-27 10:10:12,599 INFO o.a.j.e.StandardJMeterEngine: Starting ThreadGroup: 1 : Purchase
2026-09-27 10:10:12,599 INFO o.a.j.e.StandardJMeterEngine: Starting 10 threads for group Purchase.
2026-09-27 10:10:12,599 INFO o.a.j.e.StandardJMeterEngine: Thread will continue on error
2026-09-27 10:10:12,599 INFO o.a.j.t.ThreadGroup: Starting thread group... number=1 threads=10 ramp-up=1 delayedStart=false
2026-09-27 10:10:12,610 INFO o.a.j.t.ThreadGroup: Started thread group number 1
2026-09-27 10:10:12,610 INFO o.a.j.e.StandardJMeterEngine: All thread groups have been started
2026-09-27 10:10:12,610 INFO o.a.j.t.JMeterThread: Thread started: Purchase 1-1
2026-09-27 10:10:12,633 INFO o.a.j.p.h.s.HTTPHCAbstractImpl: Local host = LAPTOP-77E72ENH
2026-09-27 10:10:12,642 INFO o.a.j.p.h.s.HTTPHC4Impl: HTTP request retry count = 0
2026-09-27 10:10:12,644 INFO o.a.j.s.SampleResult: Note: Sample TimeStamps are START times
2026-09-27 10:10:12,644 INFO o.a.j.s.SampleResult: sampleresult.default.encoding is set to UTF-8
2026-09-27 10:10:12,644 INFO o.a.j.s.SampleResult: sampleresult.useNanoTime=true
2026-09-27 10:10:12,645 INFO o.a.j.s.SampleResult: sampleresult.nanoThreadSleep=5000
2026-09-27 10:10:12,706 INFO o.a.j.t.JMeterThread: Thread started: Purchase 1-2
2026-09-27 10:10:12,805 INFO o.a.j.t.JMeterThread: Thread started: Purchase 1-3
2026-09-27 10:10:12,905 INFO o.a.j.t.JMeterThread: Thread started: Purchase 1-4
2026-09-27 10:10:13,004 INFO o.a.j.t.JMeterThread: Thread started: Purchase 1-5
2026-09-27 10:10:13,105 INFO o.a.j.t.JMeterThread: Thread started: Purchase 1-6
2026-09-27 10:10:13,203 INFO o.a.j.t.JMeterThread: Thread started: Purchase 1-7
2026-09-27 10:10:13,303 INFO o.a.j.t.JMeterThread: Thread started: Purchase 1-8
2026-09-27 10:10:13,402 INFO o.a.j.t.JMeterThread: Thread started: Purchase 1-9
2026-09-27 10:10:13,502 INFO o.a.j.t.JMeterThread: Thread started: Purchase 1-10
2026-09-27 10:10:15,969 INFO o.a.j.t.JMeterThread: Thread is done: Purchase 1-8
2026-09-27 10:10:15,969 INFO o.a.j.t.JMeterThread: Thread is done: Purchase 1-6
2026-09-27 10:10:15,969 INFO o.a.j.t.JMeterThread: Thread finished: Purchase 1-8
2026-09-27 10:10:15,969 INFO o.a.j.t.JMeterThread: Thread finished: Purchase 1-6
2026-09-27 10:10:15,978 INFO o.a.j.t.JMeterThread: Thread is done: Purchase 1-10
2026-09-27 10:10:15,978 INFO o.a.j.t.JMeterThread: Thread is done: Purchase 1-5
2026-09-27 10:10:15,978 INFO o.a.j.t.JMeterThread: Thread finished: Purchase 1-10
2026-09-27 10:10:15,978 INFO o.a.j.t.JMeterThread: Thread is done: Purchase 1-7
2026-09-27 10:10:15,978 INFO o.a.j.t.JMeterThread: Thread finished: Purchase 1-5
2026-09-27 10:10:15,978 INFO o.a.j.t.JMeterThread: Thread is done: Purchase 1-9
2026-09-27 10:10:15,978 INFO o.a.j.t.JMeterThread: Thread is done: Purchase 1-1
2026-09-27 10:10:15,978 INFO o.a.j.t.JMeterThread: Thread finished: Purchase 1-1
2026-09-27 10:10:15,979 INFO o.a.j.t.JMeterThread: Thread finished: Purchase 1-9
2026-09-27 10:10:15,979 INFO o.a.j.t.JMeterThread: Thread finished: Purchase 1-7
2026-09-27 10:10:15,987 INFO o.a.j.t.JMeterThread: Thread is done: Purchase 1-3
2026-09-27 10:10:15,987 INFO o.a.j.t.JMeterThread: Thread finished: Purchase 1-3
2026-09-27 10:10:15,987 INFO o.a.j.t.JMeterThread: Thread is done: Purchase 1-2
2026-09-27 10:10:15,987 INFO o.a.j.t.JMeterThread: Thread finished: Purchase 1-2
2026-09-27 10:10:15,996 INFO o.a.j.t.JMeterThread: Thread is done: Purchase 1-4
2026-09-27 10:10:15,996 INFO o.a.j.t.JMeterThread: Thread finished: Purchase 1-4
2026-09-27 10:10:15,997 INFO o.a.j.e.StandardJMeterEngine: Notifying test listeners of end of test
2026-09-27 10:10:16,003 INFO o.a.j.r.Summariser: summary =    200 in 00:00:03 =   58.4/s Avg:   144 Min:    13 Max:  2823 Err:     0 (0.00%)
