2026-09-27 10:10:34,319 INFO o.a.j.u.JMeterUtils: Setting Locale to zh_CN
2026-09-27 10:10:34,365 INFO o.a.j.JMeter: Loading user properties from: C:\seckill-system\target\tools\apache-jmeter-5.6.3\bin\user.properties
2026-09-27 10:10:34,365 INFO o.a.j.JMeter: Loading system properties from: C:\seckill-system\target\tools\apache-jmeter-5.6.3\bin\system.properties
2026-09-27 10:10:34,366 INFO o.a.j.JMeter: Setting JMeter property: users=100
2026-09-27 10:10:34,366 INFO o.a.j.JMeter: Setting JMeter property: loops=10
2026-09-27 10:10:34,366 INFO o.a.j.JMeter: Setting JMeter property: ramp=1
2026-09-27 10:10:34,367 INFO o.a.j.JMeter: Setting JMeter property: product=34
2026-09-27 10:10:34,367 INFO o.a.j.JMeter: Setting JMeter property: port=18082
2026-09-27 10:10:34,377 INFO o.a.j.JMeter: Copyright (c) 1998-2024 The Apache Software Foundation
2026-09-27 10:10:34,377 INFO o.a.j.JMeter: Version 5.6.3
2026-09-27 10:10:34,377 INFO o.a.j.JMeter: java.version=21.0.12.1
2026-09-27 10:10:34,377 INFO o.a.j.JMeter: java.vm.name=OpenJDK 64-Bit Server VM
2026-09-27 10:10:34,377 INFO o.a.j.JMeter: os.name=Windows 11
2026-09-27 10:10:34,378 INFO o.a.j.JMeter: os.arch=amd64
2026-09-27 10:10:34,378 INFO o.a.j.JMeter: os.version=10.0
2026-09-27 10:10:34,378 INFO o.a.j.JMeter: file.encoding=UTF-8
2026-09-27 10:10:34,378 INFO o.a.j.JMeter: java.awt.headless=true
2026-09-27 10:10:34,378 INFO o.a.j.JMeter: Max memory     =536870912
2026-09-27 10:10:34,378 INFO o.a.j.JMeter: Available Processors =32
2026-09-27 10:10:34,392 INFO o.a.j.JMeter: Default Locale=中文 (中国)
2026-09-27 10:10:34,393 INFO o.a.j.JMeter: JMeter  Locale=中文 (中国)
2026-09-27 10:10:34,393 INFO o.a.j.JMeter: JMeterHome=C:\seckill-system\target\tools\apache-jmeter-5.6.3
2026-09-27 10:10:34,393 INFO o.a.j.JMeter: user.dir  =C:\seckill-system
2026-09-27 10:10:34,394 INFO o.a.j.JMeter: PWD       =C:\seckill-system
2026-09-27 10:10:34,418 INFO o.a.j.JMeter: IP: 172.26.68.241 Name: LAPTOP-77E72ENH FullName: windows10.microdone.cn
2026-09-27 10:10:34,442 INFO o.a.j.s.FileServer: Default base='C:\seckill-system'
2026-09-27 10:10:34,453 INFO o.a.j.s.FileServer: Set new base='C:\seckill-system\perf'
2026-09-27 10:10:34,812 INFO o.a.j.s.SaveService: Testplan (JMX) version: 2.2. Testlog (JTL) version: 2.2
2026-09-27 10:10:34,875 INFO o.a.j.s.SaveService: Using SaveService properties version 5.0
2026-09-27 10:10:34,887 INFO o.a.j.s.SaveService: Using SaveService properties file encoding UTF-8
2026-09-27 10:10:34,896 INFO o.a.j.s.SaveService: Loading file: perf\stage1.jmx
2026-09-27 10:10:34,986 INFO o.a.j.p.h.s.HTTPSamplerBase: Parser for text/html is org.apache.jmeter.protocol.http.parser.LagartoBasedHtmlParser
2026-09-27 10:10:34,987 INFO o.a.j.p.h.s.HTTPSamplerBase: Parser for application/xhtml+xml is org.apache.jmeter.protocol.http.parser.LagartoBasedHtmlParser
2026-09-27 10:10:34,987 INFO o.a.j.p.h.s.HTTPSamplerBase: Parser for application/xml is org.apache.jmeter.protocol.http.parser.LagartoBasedHtmlParser
2026-09-27 10:10:34,987 INFO o.a.j.p.h.s.HTTPSamplerBase: Parser for text/xml is org.apache.jmeter.protocol.http.parser.LagartoBasedHtmlParser
2026-09-27 10:10:34,987 INFO o.a.j.p.h.s.HTTPSamplerBase: Parser for text/vnd.wap.wml is org.apache.jmeter.protocol.http.parser.RegexpHTMLParser
2026-09-27 10:10:34,987 INFO o.a.j.p.h.s.HTTPSamplerBase: Parser for text/css is org.apache.jmeter.protocol.http.parser.CssParser
2026-09-27 10:10:35,005 INFO o.a.j.JMeter: Creating summariser <summary>
2026-09-27 10:10:35,038 INFO o.a.j.e.StandardJMeterEngine: Running the test!
2026-09-27 10:10:35,038 INFO o.a.j.s.SampleEvent: List of sample_variables: []
2026-09-27 10:10:35,038 INFO o.a.j.s.SampleEvent: List of sample_variables: []
2026-09-27 10:10:35,050 INFO o.a.j.e.u.CompoundVariable: Note: Function class names must contain the string: '.functions.'
2026-09-27 10:10:35,051 INFO o.a.j.e.u.CompoundVariable: Note: Function class names must not contain the string: '.gui.'
2026-09-27 10:10:35,167 INFO o.a.j.JMeter: 正在运行的测试 (1790475035167)
2026-09-27 10:10:35,195 INFO o.a.j.e.StandardJMeterEngine: Starting ThreadGroup: 1 : Purchase
2026-09-27 10:10:35,196 INFO o.a.j.e.StandardJMeterEngine: Starting 100 threads for group Purchase.
2026-09-27 10:10:35,196 INFO o.a.j.e.StandardJMeterEngine: Thread will continue on error
2026-09-27 10:10:35,196 INFO o.a.j.t.ThreadGroup: Starting thread group... number=1 threads=100 ramp-up=1 delayedStart=false
2026-09-27 10:10:35,206 INFO o.a.j.t.JMeterThread: Thread started: Purchase 1-1
2026-09-27 10:10:35,212 INFO o.a.j.t.JMeterThread: Thread started: Purchase 1-2
2026-09-27 10:10:35,220 INFO o.a.j.t.JMeterThread: Thread started: Purchase 1-3
2026-09-27 10:10:35,230 INFO o.a.j.t.JMeterThread: Thread started: Purchase 1-4
2026-09-27 10:10:35,240 INFO o.a.j.t.JMeterThread: Thread started: Purchase 1-5
2026-09-27 10:10:35,249 INFO o.a.j.t.JMeterThread: Thread started: Purchase 1-6
2026-09-27 10:10:35,259 INFO o.a.j.t.JMeterThread: Thread started: Purchase 1-7
2026-09-27 10:10:35,259 INFO o.a.j.t.ThreadGroup: Started thread group number 1
2026-09-27 10:10:35,259 INFO o.a.j.e.StandardJMeterEngine: All thread groups have been started
2026-09-27 10:10:35,262 INFO o.a.j.p.h.s.HTTPHCAbstractImpl: Local host = LAPTOP-77E72ENH
2026-09-27 10:10:35,268 INFO o.a.j.t.JMeterThread: Thread started: Purchase 1-8
2026-09-27 10:10:35,274 INFO o.a.j.p.h.s.HTTPHC4Impl: HTTP request retry count = 0
2026-09-27 10:10:35,276 INFO o.a.j.s.SampleResult: Note: Sample TimeStamps are START times
2026-09-27 10:10:35,276 INFO o.a.j.s.SampleResult: sampleresult.default.encoding is set to UTF-8
2026-09-27 10:10:35,276 INFO o.a.j.s.SampleResult: sampleresult.useNanoTime=true
2026-09-27 10:10:35,277 INFO o.a.j.s.SampleResult: sampleresult.nanoThreadSleep=5000
2026-09-27 10:10:35,277 INFO o.a.j.t.JMeterThread: Thread started: Purchase 1-9
2026-09-27 10:10:35,288 INFO o.a.j.t.JMeterThread: Thread started: Purchase 1-10
2026-09-27 10:10:35,300 INFO o.a.j.t.JMeterThread: Thread started: Purchase 1-11
2026-09-27 10:10:35,309 INFO o.a.j.t.JMeterThread: Thread started: Purchase 1-12
2026-09-27 10:10:35,319 INFO o.a.j.t.JMeterThread: Thread started: Purchase 1-13
2026-09-27 10:10:35,329 INFO o.a.j.t.JMeterThread: Thread started: Purchase 1-14
2026-09-27 10:10:35,338 INFO o.a.j.t.JMeterThread: Thread started: Purchase 1-15
2026-09-27 10:10:35,348 INFO o.a.j.t.JMeterThread: Thread started: Purchase 1-16
2026-09-27 10:10:35,358 INFO o.a.j.t.JMeterThread: Thread started: Purchase 1-17
2026-09-27 10:10:35,368 INFO o.a.j.t.JMeterThread: Thread started: Purchase 1-18
2026-09-27 10:10:35,379 INFO o.a.j.t.JMeterThread: Thread started: Purchase 1-19
2026-09-27 10:10:35,388 INFO o.a.j.t.JMeterThread: Thread started: Purchase 1-20
2026-09-27 10:10:35,398 INFO o.a.j.t.JMeterThread: Thread started: Purchase 1-21
2026-09-27 10:10:35,409 INFO o.a.j.t.JMeterThread: Thread started: Purchase 1-22
2026-09-27 10:10:35,418 INFO o.a.j.t.JMeterThread: Thread started: Purchase 1-23
2026-09-27 10:10:35,428 INFO o.a.j.t.JMeterThread: Thread started: Purchase 1-24
2026-09-27 10:10:35,438 INFO o.a.j.t.JMeterThread: Thread started: Purchase 1-25
2026-09-27 10:10:35,448 INFO o.a.j.t.JMeterThread: Thread started: Purchase 1-26
2026-09-27 10:10:35,459 INFO o.a.j.t.JMeterThread: Thread started: Purchase 1-27
2026-09-27 10:10:35,470 INFO o.a.j.t.JMeterThread: Thread started: Purchase 1-28
2026-09-27 10:10:35,478 INFO o.a.j.t.JMeterThread: Thread started: Purchase 1-29
2026-09-27 10:10:35,488 INFO o.a.j.t.JMeterThread: Thread started: Purchase 1-30
2026-09-27 10:10:35,498 INFO o.a.j.t.JMeterThread: Thread started: Purchase 1-31
2026-09-27 10:10:35,509 INFO o.a.j.t.JMeterThread: Thread started: Purchase 1-32
2026-09-27 10:10:35,517 INFO o.a.j.t.JMeterThread: Thread started: Purchase 1-33
2026-09-27 10:10:35,528 INFO o.a.j.t.JMeterThread: Thread started: Purchase 1-34
2026-09-27 10:10:35,538 INFO o.a.j.t.JMeterThread: Thread started: Purchase 1-35
2026-09-27 10:10:35,548 INFO o.a.j.t.JMeterThread: Thread started: Purchase 1-36
2026-09-27 10:10:35,559 INFO o.a.j.t.JMeterThread: Thread started: Purchase 1-37
2026-09-27 10:10:35,569 INFO o.a.j.t.JMeterThread: Thread started: Purchase 1-38
2026-09-27 10:10:35,578 INFO o.a.j.t.JMeterThread: Thread started: Purchase 1-39
2026-09-27 10:10:35,589 INFO o.a.j.t.JMeterThread: Thread started: Purchase 1-40
2026-09-27 10:10:35,597 INFO o.a.j.t.JMeterThread: Thread started: Purchase 1-41
2026-09-27 10:10:35,603 INFO o.a.j.r.Summariser: summary +      1 in 00:00:00 =    2.3/s Avg:   119 Min:   119 Max:   119 Err:     0 (0.00%) Active: 41 Started: 41 Finished: 0
2026-09-27 10:10:35,607 INFO o.a.j.t.JMeterThread: Thread started: Purchase 1-42
2026-09-27 10:10:35,618 INFO o.a.j.t.JMeterThread: Thread started: Purchase 1-43
2026-09-27 10:10:35,628 INFO o.a.j.t.JMeterThread: Thread started: Purchase 1-44
2026-09-27 10:10:35,639 INFO o.a.j.t.JMeterThread: Thread started: Purchase 1-45
2026-09-27 10:10:35,649 INFO o.a.j.t.JMeterThread: Thread started: Purchase 1-46
2026-09-27 10:10:35,658 INFO o.a.j.t.JMeterThread: Thread started: Purchase 1-47
2026-09-27 10:10:35,670 INFO o.a.j.t.JMeterThread: Thread started: Purchase 1-48
2026-09-27 10:10:35,679 INFO o.a.j.t.JMeterThread: Thread started: Purchase 1-49
2026-09-27 10:10:35,690 INFO o.a.j.t.JMeterThread: Thread started: Purchase 1-50
2026-09-27 10:10:35,699 INFO o.a.j.t.JMeterThread: Thread started: Purchase 1-51
2026-09-27 10:10:35,708 INFO o.a.j.t.JMeterThread: Thread started: Purchase 1-52
2026-09-27 10:10:35,718 INFO o.a.j.t.JMeterThread: Thread started: Purchase 1-53
2026-09-27 10:10:35,728 INFO o.a.j.t.JMeterThread: Thread started: Purchase 1-54
2026-09-27 10:10:35,739 INFO o.a.j.t.JMeterThread: Thread started: Purchase 1-55
2026-09-27 10:10:35,748 INFO o.a.j.t.JMeterThread: Thread started: Purchase 1-56
2026-09-27 10:10:35,757 INFO o.a.j.t.JMeterThread: Thread started: Purchase 1-57
2026-09-27 10:10:35,768 INFO o.a.j.t.JMeterThread: Thread started: Purchase 1-58
2026-09-27 10:10:35,779 INFO o.a.j.t.JMeterThread: Thread started: Purchase 1-59
2026-09-27 10:10:35,788 INFO o.a.j.t.JMeterThread: Thread started: Purchase 1-60
2026-09-27 10:10:35,798 INFO o.a.j.t.JMeterThread: Thread started: Purchase 1-61
2026-09-27 10:10:35,808 INFO o.a.j.t.JMeterThread: Thread started: Purchase 1-62
2026-09-27 10:10:35,820 INFO o.a.j.t.JMeterThread: Thread started: Purchase 1-63
2026-09-27 10:10:35,828 INFO o.a.j.t.JMeterThread: Thread started: Purchase 1-64
2026-09-27 10:10:35,839 INFO o.a.j.t.JMeterThread: Thread started: Purchase 1-65
2026-09-27 10:10:35,848 INFO o.a.j.t.JMeterThread: Thread started: Purchase 1-66
2026-09-27 10:10:35,858 INFO o.a.j.t.JMeterThread: Thread started: Purchase 1-67
2026-09-27 10:10:35,868 INFO o.a.j.t.JMeterThread: Thread started: Purchase 1-68
2026-09-27 10:10:35,877 INFO o.a.j.t.JMeterThread: Thread started: Purchase 1-69
2026-09-27 10:10:35,888 INFO o.a.j.t.JMeterThread: Thread started: Purchase 1-70
2026-09-27 10:10:35,898 INFO o.a.j.t.JMeterThread: Thread started: Purchase 1-71
2026-09-27 10:10:35,908 INFO o.a.j.t.JMeterThread: Thread started: Purchase 1-72
2026-09-27 10:10:35,918 INFO o.a.j.t.JMeterThread: Thread started: Purchase 1-73
2026-09-27 10:10:35,929 INFO o.a.j.t.JMeterThread: Thread started: Purchase 1-74
2026-09-27 10:10:35,938 INFO o.a.j.t.JMeterThread: Thread started: Purchase 1-75
2026-09-27 10:10:35,951 INFO o.a.j.t.JMeterThread: Thread started: Purchase 1-76
2026-09-27 10:10:35,958 INFO o.a.j.t.JMeterThread: Thread started: Purchase 1-77
2026-09-27 10:10:35,968 INFO o.a.j.t.JMeterThread: Thread started: Purchase 1-78
2026-09-27 10:10:35,978 INFO o.a.j.t.JMeterThread: Thread started: Purchase 1-79
2026-09-27 10:10:35,988 INFO o.a.j.t.JMeterThread: Thread started: Purchase 1-80
2026-09-27 10:10:35,998 INFO o.a.j.t.JMeterThread: Thread started: Purchase 1-81
2026-09-27 10:10:36,009 INFO o.a.j.t.JMeterThread: Thread started: Purchase 1-82
2026-09-27 10:10:36,018 INFO o.a.j.t.JMeterThread: Thread started: Purchase 1-83
2026-09-27 10:10:36,028 INFO o.a.j.t.JMeterThread: Thread started: Purchase 1-84
2026-09-27 10:10:36,039 INFO o.a.j.t.JMeterThread: Thread started: Purchase 1-85
2026-09-27 10:10:36,048 INFO o.a.j.t.JMeterThread: Thread started: Purchase 1-86
2026-09-27 10:10:36,057 INFO o.a.j.t.JMeterThread: Thread started: Purchase 1-87
2026-09-27 10:10:36,068 INFO o.a.j.t.JMeterThread: Thread started: Purchase 1-88
2026-09-27 10:10:36,078 INFO o.a.j.t.JMeterThread: Thread started: Purchase 1-89
2026-09-27 10:10:36,091 INFO o.a.j.t.JMeterThread: Thread started: Purchase 1-90
2026-09-27 10:10:36,098 INFO o.a.j.t.JMeterThread: Thread started: Purchase 1-91
2026-09-27 10:10:36,108 INFO o.a.j.t.JMeterThread: Thread started: Purchase 1-92
2026-09-27 10:10:36,118 INFO o.a.j.t.JMeterThread: Thread started: Purchase 1-93
2026-09-27 10:10:36,129 INFO o.a.j.t.JMeterThread: Thread started: Purchase 1-94
2026-09-27 10:10:36,137 INFO o.a.j.t.JMeterThread: Thread started: Purchase 1-95
2026-09-27 10:10:36,150 INFO o.a.j.t.JMeterThread: Thread started: Purchase 1-96
2026-09-27 10:10:36,158 INFO o.a.j.t.JMeterThread: Thread started: Purchase 1-97
2026-09-27 10:10:36,170 INFO o.a.j.t.JMeterThread: Thread started: Purchase 1-98
2026-09-27 10:10:36,177 INFO o.a.j.t.JMeterThread: Thread started: Purchase 1-99
2026-09-27 10:10:36,187 INFO o.a.j.t.JMeterThread: Thread started: Purchase 1-100
2026-09-27 10:10:36,224 INFO o.a.j.t.JMeterThread: Thread is done: Purchase 1-33
2026-09-27 10:10:36,224 INFO o.a.j.t.JMeterThread: Thread finished: Purchase 1-33
2026-09-27 10:10:36,245 INFO o.a.j.t.JMeterThread: Thread is done: Purchase 1-1
2026-09-27 10:10:36,246 INFO o.a.j.t.JMeterThread: Thread finished: Purchase 1-1
2026-09-27 10:10:36,260 INFO o.a.j.t.JMeterThread: Thread is done: Purchase 1-8
2026-09-27 10:10:36,261 INFO o.a.j.t.JMeterThread: Thread finished: Purchase 1-8
2026-09-27 10:10:36,261 INFO o.a.j.t.JMeterThread: Thread is done: Purchase 1-14
2026-09-27 10:10:36,261 INFO o.a.j.t.JMeterThread: Thread is done: Purchase 1-20
2026-09-27 10:10:36,261 INFO o.a.j.t.JMeterThread: Thread finished: Purchase 1-14
2026-09-27 10:10:36,261 INFO o.a.j.t.JMeterThread: Thread finished: Purchase 1-20
2026-09-27 10:10:36,261 INFO o.a.j.t.JMeterThread: Thread is done: Purchase 1-24
2026-09-27 10:10:36,262 INFO o.a.j.t.JMeterThread: Thread is done: Purchase 1-26
2026-09-27 10:10:36,262 INFO o.a.j.t.JMeterThread: Thread finished: Purchase 1-24
2026-09-27 10:10:36,262 INFO o.a.j.t.JMeterThread: Thread finished: Purchase 1-26
2026-09-27 10:10:36,262 INFO o.a.j.t.JMeterThread: Thread is done: Purchase 1-35
2026-09-27 10:10:36,262 INFO o.a.j.t.JMeterThread: Thread finished: Purchase 1-35
2026-09-27 10:10:36,263 INFO o.a.j.t.JMeterThread: Thread is done: Purchase 1-2
2026-09-27 10:10:36,263 INFO o.a.j.t.JMeterThread: Thread is done: Purchase 1-34
2026-09-27 10:10:36,263 INFO o.a.j.t.JMeterThread: Thread finished: Purchase 1-2
2026-09-27 10:10:36,263 INFO o.a.j.t.JMeterThread: Thread finished: Purchase 1-34
2026-09-27 10:10:36,265 INFO o.a.j.t.JMeterThread: Thread is done: Purchase 1-3
2026-09-27 10:10:36,265 INFO o.a.j.t.JMeterThread: Thread finished: Purchase 1-3
2026-09-27 10:10:36,283 INFO o.a.j.t.JMeterThread: Thread is done: Purchase 1-25
2026-09-27 10:10:36,283 INFO o.a.j.t.JMeterThread: Thread finished: Purchase 1-25
2026-09-27 10:10:36,284 INFO o.a.j.t.JMeterThread: Thread is done: Purchase 1-17
2026-09-27 10:10:36,284 INFO o.a.j.t.JMeterThread: Thread finished: Purchase 1-17
2026-09-27 10:10:36,289 INFO o.a.j.t.JMeterThread: Thread is done: Purchase 1-10
2026-09-27 10:10:36,288 INFO o.a.j.t.JMeterThread: Thread is done: Purchase 1-38
2026-09-27 10:10:36,289 INFO o.a.j.t.JMeterThread: Thread finished: Purchase 1-10
2026-09-27 10:10:36,289 INFO o.a.j.t.JMeterThread: Thread is done: Purchase 1-46
2026-09-27 10:10:36,290 INFO o.a.j.t.JMeterThread: Thread finished: Purchase 1-46
2026-09-27 10:10:36,290 INFO o.a.j.t.JMeterThread: Thread finished: Purchase 1-38
2026-09-27 10:10:36,292 INFO o.a.j.t.JMeterThread: Thread is done: Purchase 1-7
2026-09-27 10:10:36,292 INFO o.a.j.t.JMeterThread: Thread finished: Purchase 1-7
2026-09-27 10:10:36,303 INFO o.a.j.t.JMeterThread: Thread is done: Purchase 1-43
2026-09-27 10:10:36,303 INFO o.a.j.t.JMeterThread: Thread is done: Purchase 1-31
2026-09-27 10:10:36,304 INFO o.a.j.t.JMeterThread: Thread finished: Purchase 1-43
2026-09-27 10:10:36,303 INFO o.a.j.t.JMeterThread: Thread is done: Purchase 1-36
2026-09-27 10:10:36,304 INFO o.a.j.t.JMeterThread: Thread finished: Purchase 1-31
2026-09-27 10:10:36,304 INFO o.a.j.t.JMeterThread: Thread finished: Purchase 1-36
2026-09-27 10:10:36,304 INFO o.a.j.t.JMeterThread: Thread is done: Purchase 1-30
2026-09-27 10:10:36,304 INFO o.a.j.t.JMeterThread: Thread finished: Purchase 1-30
2026-09-27 10:10:36,304 INFO o.a.j.t.JMeterThread: Thread is done: Purchase 1-37
2026-09-27 10:10:36,304 INFO o.a.j.t.JMeterThread: Thread finished: Purchase 1-37
2026-09-27 10:10:36,305 INFO o.a.j.t.JMeterThread: Thread is done: Purchase 1-18
2026-09-27 10:10:36,305 INFO o.a.j.t.JMeterThread: Thread finished: Purchase 1-18
2026-09-27 10:10:36,306 INFO o.a.j.t.JMeterThread: Thread is done: Purchase 1-5
2026-09-27 10:10:36,306 INFO o.a.j.t.JMeterThread: Thread is done: Purchase 1-28
2026-09-27 10:10:36,306 INFO o.a.j.t.JMeterThread: Thread finished: Purchase 1-5
2026-09-27 10:10:36,306 INFO o.a.j.t.JMeterThread: Thread finished: Purchase 1-28
2026-09-27 10:10:36,306 INFO o.a.j.t.JMeterThread: Thread is done: Purchase 1-6
2026-09-27 10:10:36,307 INFO o.a.j.t.JMeterThread: Thread finished: Purchase 1-6
2026-09-27 10:10:36,308 INFO o.a.j.t.JMeterThread: Thread is done: Purchase 1-39
2026-09-27 10:10:36,309 INFO o.a.j.t.JMeterThread: Thread finished: Purchase 1-39
2026-09-27 10:10:36,310 INFO o.a.j.t.JMeterThread: Thread is done: Purchase 1-11
2026-09-27 10:10:36,310 INFO o.a.j.t.JMeterThread: Thread finished: Purchase 1-11
2026-09-27 10:10:36,311 INFO o.a.j.t.JMeterThread: Thread is done: Purchase 1-27
2026-09-27 10:10:36,312 INFO o.a.j.t.JMeterThread: Thread finished: Purchase 1-27
2026-09-27 10:10:36,332 INFO o.a.j.t.JMeterThread: Thread is done: Purchase 1-32
2026-09-27 10:10:36,332 INFO o.a.j.t.JMeterThread: Thread is done: Purchase 1-4
2026-09-27 10:10:36,332 INFO o.a.j.t.JMeterThread: Thread finished: Purchase 1-32
2026-09-27 10:10:36,332 INFO o.a.j.t.JMeterThread: Thread finished: Purchase 1-4
2026-09-27 10:10:36,333 INFO o.a.j.t.JMeterThread: Thread is done: Purchase 1-16
2026-09-27 10:10:36,333 INFO o.a.j.t.JMeterThread: Thread finished: Purchase 1-16
2026-09-27 10:10:36,333 INFO o.a.j.t.JMeterThread: Thread is done: Purchase 1-13
2026-09-27 10:10:36,334 INFO o.a.j.t.JMeterThread: Thread is done: Purchase 1-9
2026-09-27 10:10:36,334 INFO o.a.j.t.JMeterThread: Thread finished: Purchase 1-13
2026-09-27 10:10:36,334 INFO o.a.j.t.JMeterThread: Thread finished: Purchase 1-9
2026-09-27 10:10:36,334 INFO o.a.j.t.JMeterThread: Thread is done: Purchase 1-12
2026-09-27 10:10:36,334 INFO o.a.j.t.JMeterThread: Thread finished: Purchase 1-12
2026-09-27 10:10:36,335 INFO o.a.j.t.JMeterThread: Thread is done: Purchase 1-44
2026-09-27 10:10:36,335 INFO o.a.j.t.JMeterThread: Thread finished: Purchase 1-44
2026-09-27 10:10:36,336 INFO o.a.j.t.JMeterThread: Thread is done: Purchase 1-40
2026-09-27 10:10:36,336 INFO o.a.j.t.JMeterThread: Thread finished: Purchase 1-40
2026-09-27 10:10:36,337 INFO o.a.j.t.JMeterThread: Thread is done: Purchase 1-19
2026-09-27 10:10:36,337 INFO o.a.j.t.JMeterThread: Thread finished: Purchase 1-19
2026-09-27 10:10:36,386 INFO o.a.j.t.JMeterThread: Thread is done: Purchase 1-41
2026-09-27 10:10:36,386 INFO o.a.j.t.JMeterThread: Thread is done: Purchase 1-23
2026-09-27 10:10:36,386 INFO o.a.j.t.JMeterThread: Thread is done: Purchase 1-22
2026-09-27 10:10:36,386 INFO o.a.j.t.JMeterThread: Thread finished: Purchase 1-41
2026-09-27 10:10:36,387 INFO o.a.j.t.JMeterThread: Thread finished: Purchase 1-23
2026-09-27 10:10:36,387 INFO o.a.j.t.JMeterThread: Thread is done: Purchase 1-21
2026-09-27 10:10:36,387 INFO o.a.j.t.JMeterThread: Thread finished: Purchase 1-21
2026-09-27 10:10:36,388 INFO o.a.j.t.JMeterThread: Thread finished: Purchase 1-22
2026-09-27 10:10:36,388 INFO o.a.j.t.JMeterThread: Thread is done: Purchase 1-15
2026-09-27 10:10:36,389 INFO o.a.j.t.JMeterThread: Thread finished: Purchase 1-15
2026-09-27 10:10:36,391 INFO o.a.j.t.JMeterThread: Thread is done: Purchase 1-29
2026-09-27 10:10:36,391 INFO o.a.j.t.JMeterThread: Thread finished: Purchase 1-29
2026-09-27 10:10:36,395 INFO o.a.j.t.JMeterThread: Thread is done: Purchase 1-62
2026-09-27 10:10:36,395 INFO o.a.j.t.JMeterThread: Thread finished: Purchase 1-62
2026-09-27 10:10:36,395 INFO o.a.j.t.JMeterThread: Thread is done: Purchase 1-69
2026-09-27 10:10:36,396 INFO o.a.j.t.JMeterThread: Thread finished: Purchase 1-69
2026-09-27 10:10:36,399 INFO o.a.j.t.JMeterThread: Thread is done: Purchase 1-42
2026-09-27 10:10:36,399 INFO o.a.j.t.JMeterThread: Thread finished: Purchase 1-42
2026-09-27 10:10:36,402 INFO o.a.j.t.JMeterThread: Thread is done: Purchase 1-66
2026-09-27 10:10:36,402 INFO o.a.j.t.JMeterThread: Thread finished: Purchase 1-66
2026-09-27 10:10:36,411 INFO o.a.j.t.JMeterThread: Thread is done: Purchase 1-63
2026-09-27 10:10:36,411 INFO o.a.j.t.JMeterThread: Thread is done: Purchase 1-72
2026-09-27 10:10:36,411 INFO o.a.j.t.JMeterThread: Thread is done: Purchase 1-68
2026-09-27 10:10:36,411 INFO o.a.j.t.JMeterThread: Thread is done: Purchase 1-56
2026-09-27 10:10:36,412 INFO o.a.j.t.JMeterThread: Thread finished: Purchase 1-56
2026-09-27 10:10:36,412 INFO o.a.j.t.JMeterThread: Thread is done: Purchase 1-71
2026-09-27 10:10:36,412 INFO o.a.j.t.JMeterThread: Thread finished: Purchase 1-63
2026-09-27 10:10:36,412 INFO o.a.j.t.JMeterThread: Thread finished: Purchase 1-72
2026-09-27 10:10:36,412 INFO o.a.j.t.JMeterThread: Thread finished: Purchase 1-68
2026-09-27 10:10:36,412 INFO o.a.j.t.JMeterThread: Thread finished: Purchase 1-71
2026-09-27 10:10:36,412 INFO o.a.j.t.JMeterThread: Thread is done: Purchase 1-65
2026-09-27 10:10:36,412 INFO o.a.j.t.JMeterThread: Thread finished: Purchase 1-65
2026-09-27 10:10:36,414 INFO o.a.j.t.JMeterThread: Thread is done: Purchase 1-70
2026-09-27 10:10:36,414 INFO o.a.j.t.JMeterThread: Thread finished: Purchase 1-70
2026-09-27 10:10:36,414 INFO o.a.j.t.JMeterThread: Thread is done: Purchase 1-47
2026-09-27 10:10:36,414 INFO o.a.j.t.JMeterThread: Thread finished: Purchase 1-47
2026-09-27 10:10:36,417 INFO o.a.j.t.JMeterThread: Thread is done: Purchase 1-48
2026-09-27 10:10:36,417 INFO o.a.j.t.JMeterThread: Thread finished: Purchase 1-48
2026-09-27 10:10:36,418 INFO o.a.j.t.JMeterThread: Thread is done: Purchase 1-59
2026-09-27 10:10:36,418 INFO o.a.j.t.JMeterThread: Thread finished: Purchase 1-59
2026-09-27 10:10:36,427 INFO o.a.j.t.JMeterThread: Thread is done: Purchase 1-45
2026-09-27 10:10:36,428 INFO o.a.j.t.JMeterThread: Thread is done: Purchase 1-53
2026-09-27 10:10:36,428 INFO o.a.j.t.JMeterThread: Thread is done: Purchase 1-49
2026-09-27 10:10:36,428 INFO o.a.j.t.JMeterThread: Thread is done: Purchase 1-54
2026-09-27 10:10:36,428 INFO o.a.j.t.JMeterThread: Thread finished: Purchase 1-45
2026-09-27 10:10:36,428 INFO o.a.j.t.JMeterThread: Thread finished: Purchase 1-53
2026-09-27 10:10:36,428 INFO o.a.j.t.JMeterThread: Thread is done: Purchase 1-50
2026-09-27 10:10:36,428 INFO o.a.j.t.JMeterThread: Thread finished: Purchase 1-49
2026-09-27 10:10:36,428 INFO o.a.j.t.JMeterThread: Thread finished: Purchase 1-54
2026-09-27 10:10:36,428 INFO o.a.j.t.JMeterThread: Thread finished: Purchase 1-50
2026-09-27 10:10:36,429 INFO o.a.j.t.JMeterThread: Thread is done: Purchase 1-64
2026-09-27 10:10:36,429 INFO o.a.j.t.JMeterThread: Thread finished: Purchase 1-64
2026-09-27 10:10:36,432 INFO o.a.j.t.JMeterThread: Thread is done: Purchase 1-51
2026-09-27 10:10:36,432 INFO o.a.j.t.JMeterThread: Thread finished: Purchase 1-51
2026-09-27 10:10:36,432 INFO o.a.j.t.JMeterThread: Thread is done: Purchase 1-52
2026-09-27 10:10:36,432 INFO o.a.j.t.JMeterThread: Thread finished: Purchase 1-52
2026-09-27 10:10:36,434 INFO o.a.j.t.JMeterThread: Thread is done: Purchase 1-57
2026-09-27 10:10:36,434 INFO o.a.j.t.JMeterThread: Thread finished: Purchase 1-57
2026-09-27 10:10:36,436 INFO o.a.j.t.JMeterThread: Thread is done: Purchase 1-74
2026-09-27 10:10:36,437 INFO o.a.j.t.JMeterThread: Thread finished: Purchase 1-74
2026-09-27 10:10:36,444 INFO o.a.j.t.JMeterThread: Thread is done: Purchase 1-67
2026-09-27 10:10:36,445 INFO o.a.j.t.JMeterThread: Thread is done: Purchase 1-76
2026-09-27 10:10:36,445 INFO o.a.j.t.JMeterThread: Thread is done: Purchase 1-60
2026-09-27 10:10:36,445 INFO o.a.j.t.JMeterThread: Thread finished: Purchase 1-67
2026-09-27 10:10:36,445 INFO o.a.j.t.JMeterThread: Thread finished: Purchase 1-76
2026-09-27 10:10:36,445 INFO o.a.j.t.JMeterThread: Thread finished: Purchase 1-60
2026-09-27 10:10:36,445 INFO o.a.j.t.JMeterThread: Thread is done: Purchase 1-55
2026-09-27 10:10:36,445 INFO o.a.j.t.JMeterThread: Thread finished: Purchase 1-55
2026-09-27 10:10:36,446 INFO o.a.j.t.JMeterThread: Thread is done: Purchase 1-58
2026-09-27 10:10:36,446 INFO o.a.j.t.JMeterThread: Thread finished: Purchase 1-58
2026-09-27 10:10:36,450 INFO o.a.j.t.JMeterThread: Thread is done: Purchase 1-77
2026-09-27 10:10:36,450 INFO o.a.j.t.JMeterThread: Thread is done: Purchase 1-73
2026-09-27 10:10:36,450 INFO o.a.j.t.JMeterThread: Thread is done: Purchase 1-83
2026-09-27 10:10:36,451 INFO o.a.j.t.JMeterThread: Thread finished: Purchase 1-83
2026-09-27 10:10:36,451 INFO o.a.j.t.JMeterThread: Thread finished: Purchase 1-73
2026-09-27 10:10:36,451 INFO o.a.j.t.JMeterThread: Thread is done: Purchase 1-61
2026-09-27 10:10:36,451 INFO o.a.j.t.JMeterThread: Thread is done: Purchase 1-82
2026-09-27 10:10:36,451 INFO o.a.j.t.JMeterThread: Thread finished: Purchase 1-77
2026-09-27 10:10:36,451 INFO o.a.j.t.JMeterThread: Thread finished: Purchase 1-82
2026-09-27 10:10:36,451 INFO o.a.j.t.JMeterThread: Thread finished: Purchase 1-61
2026-09-27 10:10:36,452 INFO o.a.j.t.JMeterThread: Thread is done: Purchase 1-75
2026-09-27 10:10:36,452 INFO o.a.j.t.JMeterThread: Thread finished: Purchase 1-75
2026-09-27 10:10:36,453 INFO o.a.j.t.JMeterThread: Thread is done: Purchase 1-80
2026-09-27 10:10:36,453 INFO o.a.j.t.JMeterThread: Thread finished: Purchase 1-80
2026-09-27 10:10:36,456 INFO o.a.j.t.JMeterThread: Thread is done: Purchase 1-78
2026-09-27 10:10:36,456 INFO o.a.j.t.JMeterThread: Thread finished: Purchase 1-78
2026-09-27 10:10:36,458 INFO o.a.j.t.JMeterThread: Thread is done: Purchase 1-79
2026-09-27 10:10:36,459 INFO o.a.j.t.JMeterThread: Thread finished: Purchase 1-79
2026-09-27 10:10:36,478 INFO o.a.j.t.JMeterThread: Thread is done: Purchase 1-81
2026-09-27 10:10:36,479 INFO o.a.j.t.JMeterThread: Thread finished: Purchase 1-81
2026-09-27 10:10:36,481 INFO o.a.j.t.JMeterThread: Thread is done: Purchase 1-88
2026-09-27 10:10:36,481 INFO o.a.j.t.JMeterThread: Thread finished: Purchase 1-88
2026-09-27 10:10:36,482 INFO o.a.j.t.JMeterThread: Thread is done: Purchase 1-85
2026-09-27 10:10:36,482 INFO o.a.j.t.JMeterThread: Thread finished: Purchase 1-85
2026-09-27 10:10:36,490 INFO o.a.j.t.JMeterThread: Thread is done: Purchase 1-87
2026-09-27 10:10:36,490 INFO o.a.j.t.JMeterThread: Thread is done: Purchase 1-86
2026-09-27 10:10:36,490 INFO o.a.j.t.JMeterThread: Thread is done: Purchase 1-93
2026-09-27 10:10:36,490 INFO o.a.j.t.JMeterThread: Thread finished: Purchase 1-87
2026-09-27 10:10:36,490 INFO o.a.j.t.JMeterThread: Thread is done: Purchase 1-91
2026-09-27 10:10:36,491 INFO o.a.j.t.JMeterThread: Thread finished: Purchase 1-93
2026-09-27 10:10:36,490 INFO o.a.j.t.JMeterThread: Thread finished: Purchase 1-86
2026-09-27 10:10:36,491 INFO o.a.j.t.JMeterThread: Thread finished: Purchase 1-91
2026-09-27 10:10:36,491 INFO o.a.j.t.JMeterThread: Thread is done: Purchase 1-89
2026-09-27 10:10:36,491 INFO o.a.j.t.JMeterThread: Thread finished: Purchase 1-89
2026-09-27 10:10:36,491 INFO o.a.j.t.JMeterThread: Thread is done: Purchase 1-84
2026-09-27 10:10:36,492 INFO o.a.j.t.JMeterThread: Thread finished: Purchase 1-84
2026-09-27 10:10:36,493 INFO o.a.j.t.JMeterThread: Thread is done: Purchase 1-92
2026-09-27 10:10:36,494 INFO o.a.j.t.JMeterThread: Thread finished: Purchase 1-92
2026-09-27 10:10:36,500 INFO o.a.j.t.JMeterThread: Thread is done: Purchase 1-90
2026-09-27 10:10:36,500 INFO o.a.j.t.JMeterThread: Thread is done: Purchase 1-95
2026-09-27 10:10:36,500 INFO o.a.j.t.JMeterThread: Thread finished: Purchase 1-90
2026-09-27 10:10:36,500 INFO o.a.j.t.JMeterThread: Thread is done: Purchase 1-99
2026-09-27 10:10:36,500 INFO o.a.j.t.JMeterThread: Thread finished: Purchase 1-95
2026-09-27 10:10:36,500 INFO o.a.j.t.JMeterThread: Thread finished: Purchase 1-99
2026-09-27 10:10:36,503 INFO o.a.j.t.JMeterThread: Thread is done: Purchase 1-96
2026-09-27 10:10:36,503 INFO o.a.j.t.JMeterThread: Thread finished: Purchase 1-96
2026-09-27 10:10:36,503 INFO o.a.j.t.JMeterThread: Thread is done: Purchase 1-94
2026-09-27 10:10:36,504 INFO o.a.j.t.JMeterThread: Thread finished: Purchase 1-94
2026-09-27 10:10:36,506 INFO o.a.j.t.JMeterThread: Thread is done: Purchase 1-100
2026-09-27 10:10:36,506 INFO o.a.j.t.JMeterThread: Thread is done: Purchase 1-98
2026-09-27 10:10:36,506 INFO o.a.j.t.JMeterThread: Thread finished: Purchase 1-100
2026-09-27 10:10:36,507 INFO o.a.j.t.JMeterThread: Thread finished: Purchase 1-98
2026-09-27 10:10:36,512 INFO o.a.j.t.JMeterThread: Thread is done: Purchase 1-97
2026-09-27 10:10:36,512 INFO o.a.j.t.JMeterThread: Thread finished: Purchase 1-97
2026-09-27 10:10:36,513 INFO o.a.j.e.StandardJMeterEngine: Notifying test listeners of end of test
2026-09-27 10:10:36,518 INFO o.a.j.r.Summariser: summary +    999 in 00:00:01 = 1082.3/s Avg:    64 Min:     7 Max:   295 Err:   900 (90.09%) Active: 0 Started: 100 Finished: 100
2026-09-27 10:10:36,518 INFO o.a.j.r.Summariser: summary =   1000 in 00:00:01 =  740.2/s Avg:    64 Min:     7 Max:   295 Err:   900 (90.00%)
