2026-09-29 14:51:46,106 INFO o.a.j.u.JMeterUtils: Setting Locale to zh_CN
2026-09-29 14:51:46,159 INFO o.a.j.JMeter: Loading user properties from: C:\seckill-system\target\tools\apache-jmeter-5.6.3\bin\user.properties
2026-09-29 14:51:46,160 INFO o.a.j.JMeter: Loading system properties from: C:\seckill-system\target\tools\apache-jmeter-5.6.3\bin\system.properties
2026-09-29 14:51:46,160 INFO o.a.j.JMeter: Setting JMeter property: users=100
2026-09-29 14:51:46,160 INFO o.a.j.JMeter: Setting JMeter property: loops=100
2026-09-29 14:51:46,160 INFO o.a.j.JMeter: Setting JMeter property: ramp=1
2026-09-29 14:51:46,161 INFO o.a.j.JMeter: Setting JMeter property: delay=0
2026-09-29 14:51:46,161 INFO o.a.j.JMeter: Setting JMeter property: product=223
2026-09-29 14:51:46,161 INFO o.a.j.JMeter: Setting JMeter property: port=18090
2026-09-29 14:51:46,173 INFO o.a.j.JMeter: Copyright (c) 1998-2024 The Apache Software Foundation
2026-09-29 14:51:46,173 INFO o.a.j.JMeter: Version 5.6.3
2026-09-29 14:51:46,173 INFO o.a.j.JMeter: java.version=21.0.12.1
2026-09-29 14:51:46,173 INFO o.a.j.JMeter: java.vm.name=OpenJDK 64-Bit Server VM
2026-09-29 14:51:46,173 INFO o.a.j.JMeter: os.name=Windows 11
2026-09-29 14:51:46,174 INFO o.a.j.JMeter: os.arch=amd64
2026-09-29 14:51:46,174 INFO o.a.j.JMeter: os.version=10.0
2026-09-29 14:51:46,174 INFO o.a.j.JMeter: file.encoding=UTF-8
2026-09-29 14:51:46,174 INFO o.a.j.JMeter: java.awt.headless=true
2026-09-29 14:51:46,174 INFO o.a.j.JMeter: Max memory     =536870912
2026-09-29 14:51:46,174 INFO o.a.j.JMeter: Available Processors =32
2026-09-29 14:51:46,187 INFO o.a.j.JMeter: Default Locale=中文 (中国)
2026-09-29 14:51:46,188 INFO o.a.j.JMeter: JMeter  Locale=中文 (中国)
2026-09-29 14:51:46,188 INFO o.a.j.JMeter: JMeterHome=C:\seckill-system\target\tools\apache-jmeter-5.6.3
2026-09-29 14:51:46,188 INFO o.a.j.JMeter: user.dir  =C:\seckill-system
2026-09-29 14:51:46,188 INFO o.a.j.JMeter: PWD       =C:\seckill-system
2026-09-29 14:51:46,191 INFO o.a.j.JMeter: IP: 172.26.243.24 Name: LAPTOP-77E72ENH FullName: LAPTOP-77E72ENH
2026-09-29 14:51:46,221 INFO o.a.j.s.FileServer: Default base='C:\seckill-system'
2026-09-29 14:51:46,224 INFO o.a.j.s.FileServer: Set new base='C:\seckill-system\perf'
2026-09-29 14:51:46,557 INFO o.a.j.s.SaveService: Testplan (JMX) version: 2.2. Testlog (JTL) version: 2.2
2026-09-29 14:51:46,605 INFO o.a.j.s.SaveService: Using SaveService properties version 5.0
2026-09-29 14:51:46,613 INFO o.a.j.s.SaveService: Using SaveService properties file encoding UTF-8
2026-09-29 14:51:46,619 INFO o.a.j.s.SaveService: Loading file: perf\stage4.jmx
2026-09-29 14:51:46,702 INFO o.a.j.p.h.s.HTTPSamplerBase: Parser for text/html is org.apache.jmeter.protocol.http.parser.LagartoBasedHtmlParser
2026-09-29 14:51:46,703 INFO o.a.j.p.h.s.HTTPSamplerBase: Parser for application/xhtml+xml is org.apache.jmeter.protocol.http.parser.LagartoBasedHtmlParser
2026-09-29 14:51:46,703 INFO o.a.j.p.h.s.HTTPSamplerBase: Parser for application/xml is org.apache.jmeter.protocol.http.parser.LagartoBasedHtmlParser
2026-09-29 14:51:46,703 INFO o.a.j.p.h.s.HTTPSamplerBase: Parser for text/xml is org.apache.jmeter.protocol.http.parser.LagartoBasedHtmlParser
2026-09-29 14:51:46,703 INFO o.a.j.p.h.s.HTTPSamplerBase: Parser for text/vnd.wap.wml is org.apache.jmeter.protocol.http.parser.RegexpHTMLParser
2026-09-29 14:51:46,703 INFO o.a.j.p.h.s.HTTPSamplerBase: Parser for text/css is org.apache.jmeter.protocol.http.parser.CssParser
2026-09-29 14:51:46,721 INFO o.a.j.JMeter: Creating summariser <summary>
2026-09-29 14:51:46,752 INFO o.a.j.e.StandardJMeterEngine: Running the test!
2026-09-29 14:51:46,753 INFO o.a.j.s.SampleEvent: List of sample_variables: []
2026-09-29 14:51:46,753 INFO o.a.j.s.SampleEvent: List of sample_variables: []
2026-09-29 14:51:46,759 INFO o.a.j.e.u.CompoundVariable: Note: Function class names must contain the string: '.functions.'
2026-09-29 14:51:46,759 INFO o.a.j.e.u.CompoundVariable: Note: Function class names must not contain the string: '.gui.'
2026-09-29 14:51:46,871 INFO o.a.j.JMeter: 正在运行的测试 (1790664706871)
2026-09-29 14:51:46,892 INFO o.a.j.e.StandardJMeterEngine: Starting ThreadGroup: 1 : Purchase
2026-09-29 14:51:46,893 INFO o.a.j.e.StandardJMeterEngine: Starting 100 threads for group Purchase.
2026-09-29 14:51:46,893 INFO o.a.j.e.StandardJMeterEngine: Thread will continue on error
2026-09-29 14:51:46,893 INFO o.a.j.t.ThreadGroup: Starting thread group... number=1 threads=100 ramp-up=1 delayedStart=false
2026-09-29 14:51:46,902 INFO o.a.j.t.JMeterThread: Thread started: Purchase 1-1
2026-09-29 14:51:46,908 INFO o.a.j.t.JMeterThread: Thread started: Purchase 1-2
2026-09-29 14:51:46,917 INFO o.a.j.t.JMeterThread: Thread started: Purchase 1-3
2026-09-29 14:51:46,927 INFO o.a.j.t.JMeterThread: Thread started: Purchase 1-4
2026-09-29 14:51:46,937 INFO o.a.j.t.JMeterThread: Thread started: Purchase 1-5
2026-09-29 14:51:46,946 INFO o.a.j.t.JMeterThread: Thread started: Purchase 1-6
2026-09-29 14:51:46,956 INFO o.a.j.t.JMeterThread: Thread started: Purchase 1-7
2026-09-29 14:51:46,960 INFO o.a.j.t.ThreadGroup: Started thread group number 1
2026-09-29 14:51:46,961 INFO o.a.j.e.StandardJMeterEngine: All thread groups have been started
2026-09-29 14:51:46,963 INFO o.a.j.p.h.s.HTTPHCAbstractImpl: Local host = LAPTOP-77E72ENH
2026-09-29 14:51:46,965 INFO o.a.j.t.JMeterThread: Thread started: Purchase 1-8
2026-09-29 14:51:46,972 INFO o.a.j.p.h.s.HTTPHC4Impl: HTTP request retry count = 0
2026-09-29 14:51:46,973 INFO o.a.j.s.SampleResult: Note: Sample TimeStamps are START times
2026-09-29 14:51:46,974 INFO o.a.j.s.SampleResult: sampleresult.default.encoding is set to UTF-8
2026-09-29 14:51:46,974 INFO o.a.j.s.SampleResult: sampleresult.useNanoTime=true
2026-09-29 14:51:46,974 INFO o.a.j.s.SampleResult: sampleresult.nanoThreadSleep=5000
2026-09-29 14:51:46,975 INFO o.a.j.t.JMeterThread: Thread started: Purchase 1-9
2026-09-29 14:51:46,986 INFO o.a.j.t.JMeterThread: Thread started: Purchase 1-10
2026-09-29 14:51:46,995 INFO o.a.j.t.JMeterThread: Thread started: Purchase 1-11
2026-09-29 14:51:47,005 INFO o.a.j.t.JMeterThread: Thread started: Purchase 1-12
2026-09-29 14:51:47,016 INFO o.a.j.t.JMeterThread: Thread started: Purchase 1-13
2026-09-29 14:51:47,025 INFO o.a.j.t.JMeterThread: Thread started: Purchase 1-14
2026-09-29 14:51:47,035 INFO o.a.j.t.JMeterThread: Thread started: Purchase 1-15
2026-09-29 14:51:47,044 INFO o.a.j.t.JMeterThread: Thread started: Purchase 1-16
2026-09-29 14:51:47,054 INFO o.a.j.t.JMeterThread: Thread started: Purchase 1-17
2026-09-29 14:51:47,065 INFO o.a.j.t.JMeterThread: Thread started: Purchase 1-18
2026-09-29 14:51:47,075 INFO o.a.j.t.JMeterThread: Thread started: Purchase 1-19
2026-09-29 14:51:47,085 INFO o.a.j.t.JMeterThread: Thread started: Purchase 1-20
2026-09-29 14:51:47,096 INFO o.a.j.t.JMeterThread: Thread started: Purchase 1-21
2026-09-29 14:51:47,105 INFO o.a.j.t.JMeterThread: Thread started: Purchase 1-22
2026-09-29 14:51:47,116 INFO o.a.j.t.JMeterThread: Thread started: Purchase 1-23
2026-09-29 14:51:47,125 INFO o.a.j.t.JMeterThread: Thread started: Purchase 1-24
2026-09-29 14:51:47,135 INFO o.a.j.t.JMeterThread: Thread started: Purchase 1-25
2026-09-29 14:51:47,146 INFO o.a.j.t.JMeterThread: Thread started: Purchase 1-26
2026-09-29 14:51:47,155 INFO o.a.j.t.JMeterThread: Thread started: Purchase 1-27
2026-09-29 14:51:47,165 INFO o.a.j.t.JMeterThread: Thread started: Purchase 1-28
2026-09-29 14:51:47,176 INFO o.a.j.t.JMeterThread: Thread started: Purchase 1-29
2026-09-29 14:51:47,185 INFO o.a.j.t.JMeterThread: Thread started: Purchase 1-30
2026-09-29 14:51:47,195 INFO o.a.j.t.JMeterThread: Thread started: Purchase 1-31
2026-09-29 14:51:47,206 INFO o.a.j.t.JMeterThread: Thread started: Purchase 1-32
2026-09-29 14:51:47,215 INFO o.a.j.t.JMeterThread: Thread started: Purchase 1-33
2026-09-29 14:51:47,225 INFO o.a.j.t.JMeterThread: Thread started: Purchase 1-34
2026-09-29 14:51:47,237 INFO o.a.j.t.JMeterThread: Thread started: Purchase 1-35
2026-09-29 14:51:47,245 INFO o.a.j.t.JMeterThread: Thread started: Purchase 1-36
2026-09-29 14:51:47,255 INFO o.a.j.t.JMeterThread: Thread started: Purchase 1-37
2026-09-29 14:51:47,267 INFO o.a.j.t.JMeterThread: Thread started: Purchase 1-38
2026-09-29 14:51:47,275 INFO o.a.j.t.JMeterThread: Thread started: Purchase 1-39
2026-09-29 14:51:47,286 INFO o.a.j.t.JMeterThread: Thread started: Purchase 1-40
2026-09-29 14:51:47,295 INFO o.a.j.t.JMeterThread: Thread started: Purchase 1-41
2026-09-29 14:51:47,307 INFO o.a.j.t.JMeterThread: Thread started: Purchase 1-42
2026-09-29 14:51:47,315 INFO o.a.j.t.JMeterThread: Thread started: Purchase 1-43
2026-09-29 14:51:47,325 INFO o.a.j.t.JMeterThread: Thread started: Purchase 1-44
2026-09-29 14:51:47,335 INFO o.a.j.t.JMeterThread: Thread started: Purchase 1-45
2026-09-29 14:51:47,345 INFO o.a.j.t.JMeterThread: Thread started: Purchase 1-46
2026-09-29 14:51:47,356 INFO o.a.j.t.JMeterThread: Thread started: Purchase 1-47
2026-09-29 14:51:47,365 INFO o.a.j.t.JMeterThread: Thread started: Purchase 1-48
2026-09-29 14:51:47,375 INFO o.a.j.t.JMeterThread: Thread started: Purchase 1-49
2026-09-29 14:51:47,390 INFO o.a.j.t.JMeterThread: Thread started: Purchase 1-50
2026-09-29 14:51:47,397 INFO o.a.j.t.JMeterThread: Thread started: Purchase 1-51
2026-09-29 14:51:47,408 INFO o.a.j.t.JMeterThread: Thread started: Purchase 1-52
2026-09-29 14:51:47,415 INFO o.a.j.t.JMeterThread: Thread started: Purchase 1-53
2026-09-29 14:51:47,426 INFO o.a.j.t.JMeterThread: Thread started: Purchase 1-54
2026-09-29 14:51:47,435 INFO o.a.j.t.JMeterThread: Thread started: Purchase 1-55
2026-09-29 14:51:47,445 INFO o.a.j.t.JMeterThread: Thread started: Purchase 1-56
2026-09-29 14:51:47,456 INFO o.a.j.t.JMeterThread: Thread started: Purchase 1-57
2026-09-29 14:51:47,465 INFO o.a.j.t.JMeterThread: Thread started: Purchase 1-58
2026-09-29 14:51:47,474 INFO o.a.j.t.JMeterThread: Thread started: Purchase 1-59
2026-09-29 14:51:47,486 INFO o.a.j.t.JMeterThread: Thread started: Purchase 1-60
2026-09-29 14:51:47,497 INFO o.a.j.t.JMeterThread: Thread started: Purchase 1-61
2026-09-29 14:51:47,505 INFO o.a.j.t.JMeterThread: Thread started: Purchase 1-62
2026-09-29 14:51:47,516 INFO o.a.j.t.JMeterThread: Thread started: Purchase 1-63
2026-09-29 14:51:47,527 INFO o.a.j.t.JMeterThread: Thread started: Purchase 1-64
2026-09-29 14:51:47,536 INFO o.a.j.t.JMeterThread: Thread started: Purchase 1-65
2026-09-29 14:51:47,546 INFO o.a.j.t.JMeterThread: Thread started: Purchase 1-66
2026-09-29 14:51:47,555 INFO o.a.j.t.JMeterThread: Thread started: Purchase 1-67
2026-09-29 14:51:47,567 INFO o.a.j.t.JMeterThread: Thread started: Purchase 1-68
2026-09-29 14:51:47,575 INFO o.a.j.t.JMeterThread: Thread started: Purchase 1-69
2026-09-29 14:51:47,585 INFO o.a.j.t.JMeterThread: Thread started: Purchase 1-70
2026-09-29 14:51:47,595 INFO o.a.j.t.JMeterThread: Thread started: Purchase 1-71
2026-09-29 14:51:47,605 INFO o.a.j.t.JMeterThread: Thread started: Purchase 1-72
2026-09-29 14:51:47,615 INFO o.a.j.t.JMeterThread: Thread started: Purchase 1-73
2026-09-29 14:51:47,626 INFO o.a.j.t.JMeterThread: Thread started: Purchase 1-74
2026-09-29 14:51:47,637 INFO o.a.j.t.JMeterThread: Thread started: Purchase 1-75
2026-09-29 14:51:47,645 INFO o.a.j.t.JMeterThread: Thread started: Purchase 1-76
2026-09-29 14:51:47,657 INFO o.a.j.t.JMeterThread: Thread started: Purchase 1-77
2026-09-29 14:51:47,665 INFO o.a.j.t.JMeterThread: Thread started: Purchase 1-78
2026-09-29 14:51:47,676 INFO o.a.j.t.JMeterThread: Thread started: Purchase 1-79
2026-09-29 14:51:47,686 INFO o.a.j.t.JMeterThread: Thread started: Purchase 1-80
2026-09-29 14:51:47,695 INFO o.a.j.t.JMeterThread: Thread started: Purchase 1-81
2026-09-29 14:51:47,707 INFO o.a.j.t.JMeterThread: Thread started: Purchase 1-82
2026-09-29 14:51:47,715 INFO o.a.j.t.JMeterThread: Thread started: Purchase 1-83
2026-09-29 14:51:47,725 INFO o.a.j.t.JMeterThread: Thread started: Purchase 1-84
2026-09-29 14:51:47,737 INFO o.a.j.t.JMeterThread: Thread started: Purchase 1-85
2026-09-29 14:51:47,745 INFO o.a.j.t.JMeterThread: Thread started: Purchase 1-86
2026-09-29 14:51:47,754 INFO o.a.j.t.JMeterThread: Thread started: Purchase 1-87
2026-09-29 14:51:47,765 INFO o.a.j.t.JMeterThread: Thread started: Purchase 1-88
2026-09-29 14:51:47,775 INFO o.a.j.t.JMeterThread: Thread started: Purchase 1-89
2026-09-29 14:51:47,784 INFO o.a.j.t.JMeterThread: Thread started: Purchase 1-90
2026-09-29 14:51:47,795 INFO o.a.j.t.JMeterThread: Thread started: Purchase 1-91
2026-09-29 14:51:47,804 INFO o.a.j.t.JMeterThread: Thread started: Purchase 1-92
2026-09-29 14:51:47,815 INFO o.a.j.t.JMeterThread: Thread started: Purchase 1-93
2026-09-29 14:51:47,825 INFO o.a.j.t.JMeterThread: Thread started: Purchase 1-94
2026-09-29 14:51:47,834 INFO o.a.j.t.JMeterThread: Thread started: Purchase 1-95
2026-09-29 14:51:47,844 INFO o.a.j.t.JMeterThread: Thread started: Purchase 1-96
2026-09-29 14:51:47,854 INFO o.a.j.t.JMeterThread: Thread started: Purchase 1-97
2026-09-29 14:51:47,865 INFO o.a.j.t.JMeterThread: Thread started: Purchase 1-98
2026-09-29 14:51:47,875 INFO o.a.j.t.JMeterThread: Thread started: Purchase 1-99
2026-09-29 14:51:47,884 INFO o.a.j.t.JMeterThread: Thread started: Purchase 1-100
2026-09-29 14:51:50,190 INFO o.a.j.t.JMeterThread: Thread is done: Purchase 1-11
2026-09-29 14:51:50,191 INFO o.a.j.t.JMeterThread: Thread finished: Purchase 1-11
2026-09-29 14:51:50,327 INFO o.a.j.t.JMeterThread: Thread is done: Purchase 1-1
2026-09-29 14:51:50,327 INFO o.a.j.t.JMeterThread: Thread finished: Purchase 1-1
2026-09-29 14:51:50,329 INFO o.a.j.t.JMeterThread: Thread is done: Purchase 1-30
2026-09-29 14:51:50,329 INFO o.a.j.t.JMeterThread: Thread finished: Purchase 1-30
2026-09-29 14:51:50,332 INFO o.a.j.t.JMeterThread: Thread is done: Purchase 1-18
2026-09-29 14:51:50,332 INFO o.a.j.t.JMeterThread: Thread finished: Purchase 1-18
2026-09-29 14:51:50,336 INFO o.a.j.t.JMeterThread: Thread is done: Purchase 1-36
2026-09-29 14:51:50,336 INFO o.a.j.t.JMeterThread: Thread finished: Purchase 1-36
2026-09-29 14:51:50,349 INFO o.a.j.t.JMeterThread: Thread is done: Purchase 1-20
2026-09-29 14:51:50,349 INFO o.a.j.t.JMeterThread: Thread finished: Purchase 1-20
2026-09-29 14:51:50,356 INFO o.a.j.t.JMeterThread: Thread is done: Purchase 1-38
2026-09-29 14:51:50,357 INFO o.a.j.t.JMeterThread: Thread finished: Purchase 1-38
2026-09-29 14:51:50,359 INFO o.a.j.t.JMeterThread: Thread is done: Purchase 1-28
2026-09-29 14:51:50,359 INFO o.a.j.t.JMeterThread: Thread finished: Purchase 1-28
2026-09-29 14:51:50,361 INFO o.a.j.t.JMeterThread: Thread is done: Purchase 1-27
2026-09-29 14:51:50,361 INFO o.a.j.t.JMeterThread: Thread finished: Purchase 1-27
2026-09-29 14:51:50,372 INFO o.a.j.t.JMeterThread: Thread is done: Purchase 1-39
2026-09-29 14:51:50,372 INFO o.a.j.t.JMeterThread: Thread finished: Purchase 1-39
2026-09-29 14:51:50,373 INFO o.a.j.t.JMeterThread: Thread is done: Purchase 1-3
2026-09-29 14:51:50,374 INFO o.a.j.t.JMeterThread: Thread finished: Purchase 1-3
2026-09-29 14:51:50,381 INFO o.a.j.t.JMeterThread: Thread is done: Purchase 1-45
2026-09-29 14:51:50,381 INFO o.a.j.t.JMeterThread: Thread is done: Purchase 1-14
2026-09-29 14:51:50,381 INFO o.a.j.t.JMeterThread: Thread finished: Purchase 1-45
2026-09-29 14:51:50,381 INFO o.a.j.t.JMeterThread: Thread finished: Purchase 1-14
2026-09-29 14:51:50,387 INFO o.a.j.t.JMeterThread: Thread is done: Purchase 1-16
2026-09-29 14:51:50,387 INFO o.a.j.t.JMeterThread: Thread finished: Purchase 1-16
2026-09-29 14:51:50,392 INFO o.a.j.t.JMeterThread: Thread is done: Purchase 1-34
2026-09-29 14:51:50,392 INFO o.a.j.t.JMeterThread: Thread finished: Purchase 1-34
2026-09-29 14:51:50,393 INFO o.a.j.t.JMeterThread: Thread is done: Purchase 1-47
2026-09-29 14:51:50,393 INFO o.a.j.t.JMeterThread: Thread finished: Purchase 1-47
2026-09-29 14:51:50,403 INFO o.a.j.t.JMeterThread: Thread is done: Purchase 1-46
2026-09-29 14:51:50,403 INFO o.a.j.t.JMeterThread: Thread finished: Purchase 1-46
2026-09-29 14:51:50,434 INFO o.a.j.t.JMeterThread: Thread is done: Purchase 1-12
2026-09-29 14:51:50,434 INFO o.a.j.t.JMeterThread: Thread finished: Purchase 1-12
2026-09-29 14:51:50,435 INFO o.a.j.t.JMeterThread: Thread is done: Purchase 1-33
2026-09-29 14:51:50,435 INFO o.a.j.t.JMeterThread: Thread is done: Purchase 1-32
2026-09-29 14:51:50,435 INFO o.a.j.t.JMeterThread: Thread finished: Purchase 1-32
2026-09-29 14:51:50,435 INFO o.a.j.t.JMeterThread: Thread is done: Purchase 1-31
2026-09-29 14:51:50,435 INFO o.a.j.t.JMeterThread: Thread finished: Purchase 1-31
2026-09-29 14:51:50,435 INFO o.a.j.t.JMeterThread: Thread is done: Purchase 1-35
2026-09-29 14:51:50,436 INFO o.a.j.t.JMeterThread: Thread finished: Purchase 1-35
2026-09-29 14:51:50,436 INFO o.a.j.t.JMeterThread: Thread finished: Purchase 1-33
2026-09-29 14:51:50,438 INFO o.a.j.t.JMeterThread: Thread is done: Purchase 1-29
2026-09-29 14:51:50,438 INFO o.a.j.t.JMeterThread: Thread finished: Purchase 1-29
2026-09-29 14:51:50,446 INFO o.a.j.t.JMeterThread: Thread is done: Purchase 1-4
2026-09-29 14:51:50,447 INFO o.a.j.t.JMeterThread: Thread is done: Purchase 1-43
2026-09-29 14:51:50,447 INFO o.a.j.t.JMeterThread: Thread finished: Purchase 1-4
2026-09-29 14:51:50,447 INFO o.a.j.t.JMeterThread: Thread finished: Purchase 1-43
2026-09-29 14:51:50,447 INFO o.a.j.t.JMeterThread: Thread is done: Purchase 1-2
2026-09-29 14:51:50,447 INFO o.a.j.t.JMeterThread: Thread finished: Purchase 1-2
2026-09-29 14:51:50,448 INFO o.a.j.t.JMeterThread: Thread is done: Purchase 1-23
2026-09-29 14:51:50,448 INFO o.a.j.t.JMeterThread: Thread finished: Purchase 1-23
2026-09-29 14:51:50,449 INFO o.a.j.t.JMeterThread: Thread is done: Purchase 1-49
2026-09-29 14:51:50,449 INFO o.a.j.t.JMeterThread: Thread finished: Purchase 1-49
2026-09-29 14:51:50,451 INFO o.a.j.t.JMeterThread: Thread is done: Purchase 1-8
2026-09-29 14:51:50,451 INFO o.a.j.t.JMeterThread: Thread finished: Purchase 1-8
2026-09-29 14:51:50,465 INFO o.a.j.t.JMeterThread: Thread is done: Purchase 1-15
2026-09-29 14:51:50,466 INFO o.a.j.t.JMeterThread: Thread finished: Purchase 1-15
2026-09-29 14:51:50,466 INFO o.a.j.t.JMeterThread: Thread is done: Purchase 1-51
2026-09-29 14:51:50,466 INFO o.a.j.t.JMeterThread: Thread finished: Purchase 1-51
2026-09-29 14:51:50,467 INFO o.a.j.t.JMeterThread: Thread is done: Purchase 1-9
2026-09-29 14:51:50,467 INFO o.a.j.t.JMeterThread: Thread finished: Purchase 1-9
2026-09-29 14:51:50,469 INFO o.a.j.t.JMeterThread: Thread is done: Purchase 1-22
2026-09-29 14:51:50,469 INFO o.a.j.t.JMeterThread: Thread finished: Purchase 1-22
2026-09-29 14:51:50,470 INFO o.a.j.t.JMeterThread: Thread is done: Purchase 1-40
2026-09-29 14:51:50,470 INFO o.a.j.t.JMeterThread: Thread finished: Purchase 1-40
2026-09-29 14:51:50,471 INFO o.a.j.t.JMeterThread: Thread is done: Purchase 1-17
2026-09-29 14:51:50,471 INFO o.a.j.t.JMeterThread: Thread finished: Purchase 1-17
2026-09-29 14:51:50,485 INFO o.a.j.t.JMeterThread: Thread is done: Purchase 1-5
2026-09-29 14:51:50,485 INFO o.a.j.t.JMeterThread: Thread finished: Purchase 1-5
2026-09-29 14:51:50,489 INFO o.a.j.t.JMeterThread: Thread is done: Purchase 1-25
2026-09-29 14:51:50,489 INFO o.a.j.t.JMeterThread: Thread finished: Purchase 1-25
2026-09-29 14:51:50,496 INFO o.a.j.t.JMeterThread: Thread is done: Purchase 1-50
2026-09-29 14:51:50,496 INFO o.a.j.t.JMeterThread: Thread finished: Purchase 1-50
2026-09-29 14:51:50,498 INFO o.a.j.t.JMeterThread: Thread is done: Purchase 1-13
2026-09-29 14:51:50,498 INFO o.a.j.t.JMeterThread: Thread finished: Purchase 1-13
2026-09-29 14:51:50,514 INFO o.a.j.t.JMeterThread: Thread is done: Purchase 1-41
2026-09-29 14:51:50,515 INFO o.a.j.t.JMeterThread: Thread finished: Purchase 1-41
2026-09-29 14:51:50,517 INFO o.a.j.t.JMeterThread: Thread is done: Purchase 1-44
2026-09-29 14:51:50,517 INFO o.a.j.t.JMeterThread: Thread finished: Purchase 1-44
2026-09-29 14:51:50,519 INFO o.a.j.t.JMeterThread: Thread is done: Purchase 1-48
2026-09-29 14:51:50,519 INFO o.a.j.t.JMeterThread: Thread finished: Purchase 1-48
2026-09-29 14:51:50,520 INFO o.a.j.t.JMeterThread: Thread is done: Purchase 1-26
2026-09-29 14:51:50,520 INFO o.a.j.t.JMeterThread: Thread finished: Purchase 1-26
2026-09-29 14:51:50,525 INFO o.a.j.t.JMeterThread: Thread is done: Purchase 1-10
2026-09-29 14:51:50,525 INFO o.a.j.t.JMeterThread: Thread finished: Purchase 1-10
2026-09-29 14:51:50,527 INFO o.a.j.t.JMeterThread: Thread is done: Purchase 1-37
2026-09-29 14:51:50,527 INFO o.a.j.t.JMeterThread: Thread finished: Purchase 1-37
2026-09-29 14:51:50,531 INFO o.a.j.t.JMeterThread: Thread is done: Purchase 1-19
2026-09-29 14:51:50,531 INFO o.a.j.t.JMeterThread: Thread finished: Purchase 1-19
2026-09-29 14:51:50,537 INFO o.a.j.t.JMeterThread: Thread is done: Purchase 1-6
2026-09-29 14:51:50,537 INFO o.a.j.t.JMeterThread: Thread finished: Purchase 1-6
2026-09-29 14:51:50,547 INFO o.a.j.t.JMeterThread: Thread is done: Purchase 1-21
2026-09-29 14:51:50,548 INFO o.a.j.t.JMeterThread: Thread finished: Purchase 1-21
2026-09-29 14:51:50,548 INFO o.a.j.t.JMeterThread: Thread is done: Purchase 1-52
2026-09-29 14:51:50,548 INFO o.a.j.t.JMeterThread: Thread finished: Purchase 1-52
2026-09-29 14:51:50,560 INFO o.a.j.t.JMeterThread: Thread is done: Purchase 1-54
2026-09-29 14:51:50,560 INFO o.a.j.t.JMeterThread: Thread is done: Purchase 1-7
2026-09-29 14:51:50,560 INFO o.a.j.t.JMeterThread: Thread finished: Purchase 1-54
2026-09-29 14:51:50,560 INFO o.a.j.t.JMeterThread: Thread finished: Purchase 1-7
2026-09-29 14:51:50,574 INFO o.a.j.t.JMeterThread: Thread is done: Purchase 1-24
2026-09-29 14:51:50,575 INFO o.a.j.t.JMeterThread: Thread finished: Purchase 1-24
2026-09-29 14:51:50,579 INFO o.a.j.t.JMeterThread: Thread is done: Purchase 1-57
2026-09-29 14:51:50,579 INFO o.a.j.t.JMeterThread: Thread finished: Purchase 1-57
2026-09-29 14:51:50,588 INFO o.a.j.t.JMeterThread: Thread is done: Purchase 1-53
2026-09-29 14:51:50,589 INFO o.a.j.t.JMeterThread: Thread finished: Purchase 1-53
2026-09-29 14:51:50,592 INFO o.a.j.t.JMeterThread: Thread is done: Purchase 1-70
2026-09-29 14:51:50,592 INFO o.a.j.t.JMeterThread: Thread finished: Purchase 1-70
2026-09-29 14:51:50,594 INFO o.a.j.t.JMeterThread: Thread is done: Purchase 1-42
2026-09-29 14:51:50,594 INFO o.a.j.t.JMeterThread: Thread finished: Purchase 1-42
2026-09-29 14:51:50,599 INFO o.a.j.t.JMeterThread: Thread is done: Purchase 1-56
2026-09-29 14:51:50,599 INFO o.a.j.t.JMeterThread: Thread finished: Purchase 1-56
2026-09-29 14:51:50,601 INFO o.a.j.t.JMeterThread: Thread is done: Purchase 1-58
2026-09-29 14:51:50,601 INFO o.a.j.t.JMeterThread: Thread finished: Purchase 1-58
2026-09-29 14:51:50,604 INFO o.a.j.t.JMeterThread: Thread is done: Purchase 1-61
2026-09-29 14:51:50,604 INFO o.a.j.t.JMeterThread: Thread finished: Purchase 1-61
2026-09-29 14:51:50,605 INFO o.a.j.t.JMeterThread: Thread is done: Purchase 1-76
2026-09-29 14:51:50,605 INFO o.a.j.t.JMeterThread: Thread finished: Purchase 1-76
2026-09-29 14:51:50,606 INFO o.a.j.t.JMeterThread: Thread is done: Purchase 1-55
2026-09-29 14:51:50,606 INFO o.a.j.t.JMeterThread: Thread finished: Purchase 1-55
2026-09-29 14:51:50,609 INFO o.a.j.t.JMeterThread: Thread is done: Purchase 1-62
2026-09-29 14:51:50,609 INFO o.a.j.t.JMeterThread: Thread finished: Purchase 1-62
2026-09-29 14:51:50,614 INFO o.a.j.t.JMeterThread: Thread is done: Purchase 1-67
2026-09-29 14:51:50,614 INFO o.a.j.t.JMeterThread: Thread finished: Purchase 1-67
2026-09-29 14:51:50,616 INFO o.a.j.t.JMeterThread: Thread is done: Purchase 1-59
2026-09-29 14:51:50,617 INFO o.a.j.t.JMeterThread: Thread finished: Purchase 1-59
2026-09-29 14:51:50,617 INFO o.a.j.t.JMeterThread: Thread is done: Purchase 1-65
2026-09-29 14:51:50,617 INFO o.a.j.t.JMeterThread: Thread finished: Purchase 1-65
2026-09-29 14:51:50,624 INFO o.a.j.t.JMeterThread: Thread is done: Purchase 1-64
2026-09-29 14:51:50,624 INFO o.a.j.t.JMeterThread: Thread finished: Purchase 1-64
2026-09-29 14:51:50,626 INFO o.a.j.t.JMeterThread: Thread is done: Purchase 1-73
2026-09-29 14:51:50,626 INFO o.a.j.t.JMeterThread: Thread finished: Purchase 1-73
2026-09-29 14:51:50,627 INFO o.a.j.t.JMeterThread: Thread is done: Purchase 1-69
2026-09-29 14:51:50,627 INFO o.a.j.t.JMeterThread: Thread finished: Purchase 1-69
2026-09-29 14:51:50,637 INFO o.a.j.t.JMeterThread: Thread is done: Purchase 1-60
2026-09-29 14:51:50,637 INFO o.a.j.t.JMeterThread: Thread finished: Purchase 1-60
2026-09-29 14:51:50,650 INFO o.a.j.t.JMeterThread: Thread is done: Purchase 1-82
2026-09-29 14:51:50,651 INFO o.a.j.t.JMeterThread: Thread finished: Purchase 1-82
2026-09-29 14:51:50,656 INFO o.a.j.t.JMeterThread: Thread is done: Purchase 1-84
2026-09-29 14:51:50,656 INFO o.a.j.t.JMeterThread: Thread finished: Purchase 1-84
2026-09-29 14:51:50,658 INFO o.a.j.t.JMeterThread: Thread is done: Purchase 1-79
2026-09-29 14:51:50,658 INFO o.a.j.t.JMeterThread: Thread finished: Purchase 1-79
2026-09-29 14:51:50,658 INFO o.a.j.t.JMeterThread: Thread is done: Purchase 1-85
2026-09-29 14:51:50,658 INFO o.a.j.t.JMeterThread: Thread finished: Purchase 1-85
2026-09-29 14:51:50,661 INFO o.a.j.t.JMeterThread: Thread is done: Purchase 1-75
2026-09-29 14:51:50,661 INFO o.a.j.t.JMeterThread: Thread finished: Purchase 1-75
2026-09-29 14:51:50,667 INFO o.a.j.t.JMeterThread: Thread is done: Purchase 1-66
2026-09-29 14:51:50,667 INFO o.a.j.t.JMeterThread: Thread finished: Purchase 1-66
2026-09-29 14:51:50,672 INFO o.a.j.t.JMeterThread: Thread is done: Purchase 1-71
2026-09-29 14:51:50,672 INFO o.a.j.t.JMeterThread: Thread finished: Purchase 1-71
2026-09-29 14:51:50,672 INFO o.a.j.t.JMeterThread: Thread is done: Purchase 1-91
2026-09-29 14:51:50,672 INFO o.a.j.t.JMeterThread: Thread finished: Purchase 1-91
2026-09-29 14:51:50,677 INFO o.a.j.t.JMeterThread: Thread is done: Purchase 1-88
2026-09-29 14:51:50,677 INFO o.a.j.t.JMeterThread: Thread finished: Purchase 1-88
2026-09-29 14:51:50,677 INFO o.a.j.t.JMeterThread: Thread is done: Purchase 1-78
2026-09-29 14:51:50,678 INFO o.a.j.t.JMeterThread: Thread finished: Purchase 1-78
2026-09-29 14:51:50,678 INFO o.a.j.t.JMeterThread: Thread is done: Purchase 1-87
2026-09-29 14:51:50,678 INFO o.a.j.t.JMeterThread: Thread finished: Purchase 1-87
2026-09-29 14:51:50,680 INFO o.a.j.t.JMeterThread: Thread is done: Purchase 1-77
2026-09-29 14:51:50,680 INFO o.a.j.t.JMeterThread: Thread finished: Purchase 1-77
2026-09-29 14:51:50,680 INFO o.a.j.t.JMeterThread: Thread is done: Purchase 1-96
2026-09-29 14:51:50,680 INFO o.a.j.t.JMeterThread: Thread is done: Purchase 1-74
2026-09-29 14:51:50,680 INFO o.a.j.t.JMeterThread: Thread finished: Purchase 1-96
2026-09-29 14:51:50,680 INFO o.a.j.t.JMeterThread: Thread finished: Purchase 1-74
2026-09-29 14:51:50,685 INFO o.a.j.t.JMeterThread: Thread is done: Purchase 1-72
2026-09-29 14:51:50,685 INFO o.a.j.t.JMeterThread: Thread is done: Purchase 1-90
2026-09-29 14:51:50,685 INFO o.a.j.t.JMeterThread: Thread finished: Purchase 1-72
2026-09-29 14:51:50,685 INFO o.a.j.t.JMeterThread: Thread finished: Purchase 1-90
2026-09-29 14:51:50,686 INFO o.a.j.t.JMeterThread: Thread is done: Purchase 1-81
2026-09-29 14:51:50,686 INFO o.a.j.t.JMeterThread: Thread finished: Purchase 1-81
2026-09-29 14:51:50,687 INFO o.a.j.t.JMeterThread: Thread is done: Purchase 1-93
2026-09-29 14:51:50,687 INFO o.a.j.t.JMeterThread: Thread finished: Purchase 1-93
2026-09-29 14:51:50,688 INFO o.a.j.t.JMeterThread: Thread is done: Purchase 1-95
2026-09-29 14:51:50,688 INFO o.a.j.t.JMeterThread: Thread finished: Purchase 1-95
2026-09-29 14:51:50,688 INFO o.a.j.t.JMeterThread: Thread is done: Purchase 1-68
2026-09-29 14:51:50,688 INFO o.a.j.t.JMeterThread: Thread finished: Purchase 1-68
2026-09-29 14:51:50,689 INFO o.a.j.t.JMeterThread: Thread is done: Purchase 1-63
2026-09-29 14:51:50,689 INFO o.a.j.t.JMeterThread: Thread finished: Purchase 1-63
2026-09-29 14:51:50,693 INFO o.a.j.t.JMeterThread: Thread is done: Purchase 1-99
2026-09-29 14:51:50,693 INFO o.a.j.t.JMeterThread: Thread finished: Purchase 1-99
2026-09-29 14:51:50,696 INFO o.a.j.t.JMeterThread: Thread is done: Purchase 1-98
2026-09-29 14:51:50,696 INFO o.a.j.t.JMeterThread: Thread finished: Purchase 1-98
2026-09-29 14:51:50,697 INFO o.a.j.t.JMeterThread: Thread is done: Purchase 1-89
2026-09-29 14:51:50,697 INFO o.a.j.t.JMeterThread: Thread finished: Purchase 1-89
2026-09-29 14:51:50,701 INFO o.a.j.t.JMeterThread: Thread is done: Purchase 1-86
2026-09-29 14:51:50,701 INFO o.a.j.t.JMeterThread: Thread finished: Purchase 1-86
2026-09-29 14:51:50,702 INFO o.a.j.t.JMeterThread: Thread is done: Purchase 1-94
2026-09-29 14:51:50,702 INFO o.a.j.t.JMeterThread: Thread finished: Purchase 1-94
2026-09-29 14:51:50,703 INFO o.a.j.t.JMeterThread: Thread is done: Purchase 1-80
2026-09-29 14:51:50,703 INFO o.a.j.t.JMeterThread: Thread finished: Purchase 1-80
2026-09-29 14:51:50,705 INFO o.a.j.t.JMeterThread: Thread is done: Purchase 1-83
2026-09-29 14:51:50,705 INFO o.a.j.t.JMeterThread: Thread finished: Purchase 1-83
2026-09-29 14:51:50,711 INFO o.a.j.t.JMeterThread: Thread is done: Purchase 1-97
2026-09-29 14:51:50,711 INFO o.a.j.t.JMeterThread: Thread finished: Purchase 1-97
2026-09-29 14:51:50,731 INFO o.a.j.t.JMeterThread: Thread is done: Purchase 1-100
2026-09-29 14:51:50,732 INFO o.a.j.t.JMeterThread: Thread finished: Purchase 1-100
2026-09-29 14:51:50,751 INFO o.a.j.t.JMeterThread: Thread is done: Purchase 1-92
2026-09-29 14:51:50,751 INFO o.a.j.t.JMeterThread: Thread finished: Purchase 1-92
2026-09-29 14:51:50,751 INFO o.a.j.e.StandardJMeterEngine: Notifying test listeners of end of test
2026-09-29 14:51:50,763 INFO o.a.j.r.Summariser: summary =  10000 in 00:00:04 = 2574.0/s Avg:    30 Min:     2 Max:   132 Err:  9203 (92.03%)
