2026-09-29 14:49:47,244 INFO o.a.j.u.JMeterUtils: Setting Locale to zh_CN
2026-09-29 14:49:47,288 INFO o.a.j.JMeter: Loading user properties from: C:\seckill-system\target\tools\apache-jmeter-5.6.3\bin\user.properties
2026-09-29 14:49:47,289 INFO o.a.j.JMeter: Loading system properties from: C:\seckill-system\target\tools\apache-jmeter-5.6.3\bin\system.properties
2026-09-29 14:49:47,289 INFO o.a.j.JMeter: Setting JMeter property: users=10
2026-09-29 14:49:47,289 INFO o.a.j.JMeter: Setting JMeter property: loops=50
2026-09-29 14:49:47,289 INFO o.a.j.JMeter: Setting JMeter property: ramp=1
2026-09-29 14:49:47,290 INFO o.a.j.JMeter: Setting JMeter property: delay=100
2026-09-29 14:49:47,290 INFO o.a.j.JMeter: Setting JMeter property: product=219
2026-09-29 14:49:47,290 INFO o.a.j.JMeter: Setting JMeter property: port=18090
2026-09-29 14:49:47,300 INFO o.a.j.JMeter: Copyright (c) 1998-2024 The Apache Software Foundation
2026-09-29 14:49:47,300 INFO o.a.j.JMeter: Version 5.6.3
2026-09-29 14:49:47,300 INFO o.a.j.JMeter: java.version=21.0.12.1
2026-09-29 14:49:47,300 INFO o.a.j.JMeter: java.vm.name=OpenJDK 64-Bit Server VM
2026-09-29 14:49:47,301 INFO o.a.j.JMeter: os.name=Windows 11
2026-09-29 14:49:47,301 INFO o.a.j.JMeter: os.arch=amd64
2026-09-29 14:49:47,301 INFO o.a.j.JMeter: os.version=10.0
2026-09-29 14:49:47,301 INFO o.a.j.JMeter: file.encoding=UTF-8
2026-09-29 14:49:47,301 INFO o.a.j.JMeter: java.awt.headless=true
2026-09-29 14:49:47,301 INFO o.a.j.JMeter: Max memory     =536870912
2026-09-29 14:49:47,301 INFO o.a.j.JMeter: Available Processors =32
2026-09-29 14:49:47,313 INFO o.a.j.JMeter: Default Locale=中文 (中国)
2026-09-29 14:49:47,313 INFO o.a.j.JMeter: JMeter  Locale=中文 (中国)
2026-09-29 14:49:47,314 INFO o.a.j.JMeter: JMeterHome=C:\seckill-system\target\tools\apache-jmeter-5.6.3
2026-09-29 14:49:47,314 INFO o.a.j.JMeter: user.dir  =C:\seckill-system
2026-09-29 14:49:47,314 INFO o.a.j.JMeter: PWD       =C:\seckill-system
2026-09-29 14:49:47,317 INFO o.a.j.JMeter: IP: 172.26.243.24 Name: LAPTOP-77E72ENH FullName: LAPTOP-77E72ENH
2026-09-29 14:49:47,336 INFO o.a.j.s.FileServer: Default base='C:\seckill-system'
2026-09-29 14:49:47,338 INFO o.a.j.s.FileServer: Set new base='C:\seckill-system\perf'
2026-09-29 14:49:47,688 INFO o.a.j.s.SaveService: Testplan (JMX) version: 2.2. Testlog (JTL) version: 2.2
2026-09-29 14:49:47,737 INFO o.a.j.s.SaveService: Using SaveService properties version 5.0
2026-09-29 14:49:47,743 INFO o.a.j.s.SaveService: Using SaveService properties file encoding UTF-8
2026-09-29 14:49:47,748 INFO o.a.j.s.SaveService: Loading file: perf\stage4.jmx
2026-09-29 14:49:47,827 INFO o.a.j.p.h.s.HTTPSamplerBase: Parser for text/html is org.apache.jmeter.protocol.http.parser.LagartoBasedHtmlParser
2026-09-29 14:49:47,828 INFO o.a.j.p.h.s.HTTPSamplerBase: Parser for application/xhtml+xml is org.apache.jmeter.protocol.http.parser.LagartoBasedHtmlParser
2026-09-29 14:49:47,828 INFO o.a.j.p.h.s.HTTPSamplerBase: Parser for application/xml is org.apache.jmeter.protocol.http.parser.LagartoBasedHtmlParser
2026-09-29 14:49:47,828 INFO o.a.j.p.h.s.HTTPSamplerBase: Parser for text/xml is org.apache.jmeter.protocol.http.parser.LagartoBasedHtmlParser
2026-09-29 14:49:47,828 INFO o.a.j.p.h.s.HTTPSamplerBase: Parser for text/vnd.wap.wml is org.apache.jmeter.protocol.http.parser.RegexpHTMLParser
2026-09-29 14:49:47,828 INFO o.a.j.p.h.s.HTTPSamplerBase: Parser for text/css is org.apache.jmeter.protocol.http.parser.CssParser
2026-09-29 14:49:47,849 INFO o.a.j.JMeter: Creating summariser <summary>
2026-09-29 14:49:47,878 INFO o.a.j.e.StandardJMeterEngine: Running the test!
2026-09-29 14:49:47,879 INFO o.a.j.s.SampleEvent: List of sample_variables: []
2026-09-29 14:49:47,879 INFO o.a.j.s.SampleEvent: List of sample_variables: []
2026-09-29 14:49:47,886 INFO o.a.j.e.u.CompoundVariable: Note: Function class names must contain the string: '.functions.'
2026-09-29 14:49:47,886 INFO o.a.j.e.u.CompoundVariable: Note: Function class names must not contain the string: '.gui.'
2026-09-29 14:49:47,998 INFO o.a.j.JMeter: 正在运行的测试 (1790664587998)
2026-09-29 14:49:48,020 INFO o.a.j.e.StandardJMeterEngine: Starting ThreadGroup: 1 : Purchase
2026-09-29 14:49:48,020 INFO o.a.j.e.StandardJMeterEngine: Starting 10 threads for group Purchase.
2026-09-29 14:49:48,020 INFO o.a.j.e.StandardJMeterEngine: Thread will continue on error
2026-09-29 14:49:48,020 INFO o.a.j.t.ThreadGroup: Starting thread group... number=1 threads=10 ramp-up=1 delayedStart=false
2026-09-29 14:49:48,031 INFO o.a.j.t.JMeterThread: Thread started: Purchase 1-1
2026-09-29 14:49:48,032 INFO o.a.j.t.ThreadGroup: Started thread group number 1
2026-09-29 14:49:48,032 INFO o.a.j.e.StandardJMeterEngine: All thread groups have been started
2026-09-29 14:49:48,127 INFO o.a.j.t.JMeterThread: Thread started: Purchase 1-2
2026-09-29 14:49:48,153 INFO o.a.j.p.h.s.HTTPHCAbstractImpl: Local host = LAPTOP-77E72ENH
2026-09-29 14:49:48,162 INFO o.a.j.p.h.s.HTTPHC4Impl: HTTP request retry count = 0
2026-09-29 14:49:48,164 INFO o.a.j.s.SampleResult: Note: Sample TimeStamps are START times
2026-09-29 14:49:48,165 INFO o.a.j.s.SampleResult: sampleresult.default.encoding is set to UTF-8
2026-09-29 14:49:48,165 INFO o.a.j.s.SampleResult: sampleresult.useNanoTime=true
2026-09-29 14:49:48,165 INFO o.a.j.s.SampleResult: sampleresult.nanoThreadSleep=5000
2026-09-29 14:49:48,229 INFO o.a.j.t.JMeterThread: Thread started: Purchase 1-3
2026-09-29 14:49:48,328 INFO o.a.j.t.JMeterThread: Thread started: Purchase 1-4
2026-09-29 14:49:48,426 INFO o.a.j.t.JMeterThread: Thread started: Purchase 1-5
2026-09-29 14:49:48,525 INFO o.a.j.t.JMeterThread: Thread started: Purchase 1-6
2026-09-29 14:49:48,627 INFO o.a.j.t.JMeterThread: Thread started: Purchase 1-7
2026-09-29 14:49:48,723 INFO o.a.j.t.JMeterThread: Thread started: Purchase 1-8
2026-09-29 14:49:48,825 INFO o.a.j.t.JMeterThread: Thread started: Purchase 1-9
2026-09-29 14:49:48,923 INFO o.a.j.t.JMeterThread: Thread started: Purchase 1-10
2026-09-29 14:49:54,415 INFO o.a.j.t.JMeterThread: Thread is done: Purchase 1-2
2026-09-29 14:49:54,415 INFO o.a.j.t.JMeterThread: Thread finished: Purchase 1-2
2026-09-29 14:49:54,416 INFO o.a.j.t.JMeterThread: Thread is done: Purchase 1-3
2026-09-29 14:49:54,416 INFO o.a.j.t.JMeterThread: Thread finished: Purchase 1-3
2026-09-29 14:49:54,479 INFO o.a.j.t.JMeterThread: Thread is done: Purchase 1-4
2026-09-29 14:49:54,480 INFO o.a.j.t.JMeterThread: Thread finished: Purchase 1-4
2026-09-29 14:49:54,536 INFO o.a.j.t.JMeterThread: Thread is done: Purchase 1-1
2026-09-29 14:49:54,536 INFO o.a.j.t.JMeterThread: Thread finished: Purchase 1-1
2026-09-29 14:49:54,604 INFO o.a.j.t.JMeterThread: Thread is done: Purchase 1-5
2026-09-29 14:49:54,604 INFO o.a.j.t.JMeterThread: Thread finished: Purchase 1-5
2026-09-29 14:49:54,730 INFO o.a.j.t.JMeterThread: Thread is done: Purchase 1-6
2026-09-29 14:49:54,730 INFO o.a.j.t.JMeterThread: Thread finished: Purchase 1-6
2026-09-29 14:49:54,907 INFO o.a.j.t.JMeterThread: Thread is done: Purchase 1-7
2026-09-29 14:49:54,908 INFO o.a.j.t.JMeterThread: Thread finished: Purchase 1-7
2026-09-29 14:49:54,976 INFO o.a.j.t.JMeterThread: Thread is done: Purchase 1-8
2026-09-29 14:49:54,976 INFO o.a.j.t.JMeterThread: Thread finished: Purchase 1-8
2026-09-29 14:49:55,031 INFO o.a.j.t.JMeterThread: Thread is done: Purchase 1-9
2026-09-29 14:49:55,031 INFO o.a.j.t.JMeterThread: Thread finished: Purchase 1-9
2026-09-29 14:49:55,096 INFO o.a.j.t.JMeterThread: Thread is done: Purchase 1-10
2026-09-29 14:49:55,097 INFO o.a.j.t.JMeterThread: Thread finished: Purchase 1-10
2026-09-29 14:49:55,097 INFO o.a.j.e.StandardJMeterEngine: Notifying test listeners of end of test
2026-09-29 14:49:55,102 INFO o.a.j.r.Summariser: summary =    500 in 00:00:07 =   70.4/s Avg:    15 Min:     8 Max:    80 Err:     0 (0.00%)
