2026-09-29 14:50:14,628 INFO o.a.j.u.JMeterUtils: Setting Locale to zh_CN
2026-09-29 14:50:14,675 INFO o.a.j.JMeter: Loading user properties from: C:\seckill-system\target\tools\apache-jmeter-5.6.3\bin\user.properties
2026-09-29 14:50:14,676 INFO o.a.j.JMeter: Loading system properties from: C:\seckill-system\target\tools\apache-jmeter-5.6.3\bin\system.properties
2026-09-29 14:50:14,676 INFO o.a.j.JMeter: Setting JMeter property: users=100
2026-09-29 14:50:14,676 INFO o.a.j.JMeter: Setting JMeter property: loops=100
2026-09-29 14:50:14,677 INFO o.a.j.JMeter: Setting JMeter property: ramp=1
2026-09-29 14:50:14,677 INFO o.a.j.JMeter: Setting JMeter property: delay=0
2026-09-29 14:50:14,677 INFO o.a.j.JMeter: Setting JMeter property: product=220
2026-09-29 14:50:14,677 INFO o.a.j.JMeter: Setting JMeter property: port=18090
2026-09-29 14:50:14,689 INFO o.a.j.JMeter: Copyright (c) 1998-2024 The Apache Software Foundation
2026-09-29 14:50:14,690 INFO o.a.j.JMeter: Version 5.6.3
2026-09-29 14:50:14,690 INFO o.a.j.JMeter: java.version=21.0.12.1
2026-09-29 14:50:14,690 INFO o.a.j.JMeter: java.vm.name=OpenJDK 64-Bit Server VM
2026-09-29 14:50:14,690 INFO o.a.j.JMeter: os.name=Windows 11
2026-09-29 14:50:14,690 INFO o.a.j.JMeter: os.arch=amd64
2026-09-29 14:50:14,690 INFO o.a.j.JMeter: os.version=10.0
2026-09-29 14:50:14,690 INFO o.a.j.JMeter: file.encoding=UTF-8
2026-09-29 14:50:14,690 INFO o.a.j.JMeter: java.awt.headless=true
2026-09-29 14:50:14,690 INFO o.a.j.JMeter: Max memory     =536870912
2026-09-29 14:50:14,690 INFO o.a.j.JMeter: Available Processors =32
2026-09-29 14:50:14,703 INFO o.a.j.JMeter: Default Locale=中文 (中国)
2026-09-29 14:50:14,703 INFO o.a.j.JMeter: JMeter  Locale=中文 (中国)
2026-09-29 14:50:14,703 INFO o.a.j.JMeter: JMeterHome=C:\seckill-system\target\tools\apache-jmeter-5.6.3
2026-09-29 14:50:14,703 INFO o.a.j.JMeter: user.dir  =C:\seckill-system
2026-09-29 14:50:14,704 INFO o.a.j.JMeter: PWD       =C:\seckill-system
2026-09-29 14:50:14,720 INFO o.a.j.JMeter: IP: 172.26.243.24 Name: LAPTOP-77E72ENH FullName: LAPTOP-77E72ENH
2026-09-29 14:50:14,743 INFO o.a.j.s.FileServer: Default base='C:\seckill-system'
2026-09-29 14:50:14,746 INFO o.a.j.s.FileServer: Set new base='C:\seckill-system\perf'
2026-09-29 14:50:15,082 INFO o.a.j.s.SaveService: Testplan (JMX) version: 2.2. Testlog (JTL) version: 2.2
2026-09-29 14:50:15,131 INFO o.a.j.s.SaveService: Using SaveService properties version 5.0
2026-09-29 14:50:15,140 INFO o.a.j.s.SaveService: Using SaveService properties file encoding UTF-8
2026-09-29 14:50:15,146 INFO o.a.j.s.SaveService: Loading file: perf\stage4.jmx
2026-09-29 14:50:15,241 INFO o.a.j.p.h.s.HTTPSamplerBase: Parser for text/html is org.apache.jmeter.protocol.http.parser.LagartoBasedHtmlParser
2026-09-29 14:50:15,241 INFO o.a.j.p.h.s.HTTPSamplerBase: Parser for application/xhtml+xml is org.apache.jmeter.protocol.http.parser.LagartoBasedHtmlParser
2026-09-29 14:50:15,241 INFO o.a.j.p.h.s.HTTPSamplerBase: Parser for application/xml is org.apache.jmeter.protocol.http.parser.LagartoBasedHtmlParser
2026-09-29 14:50:15,241 INFO o.a.j.p.h.s.HTTPSamplerBase: Parser for text/xml is org.apache.jmeter.protocol.http.parser.LagartoBasedHtmlParser
2026-09-29 14:50:15,242 INFO o.a.j.p.h.s.HTTPSamplerBase: Parser for text/vnd.wap.wml is org.apache.jmeter.protocol.http.parser.RegexpHTMLParser
2026-09-29 14:50:15,242 INFO o.a.j.p.h.s.HTTPSamplerBase: Parser for text/css is org.apache.jmeter.protocol.http.parser.CssParser
2026-09-29 14:50:15,266 INFO o.a.j.JMeter: Creating summariser <summary>
2026-09-29 14:50:15,299 INFO o.a.j.e.StandardJMeterEngine: Running the test!
2026-09-29 14:50:15,300 INFO o.a.j.s.SampleEvent: List of sample_variables: []
2026-09-29 14:50:15,300 INFO o.a.j.s.SampleEvent: List of sample_variables: []
2026-09-29 14:50:15,315 INFO o.a.j.e.u.CompoundVariable: Note: Function class names must contain the string: '.functions.'
2026-09-29 14:50:15,316 INFO o.a.j.e.u.CompoundVariable: Note: Function class names must not contain the string: '.gui.'
2026-09-29 14:50:15,432 INFO o.a.j.JMeter: 正在运行的测试 (1790664615431)
2026-09-29 14:50:15,452 INFO o.a.j.e.StandardJMeterEngine: Starting ThreadGroup: 1 : Purchase
2026-09-29 14:50:15,453 INFO o.a.j.e.StandardJMeterEngine: Starting 100 threads for group Purchase.
2026-09-29 14:50:15,453 INFO o.a.j.e.StandardJMeterEngine: Thread will continue on error
2026-09-29 14:50:15,453 INFO o.a.j.t.ThreadGroup: Starting thread group... number=1 threads=100 ramp-up=1 delayedStart=false
2026-09-29 14:50:15,463 INFO o.a.j.t.JMeterThread: Thread started: Purchase 1-1
2026-09-29 14:50:15,470 INFO o.a.j.t.JMeterThread: Thread started: Purchase 1-2
2026-09-29 14:50:15,478 INFO o.a.j.t.JMeterThread: Thread started: Purchase 1-3
2026-09-29 14:50:15,488 INFO o.a.j.t.JMeterThread: Thread started: Purchase 1-4
2026-09-29 14:50:15,497 INFO o.a.j.t.JMeterThread: Thread started: Purchase 1-5
2026-09-29 14:50:15,499 INFO o.a.j.p.h.s.HTTPHCAbstractImpl: Local host = LAPTOP-77E72ENH
2026-09-29 14:50:15,508 INFO o.a.j.t.JMeterThread: Thread started: Purchase 1-6
2026-09-29 14:50:15,518 INFO o.a.j.t.JMeterThread: Thread started: Purchase 1-7
2026-09-29 14:50:15,518 INFO o.a.j.t.ThreadGroup: Started thread group number 1
2026-09-29 14:50:15,519 INFO o.a.j.e.StandardJMeterEngine: All thread groups have been started
2026-09-29 14:50:15,522 INFO o.a.j.p.h.s.HTTPHC4Impl: HTTP request retry count = 0
2026-09-29 14:50:15,525 INFO o.a.j.s.SampleResult: Note: Sample TimeStamps are START times
2026-09-29 14:50:15,525 INFO o.a.j.s.SampleResult: sampleresult.default.encoding is set to UTF-8
2026-09-29 14:50:15,525 INFO o.a.j.s.SampleResult: sampleresult.useNanoTime=true
2026-09-29 14:50:15,525 INFO o.a.j.s.SampleResult: sampleresult.nanoThreadSleep=5000
2026-09-29 14:50:15,527 INFO o.a.j.t.JMeterThread: Thread started: Purchase 1-8
2026-09-29 14:50:15,535 INFO o.a.j.t.JMeterThread: Thread started: Purchase 1-9
2026-09-29 14:50:15,545 INFO o.a.j.t.JMeterThread: Thread started: Purchase 1-10
2026-09-29 14:50:15,555 INFO o.a.j.t.JMeterThread: Thread started: Purchase 1-11
2026-09-29 14:50:15,566 INFO o.a.j.t.JMeterThread: Thread started: Purchase 1-12
2026-09-29 14:50:15,576 INFO o.a.j.t.JMeterThread: Thread started: Purchase 1-13
2026-09-29 14:50:15,586 INFO o.a.j.t.JMeterThread: Thread started: Purchase 1-14
2026-09-29 14:50:15,596 INFO o.a.j.t.JMeterThread: Thread started: Purchase 1-15
2026-09-29 14:50:15,606 INFO o.a.j.t.JMeterThread: Thread started: Purchase 1-16
2026-09-29 14:50:15,616 INFO o.a.j.t.JMeterThread: Thread started: Purchase 1-17
2026-09-29 14:50:15,625 INFO o.a.j.t.JMeterThread: Thread started: Purchase 1-18
2026-09-29 14:50:15,638 INFO o.a.j.t.JMeterThread: Thread started: Purchase 1-19
2026-09-29 14:50:15,645 INFO o.a.j.t.JMeterThread: Thread started: Purchase 1-20
2026-09-29 14:50:15,657 INFO o.a.j.t.JMeterThread: Thread started: Purchase 1-21
2026-09-29 14:50:15,665 INFO o.a.j.t.JMeterThread: Thread started: Purchase 1-22
2026-09-29 14:50:15,676 INFO o.a.j.t.JMeterThread: Thread started: Purchase 1-23
2026-09-29 14:50:15,686 INFO o.a.j.t.JMeterThread: Thread started: Purchase 1-24
2026-09-29 14:50:15,695 INFO o.a.j.t.JMeterThread: Thread started: Purchase 1-25
2026-09-29 14:50:15,707 INFO o.a.j.t.JMeterThread: Thread started: Purchase 1-26
2026-09-29 14:50:15,715 INFO o.a.j.t.JMeterThread: Thread started: Purchase 1-27
2026-09-29 14:50:15,725 INFO o.a.j.t.JMeterThread: Thread started: Purchase 1-28
2026-09-29 14:50:15,735 INFO o.a.j.t.JMeterThread: Thread started: Purchase 1-29
2026-09-29 14:50:15,745 INFO o.a.j.t.JMeterThread: Thread started: Purchase 1-30
2026-09-29 14:50:15,755 INFO o.a.j.t.JMeterThread: Thread started: Purchase 1-31
2026-09-29 14:50:15,765 INFO o.a.j.t.JMeterThread: Thread started: Purchase 1-32
2026-09-29 14:50:15,775 INFO o.a.j.t.JMeterThread: Thread started: Purchase 1-33
2026-09-29 14:50:15,785 INFO o.a.j.t.JMeterThread: Thread started: Purchase 1-34
2026-09-29 14:50:15,796 INFO o.a.j.t.JMeterThread: Thread started: Purchase 1-35
2026-09-29 14:50:15,805 INFO o.a.j.t.JMeterThread: Thread started: Purchase 1-36
2026-09-29 14:50:15,816 INFO o.a.j.t.JMeterThread: Thread started: Purchase 1-37
2026-09-29 14:50:15,826 INFO o.a.j.t.JMeterThread: Thread started: Purchase 1-38
2026-09-29 14:50:15,835 INFO o.a.j.t.JMeterThread: Thread started: Purchase 1-39
2026-09-29 14:50:15,845 INFO o.a.j.t.JMeterThread: Thread started: Purchase 1-40
2026-09-29 14:50:15,855 INFO o.a.j.t.JMeterThread: Thread started: Purchase 1-41
2026-09-29 14:50:15,865 INFO o.a.j.t.JMeterThread: Thread started: Purchase 1-42
2026-09-29 14:50:15,875 INFO o.a.j.t.JMeterThread: Thread started: Purchase 1-43
2026-09-29 14:50:15,885 INFO o.a.j.t.JMeterThread: Thread started: Purchase 1-44
2026-09-29 14:50:15,895 INFO o.a.j.t.JMeterThread: Thread started: Purchase 1-45
2026-09-29 14:50:15,905 INFO o.a.j.t.JMeterThread: Thread started: Purchase 1-46
2026-09-29 14:50:15,916 INFO o.a.j.t.JMeterThread: Thread started: Purchase 1-47
2026-09-29 14:50:15,925 INFO o.a.j.t.JMeterThread: Thread started: Purchase 1-48
2026-09-29 14:50:15,936 INFO o.a.j.t.JMeterThread: Thread started: Purchase 1-49
2026-09-29 14:50:15,946 INFO o.a.j.t.JMeterThread: Thread started: Purchase 1-50
2026-09-29 14:50:15,956 INFO o.a.j.t.JMeterThread: Thread started: Purchase 1-51
2026-09-29 14:50:15,969 INFO o.a.j.t.JMeterThread: Thread started: Purchase 1-52
2026-09-29 14:50:15,976 INFO o.a.j.t.JMeterThread: Thread started: Purchase 1-53
2026-09-29 14:50:15,986 INFO o.a.j.t.JMeterThread: Thread started: Purchase 1-54
2026-09-29 14:50:15,995 INFO o.a.j.t.JMeterThread: Thread started: Purchase 1-55
2026-09-29 14:50:16,006 INFO o.a.j.t.JMeterThread: Thread started: Purchase 1-56
2026-09-29 14:50:16,015 INFO o.a.j.t.JMeterThread: Thread started: Purchase 1-57
2026-09-29 14:50:16,026 INFO o.a.j.t.JMeterThread: Thread started: Purchase 1-58
2026-09-29 14:50:16,035 INFO o.a.j.t.JMeterThread: Thread started: Purchase 1-59
2026-09-29 14:50:16,047 INFO o.a.j.t.JMeterThread: Thread started: Purchase 1-60
2026-09-29 14:50:16,056 INFO o.a.j.t.JMeterThread: Thread started: Purchase 1-61
2026-09-29 14:50:16,065 INFO o.a.j.t.JMeterThread: Thread started: Purchase 1-62
2026-09-29 14:50:16,076 INFO o.a.j.t.JMeterThread: Thread started: Purchase 1-63
2026-09-29 14:50:16,085 INFO o.a.j.t.JMeterThread: Thread started: Purchase 1-64
2026-09-29 14:50:16,096 INFO o.a.j.t.JMeterThread: Thread started: Purchase 1-65
2026-09-29 14:50:16,105 INFO o.a.j.t.JMeterThread: Thread started: Purchase 1-66
2026-09-29 14:50:16,115 INFO o.a.j.t.JMeterThread: Thread started: Purchase 1-67
2026-09-29 14:50:16,124 INFO o.a.j.t.JMeterThread: Thread started: Purchase 1-68
2026-09-29 14:50:16,137 INFO o.a.j.t.JMeterThread: Thread started: Purchase 1-69
2026-09-29 14:50:16,145 INFO o.a.j.t.JMeterThread: Thread started: Purchase 1-70
2026-09-29 14:50:16,156 INFO o.a.j.t.JMeterThread: Thread started: Purchase 1-71
2026-09-29 14:50:16,165 INFO o.a.j.t.JMeterThread: Thread started: Purchase 1-72
2026-09-29 14:50:16,175 INFO o.a.j.t.JMeterThread: Thread started: Purchase 1-73
2026-09-29 14:50:16,185 INFO o.a.j.t.JMeterThread: Thread started: Purchase 1-74
2026-09-29 14:50:16,197 INFO o.a.j.t.JMeterThread: Thread started: Purchase 1-75
2026-09-29 14:50:16,205 INFO o.a.j.t.JMeterThread: Thread started: Purchase 1-76
2026-09-29 14:50:16,217 INFO o.a.j.t.JMeterThread: Thread started: Purchase 1-77
2026-09-29 14:50:16,226 INFO o.a.j.t.JMeterThread: Thread started: Purchase 1-78
2026-09-29 14:50:16,236 INFO o.a.j.t.JMeterThread: Thread started: Purchase 1-79
2026-09-29 14:50:16,245 INFO o.a.j.t.JMeterThread: Thread started: Purchase 1-80
2026-09-29 14:50:16,255 INFO o.a.j.t.JMeterThread: Thread started: Purchase 1-81
2026-09-29 14:50:16,265 INFO o.a.j.t.JMeterThread: Thread started: Purchase 1-82
2026-09-29 14:50:16,276 INFO o.a.j.t.JMeterThread: Thread started: Purchase 1-83
2026-09-29 14:50:16,285 INFO o.a.j.t.JMeterThread: Thread started: Purchase 1-84
2026-09-29 14:50:16,295 INFO o.a.j.t.JMeterThread: Thread started: Purchase 1-85
2026-09-29 14:50:16,306 INFO o.a.j.t.JMeterThread: Thread started: Purchase 1-86
2026-09-29 14:50:16,315 INFO o.a.j.t.JMeterThread: Thread started: Purchase 1-87
2026-09-29 14:50:16,324 INFO o.a.j.t.JMeterThread: Thread started: Purchase 1-88
2026-09-29 14:50:16,334 INFO o.a.j.t.JMeterThread: Thread started: Purchase 1-89
2026-09-29 14:50:16,345 INFO o.a.j.t.JMeterThread: Thread started: Purchase 1-90
2026-09-29 14:50:16,355 INFO o.a.j.t.JMeterThread: Thread started: Purchase 1-91
2026-09-29 14:50:16,367 INFO o.a.j.t.JMeterThread: Thread started: Purchase 1-92
2026-09-29 14:50:16,375 INFO o.a.j.t.JMeterThread: Thread started: Purchase 1-93
2026-09-29 14:50:16,386 INFO o.a.j.t.JMeterThread: Thread started: Purchase 1-94
2026-09-29 14:50:16,396 INFO o.a.j.t.JMeterThread: Thread started: Purchase 1-95
2026-09-29 14:50:16,404 INFO o.a.j.t.JMeterThread: Thread started: Purchase 1-96
2026-09-29 14:50:16,415 INFO o.a.j.t.JMeterThread: Thread started: Purchase 1-97
2026-09-29 14:50:16,432 INFO o.a.j.t.JMeterThread: Thread started: Purchase 1-98
2026-09-29 14:50:16,438 INFO o.a.j.t.JMeterThread: Thread started: Purchase 1-99
2026-09-29 14:50:16,446 INFO o.a.j.t.JMeterThread: Thread started: Purchase 1-100
2026-09-29 14:50:19,145 INFO o.a.j.t.JMeterThread: Thread is done: Purchase 1-29
2026-09-29 14:50:19,146 INFO o.a.j.t.JMeterThread: Thread finished: Purchase 1-29
2026-09-29 14:50:19,215 INFO o.a.j.t.JMeterThread: Thread is done: Purchase 1-23
2026-09-29 14:50:19,216 INFO o.a.j.t.JMeterThread: Thread finished: Purchase 1-23
2026-09-29 14:50:19,230 INFO o.a.j.t.JMeterThread: Thread is done: Purchase 1-15
2026-09-29 14:50:19,231 INFO o.a.j.t.JMeterThread: Thread finished: Purchase 1-15
2026-09-29 14:50:19,296 INFO o.a.j.t.JMeterThread: Thread is done: Purchase 1-44
2026-09-29 14:50:19,296 INFO o.a.j.t.JMeterThread: Thread finished: Purchase 1-44
2026-09-29 14:50:19,304 INFO o.a.j.t.JMeterThread: Thread is done: Purchase 1-40
2026-09-29 14:50:19,304 INFO o.a.j.t.JMeterThread: Thread finished: Purchase 1-40
2026-09-29 14:50:19,304 INFO o.a.j.t.JMeterThread: Thread is done: Purchase 1-31
2026-09-29 14:50:19,304 INFO o.a.j.t.JMeterThread: Thread finished: Purchase 1-31
2026-09-29 14:50:19,309 INFO o.a.j.t.JMeterThread: Thread is done: Purchase 1-39
2026-09-29 14:50:19,309 INFO o.a.j.t.JMeterThread: Thread finished: Purchase 1-39
2026-09-29 14:50:19,318 INFO o.a.j.t.JMeterThread: Thread is done: Purchase 1-24
2026-09-29 14:50:19,318 INFO o.a.j.t.JMeterThread: Thread finished: Purchase 1-24
2026-09-29 14:50:19,332 INFO o.a.j.t.JMeterThread: Thread is done: Purchase 1-5
2026-09-29 14:50:19,333 INFO o.a.j.t.JMeterThread: Thread finished: Purchase 1-5
2026-09-29 14:50:19,333 INFO o.a.j.t.JMeterThread: Thread is done: Purchase 1-32
2026-09-29 14:50:19,333 INFO o.a.j.t.JMeterThread: Thread is done: Purchase 1-26
2026-09-29 14:50:19,333 INFO o.a.j.t.JMeterThread: Thread finished: Purchase 1-32
2026-09-29 14:50:19,333 INFO o.a.j.t.JMeterThread: Thread finished: Purchase 1-26
2026-09-29 14:50:19,334 INFO o.a.j.t.JMeterThread: Thread is done: Purchase 1-12
2026-09-29 14:50:19,334 INFO o.a.j.t.JMeterThread: Thread finished: Purchase 1-12
2026-09-29 14:50:19,347 INFO o.a.j.t.JMeterThread: Thread is done: Purchase 1-30
2026-09-29 14:50:19,347 INFO o.a.j.t.JMeterThread: Thread finished: Purchase 1-30
2026-09-29 14:50:19,373 INFO o.a.j.t.JMeterThread: Thread is done: Purchase 1-38
2026-09-29 14:50:19,373 INFO o.a.j.t.JMeterThread: Thread finished: Purchase 1-38
2026-09-29 14:50:19,381 INFO o.a.j.t.JMeterThread: Thread is done: Purchase 1-10
2026-09-29 14:50:19,382 INFO o.a.j.t.JMeterThread: Thread finished: Purchase 1-10
2026-09-29 14:50:19,384 INFO o.a.j.t.JMeterThread: Thread is done: Purchase 1-41
2026-09-29 14:50:19,384 INFO o.a.j.t.JMeterThread: Thread finished: Purchase 1-41
2026-09-29 14:50:19,385 INFO o.a.j.t.JMeterThread: Thread is done: Purchase 1-16
2026-09-29 14:50:19,385 INFO o.a.j.t.JMeterThread: Thread finished: Purchase 1-16
2026-09-29 14:50:19,387 INFO o.a.j.t.JMeterThread: Thread is done: Purchase 1-42
2026-09-29 14:50:19,387 INFO o.a.j.t.JMeterThread: Thread finished: Purchase 1-42
2026-09-29 14:50:19,399 INFO o.a.j.t.JMeterThread: Thread is done: Purchase 1-37
2026-09-29 14:50:19,399 INFO o.a.j.t.JMeterThread: Thread finished: Purchase 1-37
2026-09-29 14:50:19,402 INFO o.a.j.t.JMeterThread: Thread is done: Purchase 1-49
2026-09-29 14:50:19,402 INFO o.a.j.t.JMeterThread: Thread finished: Purchase 1-49
2026-09-29 14:50:19,403 INFO o.a.j.t.JMeterThread: Thread is done: Purchase 1-56
2026-09-29 14:50:19,403 INFO o.a.j.t.JMeterThread: Thread finished: Purchase 1-56
2026-09-29 14:50:19,405 INFO o.a.j.t.JMeterThread: Thread is done: Purchase 1-7
2026-09-29 14:50:19,405 INFO o.a.j.t.JMeterThread: Thread finished: Purchase 1-7
2026-09-29 14:50:19,414 INFO o.a.j.t.JMeterThread: Thread is done: Purchase 1-11
2026-09-29 14:50:19,414 INFO o.a.j.t.JMeterThread: Thread finished: Purchase 1-11
2026-09-29 14:50:19,416 INFO o.a.j.t.JMeterThread: Thread is done: Purchase 1-48
2026-09-29 14:50:19,416 INFO o.a.j.t.JMeterThread: Thread finished: Purchase 1-48
2026-09-29 14:50:19,419 INFO o.a.j.t.JMeterThread: Thread is done: Purchase 1-47
2026-09-29 14:50:19,419 INFO o.a.j.t.JMeterThread: Thread finished: Purchase 1-47
2026-09-29 14:50:19,431 INFO o.a.j.t.JMeterThread: Thread is done: Purchase 1-4
2026-09-29 14:50:19,432 INFO o.a.j.t.JMeterThread: Thread finished: Purchase 1-4
2026-09-29 14:50:19,435 INFO o.a.j.t.JMeterThread: Thread is done: Purchase 1-1
2026-09-29 14:50:19,436 INFO o.a.j.t.JMeterThread: Thread finished: Purchase 1-1
2026-09-29 14:50:19,437 INFO o.a.j.t.JMeterThread: Thread is done: Purchase 1-50
2026-09-29 14:50:19,437 INFO o.a.j.t.JMeterThread: Thread is done: Purchase 1-2
2026-09-29 14:50:19,437 INFO o.a.j.t.JMeterThread: Thread finished: Purchase 1-50
2026-09-29 14:50:19,437 INFO o.a.j.t.JMeterThread: Thread finished: Purchase 1-2
2026-09-29 14:50:19,440 INFO o.a.j.t.JMeterThread: Thread is done: Purchase 1-13
2026-09-29 14:50:19,441 INFO o.a.j.t.JMeterThread: Thread finished: Purchase 1-13
2026-09-29 14:50:19,444 INFO o.a.j.t.JMeterThread: Thread is done: Purchase 1-46
2026-09-29 14:50:19,444 INFO o.a.j.t.JMeterThread: Thread finished: Purchase 1-46
2026-09-29 14:50:19,445 INFO o.a.j.t.JMeterThread: Thread is done: Purchase 1-43
2026-09-29 14:50:19,445 INFO o.a.j.t.JMeterThread: Thread finished: Purchase 1-43
2026-09-29 14:50:19,449 INFO o.a.j.t.JMeterThread: Thread is done: Purchase 1-18
2026-09-29 14:50:19,450 INFO o.a.j.t.JMeterThread: Thread finished: Purchase 1-18
2026-09-29 14:50:19,450 INFO o.a.j.t.JMeterThread: Thread is done: Purchase 1-19
2026-09-29 14:50:19,450 INFO o.a.j.t.JMeterThread: Thread finished: Purchase 1-19
2026-09-29 14:50:19,450 INFO o.a.j.t.JMeterThread: Thread is done: Purchase 1-52
2026-09-29 14:50:19,451 INFO o.a.j.t.JMeterThread: Thread finished: Purchase 1-52
2026-09-29 14:50:19,460 INFO o.a.j.t.JMeterThread: Thread is done: Purchase 1-8
2026-09-29 14:50:19,461 INFO o.a.j.t.JMeterThread: Thread finished: Purchase 1-8
2026-09-29 14:50:19,461 INFO o.a.j.t.JMeterThread: Thread is done: Purchase 1-9
2026-09-29 14:50:19,461 INFO o.a.j.t.JMeterThread: Thread finished: Purchase 1-9
2026-09-29 14:50:19,468 INFO o.a.j.t.JMeterThread: Thread is done: Purchase 1-55
2026-09-29 14:50:19,468 INFO o.a.j.t.JMeterThread: Thread finished: Purchase 1-55
2026-09-29 14:50:19,468 INFO o.a.j.t.JMeterThread: Thread is done: Purchase 1-51
2026-09-29 14:50:19,468 INFO o.a.j.t.JMeterThread: Thread finished: Purchase 1-51
2026-09-29 14:50:19,470 INFO o.a.j.t.JMeterThread: Thread is done: Purchase 1-45
2026-09-29 14:50:19,470 INFO o.a.j.t.JMeterThread: Thread finished: Purchase 1-45
2026-09-29 14:50:19,479 INFO o.a.j.t.JMeterThread: Thread is done: Purchase 1-61
2026-09-29 14:50:19,479 INFO o.a.j.t.JMeterThread: Thread finished: Purchase 1-61
2026-09-29 14:50:19,487 INFO o.a.j.t.JMeterThread: Thread is done: Purchase 1-58
2026-09-29 14:50:19,487 INFO o.a.j.t.JMeterThread: Thread is done: Purchase 1-21
2026-09-29 14:50:19,487 INFO o.a.j.t.JMeterThread: Thread finished: Purchase 1-21
2026-09-29 14:50:19,487 INFO o.a.j.t.JMeterThread: Thread finished: Purchase 1-58
2026-09-29 14:50:19,492 INFO o.a.j.t.JMeterThread: Thread is done: Purchase 1-34
2026-09-29 14:50:19,492 INFO o.a.j.t.JMeterThread: Thread finished: Purchase 1-34
2026-09-29 14:50:19,498 INFO o.a.j.t.JMeterThread: Thread is done: Purchase 1-22
2026-09-29 14:50:19,499 INFO o.a.j.t.JMeterThread: Thread finished: Purchase 1-22
2026-09-29 14:50:19,516 INFO o.a.j.t.JMeterThread: Thread is done: Purchase 1-20
2026-09-29 14:50:19,517 INFO o.a.j.t.JMeterThread: Thread finished: Purchase 1-20
2026-09-29 14:50:19,520 INFO o.a.j.t.JMeterThread: Thread is done: Purchase 1-63
2026-09-29 14:50:19,520 INFO o.a.j.t.JMeterThread: Thread finished: Purchase 1-63
2026-09-29 14:50:19,521 INFO o.a.j.t.JMeterThread: Thread is done: Purchase 1-33
2026-09-29 14:50:19,521 INFO o.a.j.t.JMeterThread: Thread finished: Purchase 1-33
2026-09-29 14:50:19,537 INFO o.a.j.t.JMeterThread: Thread is done: Purchase 1-60
2026-09-29 14:50:19,538 INFO o.a.j.t.JMeterThread: Thread finished: Purchase 1-60
2026-09-29 14:50:19,540 INFO o.a.j.t.JMeterThread: Thread is done: Purchase 1-14
2026-09-29 14:50:19,540 INFO o.a.j.t.JMeterThread: Thread finished: Purchase 1-14
2026-09-29 14:50:19,542 INFO o.a.j.t.JMeterThread: Thread is done: Purchase 1-35
2026-09-29 14:50:19,542 INFO o.a.j.t.JMeterThread: Thread finished: Purchase 1-35
2026-09-29 14:50:19,546 INFO o.a.j.t.JMeterThread: Thread is done: Purchase 1-28
2026-09-29 14:50:19,546 INFO o.a.j.t.JMeterThread: Thread is done: Purchase 1-62
2026-09-29 14:50:19,547 INFO o.a.j.t.JMeterThread: Thread finished: Purchase 1-28
2026-09-29 14:50:19,547 INFO o.a.j.t.JMeterThread: Thread finished: Purchase 1-62
2026-09-29 14:50:19,548 INFO o.a.j.t.JMeterThread: Thread is done: Purchase 1-36
2026-09-29 14:50:19,548 INFO o.a.j.t.JMeterThread: Thread finished: Purchase 1-36
2026-09-29 14:50:19,548 INFO o.a.j.t.JMeterThread: Thread is done: Purchase 1-67
2026-09-29 14:50:19,548 INFO o.a.j.t.JMeterThread: Thread finished: Purchase 1-67
2026-09-29 14:50:19,550 INFO o.a.j.t.JMeterThread: Thread is done: Purchase 1-77
2026-09-29 14:50:19,550 INFO o.a.j.t.JMeterThread: Thread finished: Purchase 1-77
2026-09-29 14:50:19,551 INFO o.a.j.t.JMeterThread: Thread is done: Purchase 1-3
2026-09-29 14:50:19,551 INFO o.a.j.t.JMeterThread: Thread finished: Purchase 1-3
2026-09-29 14:50:19,562 INFO o.a.j.t.JMeterThread: Thread is done: Purchase 1-71
2026-09-29 14:50:19,562 INFO o.a.j.t.JMeterThread: Thread finished: Purchase 1-71
2026-09-29 14:50:19,566 INFO o.a.j.t.JMeterThread: Thread is done: Purchase 1-57
2026-09-29 14:50:19,566 INFO o.a.j.t.JMeterThread: Thread finished: Purchase 1-57
2026-09-29 14:50:19,566 INFO o.a.j.t.JMeterThread: Thread is done: Purchase 1-53
2026-09-29 14:50:19,566 INFO o.a.j.t.JMeterThread: Thread finished: Purchase 1-53
2026-09-29 14:50:19,571 INFO o.a.j.t.JMeterThread: Thread is done: Purchase 1-73
2026-09-29 14:50:19,571 INFO o.a.j.t.JMeterThread: Thread finished: Purchase 1-73
2026-09-29 14:50:19,576 INFO o.a.j.t.JMeterThread: Thread is done: Purchase 1-66
2026-09-29 14:50:19,576 INFO o.a.j.t.JMeterThread: Thread is done: Purchase 1-25
2026-09-29 14:50:19,576 INFO o.a.j.t.JMeterThread: Thread finished: Purchase 1-66
2026-09-29 14:50:19,576 INFO o.a.j.t.JMeterThread: Thread finished: Purchase 1-25
2026-09-29 14:50:19,577 INFO o.a.j.t.JMeterThread: Thread is done: Purchase 1-70
2026-09-29 14:50:19,577 INFO o.a.j.t.JMeterThread: Thread finished: Purchase 1-70
2026-09-29 14:50:19,581 INFO o.a.j.t.JMeterThread: Thread is done: Purchase 1-6
2026-09-29 14:50:19,581 INFO o.a.j.t.JMeterThread: Thread finished: Purchase 1-6
2026-09-29 14:50:19,583 INFO o.a.j.t.JMeterThread: Thread is done: Purchase 1-17
2026-09-29 14:50:19,584 INFO o.a.j.t.JMeterThread: Thread finished: Purchase 1-17
2026-09-29 14:50:19,585 INFO o.a.j.t.JMeterThread: Thread is done: Purchase 1-89
2026-09-29 14:50:19,585 INFO o.a.j.t.JMeterThread: Thread finished: Purchase 1-89
2026-09-29 14:50:19,585 INFO o.a.j.t.JMeterThread: Thread is done: Purchase 1-54
2026-09-29 14:50:19,585 INFO o.a.j.t.JMeterThread: Thread finished: Purchase 1-54
2026-09-29 14:50:19,589 INFO o.a.j.t.JMeterThread: Thread is done: Purchase 1-94
2026-09-29 14:50:19,589 INFO o.a.j.t.JMeterThread: Thread finished: Purchase 1-94
2026-09-29 14:50:19,593 INFO o.a.j.t.JMeterThread: Thread is done: Purchase 1-69
2026-09-29 14:50:19,594 INFO o.a.j.t.JMeterThread: Thread finished: Purchase 1-69
2026-09-29 14:50:19,595 INFO o.a.j.t.JMeterThread: Thread is done: Purchase 1-27
2026-09-29 14:50:19,596 INFO o.a.j.t.JMeterThread: Thread finished: Purchase 1-27
2026-09-29 14:50:19,604 INFO o.a.j.t.JMeterThread: Thread is done: Purchase 1-68
2026-09-29 14:50:19,605 INFO o.a.j.t.JMeterThread: Thread finished: Purchase 1-68
2026-09-29 14:50:19,607 INFO o.a.j.t.JMeterThread: Thread is done: Purchase 1-64
2026-09-29 14:50:19,607 INFO o.a.j.t.JMeterThread: Thread finished: Purchase 1-64
2026-09-29 14:50:19,609 INFO o.a.j.t.JMeterThread: Thread is done: Purchase 1-90
2026-09-29 14:50:19,609 INFO o.a.j.t.JMeterThread: Thread finished: Purchase 1-90
2026-09-29 14:50:19,610 INFO o.a.j.t.JMeterThread: Thread is done: Purchase 1-78
2026-09-29 14:50:19,610 INFO o.a.j.t.JMeterThread: Thread finished: Purchase 1-78
2026-09-29 14:50:19,614 INFO o.a.j.t.JMeterThread: Thread is done: Purchase 1-81
2026-09-29 14:50:19,614 INFO o.a.j.t.JMeterThread: Thread finished: Purchase 1-81
2026-09-29 14:50:19,615 INFO o.a.j.t.JMeterThread: Thread is done: Purchase 1-59
2026-09-29 14:50:19,615 INFO o.a.j.t.JMeterThread: Thread finished: Purchase 1-59
2026-09-29 14:50:19,616 INFO o.a.j.t.JMeterThread: Thread is done: Purchase 1-84
2026-09-29 14:50:19,617 INFO o.a.j.t.JMeterThread: Thread finished: Purchase 1-84
2026-09-29 14:50:19,618 INFO o.a.j.t.JMeterThread: Thread is done: Purchase 1-72
2026-09-29 14:50:19,618 INFO o.a.j.t.JMeterThread: Thread finished: Purchase 1-72
2026-09-29 14:50:19,619 INFO o.a.j.t.JMeterThread: Thread is done: Purchase 1-75
2026-09-29 14:50:19,619 INFO o.a.j.t.JMeterThread: Thread finished: Purchase 1-75
2026-09-29 14:50:19,621 INFO o.a.j.t.JMeterThread: Thread is done: Purchase 1-80
2026-09-29 14:50:19,622 INFO o.a.j.t.JMeterThread: Thread finished: Purchase 1-80
2026-09-29 14:50:19,622 INFO o.a.j.t.JMeterThread: Thread is done: Purchase 1-92
2026-09-29 14:50:19,622 INFO o.a.j.t.JMeterThread: Thread is done: Purchase 1-65
2026-09-29 14:50:19,622 INFO o.a.j.t.JMeterThread: Thread finished: Purchase 1-92
2026-09-29 14:50:19,622 INFO o.a.j.t.JMeterThread: Thread finished: Purchase 1-65
2026-09-29 14:50:19,622 INFO o.a.j.t.JMeterThread: Thread is done: Purchase 1-74
2026-09-29 14:50:19,623 INFO o.a.j.t.JMeterThread: Thread finished: Purchase 1-74
2026-09-29 14:50:19,624 INFO o.a.j.t.JMeterThread: Thread is done: Purchase 1-99
2026-09-29 14:50:19,624 INFO o.a.j.t.JMeterThread: Thread finished: Purchase 1-99
2026-09-29 14:50:19,626 INFO o.a.j.t.JMeterThread: Thread is done: Purchase 1-100
2026-09-29 14:50:19,626 INFO o.a.j.t.JMeterThread: Thread finished: Purchase 1-100
2026-09-29 14:50:19,634 INFO o.a.j.t.JMeterThread: Thread is done: Purchase 1-79
2026-09-29 14:50:19,634 INFO o.a.j.t.JMeterThread: Thread is done: Purchase 1-96
2026-09-29 14:50:19,634 INFO o.a.j.t.JMeterThread: Thread finished: Purchase 1-79
2026-09-29 14:50:19,634 INFO o.a.j.t.JMeterThread: Thread finished: Purchase 1-96
2026-09-29 14:50:19,640 INFO o.a.j.t.JMeterThread: Thread is done: Purchase 1-82
2026-09-29 14:50:19,640 INFO o.a.j.t.JMeterThread: Thread finished: Purchase 1-82
2026-09-29 14:50:19,640 INFO o.a.j.t.JMeterThread: Thread is done: Purchase 1-87
2026-09-29 14:50:19,640 INFO o.a.j.t.JMeterThread: Thread finished: Purchase 1-87
2026-09-29 14:50:19,644 INFO o.a.j.t.JMeterThread: Thread is done: Purchase 1-76
2026-09-29 14:50:19,645 INFO o.a.j.t.JMeterThread: Thread is done: Purchase 1-83
2026-09-29 14:50:19,645 INFO o.a.j.t.JMeterThread: Thread finished: Purchase 1-76
2026-09-29 14:50:19,645 INFO o.a.j.t.JMeterThread: Thread finished: Purchase 1-83
2026-09-29 14:50:19,645 INFO o.a.j.t.JMeterThread: Thread is done: Purchase 1-85
2026-09-29 14:50:19,645 INFO o.a.j.t.JMeterThread: Thread finished: Purchase 1-85
2026-09-29 14:50:19,647 INFO o.a.j.t.JMeterThread: Thread is done: Purchase 1-91
2026-09-29 14:50:19,647 INFO o.a.j.t.JMeterThread: Thread is done: Purchase 1-95
2026-09-29 14:50:19,647 INFO o.a.j.t.JMeterThread: Thread finished: Purchase 1-91
2026-09-29 14:50:19,647 INFO o.a.j.t.JMeterThread: Thread finished: Purchase 1-95
2026-09-29 14:50:19,648 INFO o.a.j.t.JMeterThread: Thread is done: Purchase 1-88
2026-09-29 14:50:19,648 INFO o.a.j.t.JMeterThread: Thread finished: Purchase 1-88
2026-09-29 14:50:19,651 INFO o.a.j.t.JMeterThread: Thread is done: Purchase 1-97
2026-09-29 14:50:19,651 INFO o.a.j.t.JMeterThread: Thread finished: Purchase 1-97
2026-09-29 14:50:19,657 INFO o.a.j.t.JMeterThread: Thread is done: Purchase 1-86
2026-09-29 14:50:19,657 INFO o.a.j.t.JMeterThread: Thread finished: Purchase 1-86
2026-09-29 14:50:19,671 INFO o.a.j.t.JMeterThread: Thread is done: Purchase 1-98
2026-09-29 14:50:19,672 INFO o.a.j.t.JMeterThread: Thread finished: Purchase 1-98
2026-09-29 14:50:19,694 INFO o.a.j.t.JMeterThread: Thread is done: Purchase 1-93
2026-09-29 14:50:19,694 INFO o.a.j.t.JMeterThread: Thread finished: Purchase 1-93
2026-09-29 14:50:19,695 INFO o.a.j.e.StandardJMeterEngine: Notifying test listeners of end of test
2026-09-29 14:50:19,706 INFO o.a.j.r.Summariser: summary =  10000 in 00:00:04 = 2342.5/s Avg:    34 Min:     2 Max:   159 Err:  9131 (91.31%)
