2026-09-29 14:49:23,320 INFO o.a.j.u.JMeterUtils: Setting Locale to zh_CN
2026-09-29 14:49:23,372 INFO o.a.j.JMeter: Loading user properties from: C:\seckill-system\target\tools\apache-jmeter-5.6.3\bin\user.properties
2026-09-29 14:49:23,373 INFO o.a.j.JMeter: Loading system properties from: C:\seckill-system\target\tools\apache-jmeter-5.6.3\bin\system.properties
2026-09-29 14:49:23,374 INFO o.a.j.JMeter: Setting JMeter property: users=10
2026-09-29 14:49:23,374 INFO o.a.j.JMeter: Setting JMeter property: loops=20
2026-09-29 14:49:23,374 INFO o.a.j.JMeter: Setting JMeter property: ramp=1
2026-09-29 14:49:23,375 INFO o.a.j.JMeter: Setting JMeter property: delay=0
2026-09-29 14:49:23,375 INFO o.a.j.JMeter: Setting JMeter property: product=218
2026-09-29 14:49:23,375 INFO o.a.j.JMeter: Setting JMeter property: port=18090
2026-09-29 14:49:23,384 INFO o.a.j.JMeter: Copyright (c) 1998-2024 The Apache Software Foundation
2026-09-29 14:49:23,384 INFO o.a.j.JMeter: Version 5.6.3
2026-09-29 14:49:23,385 INFO o.a.j.JMeter: java.version=21.0.12.1
2026-09-29 14:49:23,385 INFO o.a.j.JMeter: java.vm.name=OpenJDK 64-Bit Server VM
2026-09-29 14:49:23,385 INFO o.a.j.JMeter: os.name=Windows 11
2026-09-29 14:49:23,385 INFO o.a.j.JMeter: os.arch=amd64
2026-09-29 14:49:23,385 INFO o.a.j.JMeter: os.version=10.0
2026-09-29 14:49:23,385 INFO o.a.j.JMeter: file.encoding=UTF-8
2026-09-29 14:49:23,385 INFO o.a.j.JMeter: java.awt.headless=true
2026-09-29 14:49:23,385 INFO o.a.j.JMeter: Max memory     =536870912
2026-09-29 14:49:23,385 INFO o.a.j.JMeter: Available Processors =32
2026-09-29 14:49:23,400 INFO o.a.j.JMeter: Default Locale=中文 (中国)
2026-09-29 14:49:23,401 INFO o.a.j.JMeter: JMeter  Locale=中文 (中国)
2026-09-29 14:49:23,401 INFO o.a.j.JMeter: JMeterHome=C:\seckill-system\target\tools\apache-jmeter-5.6.3
2026-09-29 14:49:23,401 INFO o.a.j.JMeter: user.dir  =C:\seckill-system
2026-09-29 14:49:23,401 INFO o.a.j.JMeter: PWD       =C:\seckill-system
2026-09-29 14:49:23,404 INFO o.a.j.JMeter: IP: 172.26.243.24 Name: LAPTOP-77E72ENH FullName: LAPTOP-77E72ENH
2026-09-29 14:49:23,439 INFO o.a.j.s.FileServer: Default base='C:\seckill-system'
2026-09-29 14:49:23,442 INFO o.a.j.s.FileServer: Set new base='C:\seckill-system\perf'
2026-09-29 14:49:23,835 INFO o.a.j.s.SaveService: Testplan (JMX) version: 2.2. Testlog (JTL) version: 2.2
2026-09-29 14:49:23,880 INFO o.a.j.s.SaveService: Using SaveService properties version 5.0
2026-09-29 14:49:23,887 INFO o.a.j.s.SaveService: Using SaveService properties file encoding UTF-8
2026-09-29 14:49:23,894 INFO o.a.j.s.SaveService: Loading file: perf\stage4.jmx
2026-09-29 14:49:23,997 INFO o.a.j.p.h.s.HTTPSamplerBase: Parser for text/html is org.apache.jmeter.protocol.http.parser.LagartoBasedHtmlParser
2026-09-29 14:49:23,998 INFO o.a.j.p.h.s.HTTPSamplerBase: Parser for application/xhtml+xml is org.apache.jmeter.protocol.http.parser.LagartoBasedHtmlParser
2026-09-29 14:49:23,998 INFO o.a.j.p.h.s.HTTPSamplerBase: Parser for application/xml is org.apache.jmeter.protocol.http.parser.LagartoBasedHtmlParser
2026-09-29 14:49:23,998 INFO o.a.j.p.h.s.HTTPSamplerBase: Parser for text/xml is org.apache.jmeter.protocol.http.parser.LagartoBasedHtmlParser
2026-09-29 14:49:23,998 INFO o.a.j.p.h.s.HTTPSamplerBase: Parser for text/vnd.wap.wml is org.apache.jmeter.protocol.http.parser.RegexpHTMLParser
2026-09-29 14:49:23,998 INFO o.a.j.p.h.s.HTTPSamplerBase: Parser for text/css is org.apache.jmeter.protocol.http.parser.CssParser
2026-09-29 14:49:24,021 INFO o.a.j.JMeter: Creating summariser <summary>
2026-09-29 14:49:24,058 INFO o.a.j.e.StandardJMeterEngine: Running the test!
2026-09-29 14:49:24,059 INFO o.a.j.s.SampleEvent: List of sample_variables: []
2026-09-29 14:49:24,060 INFO o.a.j.s.SampleEvent: List of sample_variables: []
2026-09-29 14:49:24,068 INFO o.a.j.e.u.CompoundVariable: Note: Function class names must contain the string: '.functions.'
2026-09-29 14:49:24,068 INFO o.a.j.e.u.CompoundVariable: Note: Function class names must not contain the string: '.gui.'
2026-09-29 14:49:24,195 INFO o.a.j.JMeter: 正在运行的测试 (1790664564195)
2026-09-29 14:49:24,220 INFO o.a.j.e.StandardJMeterEngine: Starting ThreadGroup: 1 : Purchase
2026-09-29 14:49:24,221 INFO o.a.j.e.StandardJMeterEngine: Starting 10 threads for group Purchase.
2026-09-29 14:49:24,221 INFO o.a.j.e.StandardJMeterEngine: Thread will continue on error
2026-09-29 14:49:24,221 INFO o.a.j.t.ThreadGroup: Starting thread group... number=1 threads=10 ramp-up=1 delayedStart=false
2026-09-29 14:49:24,233 INFO o.a.j.t.JMeterThread: Thread started: Purchase 1-1
2026-09-29 14:49:24,234 INFO o.a.j.t.ThreadGroup: Started thread group number 1
2026-09-29 14:49:24,234 INFO o.a.j.e.StandardJMeterEngine: All thread groups have been started
2026-09-29 14:49:24,264 INFO o.a.j.p.h.s.HTTPHCAbstractImpl: Local host = LAPTOP-77E72ENH
2026-09-29 14:49:24,275 INFO o.a.j.p.h.s.HTTPHC4Impl: HTTP request retry count = 0
2026-09-29 14:49:24,278 INFO o.a.j.s.SampleResult: Note: Sample TimeStamps are START times
2026-09-29 14:49:24,278 INFO o.a.j.s.SampleResult: sampleresult.default.encoding is set to UTF-8
2026-09-29 14:49:24,279 INFO o.a.j.s.SampleResult: sampleresult.useNanoTime=true
2026-09-29 14:49:24,279 INFO o.a.j.s.SampleResult: sampleresult.nanoThreadSleep=5000
2026-09-29 14:49:24,328 INFO o.a.j.t.JMeterThread: Thread started: Purchase 1-2
2026-09-29 14:49:24,427 INFO o.a.j.t.JMeterThread: Thread started: Purchase 1-3
2026-09-29 14:49:24,526 INFO o.a.j.t.JMeterThread: Thread started: Purchase 1-4
2026-09-29 14:49:24,626 INFO o.a.j.t.JMeterThread: Thread started: Purchase 1-5
2026-09-29 14:49:24,725 INFO o.a.j.t.JMeterThread: Thread started: Purchase 1-6
2026-09-29 14:49:24,824 INFO o.a.j.t.JMeterThread: Thread started: Purchase 1-7
2026-09-29 14:49:24,924 INFO o.a.j.t.JMeterThread: Thread started: Purchase 1-8
2026-09-29 14:49:25,023 INFO o.a.j.t.JMeterThread: Thread started: Purchase 1-9
2026-09-29 14:49:25,124 INFO o.a.j.t.JMeterThread: Thread started: Purchase 1-10
2026-09-29 14:49:26,400 INFO o.a.j.t.JMeterThread: Thread is done: Purchase 1-7
2026-09-29 14:49:26,400 INFO o.a.j.t.JMeterThread: Thread finished: Purchase 1-7
2026-09-29 14:49:26,411 INFO o.a.j.t.JMeterThread: Thread is done: Purchase 1-6
2026-09-29 14:49:26,411 INFO o.a.j.t.JMeterThread: Thread finished: Purchase 1-6
2026-09-29 14:49:26,415 INFO o.a.j.t.JMeterThread: Thread is done: Purchase 1-9
2026-09-29 14:49:26,415 INFO o.a.j.t.JMeterThread: Thread finished: Purchase 1-9
2026-09-29 14:49:26,417 INFO o.a.j.t.JMeterThread: Thread is done: Purchase 1-1
2026-09-29 14:49:26,418 INFO o.a.j.t.JMeterThread: Thread finished: Purchase 1-1
2026-09-29 14:49:26,429 INFO o.a.j.t.JMeterThread: Thread is done: Purchase 1-4
2026-09-29 14:49:26,430 INFO o.a.j.t.JMeterThread: Thread finished: Purchase 1-4
2026-09-29 14:49:26,431 INFO o.a.j.t.JMeterThread: Thread is done: Purchase 1-5
2026-09-29 14:49:26,431 INFO o.a.j.t.JMeterThread: Thread finished: Purchase 1-5
2026-09-29 14:49:26,448 INFO o.a.j.t.JMeterThread: Thread is done: Purchase 1-2
2026-09-29 14:49:26,449 INFO o.a.j.t.JMeterThread: Thread finished: Purchase 1-2
2026-09-29 14:49:26,557 INFO o.a.j.t.JMeterThread: Thread is done: Purchase 1-3
2026-09-29 14:49:26,557 INFO o.a.j.t.JMeterThread: Thread is done: Purchase 1-10
2026-09-29 14:49:26,557 INFO o.a.j.t.JMeterThread: Thread finished: Purchase 1-3
2026-09-29 14:49:26,557 INFO o.a.j.t.JMeterThread: Thread finished: Purchase 1-10
2026-09-29 14:49:26,576 INFO o.a.j.t.JMeterThread: Thread is done: Purchase 1-8
2026-09-29 14:49:26,576 INFO o.a.j.t.JMeterThread: Thread finished: Purchase 1-8
2026-09-29 14:49:26,577 INFO o.a.j.e.StandardJMeterEngine: Notifying test listeners of end of test
2026-09-29 14:49:26,586 INFO o.a.j.r.Summariser: summary =    200 in 00:00:02 =   83.9/s Avg:    86 Min:    13 Max:  1531 Err:     3 (1.50%)
