2026-09-29 14:51:18,231 INFO o.a.j.u.JMeterUtils: Setting Locale to zh_CN
2026-09-29 14:51:18,283 INFO o.a.j.JMeter: Loading user properties from: C:\seckill-system\target\tools\apache-jmeter-5.6.3\bin\user.properties
2026-09-29 14:51:18,283 INFO o.a.j.JMeter: Loading system properties from: C:\seckill-system\target\tools\apache-jmeter-5.6.3\bin\system.properties
2026-09-29 14:51:18,284 INFO o.a.j.JMeter: Setting JMeter property: users=10
2026-09-29 14:51:18,284 INFO o.a.j.JMeter: Setting JMeter property: loops=50
2026-09-29 14:51:18,284 INFO o.a.j.JMeter: Setting JMeter property: ramp=1
2026-09-29 14:51:18,284 INFO o.a.j.JMeter: Setting JMeter property: delay=100
2026-09-29 14:51:18,284 INFO o.a.j.JMeter: Setting JMeter property: product=222
2026-09-29 14:51:18,285 INFO o.a.j.JMeter: Setting JMeter property: port=18090
2026-09-29 14:51:18,293 INFO o.a.j.JMeter: Copyright (c) 1998-2024 The Apache Software Foundation
2026-09-29 14:51:18,293 INFO o.a.j.JMeter: Version 5.6.3
2026-09-29 14:51:18,293 INFO o.a.j.JMeter: java.version=21.0.12.1
2026-09-29 14:51:18,293 INFO o.a.j.JMeter: java.vm.name=OpenJDK 64-Bit Server VM
2026-09-29 14:51:18,293 INFO o.a.j.JMeter: os.name=Windows 11
2026-09-29 14:51:18,293 INFO o.a.j.JMeter: os.arch=amd64
2026-09-29 14:51:18,294 INFO o.a.j.JMeter: os.version=10.0
2026-09-29 14:51:18,294 INFO o.a.j.JMeter: file.encoding=UTF-8
2026-09-29 14:51:18,294 INFO o.a.j.JMeter: java.awt.headless=true
2026-09-29 14:51:18,294 INFO o.a.j.JMeter: Max memory     =536870912
2026-09-29 14:51:18,294 INFO o.a.j.JMeter: Available Processors =32
2026-09-29 14:51:18,306 INFO o.a.j.JMeter: Default Locale=中文 (中国)
2026-09-29 14:51:18,306 INFO o.a.j.JMeter: JMeter  Locale=中文 (中国)
2026-09-29 14:51:18,306 INFO o.a.j.JMeter: JMeterHome=C:\seckill-system\target\tools\apache-jmeter-5.6.3
2026-09-29 14:51:18,307 INFO o.a.j.JMeter: user.dir  =C:\seckill-system
2026-09-29 14:51:18,307 INFO o.a.j.JMeter: PWD       =C:\seckill-system
2026-09-29 14:51:18,311 INFO o.a.j.JMeter: IP: 172.26.243.24 Name: LAPTOP-77E72ENH FullName: LAPTOP-77E72ENH
2026-09-29 14:51:18,337 INFO o.a.j.s.FileServer: Default base='C:\seckill-system'
2026-09-29 14:51:18,340 INFO o.a.j.s.FileServer: Set new base='C:\seckill-system\perf'
2026-09-29 14:51:18,705 INFO o.a.j.s.SaveService: Testplan (JMX) version: 2.2. Testlog (JTL) version: 2.2
2026-09-29 14:51:18,760 INFO o.a.j.s.SaveService: Using SaveService properties version 5.0
2026-09-29 14:51:18,769 INFO o.a.j.s.SaveService: Using SaveService properties file encoding UTF-8
2026-09-29 14:51:18,776 INFO o.a.j.s.SaveService: Loading file: perf\stage4.jmx
2026-09-29 14:51:18,869 INFO o.a.j.p.h.s.HTTPSamplerBase: Parser for text/html is org.apache.jmeter.protocol.http.parser.LagartoBasedHtmlParser
2026-09-29 14:51:18,869 INFO o.a.j.p.h.s.HTTPSamplerBase: Parser for application/xhtml+xml is org.apache.jmeter.protocol.http.parser.LagartoBasedHtmlParser
2026-09-29 14:51:18,870 INFO o.a.j.p.h.s.HTTPSamplerBase: Parser for application/xml is org.apache.jmeter.protocol.http.parser.LagartoBasedHtmlParser
2026-09-29 14:51:18,870 INFO o.a.j.p.h.s.HTTPSamplerBase: Parser for text/xml is org.apache.jmeter.protocol.http.parser.LagartoBasedHtmlParser
2026-09-29 14:51:18,870 INFO o.a.j.p.h.s.HTTPSamplerBase: Parser for text/vnd.wap.wml is org.apache.jmeter.protocol.http.parser.RegexpHTMLParser
2026-09-29 14:51:18,870 INFO o.a.j.p.h.s.HTTPSamplerBase: Parser for text/css is org.apache.jmeter.protocol.http.parser.CssParser
2026-09-29 14:51:18,891 INFO o.a.j.JMeter: Creating summariser <summary>
2026-09-29 14:51:18,926 INFO o.a.j.e.StandardJMeterEngine: Running the test!
2026-09-29 14:51:18,927 INFO o.a.j.s.SampleEvent: List of sample_variables: []
2026-09-29 14:51:18,927 INFO o.a.j.s.SampleEvent: List of sample_variables: []
2026-09-29 14:51:18,936 INFO o.a.j.e.u.CompoundVariable: Note: Function class names must contain the string: '.functions.'
2026-09-29 14:51:18,937 INFO o.a.j.e.u.CompoundVariable: Note: Function class names must not contain the string: '.gui.'
2026-09-29 14:51:19,061 INFO o.a.j.JMeter: 正在运行的测试 (1790664679061)
2026-09-29 14:51:19,082 INFO o.a.j.e.StandardJMeterEngine: Starting ThreadGroup: 1 : Purchase
2026-09-29 14:51:19,083 INFO o.a.j.e.StandardJMeterEngine: Starting 10 threads for group Purchase.
2026-09-29 14:51:19,083 INFO o.a.j.e.StandardJMeterEngine: Thread will continue on error
2026-09-29 14:51:19,083 INFO o.a.j.t.ThreadGroup: Starting thread group... number=1 threads=10 ramp-up=1 delayedStart=false
2026-09-29 14:51:19,097 INFO o.a.j.t.JMeterThread: Thread started: Purchase 1-1
2026-09-29 14:51:19,097 INFO o.a.j.t.ThreadGroup: Started thread group number 1
2026-09-29 14:51:19,097 INFO o.a.j.e.StandardJMeterEngine: All thread groups have been started
2026-09-29 14:51:19,191 INFO o.a.j.t.JMeterThread: Thread started: Purchase 1-2
2026-09-29 14:51:19,220 INFO o.a.j.p.h.s.HTTPHCAbstractImpl: Local host = LAPTOP-77E72ENH
2026-09-29 14:51:19,228 INFO o.a.j.p.h.s.HTTPHC4Impl: HTTP request retry count = 0
2026-09-29 14:51:19,230 INFO o.a.j.s.SampleResult: Note: Sample TimeStamps are START times
2026-09-29 14:51:19,230 INFO o.a.j.s.SampleResult: sampleresult.default.encoding is set to UTF-8
2026-09-29 14:51:19,230 INFO o.a.j.s.SampleResult: sampleresult.useNanoTime=true
2026-09-29 14:51:19,230 INFO o.a.j.s.SampleResult: sampleresult.nanoThreadSleep=5000
2026-09-29 14:51:19,290 INFO o.a.j.t.JMeterThread: Thread started: Purchase 1-3
2026-09-29 14:51:19,391 INFO o.a.j.t.JMeterThread: Thread started: Purchase 1-4
2026-09-29 14:51:19,491 INFO o.a.j.t.JMeterThread: Thread started: Purchase 1-5
2026-09-29 14:51:19,588 INFO o.a.j.t.JMeterThread: Thread started: Purchase 1-6
2026-09-29 14:51:19,688 INFO o.a.j.t.JMeterThread: Thread started: Purchase 1-7
2026-09-29 14:51:19,786 INFO o.a.j.t.JMeterThread: Thread started: Purchase 1-8
2026-09-29 14:51:19,885 INFO o.a.j.t.JMeterThread: Thread started: Purchase 1-9
2026-09-29 14:51:19,986 INFO o.a.j.t.JMeterThread: Thread started: Purchase 1-10
2026-09-29 14:51:25,479 INFO o.a.j.t.JMeterThread: Thread is done: Purchase 1-1
2026-09-29 14:51:25,479 INFO o.a.j.t.JMeterThread: Thread is done: Purchase 1-2
2026-09-29 14:51:25,479 INFO o.a.j.t.JMeterThread: Thread finished: Purchase 1-1
2026-09-29 14:51:25,479 INFO o.a.j.t.JMeterThread: Thread finished: Purchase 1-2
2026-09-29 14:51:25,537 INFO o.a.j.t.JMeterThread: Thread is done: Purchase 1-3
2026-09-29 14:51:25,537 INFO o.a.j.t.JMeterThread: Thread finished: Purchase 1-3
2026-09-29 14:51:25,596 INFO o.a.j.t.JMeterThread: Thread is done: Purchase 1-4
2026-09-29 14:51:25,596 INFO o.a.j.t.JMeterThread: Thread finished: Purchase 1-4
2026-09-29 14:51:25,658 INFO o.a.j.t.JMeterThread: Thread is done: Purchase 1-5
2026-09-29 14:51:25,658 INFO o.a.j.t.JMeterThread: Thread finished: Purchase 1-5
2026-09-29 14:51:25,844 INFO o.a.j.t.JMeterThread: Thread is done: Purchase 1-6
2026-09-29 14:51:25,844 INFO o.a.j.t.JMeterThread: Thread finished: Purchase 1-6
2026-09-29 14:51:25,844 INFO o.a.j.t.JMeterThread: Thread is done: Purchase 1-7
2026-09-29 14:51:25,844 INFO o.a.j.t.JMeterThread: Thread finished: Purchase 1-7
2026-09-29 14:51:26,089 INFO o.a.j.t.JMeterThread: Thread is done: Purchase 1-8
2026-09-29 14:51:26,089 INFO o.a.j.t.JMeterThread: Thread finished: Purchase 1-8
2026-09-29 14:51:26,150 INFO o.a.j.t.JMeterThread: Thread is done: Purchase 1-9
2026-09-29 14:51:26,151 INFO o.a.j.t.JMeterThread: Thread finished: Purchase 1-9
2026-09-29 14:51:26,273 INFO o.a.j.t.JMeterThread: Thread is done: Purchase 1-10
2026-09-29 14:51:26,273 INFO o.a.j.t.JMeterThread: Thread finished: Purchase 1-10
2026-09-29 14:51:26,273 INFO o.a.j.e.StandardJMeterEngine: Notifying test listeners of end of test
2026-09-29 14:51:26,279 INFO o.a.j.r.Summariser: summary =    500 in 00:00:07 =   69.3/s Avg:    15 Min:     9 Max:    81 Err:     0 (0.00%)
