
  .   ____          _            __ _ _
 /\\ / ___'_ __ _ _(_)_ __  __ _ \ \ \ \
( ( )\___ | '_ | '_| | '_ \/ _` | \ \ \ \
 \\/  ___)| |_)| | | | | || (_| |  ) ) ) )
  '  |____| .__|_| |_|_| |_\__, | / / / /
 =========|_|==============|___/=/_/_/_/

 :: Spring Boot ::                (v3.3.5)

2026-09-28T13:26:20.489+08:00  INFO 40540 --- [seckill-system] [           main] com.ddk.seckill.SeckillApplication       : Starting SeckillApplication v0.0.1-SNAPSHOT using Java 21.0.12.1 with PID 40540 (C:\seckill-system\target\seckill-system-0.0.1-SNAPSHOT.jar started by Asus in C:\seckill-system)
2026-09-28T13:26:20.493+08:00  INFO 40540 --- [seckill-system] [           main] com.ddk.seckill.SeckillApplication       : The following 1 profile is active: "stage3"
2026-09-28T13:26:22.158+08:00  INFO 40540 --- [seckill-system] [           main] .s.d.r.c.RepositoryConfigurationDelegate : Multiple Spring Data modules found, entering strict repository configuration mode
2026-09-28T13:26:22.163+08:00  INFO 40540 --- [seckill-system] [           main] .s.d.r.c.RepositoryConfigurationDelegate : Bootstrapping Spring Data Redis repositories in DEFAULT mode.
2026-09-28T13:26:22.196+08:00  INFO 40540 --- [seckill-system] [           main] .s.d.r.c.RepositoryConfigurationDelegate : Finished Spring Data repository scanning in 11 ms. Found 0 Redis repository interfaces.
2026-09-28T13:26:23.338+08:00  INFO 40540 --- [seckill-system] [           main] o.s.b.w.embedded.tomcat.TomcatWebServer  : Tomcat initialized with port 18086 (http)
2026-09-28T13:26:23.358+08:00  INFO 40540 --- [seckill-system] [           main] o.apache.catalina.core.StandardService   : Starting service [Tomcat]
2026-09-28T13:26:23.359+08:00  INFO 40540 --- [seckill-system] [           main] o.apache.catalina.core.StandardEngine    : Starting Servlet engine: [Apache Tomcat/10.1.31]
2026-09-28T13:26:23.412+08:00  INFO 40540 --- [seckill-system] [           main] o.a.c.c.C.[Tomcat].[localhost].[/api]    : Initializing Spring embedded WebApplicationContext
2026-09-28T13:26:23.413+08:00  INFO 40540 --- [seckill-system] [           main] w.s.c.ServletWebServerApplicationContext : Root WebApplicationContext: initialization completed in 2794 ms
2026-09-28T13:26:26.916+08:00  INFO 40540 --- [seckill-system] [           main] o.s.b.w.embedded.tomcat.TomcatWebServer  : Tomcat started on port 18086 (http) with context path '/api'
2026-09-28T13:26:26.960+08:00  INFO 40540 --- [seckill-system] [           main] com.ddk.seckill.SeckillApplication       : Started SeckillApplication in 7.347 seconds (process running for 8.399)
2026-09-28T13:26:27.665+08:00  INFO 40540 --- [seckill-system] [io-18086-exec-1] o.a.c.c.C.[Tomcat].[localhost].[/api]    : Initializing Spring DispatcherServlet 'dispatcherServlet'
2026-09-28T13:26:27.665+08:00  INFO 40540 --- [seckill-system] [io-18086-exec-1] o.s.web.servlet.DispatcherServlet        : Initializing Servlet 'dispatcherServlet'
2026-09-28T13:26:27.666+08:00  INFO 40540 --- [seckill-system] [io-18086-exec-1] o.s.web.servlet.DispatcherServlet        : Completed initialization in 1 ms
2026-09-28T13:26:32.018+08:00  INFO 40540 --- [seckill-system] [o-18086-exec-72] o.s.a.r.c.CachingConnectionFactory       : Attempting to connect to: [localhost:5672]
2026-09-28T13:26:32.218+08:00  INFO 40540 --- [seckill-system] [o-18086-exec-72] o.s.a.r.c.CachingConnectionFactory       : Created new connection: rabbitConnectionFactory#27c53c32:0/SimpleConnection@32c9afcb [delegate=amqp://seckill_app@127.0.0.1:5672/seckill, localPort=56222]
