
  .   ____          _            __ _ _
 /\\ / ___'_ __ _ _(_)_ __  __ _ \ \ \ \
( ( )\___ | '_ | '_| | '_ \/ _` | \ \ \ \
 \\/  ___)| |_)| | | | | || (_| |  ) ) ) )
  '  |____| .__|_| |_|_| |_\__, | / / / /
 =========|_|==============|___/=/_/_/_/

 :: Spring Boot ::                (v3.3.5)

2026-09-28T13:26:42.469+08:00  INFO 29792 --- [seckill-system] [           main] com.ddk.seckill.SeckillApplication       : Starting SeckillApplication v0.0.1-SNAPSHOT using Java 21.0.12.1 with PID 29792 (C:\seckill-system\target\seckill-system-0.0.1-SNAPSHOT.jar started by Asus in C:\seckill-system)
2026-09-28T13:26:42.478+08:00  INFO 29792 --- [seckill-system] [           main] com.ddk.seckill.SeckillApplication       : The following 1 profile is active: "stage3"
2026-09-28T13:26:43.963+08:00  INFO 29792 --- [seckill-system] [           main] .s.d.r.c.RepositoryConfigurationDelegate : Multiple Spring Data modules found, entering strict repository configuration mode
2026-09-28T13:26:43.971+08:00  INFO 29792 --- [seckill-system] [           main] .s.d.r.c.RepositoryConfigurationDelegate : Bootstrapping Spring Data Redis repositories in DEFAULT mode.
2026-09-28T13:26:44.005+08:00  INFO 29792 --- [seckill-system] [           main] .s.d.r.c.RepositoryConfigurationDelegate : Finished Spring Data repository scanning in 10 ms. Found 0 Redis repository interfaces.
2026-09-28T13:26:45.193+08:00  INFO 29792 --- [seckill-system] [           main] o.s.b.w.embedded.tomcat.TomcatWebServer  : Tomcat initialized with port 18087 (http)
2026-09-28T13:26:45.216+08:00  INFO 29792 --- [seckill-system] [           main] o.apache.catalina.core.StandardService   : Starting service [Tomcat]
2026-09-28T13:26:45.216+08:00  INFO 29792 --- [seckill-system] [           main] o.apache.catalina.core.StandardEngine    : Starting Servlet engine: [Apache Tomcat/10.1.31]
2026-09-28T13:26:45.270+08:00  INFO 29792 --- [seckill-system] [           main] o.a.c.c.C.[Tomcat].[localhost].[/api]    : Initializing Spring embedded WebApplicationContext
2026-09-28T13:26:45.271+08:00  INFO 29792 --- [seckill-system] [           main] w.s.c.ServletWebServerApplicationContext : Root WebApplicationContext: initialization completed in 2672 ms
2026-09-28T13:26:48.909+08:00  INFO 29792 --- [seckill-system] [           main] o.s.b.w.embedded.tomcat.TomcatWebServer  : Tomcat started on port 18087 (http) with context path '/api'
2026-09-28T13:26:48.917+08:00  INFO 29792 --- [seckill-system] [           main] o.s.a.r.c.CachingConnectionFactory       : Attempting to connect to: [localhost:5672]
2026-09-28T13:26:49.061+08:00  INFO 29792 --- [seckill-system] [           main] o.s.a.r.c.CachingConnectionFactory       : Created new connection: rabbitConnectionFactory#27c53c32:0/SimpleConnection@5072e638 [delegate=amqp://seckill_app@127.0.0.1:5672/seckill, localPort=58986]
2026-09-28T13:26:49.232+08:00  INFO 29792 --- [seckill-system] [           main] com.ddk.seckill.SeckillApplication       : Started SeckillApplication in 7.602 seconds (process running for 8.638)
2026-09-28T13:26:49.370+08:00  INFO 29792 --- [seckill-system] [OrderListener-2] com.zaxxer.hikari.HikariDataSource       : HikariPool-1 - Starting...
2026-09-28T13:26:49.686+08:00  INFO 29792 --- [seckill-system] [io-18087-exec-1] o.a.c.c.C.[Tomcat].[localhost].[/api]    : Initializing Spring DispatcherServlet 'dispatcherServlet'
2026-09-28T13:26:49.687+08:00  INFO 29792 --- [seckill-system] [io-18087-exec-1] o.s.web.servlet.DispatcherServlet        : Initializing Servlet 'dispatcherServlet'
2026-09-28T13:26:49.688+08:00  INFO 29792 --- [seckill-system] [io-18087-exec-1] o.s.web.servlet.DispatcherServlet        : Completed initialization in 1 ms
2026-09-28T13:26:49.872+08:00  INFO 29792 --- [seckill-system] [OrderListener-2] com.zaxxer.hikari.pool.HikariPool        : HikariPool-1 - Added connection com.mysql.cj.jdbc.ConnectionImpl@644fc3be
2026-09-28T13:26:49.874+08:00  INFO 29792 --- [seckill-system] [OrderListener-2] com.zaxxer.hikari.HikariDataSource       : HikariPool-1 - Start completed.
