2026-09-28 13:26:29,094 INFO o.a.j.u.JMeterUtils: Setting Locale to zh_CN
2026-09-28 13:26:29,144 INFO o.a.j.JMeter: Loading user properties from: C:\seckill-system\target\tools\apache-jmeter-5.6.3\bin\user.properties
2026-09-28 13:26:29,145 INFO o.a.j.JMeter: Loading system properties from: C:\seckill-system\target\tools\apache-jmeter-5.6.3\bin\system.properties
2026-09-28 13:26:29,145 INFO o.a.j.JMeter: Setting JMeter property: users=100
2026-09-28 13:26:29,145 INFO o.a.j.JMeter: Setting JMeter property: loops=5
2026-09-28 13:26:29,145 INFO o.a.j.JMeter: Setting JMeter property: ramp=1
2026-09-28 13:26:29,145 INFO o.a.j.JMeter: Setting JMeter property: product=89
2026-09-28 13:26:29,145 INFO o.a.j.JMeter: Setting JMeter property: port=18086
2026-09-28 13:26:29,156 INFO o.a.j.JMeter: Copyright (c) 1998-2024 The Apache Software Foundation
2026-09-28 13:26:29,156 INFO o.a.j.JMeter: Version 5.6.3
2026-09-28 13:26:29,156 INFO o.a.j.JMeter: java.version=21.0.12.1
2026-09-28 13:26:29,156 INFO o.a.j.JMeter: java.vm.name=OpenJDK 64-Bit Server VM
2026-09-28 13:26:29,156 INFO o.a.j.JMeter: os.name=Windows 11
2026-09-28 13:26:29,157 INFO o.a.j.JMeter: os.arch=amd64
2026-09-28 13:26:29,157 INFO o.a.j.JMeter: os.version=10.0
2026-09-28 13:26:29,157 INFO o.a.j.JMeter: file.encoding=UTF-8
2026-09-28 13:26:29,157 INFO o.a.j.JMeter: java.awt.headless=true
2026-09-28 13:26:29,157 INFO o.a.j.JMeter: Max memory     =536870912
2026-09-28 13:26:29,157 INFO o.a.j.JMeter: Available Processors =32
2026-09-28 13:26:29,172 INFO o.a.j.JMeter: Default Locale=中文 (中国)
2026-09-28 13:26:29,172 INFO o.a.j.JMeter: JMeter  Locale=中文 (中国)
2026-09-28 13:26:29,172 INFO o.a.j.JMeter: JMeterHome=C:\seckill-system\target\tools\apache-jmeter-5.6.3
2026-09-28 13:26:29,172 INFO o.a.j.JMeter: user.dir  =C:\seckill-system
2026-09-28 13:26:29,172 INFO o.a.j.JMeter: PWD       =C:\seckill-system
2026-09-28 13:26:29,192 INFO o.a.j.JMeter: IP: 172.26.111.135 Name: LAPTOP-77E72ENH FullName: windows10.microdone.cn
2026-09-28 13:26:29,218 INFO o.a.j.s.FileServer: Default base='C:\seckill-system'
2026-09-28 13:26:29,221 INFO o.a.j.s.FileServer: Set new base='C:\seckill-system\perf'
2026-09-28 13:26:29,592 INFO o.a.j.s.SaveService: Testplan (JMX) version: 2.2. Testlog (JTL) version: 2.2
2026-09-28 13:26:29,645 INFO o.a.j.s.SaveService: Using SaveService properties version 5.0
2026-09-28 13:26:29,649 INFO o.a.j.s.SaveService: Using SaveService properties file encoding UTF-8
2026-09-28 13:26:29,655 INFO o.a.j.s.SaveService: Loading file: perf\stage1.jmx
2026-09-28 13:26:29,752 INFO o.a.j.p.h.s.HTTPSamplerBase: Parser for text/html is org.apache.jmeter.protocol.http.parser.LagartoBasedHtmlParser
2026-09-28 13:26:29,752 INFO o.a.j.p.h.s.HTTPSamplerBase: Parser for application/xhtml+xml is org.apache.jmeter.protocol.http.parser.LagartoBasedHtmlParser
2026-09-28 13:26:29,753 INFO o.a.j.p.h.s.HTTPSamplerBase: Parser for application/xml is org.apache.jmeter.protocol.http.parser.LagartoBasedHtmlParser
2026-09-28 13:26:29,753 INFO o.a.j.p.h.s.HTTPSamplerBase: Parser for text/xml is org.apache.jmeter.protocol.http.parser.LagartoBasedHtmlParser
2026-09-28 13:26:29,753 INFO o.a.j.p.h.s.HTTPSamplerBase: Parser for text/vnd.wap.wml is org.apache.jmeter.protocol.http.parser.RegexpHTMLParser
2026-09-28 13:26:29,753 INFO o.a.j.p.h.s.HTTPSamplerBase: Parser for text/css is org.apache.jmeter.protocol.http.parser.CssParser
2026-09-28 13:26:29,770 INFO o.a.j.JMeter: Creating summariser <summary>
2026-09-28 13:26:29,799 INFO o.a.j.e.StandardJMeterEngine: Running the test!
2026-09-28 13:26:29,800 INFO o.a.j.s.SampleEvent: List of sample_variables: []
2026-09-28 13:26:29,800 INFO o.a.j.s.SampleEvent: List of sample_variables: []
2026-09-28 13:26:29,814 INFO o.a.j.e.u.CompoundVariable: Note: Function class names must contain the string: '.functions.'
2026-09-28 13:26:29,815 INFO o.a.j.e.u.CompoundVariable: Note: Function class names must not contain the string: '.gui.'
2026-09-28 13:26:29,938 INFO o.a.j.JMeter: 正在运行的测试 (1790573189938)
2026-09-28 13:26:29,960 INFO o.a.j.e.StandardJMeterEngine: Starting ThreadGroup: 1 : Purchase
2026-09-28 13:26:29,960 INFO o.a.j.e.StandardJMeterEngine: Starting 100 threads for group Purchase.
2026-09-28 13:26:29,960 INFO o.a.j.e.StandardJMeterEngine: Thread will continue on error
2026-09-28 13:26:29,961 INFO o.a.j.t.ThreadGroup: Starting thread group... number=1 threads=100 ramp-up=1 delayedStart=false
2026-09-28 13:26:29,971 INFO o.a.j.t.JMeterThread: Thread started: Purchase 1-1
2026-09-28 13:26:29,977 INFO o.a.j.t.JMeterThread: Thread started: Purchase 1-2
2026-09-28 13:26:29,987 INFO o.a.j.t.JMeterThread: Thread started: Purchase 1-3
2026-09-28 13:26:29,997 INFO o.a.j.t.JMeterThread: Thread started: Purchase 1-4
2026-09-28 13:26:30,007 INFO o.a.j.t.JMeterThread: Thread started: Purchase 1-5
2026-09-28 13:26:30,015 INFO o.a.j.t.JMeterThread: Thread started: Purchase 1-6
2026-09-28 13:26:30,018 INFO o.a.j.p.h.s.HTTPHCAbstractImpl: Local host = LAPTOP-77E72ENH
2026-09-28 13:26:30,019 INFO o.a.j.t.ThreadGroup: Started thread group number 1
2026-09-28 13:26:30,020 INFO o.a.j.e.StandardJMeterEngine: All thread groups have been started
2026-09-28 13:26:30,025 INFO o.a.j.t.JMeterThread: Thread started: Purchase 1-7
2026-09-28 13:26:30,031 INFO o.a.j.p.h.s.HTTPHC4Impl: HTTP request retry count = 0
2026-09-28 13:26:30,032 INFO o.a.j.s.SampleResult: Note: Sample TimeStamps are START times
2026-09-28 13:26:30,032 INFO o.a.j.s.SampleResult: sampleresult.default.encoding is set to UTF-8
2026-09-28 13:26:30,033 INFO o.a.j.s.SampleResult: sampleresult.useNanoTime=true
2026-09-28 13:26:30,033 INFO o.a.j.s.SampleResult: sampleresult.nanoThreadSleep=5000
2026-09-28 13:26:30,034 INFO o.a.j.t.JMeterThread: Thread started: Purchase 1-8
2026-09-28 13:26:30,042 INFO o.a.j.t.JMeterThread: Thread started: Purchase 1-9
2026-09-28 13:26:30,052 INFO o.a.j.t.JMeterThread: Thread started: Purchase 1-10
2026-09-28 13:26:30,064 INFO o.a.j.t.JMeterThread: Thread started: Purchase 1-11
2026-09-28 13:26:30,072 INFO o.a.j.t.JMeterThread: Thread started: Purchase 1-12
2026-09-28 13:26:30,084 INFO o.a.j.t.JMeterThread: Thread started: Purchase 1-13
2026-09-28 13:26:30,093 INFO o.a.j.t.JMeterThread: Thread started: Purchase 1-14
2026-09-28 13:26:30,103 INFO o.a.j.t.JMeterThread: Thread started: Purchase 1-15
2026-09-28 13:26:30,114 INFO o.a.j.t.JMeterThread: Thread started: Purchase 1-16
2026-09-28 13:26:30,123 INFO o.a.j.t.JMeterThread: Thread started: Purchase 1-17
2026-09-28 13:26:30,134 INFO o.a.j.t.JMeterThread: Thread started: Purchase 1-18
2026-09-28 13:26:30,144 INFO o.a.j.t.JMeterThread: Thread started: Purchase 1-19
2026-09-28 13:26:30,154 INFO o.a.j.t.JMeterThread: Thread started: Purchase 1-20
2026-09-28 13:26:30,163 INFO o.a.j.t.JMeterThread: Thread started: Purchase 1-21
2026-09-28 13:26:30,173 INFO o.a.j.t.JMeterThread: Thread started: Purchase 1-22
2026-09-28 13:26:30,183 INFO o.a.j.t.JMeterThread: Thread started: Purchase 1-23
2026-09-28 13:26:30,192 INFO o.a.j.t.JMeterThread: Thread started: Purchase 1-24
2026-09-28 13:26:30,202 INFO o.a.j.t.JMeterThread: Thread started: Purchase 1-25
2026-09-28 13:26:30,214 INFO o.a.j.t.JMeterThread: Thread started: Purchase 1-26
2026-09-28 13:26:30,222 INFO o.a.j.t.JMeterThread: Thread started: Purchase 1-27
2026-09-28 13:26:30,233 INFO o.a.j.t.JMeterThread: Thread started: Purchase 1-28
2026-09-28 13:26:30,242 INFO o.a.j.t.JMeterThread: Thread started: Purchase 1-29
2026-09-28 13:26:30,252 INFO o.a.j.t.JMeterThread: Thread started: Purchase 1-30
2026-09-28 13:26:30,263 INFO o.a.j.t.JMeterThread: Thread started: Purchase 1-31
2026-09-28 13:26:30,273 INFO o.a.j.t.JMeterThread: Thread started: Purchase 1-32
2026-09-28 13:26:30,283 INFO o.a.j.t.JMeterThread: Thread started: Purchase 1-33
2026-09-28 13:26:30,293 INFO o.a.j.t.JMeterThread: Thread started: Purchase 1-34
2026-09-28 13:26:30,303 INFO o.a.j.t.JMeterThread: Thread started: Purchase 1-35
2026-09-28 13:26:30,313 INFO o.a.j.t.JMeterThread: Thread started: Purchase 1-36
2026-09-28 13:26:30,323 INFO o.a.j.t.JMeterThread: Thread started: Purchase 1-37
2026-09-28 13:26:30,333 INFO o.a.j.t.JMeterThread: Thread started: Purchase 1-38
2026-09-28 13:26:30,343 INFO o.a.j.t.JMeterThread: Thread started: Purchase 1-39
2026-09-28 13:26:30,354 INFO o.a.j.t.JMeterThread: Thread started: Purchase 1-40
2026-09-28 13:26:30,363 INFO o.a.j.t.JMeterThread: Thread started: Purchase 1-41
2026-09-28 13:26:30,372 INFO o.a.j.t.JMeterThread: Thread started: Purchase 1-42
2026-09-28 13:26:30,384 INFO o.a.j.t.JMeterThread: Thread started: Purchase 1-43
2026-09-28 13:26:30,393 INFO o.a.j.t.JMeterThread: Thread started: Purchase 1-44
2026-09-28 13:26:30,403 INFO o.a.j.t.JMeterThread: Thread started: Purchase 1-45
2026-09-28 13:26:30,412 INFO o.a.j.t.JMeterThread: Thread started: Purchase 1-46
2026-09-28 13:26:30,423 INFO o.a.j.t.JMeterThread: Thread started: Purchase 1-47
2026-09-28 13:26:30,434 INFO o.a.j.t.JMeterThread: Thread started: Purchase 1-48
2026-09-28 13:26:30,444 INFO o.a.j.t.JMeterThread: Thread started: Purchase 1-49
2026-09-28 13:26:30,453 INFO o.a.j.t.JMeterThread: Thread started: Purchase 1-50
2026-09-28 13:26:30,465 INFO o.a.j.t.JMeterThread: Thread started: Purchase 1-51
2026-09-28 13:26:30,474 INFO o.a.j.t.JMeterThread: Thread started: Purchase 1-52
2026-09-28 13:26:30,483 INFO o.a.j.t.JMeterThread: Thread started: Purchase 1-53
2026-09-28 13:26:30,492 INFO o.a.j.t.JMeterThread: Thread started: Purchase 1-54
2026-09-28 13:26:30,503 INFO o.a.j.t.JMeterThread: Thread started: Purchase 1-55
2026-09-28 13:26:30,513 INFO o.a.j.t.JMeterThread: Thread started: Purchase 1-56
2026-09-28 13:26:30,524 INFO o.a.j.t.JMeterThread: Thread started: Purchase 1-57
2026-09-28 13:26:30,533 INFO o.a.j.t.JMeterThread: Thread started: Purchase 1-58
2026-09-28 13:26:30,543 INFO o.a.j.t.JMeterThread: Thread started: Purchase 1-59
2026-09-28 13:26:30,553 INFO o.a.j.t.JMeterThread: Thread started: Purchase 1-60
2026-09-28 13:26:30,562 INFO o.a.j.t.JMeterThread: Thread started: Purchase 1-61
2026-09-28 13:26:30,573 INFO o.a.j.t.JMeterThread: Thread started: Purchase 1-62
2026-09-28 13:26:30,582 INFO o.a.j.t.JMeterThread: Thread started: Purchase 1-63
2026-09-28 13:26:30,593 INFO o.a.j.t.JMeterThread: Thread started: Purchase 1-64
2026-09-28 13:26:30,604 INFO o.a.j.t.JMeterThread: Thread started: Purchase 1-65
2026-09-28 13:26:30,613 INFO o.a.j.t.JMeterThread: Thread started: Purchase 1-66
2026-09-28 13:26:30,623 INFO o.a.j.t.JMeterThread: Thread started: Purchase 1-67
2026-09-28 13:26:30,633 INFO o.a.j.t.JMeterThread: Thread started: Purchase 1-68
2026-09-28 13:26:30,645 INFO o.a.j.t.JMeterThread: Thread started: Purchase 1-69
2026-09-28 13:26:30,652 INFO o.a.j.t.JMeterThread: Thread started: Purchase 1-70
2026-09-28 13:26:30,662 INFO o.a.j.t.JMeterThread: Thread started: Purchase 1-71
2026-09-28 13:26:30,673 INFO o.a.j.t.JMeterThread: Thread started: Purchase 1-72
2026-09-28 13:26:30,683 INFO o.a.j.t.JMeterThread: Thread started: Purchase 1-73
2026-09-28 13:26:30,692 INFO o.a.j.t.JMeterThread: Thread started: Purchase 1-74
2026-09-28 13:26:30,702 INFO o.a.j.t.JMeterThread: Thread started: Purchase 1-75
2026-09-28 13:26:30,712 INFO o.a.j.t.JMeterThread: Thread started: Purchase 1-76
2026-09-28 13:26:30,723 INFO o.a.j.t.JMeterThread: Thread started: Purchase 1-77
2026-09-28 13:26:30,735 INFO o.a.j.t.JMeterThread: Thread started: Purchase 1-78
2026-09-28 13:26:30,743 INFO o.a.j.t.JMeterThread: Thread started: Purchase 1-79
2026-09-28 13:26:30,755 INFO o.a.j.t.JMeterThread: Thread started: Purchase 1-80
2026-09-28 13:26:30,763 INFO o.a.j.t.JMeterThread: Thread started: Purchase 1-81
2026-09-28 13:26:30,774 INFO o.a.j.t.JMeterThread: Thread started: Purchase 1-82
2026-09-28 13:26:30,783 INFO o.a.j.t.JMeterThread: Thread started: Purchase 1-83
2026-09-28 13:26:30,793 INFO o.a.j.t.JMeterThread: Thread started: Purchase 1-84
2026-09-28 13:26:30,802 INFO o.a.j.t.JMeterThread: Thread started: Purchase 1-85
2026-09-28 13:26:30,814 INFO o.a.j.t.JMeterThread: Thread started: Purchase 1-86
2026-09-28 13:26:30,823 INFO o.a.j.t.JMeterThread: Thread started: Purchase 1-87
2026-09-28 13:26:30,833 INFO o.a.j.t.JMeterThread: Thread started: Purchase 1-88
2026-09-28 13:26:30,843 INFO o.a.j.t.JMeterThread: Thread started: Purchase 1-89
2026-09-28 13:26:30,853 INFO o.a.j.t.JMeterThread: Thread started: Purchase 1-90
2026-09-28 13:26:30,863 INFO o.a.j.t.JMeterThread: Thread started: Purchase 1-91
2026-09-28 13:26:30,873 INFO o.a.j.t.JMeterThread: Thread started: Purchase 1-92
2026-09-28 13:26:30,883 INFO o.a.j.t.JMeterThread: Thread started: Purchase 1-93
2026-09-28 13:26:30,894 INFO o.a.j.t.JMeterThread: Thread started: Purchase 1-94
2026-09-28 13:26:30,904 INFO o.a.j.t.JMeterThread: Thread started: Purchase 1-95
2026-09-28 13:26:30,914 INFO o.a.j.t.JMeterThread: Thread started: Purchase 1-96
2026-09-28 13:26:30,925 INFO o.a.j.t.JMeterThread: Thread started: Purchase 1-97
2026-09-28 13:26:30,933 INFO o.a.j.t.JMeterThread: Thread started: Purchase 1-98
2026-09-28 13:26:30,944 INFO o.a.j.t.JMeterThread: Thread started: Purchase 1-99
2026-09-28 13:26:30,953 INFO o.a.j.t.JMeterThread: Thread started: Purchase 1-100
2026-09-28 13:26:32,498 INFO o.a.j.r.Summariser: summary +      1 in 00:00:03 =    0.4/s Avg:  1935 Min:  1935 Max:  1935 Err:     0 (0.00%) Active: 100 Started: 100 Finished: 0
2026-09-28 13:26:32,717 INFO o.a.j.t.JMeterThread: Thread is done: Purchase 1-35
2026-09-28 13:26:32,718 INFO o.a.j.t.JMeterThread: Thread is done: Purchase 1-60
2026-09-28 13:26:32,718 INFO o.a.j.t.JMeterThread: Thread is done: Purchase 1-28
2026-09-28 13:26:32,718 INFO o.a.j.t.JMeterThread: Thread finished: Purchase 1-35
2026-09-28 13:26:32,718 INFO o.a.j.t.JMeterThread: Thread finished: Purchase 1-28
2026-09-28 13:26:32,718 INFO o.a.j.t.JMeterThread: Thread finished: Purchase 1-60
2026-09-28 13:26:32,720 INFO o.a.j.t.JMeterThread: Thread is done: Purchase 1-71
2026-09-28 13:26:32,720 INFO o.a.j.t.JMeterThread: Thread finished: Purchase 1-71
2026-09-28 13:26:32,722 INFO o.a.j.t.JMeterThread: Thread is done: Purchase 1-96
2026-09-28 13:26:32,722 INFO o.a.j.t.JMeterThread: Thread finished: Purchase 1-96
2026-09-28 13:26:32,722 INFO o.a.j.t.JMeterThread: Thread is done: Purchase 1-5
2026-09-28 13:26:32,722 INFO o.a.j.t.JMeterThread: Thread finished: Purchase 1-5
2026-09-28 13:26:32,722 INFO o.a.j.t.JMeterThread: Thread is done: Purchase 1-37
2026-09-28 13:26:32,722 INFO o.a.j.t.JMeterThread: Thread finished: Purchase 1-37
2026-09-28 13:26:32,722 INFO o.a.j.t.JMeterThread: Thread is done: Purchase 1-82
2026-09-28 13:26:32,722 INFO o.a.j.t.JMeterThread: Thread finished: Purchase 1-82
2026-09-28 13:26:32,722 INFO o.a.j.t.JMeterThread: Thread is done: Purchase 1-30
2026-09-28 13:26:32,722 INFO o.a.j.t.JMeterThread: Thread is done: Purchase 1-63
2026-09-28 13:26:32,722 INFO o.a.j.t.JMeterThread: Thread finished: Purchase 1-30
2026-09-28 13:26:32,722 INFO o.a.j.t.JMeterThread: Thread finished: Purchase 1-63
2026-09-28 13:26:32,723 INFO o.a.j.t.JMeterThread: Thread is done: Purchase 1-7
2026-09-28 13:26:32,723 INFO o.a.j.t.JMeterThread: Thread finished: Purchase 1-7
2026-09-28 13:26:32,723 INFO o.a.j.t.JMeterThread: Thread is done: Purchase 1-51
2026-09-28 13:26:32,723 INFO o.a.j.t.JMeterThread: Thread finished: Purchase 1-51
2026-09-28 13:26:32,724 INFO o.a.j.t.JMeterThread: Thread is done: Purchase 1-22
2026-09-28 13:26:32,724 INFO o.a.j.t.JMeterThread: Thread finished: Purchase 1-22
2026-09-28 13:26:32,724 INFO o.a.j.t.JMeterThread: Thread is done: Purchase 1-90
2026-09-28 13:26:32,724 INFO o.a.j.t.JMeterThread: Thread finished: Purchase 1-90
2026-09-28 13:26:32,746 INFO o.a.j.t.JMeterThread: Thread is done: Purchase 1-91
2026-09-28 13:26:32,746 INFO o.a.j.t.JMeterThread: Thread finished: Purchase 1-91
2026-09-28 13:26:32,747 INFO o.a.j.t.JMeterThread: Thread is done: Purchase 1-16
2026-09-28 13:26:32,747 INFO o.a.j.t.JMeterThread: Thread finished: Purchase 1-16
2026-09-28 13:26:32,750 INFO o.a.j.t.JMeterThread: Thread is done: Purchase 1-12
2026-09-28 13:26:32,750 INFO o.a.j.t.JMeterThread: Thread is done: Purchase 1-24
2026-09-28 13:26:32,751 INFO o.a.j.t.JMeterThread: Thread is done: Purchase 1-13
2026-09-28 13:26:32,751 INFO o.a.j.t.JMeterThread: Thread finished: Purchase 1-12
2026-09-28 13:26:32,751 INFO o.a.j.t.JMeterThread: Thread finished: Purchase 1-13
2026-09-28 13:26:32,751 INFO o.a.j.t.JMeterThread: Thread finished: Purchase 1-24
2026-09-28 13:26:32,751 INFO o.a.j.t.JMeterThread: Thread is done: Purchase 1-85
2026-09-28 13:26:32,751 INFO o.a.j.t.JMeterThread: Thread is done: Purchase 1-21
2026-09-28 13:26:32,751 INFO o.a.j.t.JMeterThread: Thread finished: Purchase 1-85
2026-09-28 13:26:32,751 INFO o.a.j.t.JMeterThread: Thread is done: Purchase 1-92
2026-09-28 13:26:32,751 INFO o.a.j.t.JMeterThread: Thread finished: Purchase 1-21
2026-09-28 13:26:32,751 INFO o.a.j.t.JMeterThread: Thread finished: Purchase 1-92
2026-09-28 13:26:32,752 INFO o.a.j.t.JMeterThread: Thread is done: Purchase 1-25
2026-09-28 13:26:32,752 INFO o.a.j.t.JMeterThread: Thread finished: Purchase 1-25
2026-09-28 13:26:32,752 INFO o.a.j.t.JMeterThread: Thread is done: Purchase 1-76
2026-09-28 13:26:32,752 INFO o.a.j.t.JMeterThread: Thread finished: Purchase 1-76
2026-09-28 13:26:32,753 INFO o.a.j.t.JMeterThread: Thread is done: Purchase 1-64
2026-09-28 13:26:32,753 INFO o.a.j.t.JMeterThread: Thread finished: Purchase 1-64
2026-09-28 13:26:32,753 INFO o.a.j.t.JMeterThread: Thread is done: Purchase 1-39
2026-09-28 13:26:32,753 INFO o.a.j.t.JMeterThread: Thread is done: Purchase 1-56
2026-09-28 13:26:32,753 INFO o.a.j.t.JMeterThread: Thread finished: Purchase 1-39
2026-09-28 13:26:32,753 INFO o.a.j.t.JMeterThread: Thread finished: Purchase 1-56
2026-09-28 13:26:32,754 INFO o.a.j.t.JMeterThread: Thread is done: Purchase 1-23
2026-09-28 13:26:32,754 INFO o.a.j.t.JMeterThread: Thread finished: Purchase 1-23
2026-09-28 13:26:32,754 INFO o.a.j.t.JMeterThread: Thread is done: Purchase 1-95
2026-09-28 13:26:32,754 INFO o.a.j.t.JMeterThread: Thread is done: Purchase 1-15
2026-09-28 13:26:32,754 INFO o.a.j.t.JMeterThread: Thread finished: Purchase 1-95
2026-09-28 13:26:32,754 INFO o.a.j.t.JMeterThread: Thread finished: Purchase 1-15
2026-09-28 13:26:32,755 INFO o.a.j.t.JMeterThread: Thread is done: Purchase 1-14
2026-09-28 13:26:32,755 INFO o.a.j.t.JMeterThread: Thread finished: Purchase 1-14
2026-09-28 13:26:32,755 INFO o.a.j.t.JMeterThread: Thread is done: Purchase 1-42
2026-09-28 13:26:32,755 INFO o.a.j.t.JMeterThread: Thread finished: Purchase 1-42
2026-09-28 13:26:32,756 INFO o.a.j.t.JMeterThread: Thread is done: Purchase 1-80
2026-09-28 13:26:32,756 INFO o.a.j.t.JMeterThread: Thread is done: Purchase 1-86
2026-09-28 13:26:32,756 INFO o.a.j.t.JMeterThread: Thread is done: Purchase 1-83
2026-09-28 13:26:32,756 INFO o.a.j.t.JMeterThread: Thread finished: Purchase 1-80
2026-09-28 13:26:32,756 INFO o.a.j.t.JMeterThread: Thread finished: Purchase 1-86
2026-09-28 13:26:32,756 INFO o.a.j.t.JMeterThread: Thread finished: Purchase 1-83
2026-09-28 13:26:32,757 INFO o.a.j.t.JMeterThread: Thread is done: Purchase 1-89
2026-09-28 13:26:32,757 INFO o.a.j.t.JMeterThread: Thread finished: Purchase 1-89
2026-09-28 13:26:32,760 INFO o.a.j.t.JMeterThread: Thread is done: Purchase 1-93
2026-09-28 13:26:32,761 INFO o.a.j.t.JMeterThread: Thread finished: Purchase 1-93
2026-09-28 13:26:32,761 INFO o.a.j.t.JMeterThread: Thread is done: Purchase 1-26
2026-09-28 13:26:32,761 INFO o.a.j.t.JMeterThread: Thread is done: Purchase 1-66
2026-09-28 13:26:32,761 INFO o.a.j.t.JMeterThread: Thread finished: Purchase 1-26
2026-09-28 13:26:32,761 INFO o.a.j.t.JMeterThread: Thread finished: Purchase 1-66
2026-09-28 13:26:32,761 INFO o.a.j.t.JMeterThread: Thread is done: Purchase 1-65
2026-09-28 13:26:32,761 INFO o.a.j.t.JMeterThread: Thread is done: Purchase 1-40
2026-09-28 13:26:32,761 INFO o.a.j.t.JMeterThread: Thread finished: Purchase 1-65
2026-09-28 13:26:32,761 INFO o.a.j.t.JMeterThread: Thread finished: Purchase 1-40
2026-09-28 13:26:32,761 INFO o.a.j.t.JMeterThread: Thread is done: Purchase 1-2
2026-09-28 13:26:32,761 INFO o.a.j.t.JMeterThread: Thread finished: Purchase 1-2
2026-09-28 13:26:32,761 INFO o.a.j.t.JMeterThread: Thread is done: Purchase 1-73
2026-09-28 13:26:32,761 INFO o.a.j.t.JMeterThread: Thread is done: Purchase 1-3
2026-09-28 13:26:32,761 INFO o.a.j.t.JMeterThread: Thread finished: Purchase 1-73
2026-09-28 13:26:32,761 INFO o.a.j.t.JMeterThread: Thread finished: Purchase 1-3
2026-09-28 13:26:32,762 INFO o.a.j.t.JMeterThread: Thread is done: Purchase 1-49
2026-09-28 13:26:32,763 INFO o.a.j.t.JMeterThread: Thread is done: Purchase 1-48
2026-09-28 13:26:32,763 INFO o.a.j.t.JMeterThread: Thread finished: Purchase 1-49
2026-09-28 13:26:32,763 INFO o.a.j.t.JMeterThread: Thread is done: Purchase 1-29
2026-09-28 13:26:32,763 INFO o.a.j.t.JMeterThread: Thread is done: Purchase 1-20
2026-09-28 13:26:32,763 INFO o.a.j.t.JMeterThread: Thread finished: Purchase 1-48
2026-09-28 13:26:32,763 INFO o.a.j.t.JMeterThread: Thread finished: Purchase 1-29
2026-09-28 13:26:32,763 INFO o.a.j.t.JMeterThread: Thread finished: Purchase 1-20
2026-09-28 13:26:32,763 INFO o.a.j.t.JMeterThread: Thread is done: Purchase 1-81
2026-09-28 13:26:32,763 INFO o.a.j.t.JMeterThread: Thread finished: Purchase 1-81
2026-09-28 13:26:32,763 INFO o.a.j.t.JMeterThread: Thread is done: Purchase 1-8
2026-09-28 13:26:32,763 INFO o.a.j.t.JMeterThread: Thread is done: Purchase 1-67
2026-09-28 13:26:32,763 INFO o.a.j.t.JMeterThread: Thread finished: Purchase 1-8
2026-09-28 13:26:32,763 INFO o.a.j.t.JMeterThread: Thread is done: Purchase 1-43
2026-09-28 13:26:32,763 INFO o.a.j.t.JMeterThread: Thread finished: Purchase 1-67
2026-09-28 13:26:32,763 INFO o.a.j.t.JMeterThread: Thread finished: Purchase 1-43
2026-09-28 13:26:32,764 INFO o.a.j.t.JMeterThread: Thread is done: Purchase 1-79
2026-09-28 13:26:32,764 INFO o.a.j.t.JMeterThread: Thread finished: Purchase 1-79
2026-09-28 13:26:32,769 INFO o.a.j.t.JMeterThread: Thread is done: Purchase 1-31
2026-09-28 13:26:32,769 INFO o.a.j.t.JMeterThread: Thread finished: Purchase 1-31
2026-09-28 13:26:32,769 INFO o.a.j.t.JMeterThread: Thread is done: Purchase 1-50
2026-09-28 13:26:32,769 INFO o.a.j.t.JMeterThread: Thread finished: Purchase 1-50
2026-09-28 13:26:32,769 INFO o.a.j.t.JMeterThread: Thread is done: Purchase 1-78
2026-09-28 13:26:32,769 INFO o.a.j.t.JMeterThread: Thread finished: Purchase 1-78
2026-09-28 13:26:32,769 INFO o.a.j.t.JMeterThread: Thread is done: Purchase 1-57
2026-09-28 13:26:32,770 INFO o.a.j.t.JMeterThread: Thread finished: Purchase 1-57
2026-09-28 13:26:32,770 INFO o.a.j.t.JMeterThread: Thread is done: Purchase 1-97
2026-09-28 13:26:32,770 INFO o.a.j.t.JMeterThread: Thread is done: Purchase 1-11
2026-09-28 13:26:32,770 INFO o.a.j.t.JMeterThread: Thread finished: Purchase 1-97
2026-09-28 13:26:32,770 INFO o.a.j.t.JMeterThread: Thread finished: Purchase 1-11
2026-09-28 13:26:32,771 INFO o.a.j.t.JMeterThread: Thread is done: Purchase 1-72
2026-09-28 13:26:32,771 INFO o.a.j.t.JMeterThread: Thread is done: Purchase 1-55
2026-09-28 13:26:32,771 INFO o.a.j.t.JMeterThread: Thread finished: Purchase 1-72
2026-09-28 13:26:32,772 INFO o.a.j.t.JMeterThread: Thread finished: Purchase 1-55
2026-09-28 13:26:32,772 INFO o.a.j.t.JMeterThread: Thread is done: Purchase 1-84
2026-09-28 13:26:32,772 INFO o.a.j.t.JMeterThread: Thread finished: Purchase 1-84
2026-09-28 13:26:32,773 INFO o.a.j.t.JMeterThread: Thread is done: Purchase 1-77
2026-09-28 13:26:32,773 INFO o.a.j.t.JMeterThread: Thread finished: Purchase 1-77
2026-09-28 13:26:32,773 INFO o.a.j.t.JMeterThread: Thread is done: Purchase 1-44
2026-09-28 13:26:32,773 INFO o.a.j.t.JMeterThread: Thread is done: Purchase 1-54
2026-09-28 13:26:32,773 INFO o.a.j.t.JMeterThread: Thread finished: Purchase 1-44
2026-09-28 13:26:32,773 INFO o.a.j.t.JMeterThread: Thread finished: Purchase 1-54
2026-09-28 13:26:32,773 INFO o.a.j.t.JMeterThread: Thread is done: Purchase 1-4
2026-09-28 13:26:32,774 INFO o.a.j.t.JMeterThread: Thread is done: Purchase 1-70
2026-09-28 13:26:32,774 INFO o.a.j.t.JMeterThread: Thread finished: Purchase 1-4
2026-09-28 13:26:32,774 INFO o.a.j.t.JMeterThread: Thread finished: Purchase 1-70
2026-09-28 13:26:32,774 INFO o.a.j.t.JMeterThread: Thread is done: Purchase 1-75
2026-09-28 13:26:32,774 INFO o.a.j.t.JMeterThread: Thread is done: Purchase 1-32
2026-09-28 13:26:32,774 INFO o.a.j.t.JMeterThread: Thread finished: Purchase 1-75
2026-09-28 13:26:32,774 INFO o.a.j.t.JMeterThread: Thread finished: Purchase 1-32
2026-09-28 13:26:32,779 INFO o.a.j.t.JMeterThread: Thread is done: Purchase 1-45
2026-09-28 13:26:32,779 INFO o.a.j.t.JMeterThread: Thread is done: Purchase 1-1
2026-09-28 13:26:32,779 INFO o.a.j.t.JMeterThread: Thread is done: Purchase 1-46
2026-09-28 13:26:32,779 INFO o.a.j.t.JMeterThread: Thread finished: Purchase 1-45
2026-09-28 13:26:32,779 INFO o.a.j.t.JMeterThread: Thread is done: Purchase 1-36
2026-09-28 13:26:32,779 INFO o.a.j.t.JMeterThread: Thread is done: Purchase 1-61
2026-09-28 13:26:32,779 INFO o.a.j.t.JMeterThread: Thread finished: Purchase 1-46
2026-09-28 13:26:32,779 INFO o.a.j.t.JMeterThread: Thread is done: Purchase 1-9
2026-09-28 13:26:32,779 INFO o.a.j.t.JMeterThread: Thread is done: Purchase 1-53
2026-09-28 13:26:32,779 INFO o.a.j.t.JMeterThread: Thread is done: Purchase 1-87
2026-09-28 13:26:32,779 INFO o.a.j.t.JMeterThread: Thread finished: Purchase 1-36
2026-09-28 13:26:32,779 INFO o.a.j.t.JMeterThread: Thread finished: Purchase 1-1
2026-09-28 13:26:32,779 INFO o.a.j.t.JMeterThread: Thread finished: Purchase 1-53
2026-09-28 13:26:32,779 INFO o.a.j.t.JMeterThread: Thread finished: Purchase 1-61
2026-09-28 13:26:32,779 INFO o.a.j.t.JMeterThread: Thread finished: Purchase 1-9
2026-09-28 13:26:32,779 INFO o.a.j.t.JMeterThread: Thread is done: Purchase 1-18
2026-09-28 13:26:32,779 INFO o.a.j.t.JMeterThread: Thread finished: Purchase 1-18
2026-09-28 13:26:32,779 INFO o.a.j.t.JMeterThread: Thread finished: Purchase 1-87
2026-09-28 13:26:32,782 INFO o.a.j.t.JMeterThread: Thread is done: Purchase 1-17
2026-09-28 13:26:32,782 INFO o.a.j.t.JMeterThread: Thread is done: Purchase 1-34
2026-09-28 13:26:32,782 INFO o.a.j.t.JMeterThread: Thread finished: Purchase 1-17
2026-09-28 13:26:32,782 INFO o.a.j.t.JMeterThread: Thread finished: Purchase 1-34
2026-09-28 13:26:32,782 INFO o.a.j.t.JMeterThread: Thread is done: Purchase 1-98
2026-09-28 13:26:32,782 INFO o.a.j.t.JMeterThread: Thread is done: Purchase 1-88
2026-09-28 13:26:32,782 INFO o.a.j.t.JMeterThread: Thread finished: Purchase 1-98
2026-09-28 13:26:32,782 INFO o.a.j.t.JMeterThread: Thread finished: Purchase 1-88
2026-09-28 13:26:32,788 INFO o.a.j.t.JMeterThread: Thread is done: Purchase 1-19
2026-09-28 13:26:32,788 INFO o.a.j.t.JMeterThread: Thread is done: Purchase 1-94
2026-09-28 13:26:32,788 INFO o.a.j.t.JMeterThread: Thread is done: Purchase 1-41
2026-09-28 13:26:32,788 INFO o.a.j.t.JMeterThread: Thread is done: Purchase 1-27
2026-09-28 13:26:32,789 INFO o.a.j.t.JMeterThread: Thread finished: Purchase 1-19
2026-09-28 13:26:32,788 INFO o.a.j.t.JMeterThread: Thread is done: Purchase 1-52
2026-09-28 13:26:32,789 INFO o.a.j.t.JMeterThread: Thread is done: Purchase 1-47
2026-09-28 13:26:32,788 INFO o.a.j.t.JMeterThread: Thread is done: Purchase 1-59
2026-09-28 13:26:32,789 INFO o.a.j.t.JMeterThread: Thread finished: Purchase 1-52
2026-09-28 13:26:32,788 INFO o.a.j.t.JMeterThread: Thread is done: Purchase 1-38
2026-09-28 13:26:32,789 INFO o.a.j.t.JMeterThread: Thread is done: Purchase 1-33
2026-09-28 13:26:32,789 INFO o.a.j.t.JMeterThread: Thread is done: Purchase 1-69
2026-09-28 13:26:32,789 INFO o.a.j.t.JMeterThread: Thread finished: Purchase 1-33
2026-09-28 13:26:32,789 INFO o.a.j.t.JMeterThread: Thread is done: Purchase 1-62
2026-09-28 13:26:32,788 INFO o.a.j.t.JMeterThread: Thread is done: Purchase 1-10
2026-09-28 13:26:32,789 INFO o.a.j.t.JMeterThread: Thread finished: Purchase 1-62
2026-09-28 13:26:32,789 INFO o.a.j.t.JMeterThread: Thread finished: Purchase 1-94
2026-09-28 13:26:32,789 INFO o.a.j.t.JMeterThread: Thread is done: Purchase 1-100
2026-09-28 13:26:32,790 INFO o.a.j.t.JMeterThread: Thread is done: Purchase 1-74
2026-09-28 13:26:32,789 INFO o.a.j.t.JMeterThread: Thread finished: Purchase 1-27
2026-09-28 13:26:32,790 INFO o.a.j.t.JMeterThread: Thread is done: Purchase 1-68
2026-09-28 13:26:32,790 INFO o.a.j.t.JMeterThread: Thread finished: Purchase 1-100
2026-09-28 13:26:32,789 INFO o.a.j.t.JMeterThread: Thread finished: Purchase 1-59
2026-09-28 13:26:32,789 INFO o.a.j.t.JMeterThread: Thread finished: Purchase 1-41
2026-09-28 13:26:32,790 INFO o.a.j.t.JMeterThread: Thread finished: Purchase 1-69
2026-09-28 13:26:32,790 INFO o.a.j.t.JMeterThread: Thread finished: Purchase 1-38
2026-09-28 13:26:32,790 INFO o.a.j.t.JMeterThread: Thread is done: Purchase 1-58
2026-09-28 13:26:32,790 INFO o.a.j.t.JMeterThread: Thread finished: Purchase 1-47
2026-09-28 13:26:32,790 INFO o.a.j.t.JMeterThread: Thread is done: Purchase 1-99
2026-09-28 13:26:32,790 INFO o.a.j.t.JMeterThread: Thread finished: Purchase 1-58
2026-09-28 13:26:32,789 INFO o.a.j.t.JMeterThread: Thread finished: Purchase 1-10
2026-09-28 13:26:32,790 INFO o.a.j.t.JMeterThread: Thread finished: Purchase 1-99
2026-09-28 13:26:32,791 INFO o.a.j.t.JMeterThread: Thread finished: Purchase 1-74
2026-09-28 13:26:32,790 INFO o.a.j.t.JMeterThread: Thread finished: Purchase 1-68
2026-09-28 13:26:32,790 INFO o.a.j.t.JMeterThread: Thread is done: Purchase 1-6
2026-09-28 13:26:32,791 INFO o.a.j.t.JMeterThread: Thread finished: Purchase 1-6
2026-09-28 13:26:32,791 INFO o.a.j.e.StandardJMeterEngine: Notifying test listeners of end of test
2026-09-28 13:26:32,797 INFO o.a.j.r.Summariser: summary +    499 in 00:00:00 = 1614.9/s Avg:   448 Min:    18 Max:  2277 Err:     0 (0.00%) Active: 0 Started: 100 Finished: 100
2026-09-28 13:26:32,798 INFO o.a.j.r.Summariser: summary =    500 in 00:00:03 =  174.8/s Avg:   451 Min:    18 Max:  2277 Err:     0 (0.00%)
