2026-09-29 16:19:05,324 INFO o.a.j.u.JMeterUtils: Setting Locale to zh_CN
2026-09-29 16:19:05,380 INFO o.a.j.JMeter: Loading user properties from: C:\seckill-system\target\tools\apache-jmeter-5.6.3\bin\user.properties
2026-09-29 16:19:05,381 INFO o.a.j.JMeter: Loading system properties from: C:\seckill-system\target\tools\apache-jmeter-5.6.3\bin\system.properties
2026-09-29 16:19:05,381 INFO o.a.j.JMeter: Setting JMeter property: accounts=C:\seckill-system\target\stage6-20260929-161625-accounts.csv
2026-09-29 16:19:05,381 INFO o.a.j.JMeter: Setting JMeter property: users=10
2026-09-29 16:19:05,382 INFO o.a.j.JMeter: Setting JMeter property: loops=50
2026-09-29 16:19:05,382 INFO o.a.j.JMeter: Setting JMeter property: ramp=1
2026-09-29 16:19:05,382 INFO o.a.j.JMeter: Setting JMeter property: delay=100
2026-09-29 16:19:05,382 INFO o.a.j.JMeter: Setting JMeter property: product=361
2026-09-29 16:19:05,382 INFO o.a.j.JMeter: Setting JMeter property: port=18090
2026-09-29 16:19:05,392 INFO o.a.j.JMeter: Copyright (c) 1998-2024 The Apache Software Foundation
2026-09-29 16:19:05,393 INFO o.a.j.JMeter: Version 5.6.3
2026-09-29 16:19:05,393 INFO o.a.j.JMeter: java.version=21.0.12.1
2026-09-29 16:19:05,393 INFO o.a.j.JMeter: java.vm.name=OpenJDK 64-Bit Server VM
2026-09-29 16:19:05,393 INFO o.a.j.JMeter: os.name=Windows 11
2026-09-29 16:19:05,393 INFO o.a.j.JMeter: os.arch=amd64
2026-09-29 16:19:05,393 INFO o.a.j.JMeter: os.version=10.0
2026-09-29 16:19:05,393 INFO o.a.j.JMeter: file.encoding=UTF-8
2026-09-29 16:19:05,393 INFO o.a.j.JMeter: java.awt.headless=true
2026-09-29 16:19:05,393 INFO o.a.j.JMeter: Max memory     =536870912
2026-09-29 16:19:05,393 INFO o.a.j.JMeter: Available Processors =32
2026-09-29 16:19:05,406 INFO o.a.j.JMeter: Default Locale=中文 (中国)
2026-09-29 16:19:05,406 INFO o.a.j.JMeter: JMeter  Locale=中文 (中国)
2026-09-29 16:19:05,406 INFO o.a.j.JMeter: JMeterHome=C:\seckill-system\target\tools\apache-jmeter-5.6.3
2026-09-29 16:19:05,407 INFO o.a.j.JMeter: user.dir  =C:\seckill-system
2026-09-29 16:19:05,407 INFO o.a.j.JMeter: PWD       =C:\seckill-system
2026-09-29 16:19:05,410 INFO o.a.j.JMeter: IP: 172.26.243.24 Name: LAPTOP-77E72ENH FullName: LAPTOP-77E72ENH
2026-09-29 16:19:05,429 INFO o.a.j.s.FileServer: Default base='C:\seckill-system'
2026-09-29 16:19:05,431 INFO o.a.j.s.FileServer: Set new base='C:\seckill-system\perf'
2026-09-29 16:19:05,762 INFO o.a.j.s.SaveService: Testplan (JMX) version: 2.2. Testlog (JTL) version: 2.2
2026-09-29 16:19:05,821 INFO o.a.j.s.SaveService: Using SaveService properties version 5.0
2026-09-29 16:19:05,830 INFO o.a.j.s.SaveService: Using SaveService properties file encoding UTF-8
2026-09-29 16:19:05,835 INFO o.a.j.s.SaveService: Loading file: perf\stage6.jmx
2026-09-29 16:19:05,933 INFO o.a.j.p.h.s.HTTPSamplerBase: Parser for text/html is org.apache.jmeter.protocol.http.parser.LagartoBasedHtmlParser
2026-09-29 16:19:05,933 INFO o.a.j.p.h.s.HTTPSamplerBase: Parser for application/xhtml+xml is org.apache.jmeter.protocol.http.parser.LagartoBasedHtmlParser
2026-09-29 16:19:05,933 INFO o.a.j.p.h.s.HTTPSamplerBase: Parser for application/xml is org.apache.jmeter.protocol.http.parser.LagartoBasedHtmlParser
2026-09-29 16:19:05,934 INFO o.a.j.p.h.s.HTTPSamplerBase: Parser for text/xml is org.apache.jmeter.protocol.http.parser.LagartoBasedHtmlParser
2026-09-29 16:19:05,934 INFO o.a.j.p.h.s.HTTPSamplerBase: Parser for text/vnd.wap.wml is org.apache.jmeter.protocol.http.parser.RegexpHTMLParser
2026-09-29 16:19:05,934 INFO o.a.j.p.h.s.HTTPSamplerBase: Parser for text/css is org.apache.jmeter.protocol.http.parser.CssParser
2026-09-29 16:19:05,952 INFO o.a.j.JMeter: Creating summariser <summary>
2026-09-29 16:19:05,988 INFO o.a.j.e.StandardJMeterEngine: Running the test!
2026-09-29 16:19:05,989 INFO o.a.j.s.SampleEvent: List of sample_variables: []
2026-09-29 16:19:05,989 INFO o.a.j.s.SampleEvent: List of sample_variables: []
2026-09-29 16:19:05,996 INFO o.a.j.e.u.CompoundVariable: Note: Function class names must contain the string: '.functions.'
2026-09-29 16:19:05,996 INFO o.a.j.e.u.CompoundVariable: Note: Function class names must not contain the string: '.gui.'
2026-09-29 16:19:06,130 INFO o.a.j.JMeter: 正在运行的测试 (1790669946130)
2026-09-29 16:19:06,154 INFO o.a.j.e.StandardJMeterEngine: Starting ThreadGroup: 1 : Purchase
2026-09-29 16:19:06,155 INFO o.a.j.e.StandardJMeterEngine: Starting 10 threads for group Purchase.
2026-09-29 16:19:06,155 INFO o.a.j.e.StandardJMeterEngine: Thread will continue on error
2026-09-29 16:19:06,155 INFO o.a.j.t.ThreadGroup: Starting thread group... number=1 threads=10 ramp-up=1 delayedStart=false
2026-09-29 16:19:06,167 INFO o.a.j.t.ThreadGroup: Started thread group number 1
2026-09-29 16:19:06,167 INFO o.a.j.e.StandardJMeterEngine: All thread groups have been started
2026-09-29 16:19:06,263 INFO o.a.j.t.JMeterThread: Thread started: Purchase 1-1
2026-09-29 16:19:06,265 INFO o.a.j.s.FileServer: Stored: C:\seckill-system\target\stage6-20260929-161625-accounts.csv
2026-09-29 16:19:06,359 INFO o.a.j.t.JMeterThread: Thread started: Purchase 1-2
2026-09-29 16:19:06,402 INFO o.a.j.p.h.s.HTTPHCAbstractImpl: Local host = LAPTOP-77E72ENH
2026-09-29 16:19:06,410 INFO o.a.j.p.h.s.HTTPHC4Impl: HTTP request retry count = 0
2026-09-29 16:19:06,412 INFO o.a.j.s.SampleResult: Note: Sample TimeStamps are START times
2026-09-29 16:19:06,412 INFO o.a.j.s.SampleResult: sampleresult.default.encoding is set to UTF-8
2026-09-29 16:19:06,413 INFO o.a.j.s.SampleResult: sampleresult.useNanoTime=true
2026-09-29 16:19:06,413 INFO o.a.j.s.SampleResult: sampleresult.nanoThreadSleep=5000
2026-09-29 16:19:06,458 INFO o.a.j.t.JMeterThread: Thread started: Purchase 1-3
2026-09-29 16:19:06,557 INFO o.a.j.t.JMeterThread: Thread started: Purchase 1-4
2026-09-29 16:19:06,657 INFO o.a.j.t.JMeterThread: Thread started: Purchase 1-5
2026-09-29 16:19:06,757 INFO o.a.j.t.JMeterThread: Thread started: Purchase 1-6
2026-09-29 16:19:06,855 INFO o.a.j.t.JMeterThread: Thread started: Purchase 1-7
2026-09-29 16:19:06,954 INFO o.a.j.t.JMeterThread: Thread started: Purchase 1-8
2026-09-29 16:19:07,054 INFO o.a.j.t.JMeterThread: Thread started: Purchase 1-9
2026-09-29 16:19:07,153 INFO o.a.j.t.JMeterThread: Thread started: Purchase 1-10
2026-09-29 16:19:12,880 INFO o.a.j.t.JMeterThread: Thread is done: Purchase 1-2
2026-09-29 16:19:12,880 INFO o.a.j.t.JMeterThread: Thread is done: Purchase 1-1
2026-09-29 16:19:12,880 INFO o.a.j.t.JMeterThread: Thread is done: Purchase 1-3
2026-09-29 16:19:12,880 INFO o.a.j.t.JMeterThread: Thread is done: Purchase 1-4
2026-09-29 16:19:12,880 INFO o.a.j.t.JMeterThread: Thread finished: Purchase 1-1
2026-09-29 16:19:12,880 INFO o.a.j.t.JMeterThread: Thread finished: Purchase 1-3
2026-09-29 16:19:12,880 INFO o.a.j.t.JMeterThread: Thread finished: Purchase 1-2
2026-09-29 16:19:12,880 INFO o.a.j.t.JMeterThread: Thread finished: Purchase 1-4
2026-09-29 16:19:13,126 INFO o.a.j.t.JMeterThread: Thread is done: Purchase 1-6
2026-09-29 16:19:13,126 INFO o.a.j.t.JMeterThread: Thread finished: Purchase 1-6
2026-09-29 16:19:13,127 INFO o.a.j.t.JMeterThread: Thread is done: Purchase 1-5
2026-09-29 16:19:13,127 INFO o.a.j.t.JMeterThread: Thread finished: Purchase 1-5
2026-09-29 16:19:13,247 INFO o.a.j.t.JMeterThread: Thread is done: Purchase 1-8
2026-09-29 16:19:13,247 INFO o.a.j.t.JMeterThread: Thread finished: Purchase 1-8
2026-09-29 16:19:13,247 INFO o.a.j.t.JMeterThread: Thread is done: Purchase 1-7
2026-09-29 16:19:13,248 INFO o.a.j.t.JMeterThread: Thread finished: Purchase 1-7
2026-09-29 16:19:13,435 INFO o.a.j.t.JMeterThread: Thread is done: Purchase 1-10
2026-09-29 16:19:13,435 INFO o.a.j.t.JMeterThread: Thread finished: Purchase 1-10
2026-09-29 16:19:13,496 INFO o.a.j.t.JMeterThread: Thread is done: Purchase 1-9
2026-09-29 16:19:13,496 INFO o.a.j.t.JMeterThread: Thread finished: Purchase 1-9
2026-09-29 16:19:13,497 INFO o.a.j.e.StandardJMeterEngine: Notifying test listeners of end of test
2026-09-29 16:19:13,498 INFO o.a.j.s.FileServer: Close: C:\seckill-system\target\stage6-20260929-161625-accounts.csv
2026-09-29 16:19:13,503 INFO o.a.j.r.Summariser: summary =    500 in 00:00:07 =   67.8/s Avg:    20 Min:    10 Max:    76 Err:     0 (0.00%)
