2026-09-29 16:19:32,273 INFO o.a.j.u.JMeterUtils: Setting Locale to zh_CN
2026-09-29 16:19:32,325 INFO o.a.j.JMeter: Loading user properties from: C:\seckill-system\target\tools\apache-jmeter-5.6.3\bin\user.properties
2026-09-29 16:19:32,325 INFO o.a.j.JMeter: Loading system properties from: C:\seckill-system\target\tools\apache-jmeter-5.6.3\bin\system.properties
2026-09-29 16:19:32,325 INFO o.a.j.JMeter: Setting JMeter property: accounts=C:\seckill-system\target\stage6-20260929-161625-accounts.csv
2026-09-29 16:19:32,326 INFO o.a.j.JMeter: Setting JMeter property: users=100
2026-09-29 16:19:32,326 INFO o.a.j.JMeter: Setting JMeter property: loops=100
2026-09-29 16:19:32,326 INFO o.a.j.JMeter: Setting JMeter property: ramp=1
2026-09-29 16:19:32,326 INFO o.a.j.JMeter: Setting JMeter property: delay=0
2026-09-29 16:19:32,326 INFO o.a.j.JMeter: Setting JMeter property: product=362
2026-09-29 16:19:32,326 INFO o.a.j.JMeter: Setting JMeter property: port=18090
2026-09-29 16:19:32,339 INFO o.a.j.JMeter: Copyright (c) 1998-2024 The Apache Software Foundation
2026-09-29 16:19:32,339 INFO o.a.j.JMeter: Version 5.6.3
2026-09-29 16:19:32,339 INFO o.a.j.JMeter: java.version=21.0.12.1
2026-09-29 16:19:32,339 INFO o.a.j.JMeter: java.vm.name=OpenJDK 64-Bit Server VM
2026-09-29 16:19:32,339 INFO o.a.j.JMeter: os.name=Windows 11
2026-09-29 16:19:32,339 INFO o.a.j.JMeter: os.arch=amd64
2026-09-29 16:19:32,339 INFO o.a.j.JMeter: os.version=10.0
2026-09-29 16:19:32,339 INFO o.a.j.JMeter: file.encoding=UTF-8
2026-09-29 16:19:32,339 INFO o.a.j.JMeter: java.awt.headless=true
2026-09-29 16:19:32,340 INFO o.a.j.JMeter: Max memory     =536870912
2026-09-29 16:19:32,340 INFO o.a.j.JMeter: Available Processors =32
2026-09-29 16:19:32,358 INFO o.a.j.JMeter: Default Locale=中文 (中国)
2026-09-29 16:19:32,358 INFO o.a.j.JMeter: JMeter  Locale=中文 (中国)
2026-09-29 16:19:32,358 INFO o.a.j.JMeter: JMeterHome=C:\seckill-system\target\tools\apache-jmeter-5.6.3
2026-09-29 16:19:32,358 INFO o.a.j.JMeter: user.dir  =C:\seckill-system
2026-09-29 16:19:32,359 INFO o.a.j.JMeter: PWD       =C:\seckill-system
2026-09-29 16:19:32,362 INFO o.a.j.JMeter: IP: 172.26.243.24 Name: LAPTOP-77E72ENH FullName: LAPTOP-77E72ENH
2026-09-29 16:19:32,395 INFO o.a.j.s.FileServer: Default base='C:\seckill-system'
2026-09-29 16:19:32,398 INFO o.a.j.s.FileServer: Set new base='C:\seckill-system\perf'
2026-09-29 16:19:32,783 INFO o.a.j.s.SaveService: Testplan (JMX) version: 2.2. Testlog (JTL) version: 2.2
2026-09-29 16:19:32,843 INFO o.a.j.s.SaveService: Using SaveService properties version 5.0
2026-09-29 16:19:32,850 INFO o.a.j.s.SaveService: Using SaveService properties file encoding UTF-8
2026-09-29 16:19:32,855 INFO o.a.j.s.SaveService: Loading file: perf\stage6.jmx
2026-09-29 16:19:32,953 INFO o.a.j.p.h.s.HTTPSamplerBase: Parser for text/html is org.apache.jmeter.protocol.http.parser.LagartoBasedHtmlParser
2026-09-29 16:19:32,954 INFO o.a.j.p.h.s.HTTPSamplerBase: Parser for application/xhtml+xml is org.apache.jmeter.protocol.http.parser.LagartoBasedHtmlParser
2026-09-29 16:19:32,954 INFO o.a.j.p.h.s.HTTPSamplerBase: Parser for application/xml is org.apache.jmeter.protocol.http.parser.LagartoBasedHtmlParser
2026-09-29 16:19:32,954 INFO o.a.j.p.h.s.HTTPSamplerBase: Parser for text/xml is org.apache.jmeter.protocol.http.parser.LagartoBasedHtmlParser
2026-09-29 16:19:32,954 INFO o.a.j.p.h.s.HTTPSamplerBase: Parser for text/vnd.wap.wml is org.apache.jmeter.protocol.http.parser.RegexpHTMLParser
2026-09-29 16:19:32,954 INFO o.a.j.p.h.s.HTTPSamplerBase: Parser for text/css is org.apache.jmeter.protocol.http.parser.CssParser
2026-09-29 16:19:32,974 INFO o.a.j.JMeter: Creating summariser <summary>
2026-09-29 16:19:33,010 INFO o.a.j.e.StandardJMeterEngine: Running the test!
2026-09-29 16:19:33,011 INFO o.a.j.s.SampleEvent: List of sample_variables: []
2026-09-29 16:19:33,011 INFO o.a.j.s.SampleEvent: List of sample_variables: []
2026-09-29 16:19:33,024 INFO o.a.j.e.u.CompoundVariable: Note: Function class names must contain the string: '.functions.'
2026-09-29 16:19:33,025 INFO o.a.j.e.u.CompoundVariable: Note: Function class names must not contain the string: '.gui.'
2026-09-29 16:19:33,160 INFO o.a.j.JMeter: 正在运行的测试 (1790669973160)
2026-09-29 16:19:33,183 INFO o.a.j.e.StandardJMeterEngine: Starting ThreadGroup: 1 : Purchase
2026-09-29 16:19:33,184 INFO o.a.j.e.StandardJMeterEngine: Starting 100 threads for group Purchase.
2026-09-29 16:19:33,184 INFO o.a.j.e.StandardJMeterEngine: Thread will continue on error
2026-09-29 16:19:33,184 INFO o.a.j.t.ThreadGroup: Starting thread group... number=1 threads=100 ramp-up=1 delayedStart=false
2026-09-29 16:19:33,257 INFO o.a.j.t.ThreadGroup: Started thread group number 1
2026-09-29 16:19:33,257 INFO o.a.j.e.StandardJMeterEngine: All thread groups have been started
2026-09-29 16:19:33,504 INFO o.a.j.t.JMeterThread: Thread started: Purchase 1-1
2026-09-29 16:19:33,510 INFO o.a.j.t.JMeterThread: Thread started: Purchase 1-2
2026-09-29 16:19:33,513 INFO o.a.j.s.FileServer: Stored: C:\seckill-system\target\stage6-20260929-161625-accounts.csv
2026-09-29 16:19:33,519 INFO o.a.j.t.JMeterThread: Thread started: Purchase 1-3
2026-09-29 16:19:33,529 INFO o.a.j.t.JMeterThread: Thread started: Purchase 1-4
2026-09-29 16:19:33,539 INFO o.a.j.t.JMeterThread: Thread started: Purchase 1-5
2026-09-29 16:19:33,549 INFO o.a.j.t.JMeterThread: Thread started: Purchase 1-6
2026-09-29 16:19:33,557 INFO o.a.j.t.JMeterThread: Thread started: Purchase 1-7
2026-09-29 16:19:33,567 INFO o.a.j.t.JMeterThread: Thread started: Purchase 1-8
2026-09-29 16:19:33,577 INFO o.a.j.t.JMeterThread: Thread started: Purchase 1-9
2026-09-29 16:19:33,586 INFO o.a.j.t.JMeterThread: Thread started: Purchase 1-10
2026-09-29 16:19:33,594 INFO o.a.j.t.JMeterThread: Thread started: Purchase 1-11
2026-09-29 16:19:33,603 INFO o.a.j.t.JMeterThread: Thread started: Purchase 1-12
2026-09-29 16:19:33,614 INFO o.a.j.t.JMeterThread: Thread started: Purchase 1-13
2026-09-29 16:19:33,622 INFO o.a.j.t.JMeterThread: Thread started: Purchase 1-14
2026-09-29 16:19:33,633 INFO o.a.j.t.JMeterThread: Thread started: Purchase 1-15
2026-09-29 16:19:33,642 INFO o.a.j.t.JMeterThread: Thread started: Purchase 1-16
2026-09-29 16:19:33,645 INFO o.a.j.p.h.s.HTTPHCAbstractImpl: Local host = LAPTOP-77E72ENH
2026-09-29 16:19:33,651 INFO o.a.j.t.JMeterThread: Thread started: Purchase 1-17
2026-09-29 16:19:33,660 INFO o.a.j.t.JMeterThread: Thread started: Purchase 1-18
2026-09-29 16:19:33,662 INFO o.a.j.p.h.s.HTTPHC4Impl: HTTP request retry count = 0
2026-09-29 16:19:33,664 INFO o.a.j.s.SampleResult: Note: Sample TimeStamps are START times
2026-09-29 16:19:33,664 INFO o.a.j.s.SampleResult: sampleresult.default.encoding is set to UTF-8
2026-09-29 16:19:33,664 INFO o.a.j.s.SampleResult: sampleresult.useNanoTime=true
2026-09-29 16:19:33,664 INFO o.a.j.s.SampleResult: sampleresult.nanoThreadSleep=5000
2026-09-29 16:19:33,670 INFO o.a.j.t.JMeterThread: Thread started: Purchase 1-19
2026-09-29 16:19:33,678 INFO o.a.j.t.JMeterThread: Thread started: Purchase 1-20
2026-09-29 16:19:33,687 INFO o.a.j.t.JMeterThread: Thread started: Purchase 1-21
2026-09-29 16:19:33,696 INFO o.a.j.t.JMeterThread: Thread started: Purchase 1-22
2026-09-29 16:19:33,707 INFO o.a.j.t.JMeterThread: Thread started: Purchase 1-23
2026-09-29 16:19:33,715 INFO o.a.j.t.JMeterThread: Thread started: Purchase 1-24
2026-09-29 16:19:33,724 INFO o.a.j.t.JMeterThread: Thread started: Purchase 1-25
2026-09-29 16:19:33,735 INFO o.a.j.t.JMeterThread: Thread started: Purchase 1-26
2026-09-29 16:19:33,744 INFO o.a.j.t.JMeterThread: Thread started: Purchase 1-27
2026-09-29 16:19:33,752 INFO o.a.j.t.JMeterThread: Thread started: Purchase 1-28
2026-09-29 16:19:33,761 INFO o.a.j.t.JMeterThread: Thread started: Purchase 1-29
2026-09-29 16:19:33,770 INFO o.a.j.t.JMeterThread: Thread started: Purchase 1-30
2026-09-29 16:19:33,779 INFO o.a.j.t.JMeterThread: Thread started: Purchase 1-31
2026-09-29 16:19:33,791 INFO o.a.j.t.JMeterThread: Thread started: Purchase 1-32
2026-09-29 16:19:33,798 INFO o.a.j.t.JMeterThread: Thread started: Purchase 1-33
2026-09-29 16:19:33,808 INFO o.a.j.t.JMeterThread: Thread started: Purchase 1-34
2026-09-29 16:19:33,817 INFO o.a.j.t.JMeterThread: Thread started: Purchase 1-35
2026-09-29 16:19:33,828 INFO o.a.j.t.JMeterThread: Thread started: Purchase 1-36
2026-09-29 16:19:33,838 INFO o.a.j.t.JMeterThread: Thread started: Purchase 1-37
2026-09-29 16:19:33,847 INFO o.a.j.t.JMeterThread: Thread started: Purchase 1-38
2026-09-29 16:19:33,855 INFO o.a.j.t.JMeterThread: Thread started: Purchase 1-39
2026-09-29 16:19:33,864 INFO o.a.j.t.JMeterThread: Thread started: Purchase 1-40
2026-09-29 16:19:33,873 INFO o.a.j.t.JMeterThread: Thread started: Purchase 1-41
2026-09-29 16:19:33,882 INFO o.a.j.t.JMeterThread: Thread started: Purchase 1-42
2026-09-29 16:19:33,892 INFO o.a.j.t.JMeterThread: Thread started: Purchase 1-43
2026-09-29 16:19:33,901 INFO o.a.j.t.JMeterThread: Thread started: Purchase 1-44
2026-09-29 16:19:33,910 INFO o.a.j.t.JMeterThread: Thread started: Purchase 1-45
2026-09-29 16:19:33,917 INFO o.a.j.t.JMeterThread: Thread started: Purchase 1-46
2026-09-29 16:19:33,925 INFO o.a.j.t.JMeterThread: Thread started: Purchase 1-47
2026-09-29 16:19:33,936 INFO o.a.j.t.JMeterThread: Thread started: Purchase 1-48
2026-09-29 16:19:33,945 INFO o.a.j.t.JMeterThread: Thread started: Purchase 1-49
2026-09-29 16:19:33,956 INFO o.a.j.t.JMeterThread: Thread started: Purchase 1-50
2026-09-29 16:19:33,962 INFO o.a.j.t.JMeterThread: Thread started: Purchase 1-51
2026-09-29 16:19:33,972 INFO o.a.j.t.JMeterThread: Thread started: Purchase 1-52
2026-09-29 16:19:33,983 INFO o.a.j.t.JMeterThread: Thread started: Purchase 1-53
2026-09-29 16:19:33,992 INFO o.a.j.t.JMeterThread: Thread started: Purchase 1-54
2026-09-29 16:19:34,003 INFO o.a.j.t.JMeterThread: Thread started: Purchase 1-55
2026-09-29 16:19:34,011 INFO o.a.j.t.JMeterThread: Thread started: Purchase 1-56
2026-09-29 16:19:34,020 INFO o.a.j.t.JMeterThread: Thread started: Purchase 1-57
2026-09-29 16:19:34,029 INFO o.a.j.t.JMeterThread: Thread started: Purchase 1-58
2026-09-29 16:19:34,039 INFO o.a.j.t.JMeterThread: Thread started: Purchase 1-59
2026-09-29 16:19:34,047 INFO o.a.j.t.JMeterThread: Thread started: Purchase 1-60
2026-09-29 16:19:34,058 INFO o.a.j.t.JMeterThread: Thread started: Purchase 1-61
2026-09-29 16:19:34,067 INFO o.a.j.t.JMeterThread: Thread started: Purchase 1-62
2026-09-29 16:19:34,075 INFO o.a.j.t.JMeterThread: Thread started: Purchase 1-63
2026-09-29 16:19:34,084 INFO o.a.j.t.JMeterThread: Thread started: Purchase 1-64
2026-09-29 16:19:34,096 INFO o.a.j.t.JMeterThread: Thread started: Purchase 1-65
2026-09-29 16:19:34,105 INFO o.a.j.t.JMeterThread: Thread started: Purchase 1-66
2026-09-29 16:19:34,113 INFO o.a.j.t.JMeterThread: Thread started: Purchase 1-67
2026-09-29 16:19:34,122 INFO o.a.j.t.JMeterThread: Thread started: Purchase 1-68
2026-09-29 16:19:34,133 INFO o.a.j.t.JMeterThread: Thread started: Purchase 1-69
2026-09-29 16:19:34,141 INFO o.a.j.t.JMeterThread: Thread started: Purchase 1-70
2026-09-29 16:19:34,151 INFO o.a.j.t.JMeterThread: Thread started: Purchase 1-71
2026-09-29 16:19:34,161 INFO o.a.j.t.JMeterThread: Thread started: Purchase 1-72
2026-09-29 16:19:34,172 INFO o.a.j.t.JMeterThread: Thread started: Purchase 1-73
2026-09-29 16:19:34,179 INFO o.a.j.t.JMeterThread: Thread started: Purchase 1-74
2026-09-29 16:19:34,190 INFO o.a.j.t.JMeterThread: Thread started: Purchase 1-75
2026-09-29 16:19:34,199 INFO o.a.j.t.JMeterThread: Thread started: Purchase 1-76
2026-09-29 16:19:34,205 INFO o.a.j.r.Summariser: summary +      1 in 00:00:01 =    1.0/s Avg:   155 Min:   155 Max:   155 Err:     0 (0.00%) Active: 76 Started: 76 Finished: 0
2026-09-29 16:19:34,207 INFO o.a.j.t.JMeterThread: Thread started: Purchase 1-77
2026-09-29 16:19:34,218 INFO o.a.j.t.JMeterThread: Thread started: Purchase 1-78
2026-09-29 16:19:34,227 INFO o.a.j.t.JMeterThread: Thread started: Purchase 1-79
2026-09-29 16:19:34,235 INFO o.a.j.t.JMeterThread: Thread started: Purchase 1-80
2026-09-29 16:19:34,246 INFO o.a.j.t.JMeterThread: Thread started: Purchase 1-81
2026-09-29 16:19:34,255 INFO o.a.j.t.JMeterThread: Thread started: Purchase 1-82
2026-09-29 16:19:34,265 INFO o.a.j.t.JMeterThread: Thread started: Purchase 1-83
2026-09-29 16:19:34,275 INFO o.a.j.t.JMeterThread: Thread started: Purchase 1-84
2026-09-29 16:19:34,284 INFO o.a.j.t.JMeterThread: Thread started: Purchase 1-85
2026-09-29 16:19:34,292 INFO o.a.j.t.JMeterThread: Thread started: Purchase 1-86
2026-09-29 16:19:34,302 INFO o.a.j.t.JMeterThread: Thread started: Purchase 1-87
2026-09-29 16:19:34,312 INFO o.a.j.t.JMeterThread: Thread started: Purchase 1-88
2026-09-29 16:19:34,320 INFO o.a.j.t.JMeterThread: Thread started: Purchase 1-89
2026-09-29 16:19:34,333 INFO o.a.j.t.JMeterThread: Thread started: Purchase 1-90
2026-09-29 16:19:34,341 INFO o.a.j.t.JMeterThread: Thread started: Purchase 1-91
2026-09-29 16:19:34,350 INFO o.a.j.t.JMeterThread: Thread started: Purchase 1-92
2026-09-29 16:19:34,359 INFO o.a.j.t.JMeterThread: Thread started: Purchase 1-93
2026-09-29 16:19:34,368 INFO o.a.j.t.JMeterThread: Thread started: Purchase 1-94
2026-09-29 16:19:34,377 INFO o.a.j.t.JMeterThread: Thread started: Purchase 1-95
2026-09-29 16:19:34,388 INFO o.a.j.t.JMeterThread: Thread started: Purchase 1-96
2026-09-29 16:19:34,397 INFO o.a.j.t.JMeterThread: Thread started: Purchase 1-97
2026-09-29 16:19:34,405 INFO o.a.j.t.JMeterThread: Thread started: Purchase 1-98
2026-09-29 16:19:34,416 INFO o.a.j.t.JMeterThread: Thread started: Purchase 1-99
2026-09-29 16:19:34,424 INFO o.a.j.t.JMeterThread: Thread started: Purchase 1-100
2026-09-29 16:19:38,163 INFO o.a.j.t.JMeterThread: Thread is done: Purchase 1-14
2026-09-29 16:19:38,163 INFO o.a.j.t.JMeterThread: Thread finished: Purchase 1-14
2026-09-29 16:19:38,184 INFO o.a.j.t.JMeterThread: Thread is done: Purchase 1-11
2026-09-29 16:19:38,184 INFO o.a.j.t.JMeterThread: Thread finished: Purchase 1-11
2026-09-29 16:19:38,205 INFO o.a.j.t.JMeterThread: Thread is done: Purchase 1-92
2026-09-29 16:19:38,205 INFO o.a.j.t.JMeterThread: Thread finished: Purchase 1-92
2026-09-29 16:19:38,206 INFO o.a.j.t.JMeterThread: Thread is done: Purchase 1-63
2026-09-29 16:19:38,206 INFO o.a.j.t.JMeterThread: Thread finished: Purchase 1-63
2026-09-29 16:19:38,238 INFO o.a.j.t.JMeterThread: Thread is done: Purchase 1-53
2026-09-29 16:19:38,239 INFO o.a.j.t.JMeterThread: Thread finished: Purchase 1-53
2026-09-29 16:19:38,254 INFO o.a.j.t.JMeterThread: Thread is done: Purchase 1-62
2026-09-29 16:19:38,255 INFO o.a.j.t.JMeterThread: Thread finished: Purchase 1-62
2026-09-29 16:19:38,272 INFO o.a.j.t.JMeterThread: Thread is done: Purchase 1-25
2026-09-29 16:19:38,273 INFO o.a.j.t.JMeterThread: Thread finished: Purchase 1-25
2026-09-29 16:19:38,294 INFO o.a.j.t.JMeterThread: Thread is done: Purchase 1-28
2026-09-29 16:19:38,294 INFO o.a.j.t.JMeterThread: Thread finished: Purchase 1-28
2026-09-29 16:19:38,297 INFO o.a.j.t.JMeterThread: Thread is done: Purchase 1-16
2026-09-29 16:19:38,297 INFO o.a.j.t.JMeterThread: Thread finished: Purchase 1-16
2026-09-29 16:19:38,303 INFO o.a.j.t.JMeterThread: Thread is done: Purchase 1-91
2026-09-29 16:19:38,303 INFO o.a.j.t.JMeterThread: Thread finished: Purchase 1-91
2026-09-29 16:19:38,306 INFO o.a.j.t.JMeterThread: Thread is done: Purchase 1-67
2026-09-29 16:19:38,306 INFO o.a.j.t.JMeterThread: Thread finished: Purchase 1-67
2026-09-29 16:19:38,310 INFO o.a.j.t.JMeterThread: Thread is done: Purchase 1-65
2026-09-29 16:19:38,310 INFO o.a.j.t.JMeterThread: Thread finished: Purchase 1-65
2026-09-29 16:19:38,313 INFO o.a.j.t.JMeterThread: Thread is done: Purchase 1-41
2026-09-29 16:19:38,313 INFO o.a.j.t.JMeterThread: Thread finished: Purchase 1-41
2026-09-29 16:19:38,314 INFO o.a.j.t.JMeterThread: Thread is done: Purchase 1-50
2026-09-29 16:19:38,314 INFO o.a.j.t.JMeterThread: Thread finished: Purchase 1-50
2026-09-29 16:19:38,322 INFO o.a.j.t.JMeterThread: Thread is done: Purchase 1-35
2026-09-29 16:19:38,322 INFO o.a.j.t.JMeterThread: Thread finished: Purchase 1-35
2026-09-29 16:19:38,342 INFO o.a.j.t.JMeterThread: Thread is done: Purchase 1-78
2026-09-29 16:19:38,342 INFO o.a.j.t.JMeterThread: Thread finished: Purchase 1-78
2026-09-29 16:19:38,344 INFO o.a.j.t.JMeterThread: Thread is done: Purchase 1-89
2026-09-29 16:19:38,344 INFO o.a.j.t.JMeterThread: Thread finished: Purchase 1-89
2026-09-29 16:19:38,346 INFO o.a.j.t.JMeterThread: Thread is done: Purchase 1-19
2026-09-29 16:19:38,346 INFO o.a.j.t.JMeterThread: Thread finished: Purchase 1-19
2026-09-29 16:19:38,347 INFO o.a.j.t.JMeterThread: Thread is done: Purchase 1-44
2026-09-29 16:19:38,347 INFO o.a.j.t.JMeterThread: Thread finished: Purchase 1-44
2026-09-29 16:19:38,352 INFO o.a.j.t.JMeterThread: Thread is done: Purchase 1-77
2026-09-29 16:19:38,352 INFO o.a.j.t.JMeterThread: Thread finished: Purchase 1-77
2026-09-29 16:19:38,352 INFO o.a.j.t.JMeterThread: Thread is done: Purchase 1-70
2026-09-29 16:19:38,353 INFO o.a.j.t.JMeterThread: Thread finished: Purchase 1-70
2026-09-29 16:19:38,362 INFO o.a.j.t.JMeterThread: Thread is done: Purchase 1-66
2026-09-29 16:19:38,362 INFO o.a.j.t.JMeterThread: Thread finished: Purchase 1-66
2026-09-29 16:19:38,363 INFO o.a.j.t.JMeterThread: Thread is done: Purchase 1-61
2026-09-29 16:19:38,363 INFO o.a.j.t.JMeterThread: Thread finished: Purchase 1-61
2026-09-29 16:19:38,367 INFO o.a.j.t.JMeterThread: Thread is done: Purchase 1-47
2026-09-29 16:19:38,368 INFO o.a.j.t.JMeterThread: Thread is done: Purchase 1-54
2026-09-29 16:19:38,368 INFO o.a.j.t.JMeterThread: Thread finished: Purchase 1-47
2026-09-29 16:19:38,368 INFO o.a.j.t.JMeterThread: Thread finished: Purchase 1-54
2026-09-29 16:19:38,369 INFO o.a.j.t.JMeterThread: Thread is done: Purchase 1-56
2026-09-29 16:19:38,369 INFO o.a.j.t.JMeterThread: Thread finished: Purchase 1-56
2026-09-29 16:19:38,370 INFO o.a.j.t.JMeterThread: Thread is done: Purchase 1-46
2026-09-29 16:19:38,370 INFO o.a.j.t.JMeterThread: Thread finished: Purchase 1-46
2026-09-29 16:19:38,378 INFO o.a.j.t.JMeterThread: Thread is done: Purchase 1-95
2026-09-29 16:19:38,378 INFO o.a.j.t.JMeterThread: Thread finished: Purchase 1-95
2026-09-29 16:19:38,382 INFO o.a.j.t.JMeterThread: Thread is done: Purchase 1-90
2026-09-29 16:19:38,383 INFO o.a.j.t.JMeterThread: Thread finished: Purchase 1-90
2026-09-29 16:19:38,390 INFO o.a.j.t.JMeterThread: Thread is done: Purchase 1-37
2026-09-29 16:19:38,390 INFO o.a.j.t.JMeterThread: Thread finished: Purchase 1-37
2026-09-29 16:19:38,397 INFO o.a.j.t.JMeterThread: Thread is done: Purchase 1-43
2026-09-29 16:19:38,397 INFO o.a.j.t.JMeterThread: Thread finished: Purchase 1-43
2026-09-29 16:19:38,401 INFO o.a.j.t.JMeterThread: Thread is done: Purchase 1-87
2026-09-29 16:19:38,401 INFO o.a.j.t.JMeterThread: Thread finished: Purchase 1-87
2026-09-29 16:19:38,402 INFO o.a.j.t.JMeterThread: Thread is done: Purchase 1-49
2026-09-29 16:19:38,402 INFO o.a.j.t.JMeterThread: Thread finished: Purchase 1-49
2026-09-29 16:19:38,402 INFO o.a.j.t.JMeterThread: Thread is done: Purchase 1-13
2026-09-29 16:19:38,402 INFO o.a.j.t.JMeterThread: Thread is done: Purchase 1-26
2026-09-29 16:19:38,402 INFO o.a.j.t.JMeterThread: Thread finished: Purchase 1-13
2026-09-29 16:19:38,402 INFO o.a.j.t.JMeterThread: Thread finished: Purchase 1-26
2026-09-29 16:19:38,407 INFO o.a.j.t.JMeterThread: Thread is done: Purchase 1-59
2026-09-29 16:19:38,407 INFO o.a.j.t.JMeterThread: Thread finished: Purchase 1-59
2026-09-29 16:19:38,411 INFO o.a.j.t.JMeterThread: Thread is done: Purchase 1-45
2026-09-29 16:19:38,411 INFO o.a.j.t.JMeterThread: Thread finished: Purchase 1-45
2026-09-29 16:19:38,412 INFO o.a.j.t.JMeterThread: Thread is done: Purchase 1-85
2026-09-29 16:19:38,413 INFO o.a.j.t.JMeterThread: Thread finished: Purchase 1-85
2026-09-29 16:19:38,415 INFO o.a.j.t.JMeterThread: Thread is done: Purchase 1-64
2026-09-29 16:19:38,415 INFO o.a.j.t.JMeterThread: Thread finished: Purchase 1-64
2026-09-29 16:19:38,415 INFO o.a.j.t.JMeterThread: Thread is done: Purchase 1-32
2026-09-29 16:19:38,416 INFO o.a.j.t.JMeterThread: Thread finished: Purchase 1-32
2026-09-29 16:19:38,418 INFO o.a.j.t.JMeterThread: Thread is done: Purchase 1-36
2026-09-29 16:19:38,418 INFO o.a.j.t.JMeterThread: Thread finished: Purchase 1-36
2026-09-29 16:19:38,419 INFO o.a.j.t.JMeterThread: Thread is done: Purchase 1-15
2026-09-29 16:19:38,419 INFO o.a.j.t.JMeterThread: Thread finished: Purchase 1-15
2026-09-29 16:19:38,420 INFO o.a.j.t.JMeterThread: Thread is done: Purchase 1-21
2026-09-29 16:19:38,421 INFO o.a.j.t.JMeterThread: Thread finished: Purchase 1-21
2026-09-29 16:19:38,423 INFO o.a.j.t.JMeterThread: Thread is done: Purchase 1-18
2026-09-29 16:19:38,423 INFO o.a.j.t.JMeterThread: Thread finished: Purchase 1-18
2026-09-29 16:19:38,424 INFO o.a.j.t.JMeterThread: Thread is done: Purchase 1-86
2026-09-29 16:19:38,425 INFO o.a.j.t.JMeterThread: Thread finished: Purchase 1-86
2026-09-29 16:19:38,426 INFO o.a.j.t.JMeterThread: Thread is done: Purchase 1-24
2026-09-29 16:19:38,426 INFO o.a.j.t.JMeterThread: Thread finished: Purchase 1-24
2026-09-29 16:19:38,427 INFO o.a.j.t.JMeterThread: Thread is done: Purchase 1-75
2026-09-29 16:19:38,427 INFO o.a.j.t.JMeterThread: Thread finished: Purchase 1-75
2026-09-29 16:19:38,429 INFO o.a.j.t.JMeterThread: Thread is done: Purchase 1-57
2026-09-29 16:19:38,429 INFO o.a.j.t.JMeterThread: Thread finished: Purchase 1-57
2026-09-29 16:19:38,430 INFO o.a.j.t.JMeterThread: Thread is done: Purchase 1-17
2026-09-29 16:19:38,431 INFO o.a.j.t.JMeterThread: Thread finished: Purchase 1-17
2026-09-29 16:19:38,434 INFO o.a.j.t.JMeterThread: Thread is done: Purchase 1-9
2026-09-29 16:19:38,434 INFO o.a.j.t.JMeterThread: Thread finished: Purchase 1-9
2026-09-29 16:19:38,437 INFO o.a.j.t.JMeterThread: Thread is done: Purchase 1-96
2026-09-29 16:19:38,437 INFO o.a.j.t.JMeterThread: Thread finished: Purchase 1-96
2026-09-29 16:19:38,439 INFO o.a.j.t.JMeterThread: Thread is done: Purchase 1-97
2026-09-29 16:19:38,439 INFO o.a.j.t.JMeterThread: Thread finished: Purchase 1-97
2026-09-29 16:19:38,440 INFO o.a.j.t.JMeterThread: Thread is done: Purchase 1-88
2026-09-29 16:19:38,440 INFO o.a.j.t.JMeterThread: Thread finished: Purchase 1-88
2026-09-29 16:19:38,440 INFO o.a.j.t.JMeterThread: Thread is done: Purchase 1-22
2026-09-29 16:19:38,440 INFO o.a.j.t.JMeterThread: Thread finished: Purchase 1-22
2026-09-29 16:19:38,441 INFO o.a.j.t.JMeterThread: Thread is done: Purchase 1-73
2026-09-29 16:19:38,441 INFO o.a.j.t.JMeterThread: Thread is done: Purchase 1-76
2026-09-29 16:19:38,441 INFO o.a.j.t.JMeterThread: Thread finished: Purchase 1-73
2026-09-29 16:19:38,441 INFO o.a.j.t.JMeterThread: Thread finished: Purchase 1-76
2026-09-29 16:19:38,442 INFO o.a.j.t.JMeterThread: Thread is done: Purchase 1-38
2026-09-29 16:19:38,443 INFO o.a.j.t.JMeterThread: Thread finished: Purchase 1-38
2026-09-29 16:19:38,444 INFO o.a.j.t.JMeterThread: Thread is done: Purchase 1-51
2026-09-29 16:19:38,444 INFO o.a.j.t.JMeterThread: Thread is done: Purchase 1-74
2026-09-29 16:19:38,445 INFO o.a.j.t.JMeterThread: Thread finished: Purchase 1-74
2026-09-29 16:19:38,444 INFO o.a.j.t.JMeterThread: Thread finished: Purchase 1-51
2026-09-29 16:19:38,445 INFO o.a.j.t.JMeterThread: Thread is done: Purchase 1-42
2026-09-29 16:19:38,445 INFO o.a.j.t.JMeterThread: Thread finished: Purchase 1-42
2026-09-29 16:19:38,446 INFO o.a.j.t.JMeterThread: Thread is done: Purchase 1-93
2026-09-29 16:19:38,446 INFO o.a.j.t.JMeterThread: Thread finished: Purchase 1-93
2026-09-29 16:19:38,450 INFO o.a.j.t.JMeterThread: Thread is done: Purchase 1-48
2026-09-29 16:19:38,450 INFO o.a.j.t.JMeterThread: Thread is done: Purchase 1-23
2026-09-29 16:19:38,450 INFO o.a.j.t.JMeterThread: Thread finished: Purchase 1-48
2026-09-29 16:19:38,450 INFO o.a.j.t.JMeterThread: Thread finished: Purchase 1-23
2026-09-29 16:19:38,452 INFO o.a.j.t.JMeterThread: Thread is done: Purchase 1-27
2026-09-29 16:19:38,452 INFO o.a.j.t.JMeterThread: Thread finished: Purchase 1-27
2026-09-29 16:19:38,454 INFO o.a.j.t.JMeterThread: Thread is done: Purchase 1-33
2026-09-29 16:19:38,454 INFO o.a.j.t.JMeterThread: Thread finished: Purchase 1-33
2026-09-29 16:19:38,454 INFO o.a.j.t.JMeterThread: Thread is done: Purchase 1-79
2026-09-29 16:19:38,455 INFO o.a.j.t.JMeterThread: Thread finished: Purchase 1-79
2026-09-29 16:19:38,456 INFO o.a.j.t.JMeterThread: Thread is done: Purchase 1-2
2026-09-29 16:19:38,456 INFO o.a.j.t.JMeterThread: Thread finished: Purchase 1-2
2026-09-29 16:19:38,457 INFO o.a.j.t.JMeterThread: Thread is done: Purchase 1-12
2026-09-29 16:19:38,457 INFO o.a.j.t.JMeterThread: Thread is done: Purchase 1-34
2026-09-29 16:19:38,457 INFO o.a.j.t.JMeterThread: Thread finished: Purchase 1-12
2026-09-29 16:19:38,457 INFO o.a.j.t.JMeterThread: Thread finished: Purchase 1-34
2026-09-29 16:19:38,457 INFO o.a.j.t.JMeterThread: Thread is done: Purchase 1-3
2026-09-29 16:19:38,458 INFO o.a.j.t.JMeterThread: Thread finished: Purchase 1-3
2026-09-29 16:19:38,458 INFO o.a.j.t.JMeterThread: Thread is done: Purchase 1-5
2026-09-29 16:19:38,458 INFO o.a.j.t.JMeterThread: Thread finished: Purchase 1-5
2026-09-29 16:19:38,460 INFO o.a.j.t.JMeterThread: Thread is done: Purchase 1-71
2026-09-29 16:19:38,460 INFO o.a.j.t.JMeterThread: Thread finished: Purchase 1-71
2026-09-29 16:19:38,460 INFO o.a.j.t.JMeterThread: Thread is done: Purchase 1-10
2026-09-29 16:19:38,460 INFO o.a.j.t.JMeterThread: Thread finished: Purchase 1-10
2026-09-29 16:19:38,460 INFO o.a.j.t.JMeterThread: Thread is done: Purchase 1-83
2026-09-29 16:19:38,461 INFO o.a.j.t.JMeterThread: Thread finished: Purchase 1-83
2026-09-29 16:19:38,464 INFO o.a.j.t.JMeterThread: Thread is done: Purchase 1-99
2026-09-29 16:19:38,464 INFO o.a.j.t.JMeterThread: Thread finished: Purchase 1-99
2026-09-29 16:19:38,464 INFO o.a.j.t.JMeterThread: Thread is done: Purchase 1-31
2026-09-29 16:19:38,464 INFO o.a.j.t.JMeterThread: Thread finished: Purchase 1-31
2026-09-29 16:19:38,465 INFO o.a.j.t.JMeterThread: Thread is done: Purchase 1-84
2026-09-29 16:19:38,466 INFO o.a.j.t.JMeterThread: Thread finished: Purchase 1-84
2026-09-29 16:19:38,466 INFO o.a.j.t.JMeterThread: Thread is done: Purchase 1-40
2026-09-29 16:19:38,466 INFO o.a.j.t.JMeterThread: Thread finished: Purchase 1-40
2026-09-29 16:19:38,468 INFO o.a.j.t.JMeterThread: Thread is done: Purchase 1-1
2026-09-29 16:19:38,468 INFO o.a.j.t.JMeterThread: Thread finished: Purchase 1-1
2026-09-29 16:19:38,473 INFO o.a.j.t.JMeterThread: Thread is done: Purchase 1-20
2026-09-29 16:19:38,474 INFO o.a.j.t.JMeterThread: Thread finished: Purchase 1-20
2026-09-29 16:19:38,474 INFO o.a.j.t.JMeterThread: Thread is done: Purchase 1-30
2026-09-29 16:19:38,474 INFO o.a.j.t.JMeterThread: Thread is done: Purchase 1-29
2026-09-29 16:19:38,474 INFO o.a.j.t.JMeterThread: Thread finished: Purchase 1-30
2026-09-29 16:19:38,475 INFO o.a.j.t.JMeterThread: Thread finished: Purchase 1-29
2026-09-29 16:19:38,475 INFO o.a.j.t.JMeterThread: Thread is done: Purchase 1-80
2026-09-29 16:19:38,475 INFO o.a.j.t.JMeterThread: Thread is done: Purchase 1-72
2026-09-29 16:19:38,475 INFO o.a.j.t.JMeterThread: Thread finished: Purchase 1-80
2026-09-29 16:19:38,475 INFO o.a.j.t.JMeterThread: Thread finished: Purchase 1-72
2026-09-29 16:19:38,476 INFO o.a.j.t.JMeterThread: Thread is done: Purchase 1-52
2026-09-29 16:19:38,476 INFO o.a.j.t.JMeterThread: Thread is done: Purchase 1-7
2026-09-29 16:19:38,476 INFO o.a.j.t.JMeterThread: Thread is done: Purchase 1-8
2026-09-29 16:19:38,476 INFO o.a.j.t.JMeterThread: Thread finished: Purchase 1-7
2026-09-29 16:19:38,476 INFO o.a.j.t.JMeterThread: Thread finished: Purchase 1-52
2026-09-29 16:19:38,476 INFO o.a.j.t.JMeterThread: Thread finished: Purchase 1-8
2026-09-29 16:19:38,478 INFO o.a.j.t.JMeterThread: Thread is done: Purchase 1-98
2026-09-29 16:19:38,478 INFO o.a.j.t.JMeterThread: Thread finished: Purchase 1-98
2026-09-29 16:19:38,481 INFO o.a.j.t.JMeterThread: Thread is done: Purchase 1-58
2026-09-29 16:19:38,481 INFO o.a.j.t.JMeterThread: Thread finished: Purchase 1-58
2026-09-29 16:19:38,481 INFO o.a.j.t.JMeterThread: Thread is done: Purchase 1-82
2026-09-29 16:19:38,481 INFO o.a.j.t.JMeterThread: Thread finished: Purchase 1-82
2026-09-29 16:19:38,483 INFO o.a.j.t.JMeterThread: Thread is done: Purchase 1-81
2026-09-29 16:19:38,483 INFO o.a.j.t.JMeterThread: Thread finished: Purchase 1-81
2026-09-29 16:19:38,486 INFO o.a.j.t.JMeterThread: Thread is done: Purchase 1-69
2026-09-29 16:19:38,486 INFO o.a.j.t.JMeterThread: Thread finished: Purchase 1-69
2026-09-29 16:19:38,487 INFO o.a.j.t.JMeterThread: Thread is done: Purchase 1-100
2026-09-29 16:19:38,487 INFO o.a.j.t.JMeterThread: Thread finished: Purchase 1-100
2026-09-29 16:19:38,487 INFO o.a.j.t.JMeterThread: Thread is done: Purchase 1-4
2026-09-29 16:19:38,487 INFO o.a.j.t.JMeterThread: Thread finished: Purchase 1-4
2026-09-29 16:19:38,490 INFO o.a.j.t.JMeterThread: Thread is done: Purchase 1-6
2026-09-29 16:19:38,490 INFO o.a.j.t.JMeterThread: Thread finished: Purchase 1-6
2026-09-29 16:19:38,491 INFO o.a.j.t.JMeterThread: Thread is done: Purchase 1-39
2026-09-29 16:19:38,491 INFO o.a.j.t.JMeterThread: Thread finished: Purchase 1-39
2026-09-29 16:19:38,492 INFO o.a.j.t.JMeterThread: Thread is done: Purchase 1-60
2026-09-29 16:19:38,492 INFO o.a.j.t.JMeterThread: Thread finished: Purchase 1-60
2026-09-29 16:19:38,505 INFO o.a.j.t.JMeterThread: Thread is done: Purchase 1-55
2026-09-29 16:19:38,505 INFO o.a.j.t.JMeterThread: Thread is done: Purchase 1-68
2026-09-29 16:19:38,505 INFO o.a.j.t.JMeterThread: Thread finished: Purchase 1-55
2026-09-29 16:19:38,505 INFO o.a.j.t.JMeterThread: Thread finished: Purchase 1-68
2026-09-29 16:19:38,509 INFO o.a.j.t.JMeterThread: Thread is done: Purchase 1-94
2026-09-29 16:19:38,509 INFO o.a.j.t.JMeterThread: Thread finished: Purchase 1-94
2026-09-29 16:19:38,509 INFO o.a.j.e.StandardJMeterEngine: Notifying test listeners of end of test
2026-09-29 16:19:38,510 INFO o.a.j.s.FileServer: Close: C:\seckill-system\target\stage6-20260929-161625-accounts.csv
2026-09-29 16:19:38,515 INFO o.a.j.r.Summariser: summary +   9999 in 00:00:04 = 2313.5/s Avg:    42 Min:     3 Max:   238 Err:  9018 (90.19%) Active: 0 Started: 100 Finished: 100
2026-09-29 16:19:38,516 INFO o.a.j.r.Summariser: summary =  10000 in 00:00:05 = 1867.1/s Avg:    42 Min:     3 Max:   238 Err:  9018 (90.18%)
