2026-09-29 16:18:40,159 INFO o.a.j.u.JMeterUtils: Setting Locale to zh_CN
2026-09-29 16:18:40,210 INFO o.a.j.JMeter: Loading user properties from: C:\seckill-system\target\tools\apache-jmeter-5.6.3\bin\user.properties
2026-09-29 16:18:40,211 INFO o.a.j.JMeter: Loading system properties from: C:\seckill-system\target\tools\apache-jmeter-5.6.3\bin\system.properties
2026-09-29 16:18:40,212 INFO o.a.j.JMeter: Setting JMeter property: accounts=C:\seckill-system\target\stage6-20260929-161625-accounts.csv
2026-09-29 16:18:40,212 INFO o.a.j.JMeter: Setting JMeter property: users=10
2026-09-29 16:18:40,212 INFO o.a.j.JMeter: Setting JMeter property: loops=20
2026-09-29 16:18:40,213 INFO o.a.j.JMeter: Setting JMeter property: ramp=1
2026-09-29 16:18:40,213 INFO o.a.j.JMeter: Setting JMeter property: delay=0
2026-09-29 16:18:40,213 INFO o.a.j.JMeter: Setting JMeter property: product=360
2026-09-29 16:18:40,213 INFO o.a.j.JMeter: Setting JMeter property: port=18090
2026-09-29 16:18:40,227 INFO o.a.j.JMeter: Copyright (c) 1998-2024 The Apache Software Foundation
2026-09-29 16:18:40,227 INFO o.a.j.JMeter: Version 5.6.3
2026-09-29 16:18:40,227 INFO o.a.j.JMeter: java.version=21.0.12.1
2026-09-29 16:18:40,227 INFO o.a.j.JMeter: java.vm.name=OpenJDK 64-Bit Server VM
2026-09-29 16:18:40,227 INFO o.a.j.JMeter: os.name=Windows 11
2026-09-29 16:18:40,228 INFO o.a.j.JMeter: os.arch=amd64
2026-09-29 16:18:40,228 INFO o.a.j.JMeter: os.version=10.0
2026-09-29 16:18:40,228 INFO o.a.j.JMeter: file.encoding=UTF-8
2026-09-29 16:18:40,228 INFO o.a.j.JMeter: java.awt.headless=true
2026-09-29 16:18:40,228 INFO o.a.j.JMeter: Max memory     =536870912
2026-09-29 16:18:40,228 INFO o.a.j.JMeter: Available Processors =32
2026-09-29 16:18:40,244 INFO o.a.j.JMeter: Default Locale=中文 (中国)
2026-09-29 16:18:40,245 INFO o.a.j.JMeter: JMeter  Locale=中文 (中国)
2026-09-29 16:18:40,245 INFO o.a.j.JMeter: JMeterHome=C:\seckill-system\target\tools\apache-jmeter-5.6.3
2026-09-29 16:18:40,245 INFO o.a.j.JMeter: user.dir  =C:\seckill-system
2026-09-29 16:18:40,245 INFO o.a.j.JMeter: PWD       =C:\seckill-system
2026-09-29 16:18:40,268 INFO o.a.j.JMeter: IP: 172.26.243.24 Name: LAPTOP-77E72ENH FullName: LAPTOP-77E72ENH
2026-09-29 16:18:40,296 INFO o.a.j.s.FileServer: Default base='C:\seckill-system'
2026-09-29 16:18:40,301 INFO o.a.j.s.FileServer: Set new base='C:\seckill-system\perf'
2026-09-29 16:18:40,690 INFO o.a.j.s.SaveService: Testplan (JMX) version: 2.2. Testlog (JTL) version: 2.2
2026-09-29 16:18:40,756 INFO o.a.j.s.SaveService: Using SaveService properties version 5.0
2026-09-29 16:18:40,766 INFO o.a.j.s.SaveService: Using SaveService properties file encoding UTF-8
2026-09-29 16:18:40,772 INFO o.a.j.s.SaveService: Loading file: perf\stage6.jmx
2026-09-29 16:18:40,889 INFO o.a.j.p.h.s.HTTPSamplerBase: Parser for text/html is org.apache.jmeter.protocol.http.parser.LagartoBasedHtmlParser
2026-09-29 16:18:40,889 INFO o.a.j.p.h.s.HTTPSamplerBase: Parser for application/xhtml+xml is org.apache.jmeter.protocol.http.parser.LagartoBasedHtmlParser
2026-09-29 16:18:40,890 INFO o.a.j.p.h.s.HTTPSamplerBase: Parser for application/xml is org.apache.jmeter.protocol.http.parser.LagartoBasedHtmlParser
2026-09-29 16:18:40,890 INFO o.a.j.p.h.s.HTTPSamplerBase: Parser for text/xml is org.apache.jmeter.protocol.http.parser.LagartoBasedHtmlParser
2026-09-29 16:18:40,890 INFO o.a.j.p.h.s.HTTPSamplerBase: Parser for text/vnd.wap.wml is org.apache.jmeter.protocol.http.parser.RegexpHTMLParser
2026-09-29 16:18:40,890 INFO o.a.j.p.h.s.HTTPSamplerBase: Parser for text/css is org.apache.jmeter.protocol.http.parser.CssParser
2026-09-29 16:18:40,918 INFO o.a.j.JMeter: Creating summariser <summary>
2026-09-29 16:18:40,962 INFO o.a.j.e.StandardJMeterEngine: Running the test!
2026-09-29 16:18:40,964 INFO o.a.j.s.SampleEvent: List of sample_variables: []
2026-09-29 16:18:40,964 INFO o.a.j.s.SampleEvent: List of sample_variables: []
2026-09-29 16:18:40,977 INFO o.a.j.e.u.CompoundVariable: Note: Function class names must contain the string: '.functions.'
2026-09-29 16:18:40,978 INFO o.a.j.e.u.CompoundVariable: Note: Function class names must not contain the string: '.gui.'
2026-09-29 16:18:41,180 INFO o.a.j.JMeter: 正在运行的测试 (1790669921180)
2026-09-29 16:18:41,218 INFO o.a.j.e.StandardJMeterEngine: Starting ThreadGroup: 1 : Purchase
2026-09-29 16:18:41,219 INFO o.a.j.e.StandardJMeterEngine: Starting 10 threads for group Purchase.
2026-09-29 16:18:41,219 INFO o.a.j.e.StandardJMeterEngine: Thread will continue on error
2026-09-29 16:18:41,220 INFO o.a.j.t.ThreadGroup: Starting thread group... number=1 threads=10 ramp-up=1 delayedStart=false
2026-09-29 16:18:41,235 INFO o.a.j.t.ThreadGroup: Started thread group number 1
2026-09-29 16:18:41,235 INFO o.a.j.e.StandardJMeterEngine: All thread groups have been started
2026-09-29 16:18:41,356 INFO o.a.j.t.JMeterThread: Thread started: Purchase 1-1
2026-09-29 16:18:41,359 INFO o.a.j.s.FileServer: Stored: C:\seckill-system\target\stage6-20260929-161625-accounts.csv
2026-09-29 16:18:41,404 INFO o.a.j.p.h.s.HTTPHCAbstractImpl: Local host = LAPTOP-77E72ENH
2026-09-29 16:18:41,414 INFO o.a.j.p.h.s.HTTPHC4Impl: HTTP request retry count = 0
2026-09-29 16:18:41,416 INFO o.a.j.s.SampleResult: Note: Sample TimeStamps are START times
2026-09-29 16:18:41,416 INFO o.a.j.s.SampleResult: sampleresult.default.encoding is set to UTF-8
2026-09-29 16:18:41,416 INFO o.a.j.s.SampleResult: sampleresult.useNanoTime=true
2026-09-29 16:18:41,416 INFO o.a.j.s.SampleResult: sampleresult.nanoThreadSleep=5000
2026-09-29 16:18:41,450 INFO o.a.j.t.JMeterThread: Thread started: Purchase 1-2
2026-09-29 16:18:41,551 INFO o.a.j.t.JMeterThread: Thread started: Purchase 1-3
2026-09-29 16:18:41,648 INFO o.a.j.t.JMeterThread: Thread started: Purchase 1-4
2026-09-29 16:18:41,747 INFO o.a.j.t.JMeterThread: Thread started: Purchase 1-5
2026-09-29 16:18:41,847 INFO o.a.j.t.JMeterThread: Thread started: Purchase 1-6
2026-09-29 16:18:41,946 INFO o.a.j.t.JMeterThread: Thread started: Purchase 1-7
2026-09-29 16:18:42,045 INFO o.a.j.t.JMeterThread: Thread started: Purchase 1-8
2026-09-29 16:18:42,143 INFO o.a.j.t.JMeterThread: Thread started: Purchase 1-9
2026-09-29 16:18:42,243 INFO o.a.j.t.JMeterThread: Thread started: Purchase 1-10
2026-09-29 16:18:43,668 INFO o.a.j.t.JMeterThread: Thread is done: Purchase 1-2
2026-09-29 16:18:43,668 INFO o.a.j.t.JMeterThread: Thread finished: Purchase 1-2
2026-09-29 16:18:43,670 INFO o.a.j.t.JMeterThread: Thread is done: Purchase 1-6
2026-09-29 16:18:43,670 INFO o.a.j.t.JMeterThread: Thread is done: Purchase 1-5
2026-09-29 16:18:43,670 INFO o.a.j.t.JMeterThread: Thread finished: Purchase 1-6
2026-09-29 16:18:43,670 INFO o.a.j.t.JMeterThread: Thread finished: Purchase 1-5
2026-09-29 16:18:43,670 INFO o.a.j.t.JMeterThread: Thread is done: Purchase 1-7
2026-09-29 16:18:43,671 INFO o.a.j.t.JMeterThread: Thread finished: Purchase 1-7
2026-09-29 16:18:43,671 INFO o.a.j.t.JMeterThread: Thread is done: Purchase 1-1
2026-09-29 16:18:43,671 INFO o.a.j.t.JMeterThread: Thread is done: Purchase 1-8
2026-09-29 16:18:43,671 INFO o.a.j.t.JMeterThread: Thread finished: Purchase 1-1
2026-09-29 16:18:43,671 INFO o.a.j.t.JMeterThread: Thread is done: Purchase 1-10
2026-09-29 16:18:43,671 INFO o.a.j.t.JMeterThread: Thread finished: Purchase 1-8
2026-09-29 16:18:43,671 INFO o.a.j.t.JMeterThread: Thread finished: Purchase 1-10
2026-09-29 16:18:43,694 INFO o.a.j.t.JMeterThread: Thread is done: Purchase 1-9
2026-09-29 16:18:43,694 INFO o.a.j.t.JMeterThread: Thread is done: Purchase 1-3
2026-09-29 16:18:43,694 INFO o.a.j.t.JMeterThread: Thread finished: Purchase 1-3
2026-09-29 16:18:43,694 INFO o.a.j.t.JMeterThread: Thread finished: Purchase 1-9
2026-09-29 16:18:43,695 INFO o.a.j.t.JMeterThread: Thread is done: Purchase 1-4
2026-09-29 16:18:43,695 INFO o.a.j.t.JMeterThread: Thread finished: Purchase 1-4
2026-09-29 16:18:43,695 INFO o.a.j.e.StandardJMeterEngine: Notifying test listeners of end of test
2026-09-29 16:18:43,696 INFO o.a.j.s.FileServer: Close: C:\seckill-system\target\stage6-20260929-161625-accounts.csv
2026-09-29 16:18:43,706 INFO o.a.j.r.Summariser: summary =    200 in 00:00:03 =   79.3/s Avg:    90 Min:    19 Max:  1485 Err:     0 (0.00%)
