2026-09-29 16:17:10,817 INFO o.a.j.u.JMeterUtils: Setting Locale to zh_CN
2026-09-29 16:17:10,867 INFO o.a.j.JMeter: Loading user properties from: C:\seckill-system\target\tools\apache-jmeter-5.6.3\bin\user.properties
2026-09-29 16:17:10,868 INFO o.a.j.JMeter: Loading system properties from: C:\seckill-system\target\tools\apache-jmeter-5.6.3\bin\system.properties
2026-09-29 16:17:10,869 INFO o.a.j.JMeter: Setting JMeter property: accounts=C:\seckill-system\target\stage6-20260929-161625-accounts.csv
2026-09-29 16:17:10,869 INFO o.a.j.JMeter: Setting JMeter property: users=10
2026-09-29 16:17:10,870 INFO o.a.j.JMeter: Setting JMeter property: loops=20
2026-09-29 16:17:10,870 INFO o.a.j.JMeter: Setting JMeter property: ramp=1
2026-09-29 16:17:10,870 INFO o.a.j.JMeter: Setting JMeter property: delay=0
2026-09-29 16:17:10,870 INFO o.a.j.JMeter: Setting JMeter property: product=357
2026-09-29 16:17:10,870 INFO o.a.j.JMeter: Setting JMeter property: port=18090
2026-09-29 16:17:10,881 INFO o.a.j.JMeter: Copyright (c) 1998-2024 The Apache Software Foundation
2026-09-29 16:17:10,881 INFO o.a.j.JMeter: Version 5.6.3
2026-09-29 16:17:10,882 INFO o.a.j.JMeter: java.version=21.0.12.1
2026-09-29 16:17:10,882 INFO o.a.j.JMeter: java.vm.name=OpenJDK 64-Bit Server VM
2026-09-29 16:17:10,882 INFO o.a.j.JMeter: os.name=Windows 11
2026-09-29 16:17:10,882 INFO o.a.j.JMeter: os.arch=amd64
2026-09-29 16:17:10,882 INFO o.a.j.JMeter: os.version=10.0
2026-09-29 16:17:10,882 INFO o.a.j.JMeter: file.encoding=UTF-8
2026-09-29 16:17:10,882 INFO o.a.j.JMeter: java.awt.headless=true
2026-09-29 16:17:10,882 INFO o.a.j.JMeter: Max memory     =536870912
2026-09-29 16:17:10,882 INFO o.a.j.JMeter: Available Processors =32
2026-09-29 16:17:10,903 INFO o.a.j.JMeter: Default Locale=中文 (中国)
2026-09-29 16:17:10,903 INFO o.a.j.JMeter: JMeter  Locale=中文 (中国)
2026-09-29 16:17:10,904 INFO o.a.j.JMeter: JMeterHome=C:\seckill-system\target\tools\apache-jmeter-5.6.3
2026-09-29 16:17:10,904 INFO o.a.j.JMeter: user.dir  =C:\seckill-system
2026-09-29 16:17:10,904 INFO o.a.j.JMeter: PWD       =C:\seckill-system
2026-09-29 16:17:10,907 INFO o.a.j.JMeter: IP: 172.26.243.24 Name: LAPTOP-77E72ENH FullName: LAPTOP-77E72ENH
2026-09-29 16:17:10,935 INFO o.a.j.s.FileServer: Default base='C:\seckill-system'
2026-09-29 16:17:10,938 INFO o.a.j.s.FileServer: Set new base='C:\seckill-system\perf'
2026-09-29 16:17:11,283 INFO o.a.j.s.SaveService: Testplan (JMX) version: 2.2. Testlog (JTL) version: 2.2
2026-09-29 16:17:11,341 INFO o.a.j.s.SaveService: Using SaveService properties version 5.0
2026-09-29 16:17:11,347 INFO o.a.j.s.SaveService: Using SaveService properties file encoding UTF-8
2026-09-29 16:17:11,353 INFO o.a.j.s.SaveService: Loading file: perf\stage6-baseline.jmx
2026-09-29 16:17:11,457 INFO o.a.j.p.h.s.HTTPSamplerBase: Parser for text/html is org.apache.jmeter.protocol.http.parser.LagartoBasedHtmlParser
2026-09-29 16:17:11,458 INFO o.a.j.p.h.s.HTTPSamplerBase: Parser for application/xhtml+xml is org.apache.jmeter.protocol.http.parser.LagartoBasedHtmlParser
2026-09-29 16:17:11,458 INFO o.a.j.p.h.s.HTTPSamplerBase: Parser for application/xml is org.apache.jmeter.protocol.http.parser.LagartoBasedHtmlParser
2026-09-29 16:17:11,458 INFO o.a.j.p.h.s.HTTPSamplerBase: Parser for text/xml is org.apache.jmeter.protocol.http.parser.LagartoBasedHtmlParser
2026-09-29 16:17:11,458 INFO o.a.j.p.h.s.HTTPSamplerBase: Parser for text/vnd.wap.wml is org.apache.jmeter.protocol.http.parser.RegexpHTMLParser
2026-09-29 16:17:11,458 INFO o.a.j.p.h.s.HTTPSamplerBase: Parser for text/css is org.apache.jmeter.protocol.http.parser.CssParser
2026-09-29 16:17:11,482 INFO o.a.j.JMeter: Creating summariser <summary>
2026-09-29 16:17:11,515 INFO o.a.j.e.StandardJMeterEngine: Running the test!
2026-09-29 16:17:11,517 INFO o.a.j.s.SampleEvent: List of sample_variables: []
2026-09-29 16:17:11,517 INFO o.a.j.s.SampleEvent: List of sample_variables: []
2026-09-29 16:17:11,528 INFO o.a.j.e.u.CompoundVariable: Note: Function class names must contain the string: '.functions.'
2026-09-29 16:17:11,528 INFO o.a.j.e.u.CompoundVariable: Note: Function class names must not contain the string: '.gui.'
2026-09-29 16:17:11,655 INFO o.a.j.JMeter: 正在运行的测试 (1790669831655)
2026-09-29 16:17:11,679 INFO o.a.j.e.StandardJMeterEngine: Starting ThreadGroup: 1 : Purchase
2026-09-29 16:17:11,679 INFO o.a.j.e.StandardJMeterEngine: Starting 10 threads for group Purchase.
2026-09-29 16:17:11,679 INFO o.a.j.e.StandardJMeterEngine: Thread will continue on error
2026-09-29 16:17:11,679 INFO o.a.j.t.ThreadGroup: Starting thread group... number=1 threads=10 ramp-up=1 delayedStart=false
2026-09-29 16:17:11,693 INFO o.a.j.t.ThreadGroup: Started thread group number 1
2026-09-29 16:17:11,693 INFO o.a.j.e.StandardJMeterEngine: All thread groups have been started
2026-09-29 16:17:11,819 INFO o.a.j.t.JMeterThread: Thread started: Purchase 1-1
2026-09-29 16:17:11,821 INFO o.a.j.s.FileServer: Stored: C:\seckill-system\target\stage6-20260929-161625-accounts.csv
2026-09-29 16:17:11,871 INFO o.a.j.p.h.s.HTTPHCAbstractImpl: Local host = LAPTOP-77E72ENH
2026-09-29 16:17:11,881 INFO o.a.j.p.h.s.HTTPHC4Impl: HTTP request retry count = 0
2026-09-29 16:17:11,883 INFO o.a.j.s.SampleResult: Note: Sample TimeStamps are START times
2026-09-29 16:17:11,883 INFO o.a.j.s.SampleResult: sampleresult.default.encoding is set to UTF-8
2026-09-29 16:17:11,883 INFO o.a.j.s.SampleResult: sampleresult.useNanoTime=true
2026-09-29 16:17:11,883 INFO o.a.j.s.SampleResult: sampleresult.nanoThreadSleep=5000
2026-09-29 16:17:11,915 INFO o.a.j.t.JMeterThread: Thread started: Purchase 1-2
2026-09-29 16:17:12,014 INFO o.a.j.t.JMeterThread: Thread started: Purchase 1-3
2026-09-29 16:17:12,114 INFO o.a.j.t.JMeterThread: Thread started: Purchase 1-4
2026-09-29 16:17:12,213 INFO o.a.j.t.JMeterThread: Thread started: Purchase 1-5
2026-09-29 16:17:12,311 INFO o.a.j.t.JMeterThread: Thread started: Purchase 1-6
2026-09-29 16:17:12,410 INFO o.a.j.t.JMeterThread: Thread started: Purchase 1-7
2026-09-29 16:17:12,511 INFO o.a.j.t.JMeterThread: Thread started: Purchase 1-8
2026-09-29 16:17:12,608 INFO o.a.j.t.JMeterThread: Thread started: Purchase 1-9
2026-09-29 16:17:12,707 INFO o.a.j.t.JMeterThread: Thread started: Purchase 1-10
2026-09-29 16:17:13,985 INFO o.a.j.t.JMeterThread: Thread is done: Purchase 1-8
2026-09-29 16:17:13,985 INFO o.a.j.t.JMeterThread: Thread finished: Purchase 1-8
2026-09-29 16:17:13,993 INFO o.a.j.t.JMeterThread: Thread is done: Purchase 1-6
2026-09-29 16:17:13,993 INFO o.a.j.t.JMeterThread: Thread finished: Purchase 1-6
2026-09-29 16:17:13,994 INFO o.a.j.t.JMeterThread: Thread is done: Purchase 1-7
2026-09-29 16:17:13,995 INFO o.a.j.t.JMeterThread: Thread finished: Purchase 1-7
2026-09-29 16:17:14,001 INFO o.a.j.t.JMeterThread: Thread is done: Purchase 1-10
2026-09-29 16:17:14,001 INFO o.a.j.t.JMeterThread: Thread finished: Purchase 1-10
2026-09-29 16:17:14,002 INFO o.a.j.t.JMeterThread: Thread is done: Purchase 1-1
2026-09-29 16:17:14,002 INFO o.a.j.t.JMeterThread: Thread finished: Purchase 1-1
2026-09-29 16:17:14,003 INFO o.a.j.t.JMeterThread: Thread is done: Purchase 1-2
2026-09-29 16:17:14,003 INFO o.a.j.t.JMeterThread: Thread finished: Purchase 1-2
2026-09-29 16:17:14,042 INFO o.a.j.t.JMeterThread: Thread is done: Purchase 1-3
2026-09-29 16:17:14,042 INFO o.a.j.t.JMeterThread: Thread is done: Purchase 1-4
2026-09-29 16:17:14,042 INFO o.a.j.t.JMeterThread: Thread is done: Purchase 1-9
2026-09-29 16:17:14,042 INFO o.a.j.t.JMeterThread: Thread finished: Purchase 1-3
2026-09-29 16:17:14,042 INFO o.a.j.t.JMeterThread: Thread is done: Purchase 1-5
2026-09-29 16:17:14,042 INFO o.a.j.t.JMeterThread: Thread finished: Purchase 1-4
2026-09-29 16:17:14,042 INFO o.a.j.t.JMeterThread: Thread finished: Purchase 1-9
2026-09-29 16:17:14,042 INFO o.a.j.t.JMeterThread: Thread finished: Purchase 1-5
2026-09-29 16:17:14,043 INFO o.a.j.e.StandardJMeterEngine: Notifying test listeners of end of test
2026-09-29 16:17:14,043 INFO o.a.j.s.FileServer: Close: C:\seckill-system\target\stage6-20260929-161625-accounts.csv
2026-09-29 16:17:14,049 INFO o.a.j.r.Summariser: summary =    200 in 00:00:02 =   83.6/s Avg:    84 Min:    15 Max:  1503 Err:     4 (2.00%)
