2026-09-29 16:17:33,842 INFO o.a.j.u.JMeterUtils: Setting Locale to zh_CN
2026-09-29 16:17:33,895 INFO o.a.j.JMeter: Loading user properties from: C:\seckill-system\target\tools\apache-jmeter-5.6.3\bin\user.properties
2026-09-29 16:17:33,896 INFO o.a.j.JMeter: Loading system properties from: C:\seckill-system\target\tools\apache-jmeter-5.6.3\bin\system.properties
2026-09-29 16:17:33,896 INFO o.a.j.JMeter: Setting JMeter property: accounts=C:\seckill-system\target\stage6-20260929-161625-accounts.csv
2026-09-29 16:17:33,896 INFO o.a.j.JMeter: Setting JMeter property: users=10
2026-09-29 16:17:33,897 INFO o.a.j.JMeter: Setting JMeter property: loops=50
2026-09-29 16:17:33,897 INFO o.a.j.JMeter: Setting JMeter property: ramp=1
2026-09-29 16:17:33,897 INFO o.a.j.JMeter: Setting JMeter property: delay=100
2026-09-29 16:17:33,897 INFO o.a.j.JMeter: Setting JMeter property: product=358
2026-09-29 16:17:33,897 INFO o.a.j.JMeter: Setting JMeter property: port=18090
2026-09-29 16:17:33,907 INFO o.a.j.JMeter: Copyright (c) 1998-2024 The Apache Software Foundation
2026-09-29 16:17:33,907 INFO o.a.j.JMeter: Version 5.6.3
2026-09-29 16:17:33,907 INFO o.a.j.JMeter: java.version=21.0.12.1
2026-09-29 16:17:33,907 INFO o.a.j.JMeter: java.vm.name=OpenJDK 64-Bit Server VM
2026-09-29 16:17:33,907 INFO o.a.j.JMeter: os.name=Windows 11
2026-09-29 16:17:33,907 INFO o.a.j.JMeter: os.arch=amd64
2026-09-29 16:17:33,907 INFO o.a.j.JMeter: os.version=10.0
2026-09-29 16:17:33,907 INFO o.a.j.JMeter: file.encoding=UTF-8
2026-09-29 16:17:33,907 INFO o.a.j.JMeter: java.awt.headless=true
2026-09-29 16:17:33,907 INFO o.a.j.JMeter: Max memory     =536870912
2026-09-29 16:17:33,908 INFO o.a.j.JMeter: Available Processors =32
2026-09-29 16:17:33,928 INFO o.a.j.JMeter: Default Locale=中文 (中国)
2026-09-29 16:17:33,929 INFO o.a.j.JMeter: JMeter  Locale=中文 (中国)
2026-09-29 16:17:33,929 INFO o.a.j.JMeter: JMeterHome=C:\seckill-system\target\tools\apache-jmeter-5.6.3
2026-09-29 16:17:33,929 INFO o.a.j.JMeter: user.dir  =C:\seckill-system
2026-09-29 16:17:33,929 INFO o.a.j.JMeter: PWD       =C:\seckill-system
2026-09-29 16:17:33,933 INFO o.a.j.JMeter: IP: 172.26.243.24 Name: LAPTOP-77E72ENH FullName: LAPTOP-77E72ENH
2026-09-29 16:17:33,953 INFO o.a.j.s.FileServer: Default base='C:\seckill-system'
2026-09-29 16:17:33,956 INFO o.a.j.s.FileServer: Set new base='C:\seckill-system\perf'
2026-09-29 16:17:34,314 INFO o.a.j.s.SaveService: Testplan (JMX) version: 2.2. Testlog (JTL) version: 2.2
2026-09-29 16:17:34,375 INFO o.a.j.s.SaveService: Using SaveService properties version 5.0
2026-09-29 16:17:34,386 INFO o.a.j.s.SaveService: Using SaveService properties file encoding UTF-8
2026-09-29 16:17:34,393 INFO o.a.j.s.SaveService: Loading file: perf\stage6-baseline.jmx
2026-09-29 16:17:34,500 INFO o.a.j.p.h.s.HTTPSamplerBase: Parser for text/html is org.apache.jmeter.protocol.http.parser.LagartoBasedHtmlParser
2026-09-29 16:17:34,501 INFO o.a.j.p.h.s.HTTPSamplerBase: Parser for application/xhtml+xml is org.apache.jmeter.protocol.http.parser.LagartoBasedHtmlParser
2026-09-29 16:17:34,501 INFO o.a.j.p.h.s.HTTPSamplerBase: Parser for application/xml is org.apache.jmeter.protocol.http.parser.LagartoBasedHtmlParser
2026-09-29 16:17:34,501 INFO o.a.j.p.h.s.HTTPSamplerBase: Parser for text/xml is org.apache.jmeter.protocol.http.parser.LagartoBasedHtmlParser
2026-09-29 16:17:34,501 INFO o.a.j.p.h.s.HTTPSamplerBase: Parser for text/vnd.wap.wml is org.apache.jmeter.protocol.http.parser.RegexpHTMLParser
2026-09-29 16:17:34,501 INFO o.a.j.p.h.s.HTTPSamplerBase: Parser for text/css is org.apache.jmeter.protocol.http.parser.CssParser
2026-09-29 16:17:34,523 INFO o.a.j.JMeter: Creating summariser <summary>
2026-09-29 16:17:34,563 INFO o.a.j.e.StandardJMeterEngine: Running the test!
2026-09-29 16:17:34,565 INFO o.a.j.s.SampleEvent: List of sample_variables: []
2026-09-29 16:17:34,565 INFO o.a.j.s.SampleEvent: List of sample_variables: []
2026-09-29 16:17:34,582 INFO o.a.j.e.u.CompoundVariable: Note: Function class names must contain the string: '.functions.'
2026-09-29 16:17:34,583 INFO o.a.j.e.u.CompoundVariable: Note: Function class names must not contain the string: '.gui.'
2026-09-29 16:17:34,708 INFO o.a.j.JMeter: 正在运行的测试 (1790669854708)
2026-09-29 16:17:34,731 INFO o.a.j.e.StandardJMeterEngine: Starting ThreadGroup: 1 : Purchase
2026-09-29 16:17:34,731 INFO o.a.j.e.StandardJMeterEngine: Starting 10 threads for group Purchase.
2026-09-29 16:17:34,731 INFO o.a.j.e.StandardJMeterEngine: Thread will continue on error
2026-09-29 16:17:34,731 INFO o.a.j.t.ThreadGroup: Starting thread group... number=1 threads=10 ramp-up=1 delayedStart=false
2026-09-29 16:17:34,745 INFO o.a.j.t.ThreadGroup: Started thread group number 1
2026-09-29 16:17:34,745 INFO o.a.j.e.StandardJMeterEngine: All thread groups have been started
2026-09-29 16:17:34,835 INFO o.a.j.t.JMeterThread: Thread started: Purchase 1-1
2026-09-29 16:17:34,837 INFO o.a.j.s.FileServer: Stored: C:\seckill-system\target\stage6-20260929-161625-accounts.csv
2026-09-29 16:17:34,931 INFO o.a.j.t.JMeterThread: Thread started: Purchase 1-2
2026-09-29 16:17:34,987 INFO o.a.j.p.h.s.HTTPHCAbstractImpl: Local host = LAPTOP-77E72ENH
2026-09-29 16:17:34,995 INFO o.a.j.p.h.s.HTTPHC4Impl: HTTP request retry count = 0
2026-09-29 16:17:34,997 INFO o.a.j.s.SampleResult: Note: Sample TimeStamps are START times
2026-09-29 16:17:34,997 INFO o.a.j.s.SampleResult: sampleresult.default.encoding is set to UTF-8
2026-09-29 16:17:34,997 INFO o.a.j.s.SampleResult: sampleresult.useNanoTime=true
2026-09-29 16:17:34,997 INFO o.a.j.s.SampleResult: sampleresult.nanoThreadSleep=5000
2026-09-29 16:17:35,030 INFO o.a.j.t.JMeterThread: Thread started: Purchase 1-3
2026-09-29 16:17:35,129 INFO o.a.j.t.JMeterThread: Thread started: Purchase 1-4
2026-09-29 16:17:35,229 INFO o.a.j.t.JMeterThread: Thread started: Purchase 1-5
2026-09-29 16:17:35,233 INFO o.a.j.r.Summariser: summary +      1 in 00:00:01 =    1.9/s Avg:    72 Min:    72 Max:    72 Err:     0 (0.00%) Active: 5 Started: 5 Finished: 0
2026-09-29 16:17:35,328 INFO o.a.j.t.JMeterThread: Thread started: Purchase 1-6
2026-09-29 16:17:35,427 INFO o.a.j.t.JMeterThread: Thread started: Purchase 1-7
2026-09-29 16:17:35,526 INFO o.a.j.t.JMeterThread: Thread started: Purchase 1-8
2026-09-29 16:17:35,627 INFO o.a.j.t.JMeterThread: Thread started: Purchase 1-9
2026-09-29 16:17:35,725 INFO o.a.j.t.JMeterThread: Thread started: Purchase 1-10
2026-09-29 16:17:41,316 INFO o.a.j.t.JMeterThread: Thread is done: Purchase 1-1
2026-09-29 16:17:41,316 INFO o.a.j.t.JMeterThread: Thread is done: Purchase 1-3
2026-09-29 16:17:41,316 INFO o.a.j.t.JMeterThread: Thread finished: Purchase 1-1
2026-09-29 16:17:41,316 INFO o.a.j.t.JMeterThread: Thread finished: Purchase 1-3
2026-09-29 16:17:41,321 INFO o.a.j.t.JMeterThread: Thread is done: Purchase 1-2
2026-09-29 16:17:41,321 INFO o.a.j.t.JMeterThread: Thread finished: Purchase 1-2
2026-09-29 16:17:41,377 INFO o.a.j.t.JMeterThread: Thread is done: Purchase 1-4
2026-09-29 16:17:41,377 INFO o.a.j.t.JMeterThread: Thread finished: Purchase 1-4
2026-09-29 16:17:41,440 INFO o.a.j.t.JMeterThread: Thread is done: Purchase 1-5
2026-09-29 16:17:41,440 INFO o.a.j.t.JMeterThread: Thread finished: Purchase 1-5
2026-09-29 16:17:41,561 INFO o.a.j.t.JMeterThread: Thread is done: Purchase 1-6
2026-09-29 16:17:41,561 INFO o.a.j.t.JMeterThread: Thread finished: Purchase 1-6
2026-09-29 16:17:41,625 INFO o.a.j.t.JMeterThread: Thread is done: Purchase 1-7
2026-09-29 16:17:41,625 INFO o.a.j.t.JMeterThread: Thread finished: Purchase 1-7
2026-09-29 16:17:41,743 INFO o.a.j.t.JMeterThread: Thread is done: Purchase 1-8
2026-09-29 16:17:41,743 INFO o.a.j.t.JMeterThread: Thread finished: Purchase 1-8
2026-09-29 16:17:41,866 INFO o.a.j.t.JMeterThread: Thread is done: Purchase 1-9
2026-09-29 16:17:41,867 INFO o.a.j.t.JMeterThread: Thread finished: Purchase 1-9
2026-09-29 16:17:41,927 INFO o.a.j.t.JMeterThread: Thread is done: Purchase 1-10
2026-09-29 16:17:41,927 INFO o.a.j.t.JMeterThread: Thread finished: Purchase 1-10
2026-09-29 16:17:41,928 INFO o.a.j.e.StandardJMeterEngine: Notifying test listeners of end of test
2026-09-29 16:17:41,928 INFO o.a.j.s.FileServer: Close: C:\seckill-system\target\stage6-20260929-161625-accounts.csv
2026-09-29 16:17:41,931 INFO o.a.j.r.Summariser: summary +    499 in 00:00:07 =   74.5/s Avg:    15 Min:     9 Max:    72 Err:     0 (0.00%) Active: 0 Started: 10 Finished: 10
2026-09-29 16:17:41,932 INFO o.a.j.r.Summariser: summary =    500 in 00:00:07 =   69.2/s Avg:    15 Min:     9 Max:    72 Err:     0 (0.00%)
