2026-09-29 16:18:01,188 INFO o.a.j.u.JMeterUtils: Setting Locale to zh_CN
2026-09-29 16:18:01,234 INFO o.a.j.JMeter: Loading user properties from: C:\seckill-system\target\tools\apache-jmeter-5.6.3\bin\user.properties
2026-09-29 16:18:01,235 INFO o.a.j.JMeter: Loading system properties from: C:\seckill-system\target\tools\apache-jmeter-5.6.3\bin\system.properties
2026-09-29 16:18:01,235 INFO o.a.j.JMeter: Setting JMeter property: accounts=C:\seckill-system\target\stage6-20260929-161625-accounts.csv
2026-09-29 16:18:01,235 INFO o.a.j.JMeter: Setting JMeter property: users=100
2026-09-29 16:18:01,236 INFO o.a.j.JMeter: Setting JMeter property: loops=100
2026-09-29 16:18:01,236 INFO o.a.j.JMeter: Setting JMeter property: ramp=1
2026-09-29 16:18:01,236 INFO o.a.j.JMeter: Setting JMeter property: delay=0
2026-09-29 16:18:01,236 INFO o.a.j.JMeter: Setting JMeter property: product=359
2026-09-29 16:18:01,236 INFO o.a.j.JMeter: Setting JMeter property: port=18090
2026-09-29 16:18:01,248 INFO o.a.j.JMeter: Copyright (c) 1998-2024 The Apache Software Foundation
2026-09-29 16:18:01,248 INFO o.a.j.JMeter: Version 5.6.3
2026-09-29 16:18:01,248 INFO o.a.j.JMeter: java.version=21.0.12.1
2026-09-29 16:18:01,248 INFO o.a.j.JMeter: java.vm.name=OpenJDK 64-Bit Server VM
2026-09-29 16:18:01,249 INFO o.a.j.JMeter: os.name=Windows 11
2026-09-29 16:18:01,249 INFO o.a.j.JMeter: os.arch=amd64
2026-09-29 16:18:01,249 INFO o.a.j.JMeter: os.version=10.0
2026-09-29 16:18:01,249 INFO o.a.j.JMeter: file.encoding=UTF-8
2026-09-29 16:18:01,249 INFO o.a.j.JMeter: java.awt.headless=true
2026-09-29 16:18:01,249 INFO o.a.j.JMeter: Max memory     =536870912
2026-09-29 16:18:01,249 INFO o.a.j.JMeter: Available Processors =32
2026-09-29 16:18:01,266 INFO o.a.j.JMeter: Default Locale=中文 (中国)
2026-09-29 16:18:01,267 INFO o.a.j.JMeter: JMeter  Locale=中文 (中国)
2026-09-29 16:18:01,267 INFO o.a.j.JMeter: JMeterHome=C:\seckill-system\target\tools\apache-jmeter-5.6.3
2026-09-29 16:18:01,268 INFO o.a.j.JMeter: user.dir  =C:\seckill-system
2026-09-29 16:18:01,268 INFO o.a.j.JMeter: PWD       =C:\seckill-system
2026-09-29 16:18:01,271 INFO o.a.j.JMeter: IP: 172.26.243.24 Name: LAPTOP-77E72ENH FullName: LAPTOP-77E72ENH
2026-09-29 16:18:01,288 INFO o.a.j.s.FileServer: Default base='C:\seckill-system'
2026-09-29 16:18:01,292 INFO o.a.j.s.FileServer: Set new base='C:\seckill-system\perf'
2026-09-29 16:18:01,651 INFO o.a.j.s.SaveService: Testplan (JMX) version: 2.2. Testlog (JTL) version: 2.2
2026-09-29 16:18:01,702 INFO o.a.j.s.SaveService: Using SaveService properties version 5.0
2026-09-29 16:18:01,708 INFO o.a.j.s.SaveService: Using SaveService properties file encoding UTF-8
2026-09-29 16:18:01,713 INFO o.a.j.s.SaveService: Loading file: perf\stage6-baseline.jmx
2026-09-29 16:18:01,803 INFO o.a.j.p.h.s.HTTPSamplerBase: Parser for text/html is org.apache.jmeter.protocol.http.parser.LagartoBasedHtmlParser
2026-09-29 16:18:01,804 INFO o.a.j.p.h.s.HTTPSamplerBase: Parser for application/xhtml+xml is org.apache.jmeter.protocol.http.parser.LagartoBasedHtmlParser
2026-09-29 16:18:01,804 INFO o.a.j.p.h.s.HTTPSamplerBase: Parser for application/xml is org.apache.jmeter.protocol.http.parser.LagartoBasedHtmlParser
2026-09-29 16:18:01,804 INFO o.a.j.p.h.s.HTTPSamplerBase: Parser for text/xml is org.apache.jmeter.protocol.http.parser.LagartoBasedHtmlParser
2026-09-29 16:18:01,804 INFO o.a.j.p.h.s.HTTPSamplerBase: Parser for text/vnd.wap.wml is org.apache.jmeter.protocol.http.parser.RegexpHTMLParser
2026-09-29 16:18:01,804 INFO o.a.j.p.h.s.HTTPSamplerBase: Parser for text/css is org.apache.jmeter.protocol.http.parser.CssParser
2026-09-29 16:18:01,829 INFO o.a.j.JMeter: Creating summariser <summary>
2026-09-29 16:18:01,861 INFO o.a.j.e.StandardJMeterEngine: Running the test!
2026-09-29 16:18:01,862 INFO o.a.j.s.SampleEvent: List of sample_variables: []
2026-09-29 16:18:01,862 INFO o.a.j.s.SampleEvent: List of sample_variables: []
2026-09-29 16:18:01,871 INFO o.a.j.e.u.CompoundVariable: Note: Function class names must contain the string: '.functions.'
2026-09-29 16:18:01,871 INFO o.a.j.e.u.CompoundVariable: Note: Function class names must not contain the string: '.gui.'
2026-09-29 16:18:02,002 INFO o.a.j.JMeter: 正在运行的测试 (1790669882002)
2026-09-29 16:18:02,028 INFO o.a.j.e.StandardJMeterEngine: Starting ThreadGroup: 1 : Purchase
2026-09-29 16:18:02,028 INFO o.a.j.e.StandardJMeterEngine: Starting 100 threads for group Purchase.
2026-09-29 16:18:02,028 INFO o.a.j.e.StandardJMeterEngine: Thread will continue on error
2026-09-29 16:18:02,029 INFO o.a.j.t.ThreadGroup: Starting thread group... number=1 threads=100 ramp-up=1 delayedStart=false
2026-09-29 16:18:02,116 INFO o.a.j.t.ThreadGroup: Started thread group number 1
2026-09-29 16:18:02,116 INFO o.a.j.e.StandardJMeterEngine: All thread groups have been started
2026-09-29 16:18:02,337 INFO o.a.j.t.JMeterThread: Thread started: Purchase 1-1
2026-09-29 16:18:02,342 INFO o.a.j.t.JMeterThread: Thread started: Purchase 1-2
2026-09-29 16:18:02,345 INFO o.a.j.s.FileServer: Stored: C:\seckill-system\target\stage6-20260929-161625-accounts.csv
2026-09-29 16:18:02,350 INFO o.a.j.t.JMeterThread: Thread started: Purchase 1-3
2026-09-29 16:18:02,362 INFO o.a.j.t.JMeterThread: Thread started: Purchase 1-4
2026-09-29 16:18:02,371 INFO o.a.j.t.JMeterThread: Thread started: Purchase 1-5
2026-09-29 16:18:02,379 INFO o.a.j.t.JMeterThread: Thread started: Purchase 1-6
2026-09-29 16:18:02,390 INFO o.a.j.t.JMeterThread: Thread started: Purchase 1-7
2026-09-29 16:18:02,398 INFO o.a.j.t.JMeterThread: Thread started: Purchase 1-8
2026-09-29 16:18:02,405 INFO o.a.j.t.JMeterThread: Thread started: Purchase 1-9
2026-09-29 16:18:02,415 INFO o.a.j.t.JMeterThread: Thread started: Purchase 1-10
2026-09-29 16:18:02,424 INFO o.a.j.t.JMeterThread: Thread started: Purchase 1-11
2026-09-29 16:18:02,432 INFO o.a.j.t.JMeterThread: Thread started: Purchase 1-12
2026-09-29 16:18:02,444 INFO o.a.j.t.JMeterThread: Thread started: Purchase 1-13
2026-09-29 16:18:02,454 INFO o.a.j.t.JMeterThread: Thread started: Purchase 1-14
2026-09-29 16:18:02,462 INFO o.a.j.t.JMeterThread: Thread started: Purchase 1-15
2026-09-29 16:18:02,473 INFO o.a.j.t.JMeterThread: Thread started: Purchase 1-16
2026-09-29 16:18:02,482 INFO o.a.j.t.JMeterThread: Thread started: Purchase 1-17
2026-09-29 16:18:02,490 INFO o.a.j.t.JMeterThread: Thread started: Purchase 1-18
2026-09-29 16:18:02,499 INFO o.a.j.t.JMeterThread: Thread started: Purchase 1-19
2026-09-29 16:18:02,505 INFO o.a.j.p.h.s.HTTPHCAbstractImpl: Local host = LAPTOP-77E72ENH
2026-09-29 16:18:02,508 INFO o.a.j.t.JMeterThread: Thread started: Purchase 1-20
2026-09-29 16:18:02,517 INFO o.a.j.t.JMeterThread: Thread started: Purchase 1-21
2026-09-29 16:18:02,522 INFO o.a.j.p.h.s.HTTPHC4Impl: HTTP request retry count = 0
2026-09-29 16:18:02,524 INFO o.a.j.s.SampleResult: Note: Sample TimeStamps are START times
2026-09-29 16:18:02,525 INFO o.a.j.s.SampleResult: sampleresult.default.encoding is set to UTF-8
2026-09-29 16:18:02,525 INFO o.a.j.s.SampleResult: sampleresult.useNanoTime=true
2026-09-29 16:18:02,525 INFO o.a.j.s.SampleResult: sampleresult.nanoThreadSleep=5000
2026-09-29 16:18:02,526 INFO o.a.j.t.JMeterThread: Thread started: Purchase 1-22
2026-09-29 16:18:02,536 INFO o.a.j.t.JMeterThread: Thread started: Purchase 1-23
2026-09-29 16:18:02,544 INFO o.a.j.t.JMeterThread: Thread started: Purchase 1-24
2026-09-29 16:18:02,554 INFO o.a.j.t.JMeterThread: Thread started: Purchase 1-25
2026-09-29 16:18:02,563 INFO o.a.j.t.JMeterThread: Thread started: Purchase 1-26
2026-09-29 16:18:02,572 INFO o.a.j.t.JMeterThread: Thread started: Purchase 1-27
2026-09-29 16:18:02,581 INFO o.a.j.t.JMeterThread: Thread started: Purchase 1-28
2026-09-29 16:18:02,591 INFO o.a.j.t.JMeterThread: Thread started: Purchase 1-29
2026-09-29 16:18:02,601 INFO o.a.j.t.JMeterThread: Thread started: Purchase 1-30
2026-09-29 16:18:02,609 INFO o.a.j.t.JMeterThread: Thread started: Purchase 1-31
2026-09-29 16:18:02,617 INFO o.a.j.t.JMeterThread: Thread started: Purchase 1-32
2026-09-29 16:18:02,628 INFO o.a.j.t.JMeterThread: Thread started: Purchase 1-33
2026-09-29 16:18:02,638 INFO o.a.j.t.JMeterThread: Thread started: Purchase 1-34
2026-09-29 16:18:02,646 INFO o.a.j.t.JMeterThread: Thread started: Purchase 1-35
2026-09-29 16:18:02,656 INFO o.a.j.t.JMeterThread: Thread started: Purchase 1-36
2026-09-29 16:18:02,663 INFO o.a.j.t.JMeterThread: Thread started: Purchase 1-37
2026-09-29 16:18:02,672 INFO o.a.j.t.JMeterThread: Thread started: Purchase 1-38
2026-09-29 16:18:02,684 INFO o.a.j.t.JMeterThread: Thread started: Purchase 1-39
2026-09-29 16:18:02,691 INFO o.a.j.t.JMeterThread: Thread started: Purchase 1-40
2026-09-29 16:18:02,700 INFO o.a.j.t.JMeterThread: Thread started: Purchase 1-41
2026-09-29 16:18:02,711 INFO o.a.j.t.JMeterThread: Thread started: Purchase 1-42
2026-09-29 16:18:02,718 INFO o.a.j.t.JMeterThread: Thread started: Purchase 1-43
2026-09-29 16:18:02,728 INFO o.a.j.t.JMeterThread: Thread started: Purchase 1-44
2026-09-29 16:18:02,736 INFO o.a.j.t.JMeterThread: Thread started: Purchase 1-45
2026-09-29 16:18:02,746 INFO o.a.j.t.JMeterThread: Thread started: Purchase 1-46
2026-09-29 16:18:02,752 INFO o.a.j.t.JMeterThread: Thread started: Purchase 1-47
2026-09-29 16:18:02,760 INFO o.a.j.t.JMeterThread: Thread started: Purchase 1-48
2026-09-29 16:18:02,770 INFO o.a.j.t.JMeterThread: Thread started: Purchase 1-49
2026-09-29 16:18:02,780 INFO o.a.j.t.JMeterThread: Thread started: Purchase 1-50
2026-09-29 16:18:02,790 INFO o.a.j.t.JMeterThread: Thread started: Purchase 1-51
2026-09-29 16:18:02,798 INFO o.a.j.t.JMeterThread: Thread started: Purchase 1-52
2026-09-29 16:18:02,807 INFO o.a.j.t.JMeterThread: Thread started: Purchase 1-53
2026-09-29 16:18:02,816 INFO o.a.j.t.JMeterThread: Thread started: Purchase 1-54
2026-09-29 16:18:02,826 INFO o.a.j.t.JMeterThread: Thread started: Purchase 1-55
2026-09-29 16:18:02,836 INFO o.a.j.t.JMeterThread: Thread started: Purchase 1-56
2026-09-29 16:18:02,846 INFO o.a.j.t.JMeterThread: Thread started: Purchase 1-57
2026-09-29 16:18:02,853 INFO o.a.j.t.JMeterThread: Thread started: Purchase 1-58
2026-09-29 16:18:02,864 INFO o.a.j.t.JMeterThread: Thread started: Purchase 1-59
2026-09-29 16:18:02,872 INFO o.a.j.t.JMeterThread: Thread started: Purchase 1-60
2026-09-29 16:18:02,882 INFO o.a.j.t.JMeterThread: Thread started: Purchase 1-61
2026-09-29 16:18:02,891 INFO o.a.j.t.JMeterThread: Thread started: Purchase 1-62
2026-09-29 16:18:02,899 INFO o.a.j.t.JMeterThread: Thread started: Purchase 1-63
2026-09-29 16:18:02,910 INFO o.a.j.t.JMeterThread: Thread started: Purchase 1-64
2026-09-29 16:18:02,917 INFO o.a.j.t.JMeterThread: Thread started: Purchase 1-65
2026-09-29 16:18:02,928 INFO o.a.j.t.JMeterThread: Thread started: Purchase 1-66
2026-09-29 16:18:02,936 INFO o.a.j.t.JMeterThread: Thread started: Purchase 1-67
2026-09-29 16:18:02,946 INFO o.a.j.t.JMeterThread: Thread started: Purchase 1-68
2026-09-29 16:18:02,955 INFO o.a.j.t.JMeterThread: Thread started: Purchase 1-69
2026-09-29 16:18:02,964 INFO o.a.j.t.JMeterThread: Thread started: Purchase 1-70
2026-09-29 16:18:02,973 INFO o.a.j.t.JMeterThread: Thread started: Purchase 1-71
2026-09-29 16:18:02,984 INFO o.a.j.t.JMeterThread: Thread started: Purchase 1-72
2026-09-29 16:18:02,993 INFO o.a.j.t.JMeterThread: Thread started: Purchase 1-73
2026-09-29 16:18:03,003 INFO o.a.j.t.JMeterThread: Thread started: Purchase 1-74
2026-09-29 16:18:03,012 INFO o.a.j.t.JMeterThread: Thread started: Purchase 1-75
2026-09-29 16:18:03,019 INFO o.a.j.r.Summariser: summary +      1 in 00:00:01 =    1.0/s Avg:   152 Min:   152 Max:   152 Err:     0 (0.00%) Active: 75 Started: 75 Finished: 0
2026-09-29 16:18:03,021 INFO o.a.j.t.JMeterThread: Thread started: Purchase 1-76
2026-09-29 16:18:03,030 INFO o.a.j.t.JMeterThread: Thread started: Purchase 1-77
2026-09-29 16:18:03,037 INFO o.a.j.t.JMeterThread: Thread started: Purchase 1-78
2026-09-29 16:18:03,049 INFO o.a.j.t.JMeterThread: Thread started: Purchase 1-79
2026-09-29 16:18:03,060 INFO o.a.j.t.JMeterThread: Thread started: Purchase 1-80
2026-09-29 16:18:03,067 INFO o.a.j.t.JMeterThread: Thread started: Purchase 1-81
2026-09-29 16:18:03,077 INFO o.a.j.t.JMeterThread: Thread started: Purchase 1-82
2026-09-29 16:18:03,086 INFO o.a.j.t.JMeterThread: Thread started: Purchase 1-83
2026-09-29 16:18:03,094 INFO o.a.j.t.JMeterThread: Thread started: Purchase 1-84
2026-09-29 16:18:03,103 INFO o.a.j.t.JMeterThread: Thread started: Purchase 1-85
2026-09-29 16:18:03,115 INFO o.a.j.t.JMeterThread: Thread started: Purchase 1-86
2026-09-29 16:18:03,123 INFO o.a.j.t.JMeterThread: Thread started: Purchase 1-87
2026-09-29 16:18:03,132 INFO o.a.j.t.JMeterThread: Thread started: Purchase 1-88
2026-09-29 16:18:03,141 INFO o.a.j.t.JMeterThread: Thread started: Purchase 1-89
2026-09-29 16:18:03,150 INFO o.a.j.t.JMeterThread: Thread started: Purchase 1-90
2026-09-29 16:18:03,159 INFO o.a.j.t.JMeterThread: Thread started: Purchase 1-91
2026-09-29 16:18:03,168 INFO o.a.j.t.JMeterThread: Thread started: Purchase 1-92
2026-09-29 16:18:03,179 INFO o.a.j.t.JMeterThread: Thread started: Purchase 1-93
2026-09-29 16:18:03,187 INFO o.a.j.t.JMeterThread: Thread started: Purchase 1-94
2026-09-29 16:18:03,197 INFO o.a.j.t.JMeterThread: Thread started: Purchase 1-95
2026-09-29 16:18:03,206 INFO o.a.j.t.JMeterThread: Thread started: Purchase 1-96
2026-09-29 16:18:03,213 INFO o.a.j.t.JMeterThread: Thread started: Purchase 1-97
2026-09-29 16:18:03,226 INFO o.a.j.t.JMeterThread: Thread started: Purchase 1-98
2026-09-29 16:18:03,235 INFO o.a.j.t.JMeterThread: Thread started: Purchase 1-99
2026-09-29 16:18:03,243 INFO o.a.j.t.JMeterThread: Thread started: Purchase 1-100
2026-09-29 16:18:06,350 INFO o.a.j.t.JMeterThread: Thread is done: Purchase 1-14
2026-09-29 16:18:06,350 INFO o.a.j.t.JMeterThread: Thread finished: Purchase 1-14
2026-09-29 16:18:06,439 INFO o.a.j.t.JMeterThread: Thread is done: Purchase 1-68
2026-09-29 16:18:06,440 INFO o.a.j.t.JMeterThread: Thread finished: Purchase 1-68
2026-09-29 16:18:06,531 INFO o.a.j.t.JMeterThread: Thread is done: Purchase 1-19
2026-09-29 16:18:06,531 INFO o.a.j.t.JMeterThread: Thread finished: Purchase 1-19
2026-09-29 16:18:06,540 INFO o.a.j.t.JMeterThread: Thread is done: Purchase 1-39
2026-09-29 16:18:06,540 INFO o.a.j.t.JMeterThread: Thread finished: Purchase 1-39
2026-09-29 16:18:06,541 INFO o.a.j.t.JMeterThread: Thread is done: Purchase 1-70
2026-09-29 16:18:06,541 INFO o.a.j.t.JMeterThread: Thread finished: Purchase 1-70
2026-09-29 16:18:06,559 INFO o.a.j.t.JMeterThread: Thread is done: Purchase 1-37
2026-09-29 16:18:06,560 INFO o.a.j.t.JMeterThread: Thread finished: Purchase 1-37
2026-09-29 16:18:06,563 INFO o.a.j.t.JMeterThread: Thread is done: Purchase 1-6
2026-09-29 16:18:06,564 INFO o.a.j.t.JMeterThread: Thread finished: Purchase 1-6
2026-09-29 16:18:06,569 INFO o.a.j.t.JMeterThread: Thread is done: Purchase 1-29
2026-09-29 16:18:06,569 INFO o.a.j.t.JMeterThread: Thread finished: Purchase 1-29
2026-09-29 16:18:06,572 INFO o.a.j.t.JMeterThread: Thread is done: Purchase 1-62
2026-09-29 16:18:06,572 INFO o.a.j.t.JMeterThread: Thread finished: Purchase 1-62
2026-09-29 16:18:06,573 INFO o.a.j.t.JMeterThread: Thread is done: Purchase 1-8
2026-09-29 16:18:06,573 INFO o.a.j.t.JMeterThread: Thread finished: Purchase 1-8
2026-09-29 16:18:06,578 INFO o.a.j.t.JMeterThread: Thread is done: Purchase 1-69
2026-09-29 16:18:06,578 INFO o.a.j.t.JMeterThread: Thread finished: Purchase 1-69
2026-09-29 16:18:06,588 INFO o.a.j.t.JMeterThread: Thread is done: Purchase 1-44
2026-09-29 16:18:06,588 INFO o.a.j.t.JMeterThread: Thread is done: Purchase 1-54
2026-09-29 16:18:06,588 INFO o.a.j.t.JMeterThread: Thread finished: Purchase 1-44
2026-09-29 16:18:06,588 INFO o.a.j.t.JMeterThread: Thread finished: Purchase 1-54
2026-09-29 16:18:06,589 INFO o.a.j.t.JMeterThread: Thread is done: Purchase 1-35
2026-09-29 16:18:06,589 INFO o.a.j.t.JMeterThread: Thread finished: Purchase 1-35
2026-09-29 16:18:06,595 INFO o.a.j.t.JMeterThread: Thread is done: Purchase 1-96
2026-09-29 16:18:06,596 INFO o.a.j.t.JMeterThread: Thread finished: Purchase 1-96
2026-09-29 16:18:06,624 INFO o.a.j.t.JMeterThread: Thread is done: Purchase 1-71
2026-09-29 16:18:06,625 INFO o.a.j.t.JMeterThread: Thread finished: Purchase 1-71
2026-09-29 16:18:06,629 INFO o.a.j.t.JMeterThread: Thread is done: Purchase 1-47
2026-09-29 16:18:06,629 INFO o.a.j.t.JMeterThread: Thread finished: Purchase 1-47
2026-09-29 16:18:06,634 INFO o.a.j.t.JMeterThread: Thread is done: Purchase 1-12
2026-09-29 16:18:06,634 INFO o.a.j.t.JMeterThread: Thread finished: Purchase 1-12
2026-09-29 16:18:06,649 INFO o.a.j.t.JMeterThread: Thread is done: Purchase 1-65
2026-09-29 16:18:06,649 INFO o.a.j.t.JMeterThread: Thread finished: Purchase 1-65
2026-09-29 16:18:06,652 INFO o.a.j.t.JMeterThread: Thread is done: Purchase 1-10
2026-09-29 16:18:06,653 INFO o.a.j.t.JMeterThread: Thread finished: Purchase 1-10
2026-09-29 16:18:06,653 INFO o.a.j.t.JMeterThread: Thread is done: Purchase 1-41
2026-09-29 16:18:06,653 INFO o.a.j.t.JMeterThread: Thread finished: Purchase 1-41
2026-09-29 16:18:06,667 INFO o.a.j.t.JMeterThread: Thread is done: Purchase 1-13
2026-09-29 16:18:06,667 INFO o.a.j.t.JMeterThread: Thread finished: Purchase 1-13
2026-09-29 16:18:06,672 INFO o.a.j.t.JMeterThread: Thread is done: Purchase 1-20
2026-09-29 16:18:06,672 INFO o.a.j.t.JMeterThread: Thread finished: Purchase 1-20
2026-09-29 16:18:06,674 INFO o.a.j.t.JMeterThread: Thread is done: Purchase 1-74
2026-09-29 16:18:06,675 INFO o.a.j.t.JMeterThread: Thread finished: Purchase 1-74
2026-09-29 16:18:06,676 INFO o.a.j.t.JMeterThread: Thread is done: Purchase 1-24
2026-09-29 16:18:06,676 INFO o.a.j.t.JMeterThread: Thread finished: Purchase 1-24
2026-09-29 16:18:06,682 INFO o.a.j.t.JMeterThread: Thread is done: Purchase 1-38
2026-09-29 16:18:06,683 INFO o.a.j.t.JMeterThread: Thread finished: Purchase 1-38
2026-09-29 16:18:06,684 INFO o.a.j.t.JMeterThread: Thread is done: Purchase 1-17
2026-09-29 16:18:06,684 INFO o.a.j.t.JMeterThread: Thread finished: Purchase 1-17
2026-09-29 16:18:06,690 INFO o.a.j.t.JMeterThread: Thread is done: Purchase 1-79
2026-09-29 16:18:06,690 INFO o.a.j.t.JMeterThread: Thread finished: Purchase 1-79
2026-09-29 16:18:06,692 INFO o.a.j.t.JMeterThread: Thread is done: Purchase 1-40
2026-09-29 16:18:06,692 INFO o.a.j.t.JMeterThread: Thread finished: Purchase 1-40
2026-09-29 16:18:06,698 INFO o.a.j.t.JMeterThread: Thread is done: Purchase 1-31
2026-09-29 16:18:06,698 INFO o.a.j.t.JMeterThread: Thread is done: Purchase 1-49
2026-09-29 16:18:06,698 INFO o.a.j.t.JMeterThread: Thread is done: Purchase 1-88
2026-09-29 16:18:06,698 INFO o.a.j.t.JMeterThread: Thread finished: Purchase 1-31
2026-09-29 16:18:06,698 INFO o.a.j.t.JMeterThread: Thread is done: Purchase 1-60
2026-09-29 16:18:06,698 INFO o.a.j.t.JMeterThread: Thread finished: Purchase 1-49
2026-09-29 16:18:06,698 INFO o.a.j.t.JMeterThread: Thread finished: Purchase 1-88
2026-09-29 16:18:06,699 INFO o.a.j.t.JMeterThread: Thread finished: Purchase 1-60
2026-09-29 16:18:06,703 INFO o.a.j.t.JMeterThread: Thread is done: Purchase 1-82
2026-09-29 16:18:06,703 INFO o.a.j.t.JMeterThread: Thread finished: Purchase 1-82
2026-09-29 16:18:06,703 INFO o.a.j.t.JMeterThread: Thread is done: Purchase 1-56
2026-09-29 16:18:06,703 INFO o.a.j.t.JMeterThread: Thread finished: Purchase 1-56
2026-09-29 16:18:06,709 INFO o.a.j.t.JMeterThread: Thread is done: Purchase 1-87
2026-09-29 16:18:06,709 INFO o.a.j.t.JMeterThread: Thread finished: Purchase 1-87
2026-09-29 16:18:06,711 INFO o.a.j.t.JMeterThread: Thread is done: Purchase 1-34
2026-09-29 16:18:06,711 INFO o.a.j.t.JMeterThread: Thread finished: Purchase 1-34
2026-09-29 16:18:06,712 INFO o.a.j.t.JMeterThread: Thread is done: Purchase 1-7
2026-09-29 16:18:06,712 INFO o.a.j.t.JMeterThread: Thread is done: Purchase 1-66
2026-09-29 16:18:06,712 INFO o.a.j.t.JMeterThread: Thread finished: Purchase 1-7
2026-09-29 16:18:06,712 INFO o.a.j.t.JMeterThread: Thread finished: Purchase 1-66
2026-09-29 16:18:06,713 INFO o.a.j.t.JMeterThread: Thread is done: Purchase 1-93
2026-09-29 16:18:06,713 INFO o.a.j.t.JMeterThread: Thread is done: Purchase 1-43
2026-09-29 16:18:06,713 INFO o.a.j.t.JMeterThread: Thread finished: Purchase 1-93
2026-09-29 16:18:06,713 INFO o.a.j.t.JMeterThread: Thread finished: Purchase 1-43
2026-09-29 16:18:06,715 INFO o.a.j.t.JMeterThread: Thread is done: Purchase 1-59
2026-09-29 16:18:06,715 INFO o.a.j.t.JMeterThread: Thread finished: Purchase 1-59
2026-09-29 16:18:06,716 INFO o.a.j.t.JMeterThread: Thread is done: Purchase 1-78
2026-09-29 16:18:06,716 INFO o.a.j.t.JMeterThread: Thread is done: Purchase 1-61
2026-09-29 16:18:06,716 INFO o.a.j.t.JMeterThread: Thread finished: Purchase 1-78
2026-09-29 16:18:06,716 INFO o.a.j.t.JMeterThread: Thread finished: Purchase 1-61
2026-09-29 16:18:06,717 INFO o.a.j.t.JMeterThread: Thread is done: Purchase 1-1
2026-09-29 16:18:06,717 INFO o.a.j.t.JMeterThread: Thread finished: Purchase 1-1
2026-09-29 16:18:06,721 INFO o.a.j.t.JMeterThread: Thread is done: Purchase 1-16
2026-09-29 16:18:06,721 INFO o.a.j.t.JMeterThread: Thread finished: Purchase 1-16
2026-09-29 16:18:06,721 INFO o.a.j.t.JMeterThread: Thread is done: Purchase 1-76
2026-09-29 16:18:06,721 INFO o.a.j.t.JMeterThread: Thread finished: Purchase 1-76
2026-09-29 16:18:06,727 INFO o.a.j.t.JMeterThread: Thread is done: Purchase 1-75
2026-09-29 16:18:06,728 INFO o.a.j.t.JMeterThread: Thread finished: Purchase 1-75
2026-09-29 16:18:06,729 INFO o.a.j.t.JMeterThread: Thread is done: Purchase 1-22
2026-09-29 16:18:06,729 INFO o.a.j.t.JMeterThread: Thread is done: Purchase 1-98
2026-09-29 16:18:06,729 INFO o.a.j.t.JMeterThread: Thread finished: Purchase 1-22
2026-09-29 16:18:06,729 INFO o.a.j.t.JMeterThread: Thread finished: Purchase 1-98
2026-09-29 16:18:06,730 INFO o.a.j.t.JMeterThread: Thread is done: Purchase 1-9
2026-09-29 16:18:06,731 INFO o.a.j.t.JMeterThread: Thread finished: Purchase 1-9
2026-09-29 16:18:06,734 INFO o.a.j.t.JMeterThread: Thread is done: Purchase 1-100
2026-09-29 16:18:06,735 INFO o.a.j.t.JMeterThread: Thread finished: Purchase 1-100
2026-09-29 16:18:06,735 INFO o.a.j.t.JMeterThread: Thread is done: Purchase 1-94
2026-09-29 16:18:06,735 INFO o.a.j.t.JMeterThread: Thread finished: Purchase 1-94
2026-09-29 16:18:06,735 INFO o.a.j.t.JMeterThread: Thread is done: Purchase 1-45
2026-09-29 16:18:06,735 INFO o.a.j.t.JMeterThread: Thread finished: Purchase 1-45
2026-09-29 16:18:06,737 INFO o.a.j.t.JMeterThread: Thread is done: Purchase 1-50
2026-09-29 16:18:06,737 INFO o.a.j.t.JMeterThread: Thread finished: Purchase 1-50
2026-09-29 16:18:06,737 INFO o.a.j.t.JMeterThread: Thread is done: Purchase 1-53
2026-09-29 16:18:06,738 INFO o.a.j.t.JMeterThread: Thread finished: Purchase 1-53
2026-09-29 16:18:06,740 INFO o.a.j.t.JMeterThread: Thread is done: Purchase 1-67
2026-09-29 16:18:06,740 INFO o.a.j.t.JMeterThread: Thread is done: Purchase 1-28
2026-09-29 16:18:06,740 INFO o.a.j.t.JMeterThread: Thread finished: Purchase 1-67
2026-09-29 16:18:06,740 INFO o.a.j.t.JMeterThread: Thread finished: Purchase 1-28
2026-09-29 16:18:06,741 INFO o.a.j.t.JMeterThread: Thread is done: Purchase 1-33
2026-09-29 16:18:06,741 INFO o.a.j.t.JMeterThread: Thread finished: Purchase 1-33
2026-09-29 16:18:06,745 INFO o.a.j.t.JMeterThread: Thread is done: Purchase 1-15
2026-09-29 16:18:06,745 INFO o.a.j.t.JMeterThread: Thread finished: Purchase 1-15
2026-09-29 16:18:06,747 INFO o.a.j.t.JMeterThread: Thread is done: Purchase 1-36
2026-09-29 16:18:06,747 INFO o.a.j.t.JMeterThread: Thread finished: Purchase 1-36
2026-09-29 16:18:06,748 INFO o.a.j.t.JMeterThread: Thread is done: Purchase 1-18
2026-09-29 16:18:06,748 INFO o.a.j.t.JMeterThread: Thread finished: Purchase 1-18
2026-09-29 16:18:06,748 INFO o.a.j.t.JMeterThread: Thread is done: Purchase 1-30
2026-09-29 16:18:06,749 INFO o.a.j.t.JMeterThread: Thread finished: Purchase 1-30
2026-09-29 16:18:06,749 INFO o.a.j.t.JMeterThread: Thread is done: Purchase 1-81
2026-09-29 16:18:06,750 INFO o.a.j.t.JMeterThread: Thread finished: Purchase 1-81
2026-09-29 16:18:06,750 INFO o.a.j.t.JMeterThread: Thread is done: Purchase 1-51
2026-09-29 16:18:06,750 INFO o.a.j.t.JMeterThread: Thread finished: Purchase 1-51
2026-09-29 16:18:06,750 INFO o.a.j.t.JMeterThread: Thread is done: Purchase 1-85
2026-09-29 16:18:06,750 INFO o.a.j.t.JMeterThread: Thread is done: Purchase 1-92
2026-09-29 16:18:06,750 INFO o.a.j.t.JMeterThread: Thread finished: Purchase 1-85
2026-09-29 16:18:06,750 INFO o.a.j.t.JMeterThread: Thread finished: Purchase 1-92
2026-09-29 16:18:06,751 INFO o.a.j.t.JMeterThread: Thread is done: Purchase 1-11
2026-09-29 16:18:06,751 INFO o.a.j.t.JMeterThread: Thread finished: Purchase 1-11
2026-09-29 16:18:06,753 INFO o.a.j.t.JMeterThread: Thread is done: Purchase 1-84
2026-09-29 16:18:06,753 INFO o.a.j.t.JMeterThread: Thread finished: Purchase 1-84
2026-09-29 16:18:06,753 INFO o.a.j.t.JMeterThread: Thread is done: Purchase 1-63
2026-09-29 16:18:06,753 INFO o.a.j.t.JMeterThread: Thread finished: Purchase 1-63
2026-09-29 16:18:06,757 INFO o.a.j.t.JMeterThread: Thread is done: Purchase 1-23
2026-09-29 16:18:06,757 INFO o.a.j.t.JMeterThread: Thread finished: Purchase 1-23
2026-09-29 16:18:06,758 INFO o.a.j.t.JMeterThread: Thread is done: Purchase 1-3
2026-09-29 16:18:06,758 INFO o.a.j.t.JMeterThread: Thread finished: Purchase 1-3
2026-09-29 16:18:06,761 INFO o.a.j.t.JMeterThread: Thread is done: Purchase 1-5
2026-09-29 16:18:06,761 INFO o.a.j.t.JMeterThread: Thread finished: Purchase 1-5
2026-09-29 16:18:06,764 INFO o.a.j.t.JMeterThread: Thread is done: Purchase 1-83
2026-09-29 16:18:06,764 INFO o.a.j.t.JMeterThread: Thread finished: Purchase 1-83
2026-09-29 16:18:06,764 INFO o.a.j.t.JMeterThread: Thread is done: Purchase 1-21
2026-09-29 16:18:06,764 INFO o.a.j.t.JMeterThread: Thread finished: Purchase 1-21
2026-09-29 16:18:06,764 INFO o.a.j.t.JMeterThread: Thread is done: Purchase 1-32
2026-09-29 16:18:06,764 INFO o.a.j.t.JMeterThread: Thread finished: Purchase 1-32
2026-09-29 16:18:06,765 INFO o.a.j.t.JMeterThread: Thread is done: Purchase 1-58
2026-09-29 16:18:06,765 INFO o.a.j.t.JMeterThread: Thread finished: Purchase 1-58
2026-09-29 16:18:06,768 INFO o.a.j.t.JMeterThread: Thread is done: Purchase 1-89
2026-09-29 16:18:06,768 INFO o.a.j.t.JMeterThread: Thread finished: Purchase 1-89
2026-09-29 16:18:06,770 INFO o.a.j.t.JMeterThread: Thread is done: Purchase 1-57
2026-09-29 16:18:06,770 INFO o.a.j.t.JMeterThread: Thread finished: Purchase 1-57
2026-09-29 16:18:06,772 INFO o.a.j.t.JMeterThread: Thread is done: Purchase 1-72
2026-09-29 16:18:06,772 INFO o.a.j.t.JMeterThread: Thread finished: Purchase 1-72
2026-09-29 16:18:06,773 INFO o.a.j.t.JMeterThread: Thread is done: Purchase 1-95
2026-09-29 16:18:06,773 INFO o.a.j.t.JMeterThread: Thread is done: Purchase 1-26
2026-09-29 16:18:06,773 INFO o.a.j.t.JMeterThread: Thread finished: Purchase 1-95
2026-09-29 16:18:06,773 INFO o.a.j.t.JMeterThread: Thread finished: Purchase 1-26
2026-09-29 16:18:06,774 INFO o.a.j.t.JMeterThread: Thread is done: Purchase 1-42
2026-09-29 16:18:06,774 INFO o.a.j.t.JMeterThread: Thread finished: Purchase 1-42
2026-09-29 16:18:06,776 INFO o.a.j.t.JMeterThread: Thread is done: Purchase 1-73
2026-09-29 16:18:06,776 INFO o.a.j.t.JMeterThread: Thread finished: Purchase 1-73
2026-09-29 16:18:06,776 INFO o.a.j.t.JMeterThread: Thread is done: Purchase 1-2
2026-09-29 16:18:06,776 INFO o.a.j.t.JMeterThread: Thread finished: Purchase 1-2
2026-09-29 16:18:06,777 INFO o.a.j.t.JMeterThread: Thread is done: Purchase 1-64
2026-09-29 16:18:06,777 INFO o.a.j.t.JMeterThread: Thread is done: Purchase 1-4
2026-09-29 16:18:06,777 INFO o.a.j.t.JMeterThread: Thread finished: Purchase 1-64
2026-09-29 16:18:06,777 INFO o.a.j.t.JMeterThread: Thread finished: Purchase 1-4
2026-09-29 16:18:06,778 INFO o.a.j.t.JMeterThread: Thread is done: Purchase 1-46
2026-09-29 16:18:06,778 INFO o.a.j.t.JMeterThread: Thread finished: Purchase 1-46
2026-09-29 16:18:06,779 INFO o.a.j.t.JMeterThread: Thread is done: Purchase 1-27
2026-09-29 16:18:06,779 INFO o.a.j.t.JMeterThread: Thread finished: Purchase 1-27
2026-09-29 16:18:06,779 INFO o.a.j.t.JMeterThread: Thread is done: Purchase 1-52
2026-09-29 16:18:06,780 INFO o.a.j.t.JMeterThread: Thread is done: Purchase 1-77
2026-09-29 16:18:06,780 INFO o.a.j.t.JMeterThread: Thread finished: Purchase 1-52
2026-09-29 16:18:06,780 INFO o.a.j.t.JMeterThread: Thread finished: Purchase 1-77
2026-09-29 16:18:06,781 INFO o.a.j.t.JMeterThread: Thread is done: Purchase 1-80
2026-09-29 16:18:06,782 INFO o.a.j.t.JMeterThread: Thread finished: Purchase 1-80
2026-09-29 16:18:06,783 INFO o.a.j.t.JMeterThread: Thread is done: Purchase 1-25
2026-09-29 16:18:06,783 INFO o.a.j.t.JMeterThread: Thread is done: Purchase 1-48
2026-09-29 16:18:06,783 INFO o.a.j.t.JMeterThread: Thread finished: Purchase 1-25
2026-09-29 16:18:06,784 INFO o.a.j.t.JMeterThread: Thread finished: Purchase 1-48
2026-09-29 16:18:06,785 INFO o.a.j.t.JMeterThread: Thread is done: Purchase 1-55
2026-09-29 16:18:06,785 INFO o.a.j.t.JMeterThread: Thread finished: Purchase 1-55
2026-09-29 16:18:06,785 INFO o.a.j.t.JMeterThread: Thread is done: Purchase 1-91
2026-09-29 16:18:06,785 INFO o.a.j.t.JMeterThread: Thread finished: Purchase 1-91
2026-09-29 16:18:06,786 INFO o.a.j.t.JMeterThread: Thread is done: Purchase 1-90
2026-09-29 16:18:06,786 INFO o.a.j.t.JMeterThread: Thread finished: Purchase 1-90
2026-09-29 16:18:06,786 INFO o.a.j.t.JMeterThread: Thread is done: Purchase 1-86
2026-09-29 16:18:06,786 INFO o.a.j.t.JMeterThread: Thread finished: Purchase 1-86
2026-09-29 16:18:06,803 INFO o.a.j.t.JMeterThread: Thread is done: Purchase 1-97
2026-09-29 16:18:06,803 INFO o.a.j.t.JMeterThread: Thread finished: Purchase 1-97
2026-09-29 16:18:06,889 INFO o.a.j.t.JMeterThread: Thread is done: Purchase 1-99
2026-09-29 16:18:06,889 INFO o.a.j.t.JMeterThread: Thread finished: Purchase 1-99
2026-09-29 16:18:06,890 INFO o.a.j.e.StandardJMeterEngine: Notifying test listeners of end of test
2026-09-29 16:18:06,890 INFO o.a.j.s.FileServer: Close: C:\seckill-system\target\stage6-20260929-161625-accounts.csv
2026-09-29 16:18:06,895 INFO o.a.j.r.Summariser: summary +   9999 in 00:00:04 = 2571.1/s Avg:    37 Min:     2 Max:   227 Err:  9122 (91.23%) Active: 0 Started: 100 Finished: 100
2026-09-29 16:18:06,896 INFO o.a.j.r.Summariser: summary =  10000 in 00:00:05 = 2043.3/s Avg:    37 Min:     2 Max:   227 Err:  9122 (91.22%)
