2026-09-29 15:13:35,571 INFO o.a.j.u.JMeterUtils: Setting Locale to zh_CN
2026-09-29 15:13:35,619 INFO o.a.j.JMeter: Loading user properties from: C:\seckill-system\target\tools\apache-jmeter-5.6.3\bin\user.properties
2026-09-29 15:13:35,620 INFO o.a.j.JMeter: Loading system properties from: C:\seckill-system\target\tools\apache-jmeter-5.6.3\bin\system.properties
2026-09-29 15:13:35,621 INFO o.a.j.JMeter: Setting JMeter property: users=10
2026-09-29 15:13:35,621 INFO o.a.j.JMeter: Setting JMeter property: loops=20
2026-09-29 15:13:35,621 INFO o.a.j.JMeter: Setting JMeter property: ramp=1
2026-09-29 15:13:35,621 INFO o.a.j.JMeter: Setting JMeter property: delay=0
2026-09-29 15:13:35,621 INFO o.a.j.JMeter: Setting JMeter property: product=258
2026-09-29 15:13:35,622 INFO o.a.j.JMeter: Setting JMeter property: port=18090
2026-09-29 15:13:35,632 INFO o.a.j.JMeter: Copyright (c) 1998-2024 The Apache Software Foundation
2026-09-29 15:13:35,632 INFO o.a.j.JMeter: Version 5.6.3
2026-09-29 15:13:35,632 INFO o.a.j.JMeter: java.version=21.0.12.1
2026-09-29 15:13:35,632 INFO o.a.j.JMeter: java.vm.name=OpenJDK 64-Bit Server VM
2026-09-29 15:13:35,632 INFO o.a.j.JMeter: os.name=Windows 11
2026-09-29 15:13:35,632 INFO o.a.j.JMeter: os.arch=amd64
2026-09-29 15:13:35,632 INFO o.a.j.JMeter: os.version=10.0
2026-09-29 15:13:35,632 INFO o.a.j.JMeter: file.encoding=UTF-8
2026-09-29 15:13:35,632 INFO o.a.j.JMeter: java.awt.headless=true
2026-09-29 15:13:35,632 INFO o.a.j.JMeter: Max memory     =536870912
2026-09-29 15:13:35,632 INFO o.a.j.JMeter: Available Processors =32
2026-09-29 15:13:35,645 INFO o.a.j.JMeter: Default Locale=中文 (中国)
2026-09-29 15:13:35,646 INFO o.a.j.JMeter: JMeter  Locale=中文 (中国)
2026-09-29 15:13:35,646 INFO o.a.j.JMeter: JMeterHome=C:\seckill-system\target\tools\apache-jmeter-5.6.3
2026-09-29 15:13:35,646 INFO o.a.j.JMeter: user.dir  =C:\seckill-system
2026-09-29 15:13:35,646 INFO o.a.j.JMeter: PWD       =C:\seckill-system
2026-09-29 15:13:35,649 INFO o.a.j.JMeter: IP: 172.26.243.24 Name: LAPTOP-77E72ENH FullName: LAPTOP-77E72ENH
2026-09-29 15:13:35,684 INFO o.a.j.s.FileServer: Default base='C:\seckill-system'
2026-09-29 15:13:35,687 INFO o.a.j.s.FileServer: Set new base='C:\seckill-system\perf'
2026-09-29 15:13:36,025 INFO o.a.j.s.SaveService: Testplan (JMX) version: 2.2. Testlog (JTL) version: 2.2
2026-09-29 15:13:36,075 INFO o.a.j.s.SaveService: Using SaveService properties version 5.0
2026-09-29 15:13:36,081 INFO o.a.j.s.SaveService: Using SaveService properties file encoding UTF-8
2026-09-29 15:13:36,087 INFO o.a.j.s.SaveService: Loading file: perf\stage4.jmx
2026-09-29 15:13:36,185 INFO o.a.j.p.h.s.HTTPSamplerBase: Parser for text/html is org.apache.jmeter.protocol.http.parser.LagartoBasedHtmlParser
2026-09-29 15:13:36,185 INFO o.a.j.p.h.s.HTTPSamplerBase: Parser for application/xhtml+xml is org.apache.jmeter.protocol.http.parser.LagartoBasedHtmlParser
2026-09-29 15:13:36,185 INFO o.a.j.p.h.s.HTTPSamplerBase: Parser for application/xml is org.apache.jmeter.protocol.http.parser.LagartoBasedHtmlParser
2026-09-29 15:13:36,185 INFO o.a.j.p.h.s.HTTPSamplerBase: Parser for text/xml is org.apache.jmeter.protocol.http.parser.LagartoBasedHtmlParser
2026-09-29 15:13:36,185 INFO o.a.j.p.h.s.HTTPSamplerBase: Parser for text/vnd.wap.wml is org.apache.jmeter.protocol.http.parser.RegexpHTMLParser
2026-09-29 15:13:36,185 INFO o.a.j.p.h.s.HTTPSamplerBase: Parser for text/css is org.apache.jmeter.protocol.http.parser.CssParser
2026-09-29 15:13:36,207 INFO o.a.j.JMeter: Creating summariser <summary>
2026-09-29 15:13:36,239 INFO o.a.j.e.StandardJMeterEngine: Running the test!
2026-09-29 15:13:36,240 INFO o.a.j.s.SampleEvent: List of sample_variables: []
2026-09-29 15:13:36,240 INFO o.a.j.s.SampleEvent: List of sample_variables: []
2026-09-29 15:13:36,247 INFO o.a.j.e.u.CompoundVariable: Note: Function class names must contain the string: '.functions.'
2026-09-29 15:13:36,248 INFO o.a.j.e.u.CompoundVariable: Note: Function class names must not contain the string: '.gui.'
2026-09-29 15:13:36,372 INFO o.a.j.JMeter: 正在运行的测试 (1790666016372)
2026-09-29 15:13:36,397 INFO o.a.j.e.StandardJMeterEngine: Starting ThreadGroup: 1 : Purchase
2026-09-29 15:13:36,398 INFO o.a.j.e.StandardJMeterEngine: Starting 10 threads for group Purchase.
2026-09-29 15:13:36,398 INFO o.a.j.e.StandardJMeterEngine: Thread will continue on error
2026-09-29 15:13:36,398 INFO o.a.j.t.ThreadGroup: Starting thread group... number=1 threads=10 ramp-up=1 delayedStart=false
2026-09-29 15:13:36,410 INFO o.a.j.t.JMeterThread: Thread started: Purchase 1-1
2026-09-29 15:13:36,411 INFO o.a.j.t.ThreadGroup: Started thread group number 1
2026-09-29 15:13:36,411 INFO o.a.j.e.StandardJMeterEngine: All thread groups have been started
2026-09-29 15:13:36,437 INFO o.a.j.p.h.s.HTTPHCAbstractImpl: Local host = LAPTOP-77E72ENH
2026-09-29 15:13:36,446 INFO o.a.j.p.h.s.HTTPHC4Impl: HTTP request retry count = 0
2026-09-29 15:13:36,448 INFO o.a.j.s.SampleResult: Note: Sample TimeStamps are START times
2026-09-29 15:13:36,448 INFO o.a.j.s.SampleResult: sampleresult.default.encoding is set to UTF-8
2026-09-29 15:13:36,448 INFO o.a.j.s.SampleResult: sampleresult.useNanoTime=true
2026-09-29 15:13:36,449 INFO o.a.j.s.SampleResult: sampleresult.nanoThreadSleep=5000
2026-09-29 15:13:36,506 INFO o.a.j.t.JMeterThread: Thread started: Purchase 1-2
2026-09-29 15:13:36,606 INFO o.a.j.t.JMeterThread: Thread started: Purchase 1-3
2026-09-29 15:13:36,704 INFO o.a.j.t.JMeterThread: Thread started: Purchase 1-4
2026-09-29 15:13:36,804 INFO o.a.j.t.JMeterThread: Thread started: Purchase 1-5
2026-09-29 15:13:36,903 INFO o.a.j.t.JMeterThread: Thread started: Purchase 1-6
2026-09-29 15:13:37,001 INFO o.a.j.t.JMeterThread: Thread started: Purchase 1-7
2026-09-29 15:13:37,100 INFO o.a.j.t.JMeterThread: Thread started: Purchase 1-8
2026-09-29 15:13:37,200 INFO o.a.j.t.JMeterThread: Thread started: Purchase 1-9
2026-09-29 15:13:37,300 INFO o.a.j.t.JMeterThread: Thread started: Purchase 1-10
2026-09-29 15:13:38,337 INFO o.a.j.t.JMeterThread: Thread is done: Purchase 1-9
2026-09-29 15:13:38,338 INFO o.a.j.t.JMeterThread: Thread finished: Purchase 1-9
2026-09-29 15:13:38,347 INFO o.a.j.t.JMeterThread: Thread is done: Purchase 1-6
2026-09-29 15:13:38,347 INFO o.a.j.t.JMeterThread: Thread finished: Purchase 1-6
2026-09-29 15:13:38,351 INFO o.a.j.t.JMeterThread: Thread is done: Purchase 1-7
2026-09-29 15:13:38,351 INFO o.a.j.t.JMeterThread: Thread finished: Purchase 1-7
2026-09-29 15:13:38,460 INFO o.a.j.t.JMeterThread: Thread is done: Purchase 1-3
2026-09-29 15:13:38,460 INFO o.a.j.t.JMeterThread: Thread finished: Purchase 1-3
2026-09-29 15:13:38,460 INFO o.a.j.t.JMeterThread: Thread is done: Purchase 1-2
2026-09-29 15:13:38,460 INFO o.a.j.t.JMeterThread: Thread finished: Purchase 1-2
2026-09-29 15:13:38,460 INFO o.a.j.t.JMeterThread: Thread is done: Purchase 1-4
2026-09-29 15:13:38,460 INFO o.a.j.t.JMeterThread: Thread finished: Purchase 1-4
2026-09-29 15:13:38,460 INFO o.a.j.t.JMeterThread: Thread is done: Purchase 1-1
2026-09-29 15:13:38,461 INFO o.a.j.t.JMeterThread: Thread finished: Purchase 1-1
2026-09-29 15:13:38,466 INFO o.a.j.t.JMeterThread: Thread is done: Purchase 1-5
2026-09-29 15:13:38,466 INFO o.a.j.t.JMeterThread: Thread finished: Purchase 1-5
2026-09-29 15:13:38,474 INFO o.a.j.t.JMeterThread: Thread is done: Purchase 1-8
2026-09-29 15:13:38,474 INFO o.a.j.t.JMeterThread: Thread finished: Purchase 1-8
2026-09-29 15:13:38,475 INFO o.a.j.t.JMeterThread: Thread is done: Purchase 1-10
2026-09-29 15:13:38,475 INFO o.a.j.t.JMeterThread: Thread finished: Purchase 1-10
2026-09-29 15:13:38,475 INFO o.a.j.e.StandardJMeterEngine: Notifying test listeners of end of test
2026-09-29 15:13:38,481 INFO o.a.j.r.Summariser: summary =    200 in 00:00:02 =   95.0/s Avg:    76 Min:    12 Max:  1348 Err:     7 (3.50%)
