2026-09-29 15:15:57,803 INFO o.a.j.u.JMeterUtils: Setting Locale to zh_CN
2026-09-29 15:15:57,860 INFO o.a.j.JMeter: Loading user properties from: C:\seckill-system\target\tools\apache-jmeter-5.6.3\bin\user.properties
2026-09-29 15:15:57,860 INFO o.a.j.JMeter: Loading system properties from: C:\seckill-system\target\tools\apache-jmeter-5.6.3\bin\system.properties
2026-09-29 15:15:57,861 INFO o.a.j.JMeter: Setting JMeter property: users=100
2026-09-29 15:15:57,861 INFO o.a.j.JMeter: Setting JMeter property: loops=100
2026-09-29 15:15:57,861 INFO o.a.j.JMeter: Setting JMeter property: ramp=1
2026-09-29 15:15:57,861 INFO o.a.j.JMeter: Setting JMeter property: delay=0
2026-09-29 15:15:57,861 INFO o.a.j.JMeter: Setting JMeter property: product=263
2026-09-29 15:15:57,861 INFO o.a.j.JMeter: Setting JMeter property: port=18090
2026-09-29 15:15:57,877 INFO o.a.j.JMeter: Copyright (c) 1998-2024 The Apache Software Foundation
2026-09-29 15:15:57,878 INFO o.a.j.JMeter: Version 5.6.3
2026-09-29 15:15:57,878 INFO o.a.j.JMeter: java.version=21.0.12.1
2026-09-29 15:15:57,878 INFO o.a.j.JMeter: java.vm.name=OpenJDK 64-Bit Server VM
2026-09-29 15:15:57,878 INFO o.a.j.JMeter: os.name=Windows 11
2026-09-29 15:15:57,878 INFO o.a.j.JMeter: os.arch=amd64
2026-09-29 15:15:57,878 INFO o.a.j.JMeter: os.version=10.0
2026-09-29 15:15:57,878 INFO o.a.j.JMeter: file.encoding=UTF-8
2026-09-29 15:15:57,878 INFO o.a.j.JMeter: java.awt.headless=true
2026-09-29 15:15:57,878 INFO o.a.j.JMeter: Max memory     =536870912
2026-09-29 15:15:57,878 INFO o.a.j.JMeter: Available Processors =32
2026-09-29 15:15:57,897 INFO o.a.j.JMeter: Default Locale=中文 (中国)
2026-09-29 15:15:57,897 INFO o.a.j.JMeter: JMeter  Locale=中文 (中国)
2026-09-29 15:15:57,898 INFO o.a.j.JMeter: JMeterHome=C:\seckill-system\target\tools\apache-jmeter-5.6.3
2026-09-29 15:15:57,898 INFO o.a.j.JMeter: user.dir  =C:\seckill-system
2026-09-29 15:15:57,898 INFO o.a.j.JMeter: PWD       =C:\seckill-system
2026-09-29 15:15:57,901 INFO o.a.j.JMeter: IP: 172.26.243.24 Name: LAPTOP-77E72ENH FullName: LAPTOP-77E72ENH
2026-09-29 15:15:57,931 INFO o.a.j.s.FileServer: Default base='C:\seckill-system'
2026-09-29 15:15:57,934 INFO o.a.j.s.FileServer: Set new base='C:\seckill-system\perf'
2026-09-29 15:15:58,325 INFO o.a.j.s.SaveService: Testplan (JMX) version: 2.2. Testlog (JTL) version: 2.2
2026-09-29 15:15:58,376 INFO o.a.j.s.SaveService: Using SaveService properties version 5.0
2026-09-29 15:15:58,382 INFO o.a.j.s.SaveService: Using SaveService properties file encoding UTF-8
2026-09-29 15:15:58,388 INFO o.a.j.s.SaveService: Loading file: perf\stage4.jmx
2026-09-29 15:15:58,475 INFO o.a.j.p.h.s.HTTPSamplerBase: Parser for text/html is org.apache.jmeter.protocol.http.parser.LagartoBasedHtmlParser
2026-09-29 15:15:58,476 INFO o.a.j.p.h.s.HTTPSamplerBase: Parser for application/xhtml+xml is org.apache.jmeter.protocol.http.parser.LagartoBasedHtmlParser
2026-09-29 15:15:58,476 INFO o.a.j.p.h.s.HTTPSamplerBase: Parser for application/xml is org.apache.jmeter.protocol.http.parser.LagartoBasedHtmlParser
2026-09-29 15:15:58,476 INFO o.a.j.p.h.s.HTTPSamplerBase: Parser for text/xml is org.apache.jmeter.protocol.http.parser.LagartoBasedHtmlParser
2026-09-29 15:15:58,476 INFO o.a.j.p.h.s.HTTPSamplerBase: Parser for text/vnd.wap.wml is org.apache.jmeter.protocol.http.parser.RegexpHTMLParser
2026-09-29 15:15:58,476 INFO o.a.j.p.h.s.HTTPSamplerBase: Parser for text/css is org.apache.jmeter.protocol.http.parser.CssParser
2026-09-29 15:15:58,499 INFO o.a.j.JMeter: Creating summariser <summary>
2026-09-29 15:15:58,529 INFO o.a.j.e.StandardJMeterEngine: Running the test!
2026-09-29 15:15:58,530 INFO o.a.j.s.SampleEvent: List of sample_variables: []
2026-09-29 15:15:58,530 INFO o.a.j.s.SampleEvent: List of sample_variables: []
2026-09-29 15:15:58,540 INFO o.a.j.e.u.CompoundVariable: Note: Function class names must contain the string: '.functions.'
2026-09-29 15:15:58,540 INFO o.a.j.e.u.CompoundVariable: Note: Function class names must not contain the string: '.gui.'
2026-09-29 15:15:58,653 INFO o.a.j.JMeter: 正在运行的测试 (1790666158653)
2026-09-29 15:15:58,674 INFO o.a.j.e.StandardJMeterEngine: Starting ThreadGroup: 1 : Purchase
2026-09-29 15:15:58,675 INFO o.a.j.e.StandardJMeterEngine: Starting 100 threads for group Purchase.
2026-09-29 15:15:58,675 INFO o.a.j.e.StandardJMeterEngine: Thread will continue on error
2026-09-29 15:15:58,675 INFO o.a.j.t.ThreadGroup: Starting thread group... number=1 threads=100 ramp-up=1 delayedStart=false
2026-09-29 15:15:58,686 INFO o.a.j.t.JMeterThread: Thread started: Purchase 1-1
2026-09-29 15:15:58,693 INFO o.a.j.t.JMeterThread: Thread started: Purchase 1-2
2026-09-29 15:15:58,700 INFO o.a.j.t.JMeterThread: Thread started: Purchase 1-3
2026-09-29 15:15:58,712 INFO o.a.j.t.JMeterThread: Thread started: Purchase 1-4
2026-09-29 15:15:58,720 INFO o.a.j.t.JMeterThread: Thread started: Purchase 1-5
2026-09-29 15:15:58,724 INFO o.a.j.p.h.s.HTTPHCAbstractImpl: Local host = LAPTOP-77E72ENH
2026-09-29 15:15:58,730 INFO o.a.j.t.JMeterThread: Thread started: Purchase 1-6
2026-09-29 15:15:58,736 INFO o.a.j.t.ThreadGroup: Started thread group number 1
2026-09-29 15:15:58,736 INFO o.a.j.e.StandardJMeterEngine: All thread groups have been started
2026-09-29 15:15:58,738 INFO o.a.j.t.JMeterThread: Thread started: Purchase 1-7
2026-09-29 15:15:58,742 INFO o.a.j.p.h.s.HTTPHC4Impl: HTTP request retry count = 0
2026-09-29 15:15:58,744 INFO o.a.j.s.SampleResult: Note: Sample TimeStamps are START times
2026-09-29 15:15:58,744 INFO o.a.j.s.SampleResult: sampleresult.default.encoding is set to UTF-8
2026-09-29 15:15:58,745 INFO o.a.j.s.SampleResult: sampleresult.useNanoTime=true
2026-09-29 15:15:58,745 INFO o.a.j.s.SampleResult: sampleresult.nanoThreadSleep=5000
2026-09-29 15:15:58,747 INFO o.a.j.t.JMeterThread: Thread started: Purchase 1-8
2026-09-29 15:15:58,756 INFO o.a.j.t.JMeterThread: Thread started: Purchase 1-9
2026-09-29 15:15:58,769 INFO o.a.j.t.JMeterThread: Thread started: Purchase 1-10
2026-09-29 15:15:58,777 INFO o.a.j.t.JMeterThread: Thread started: Purchase 1-11
2026-09-29 15:15:58,787 INFO o.a.j.t.JMeterThread: Thread started: Purchase 1-12
2026-09-29 15:15:58,799 INFO o.a.j.t.JMeterThread: Thread started: Purchase 1-13
2026-09-29 15:15:58,807 INFO o.a.j.t.JMeterThread: Thread started: Purchase 1-14
2026-09-29 15:15:58,818 INFO o.a.j.t.JMeterThread: Thread started: Purchase 1-15
2026-09-29 15:15:58,827 INFO o.a.j.t.JMeterThread: Thread started: Purchase 1-16
2026-09-29 15:15:58,837 INFO o.a.j.t.JMeterThread: Thread started: Purchase 1-17
2026-09-29 15:15:58,847 INFO o.a.j.t.JMeterThread: Thread started: Purchase 1-18
2026-09-29 15:15:58,859 INFO o.a.j.t.JMeterThread: Thread started: Purchase 1-19
2026-09-29 15:15:58,867 INFO o.a.j.t.JMeterThread: Thread started: Purchase 1-20
2026-09-29 15:15:58,876 INFO o.a.j.t.JMeterThread: Thread started: Purchase 1-21
2026-09-29 15:15:58,888 INFO o.a.j.t.JMeterThread: Thread started: Purchase 1-22
2026-09-29 15:15:58,898 INFO o.a.j.t.JMeterThread: Thread started: Purchase 1-23
2026-09-29 15:15:58,906 INFO o.a.j.t.JMeterThread: Thread started: Purchase 1-24
2026-09-29 15:15:58,917 INFO o.a.j.t.JMeterThread: Thread started: Purchase 1-25
2026-09-29 15:15:58,926 INFO o.a.j.t.JMeterThread: Thread started: Purchase 1-26
2026-09-29 15:15:58,938 INFO o.a.j.t.JMeterThread: Thread started: Purchase 1-27
2026-09-29 15:15:58,947 INFO o.a.j.t.JMeterThread: Thread started: Purchase 1-28
2026-09-29 15:15:58,958 INFO o.a.j.t.JMeterThread: Thread started: Purchase 1-29
2026-09-29 15:15:58,967 INFO o.a.j.t.JMeterThread: Thread started: Purchase 1-30
2026-09-29 15:15:58,978 INFO o.a.j.t.JMeterThread: Thread started: Purchase 1-31
2026-09-29 15:15:58,987 INFO o.a.j.t.JMeterThread: Thread started: Purchase 1-32
2026-09-29 15:15:58,997 INFO o.a.j.t.JMeterThread: Thread started: Purchase 1-33
2026-09-29 15:15:59,007 INFO o.a.j.t.JMeterThread: Thread started: Purchase 1-34
2026-09-29 15:15:59,018 INFO o.a.j.t.JMeterThread: Thread started: Purchase 1-35
2026-09-29 15:15:59,028 INFO o.a.j.t.JMeterThread: Thread started: Purchase 1-36
2026-09-29 15:15:59,037 INFO o.a.j.t.JMeterThread: Thread started: Purchase 1-37
2026-09-29 15:15:59,047 INFO o.a.j.t.JMeterThread: Thread started: Purchase 1-38
2026-09-29 15:15:59,056 INFO o.a.j.t.JMeterThread: Thread started: Purchase 1-39
2026-09-29 15:15:59,067 INFO o.a.j.t.JMeterThread: Thread started: Purchase 1-40
2026-09-29 15:15:59,078 INFO o.a.j.t.JMeterThread: Thread started: Purchase 1-41
2026-09-29 15:15:59,086 INFO o.a.j.t.JMeterThread: Thread started: Purchase 1-42
2026-09-29 15:15:59,099 INFO o.a.j.t.JMeterThread: Thread started: Purchase 1-43
2026-09-29 15:15:59,107 INFO o.a.j.t.JMeterThread: Thread started: Purchase 1-44
2026-09-29 15:15:59,118 INFO o.a.j.t.JMeterThread: Thread started: Purchase 1-45
2026-09-29 15:15:59,126 INFO o.a.j.t.JMeterThread: Thread started: Purchase 1-46
2026-09-29 15:15:59,138 INFO o.a.j.t.JMeterThread: Thread started: Purchase 1-47
2026-09-29 15:15:59,147 INFO o.a.j.t.JMeterThread: Thread started: Purchase 1-48
2026-09-29 15:15:59,157 INFO o.a.j.t.JMeterThread: Thread started: Purchase 1-49
2026-09-29 15:15:59,167 INFO o.a.j.t.JMeterThread: Thread started: Purchase 1-50
2026-09-29 15:15:59,177 INFO o.a.j.t.JMeterThread: Thread started: Purchase 1-51
2026-09-29 15:15:59,187 INFO o.a.j.t.JMeterThread: Thread started: Purchase 1-52
2026-09-29 15:15:59,196 INFO o.a.j.t.JMeterThread: Thread started: Purchase 1-53
2026-09-29 15:15:59,209 INFO o.a.j.t.JMeterThread: Thread started: Purchase 1-54
2026-09-29 15:15:59,217 INFO o.a.j.t.JMeterThread: Thread started: Purchase 1-55
2026-09-29 15:15:59,228 INFO o.a.j.t.JMeterThread: Thread started: Purchase 1-56
2026-09-29 15:15:59,238 INFO o.a.j.t.JMeterThread: Thread started: Purchase 1-57
2026-09-29 15:15:59,247 INFO o.a.j.t.JMeterThread: Thread started: Purchase 1-58
2026-09-29 15:15:59,257 INFO o.a.j.t.JMeterThread: Thread started: Purchase 1-59
2026-09-29 15:15:59,267 INFO o.a.j.t.JMeterThread: Thread started: Purchase 1-60
2026-09-29 15:15:59,277 INFO o.a.j.t.JMeterThread: Thread started: Purchase 1-61
2026-09-29 15:15:59,288 INFO o.a.j.t.JMeterThread: Thread started: Purchase 1-62
2026-09-29 15:15:59,297 INFO o.a.j.t.JMeterThread: Thread started: Purchase 1-63
2026-09-29 15:15:59,307 INFO o.a.j.t.JMeterThread: Thread started: Purchase 1-64
2026-09-29 15:15:59,317 INFO o.a.j.t.JMeterThread: Thread started: Purchase 1-65
2026-09-29 15:15:59,329 INFO o.a.j.t.JMeterThread: Thread started: Purchase 1-66
2026-09-29 15:15:59,337 INFO o.a.j.t.JMeterThread: Thread started: Purchase 1-67
2026-09-29 15:15:59,347 INFO o.a.j.t.JMeterThread: Thread started: Purchase 1-68
2026-09-29 15:15:59,357 INFO o.a.j.t.JMeterThread: Thread started: Purchase 1-69
2026-09-29 15:15:59,367 INFO o.a.j.t.JMeterThread: Thread started: Purchase 1-70
2026-09-29 15:15:59,377 INFO o.a.j.t.JMeterThread: Thread started: Purchase 1-71
2026-09-29 15:15:59,388 INFO o.a.j.t.JMeterThread: Thread started: Purchase 1-72
2026-09-29 15:15:59,398 INFO o.a.j.t.JMeterThread: Thread started: Purchase 1-73
2026-09-29 15:15:59,408 INFO o.a.j.t.JMeterThread: Thread started: Purchase 1-74
2026-09-29 15:15:59,417 INFO o.a.j.t.JMeterThread: Thread started: Purchase 1-75
2026-09-29 15:15:59,428 INFO o.a.j.t.JMeterThread: Thread started: Purchase 1-76
2026-09-29 15:15:59,437 INFO o.a.j.t.JMeterThread: Thread started: Purchase 1-77
2026-09-29 15:15:59,447 INFO o.a.j.t.JMeterThread: Thread started: Purchase 1-78
2026-09-29 15:15:59,456 INFO o.a.j.t.JMeterThread: Thread started: Purchase 1-79
2026-09-29 15:15:59,471 INFO o.a.j.t.JMeterThread: Thread started: Purchase 1-80
2026-09-29 15:15:59,477 INFO o.a.j.t.JMeterThread: Thread started: Purchase 1-81
2026-09-29 15:15:59,487 INFO o.a.j.t.JMeterThread: Thread started: Purchase 1-82
2026-09-29 15:15:59,497 INFO o.a.j.t.JMeterThread: Thread started: Purchase 1-83
2026-09-29 15:15:59,507 INFO o.a.j.t.JMeterThread: Thread started: Purchase 1-84
2026-09-29 15:15:59,517 INFO o.a.j.t.JMeterThread: Thread started: Purchase 1-85
2026-09-29 15:15:59,527 INFO o.a.j.t.JMeterThread: Thread started: Purchase 1-86
2026-09-29 15:15:59,537 INFO o.a.j.t.JMeterThread: Thread started: Purchase 1-87
2026-09-29 15:15:59,547 INFO o.a.j.t.JMeterThread: Thread started: Purchase 1-88
2026-09-29 15:15:59,557 INFO o.a.j.t.JMeterThread: Thread started: Purchase 1-89
2026-09-29 15:15:59,566 INFO o.a.j.t.JMeterThread: Thread started: Purchase 1-90
2026-09-29 15:15:59,577 INFO o.a.j.t.JMeterThread: Thread started: Purchase 1-91
2026-09-29 15:15:59,586 INFO o.a.j.t.JMeterThread: Thread started: Purchase 1-92
2026-09-29 15:15:59,597 INFO o.a.j.t.JMeterThread: Thread started: Purchase 1-93
2026-09-29 15:15:59,606 INFO o.a.j.t.JMeterThread: Thread started: Purchase 1-94
2026-09-29 15:15:59,618 INFO o.a.j.t.JMeterThread: Thread started: Purchase 1-95
2026-09-29 15:15:59,628 INFO o.a.j.t.JMeterThread: Thread started: Purchase 1-96
2026-09-29 15:15:59,637 INFO o.a.j.t.JMeterThread: Thread started: Purchase 1-97
2026-09-29 15:15:59,647 INFO o.a.j.t.JMeterThread: Thread started: Purchase 1-98
2026-09-29 15:15:59,658 INFO o.a.j.t.JMeterThread: Thread started: Purchase 1-99
2026-09-29 15:15:59,666 INFO o.a.j.t.JMeterThread: Thread started: Purchase 1-100
2026-09-29 15:16:00,011 INFO o.a.j.r.Summariser: summary +   2491 in 00:00:01 = 1849.3/s Avg:    30 Min:     3 Max:   153 Err:  2191 (87.96%) Active: 100 Started: 100 Finished: 0
2026-09-29 15:16:02,129 INFO o.a.j.t.JMeterThread: Thread is done: Purchase 1-5
2026-09-29 15:16:02,129 INFO o.a.j.t.JMeterThread: Thread finished: Purchase 1-5
2026-09-29 15:16:02,161 INFO o.a.j.t.JMeterThread: Thread is done: Purchase 1-8
2026-09-29 15:16:02,162 INFO o.a.j.t.JMeterThread: Thread finished: Purchase 1-8
2026-09-29 15:16:02,182 INFO o.a.j.t.JMeterThread: Thread is done: Purchase 1-21
2026-09-29 15:16:02,182 INFO o.a.j.t.JMeterThread: Thread finished: Purchase 1-21
2026-09-29 15:16:02,190 INFO o.a.j.t.JMeterThread: Thread is done: Purchase 1-2
2026-09-29 15:16:02,190 INFO o.a.j.t.JMeterThread: Thread finished: Purchase 1-2
2026-09-29 15:16:02,195 INFO o.a.j.t.JMeterThread: Thread is done: Purchase 1-7
2026-09-29 15:16:02,195 INFO o.a.j.t.JMeterThread: Thread finished: Purchase 1-7
2026-09-29 15:16:02,228 INFO o.a.j.t.JMeterThread: Thread is done: Purchase 1-31
2026-09-29 15:16:02,228 INFO o.a.j.t.JMeterThread: Thread finished: Purchase 1-31
2026-09-29 15:16:02,261 INFO o.a.j.t.JMeterThread: Thread is done: Purchase 1-3
2026-09-29 15:16:02,262 INFO o.a.j.t.JMeterThread: Thread finished: Purchase 1-3
2026-09-29 15:16:02,262 INFO o.a.j.t.JMeterThread: Thread is done: Purchase 1-24
2026-09-29 15:16:02,263 INFO o.a.j.t.JMeterThread: Thread finished: Purchase 1-24
2026-09-29 15:16:02,275 INFO o.a.j.t.JMeterThread: Thread is done: Purchase 1-36
2026-09-29 15:16:02,275 INFO o.a.j.t.JMeterThread: Thread finished: Purchase 1-36
2026-09-29 15:16:02,278 INFO o.a.j.t.JMeterThread: Thread is done: Purchase 1-10
2026-09-29 15:16:02,278 INFO o.a.j.t.JMeterThread: Thread finished: Purchase 1-10
2026-09-29 15:16:02,300 INFO o.a.j.t.JMeterThread: Thread is done: Purchase 1-22
2026-09-29 15:16:02,300 INFO o.a.j.t.JMeterThread: Thread finished: Purchase 1-22
2026-09-29 15:16:02,303 INFO o.a.j.t.JMeterThread: Thread is done: Purchase 1-17
2026-09-29 15:16:02,303 INFO o.a.j.t.JMeterThread: Thread finished: Purchase 1-17
2026-09-29 15:16:02,310 INFO o.a.j.t.JMeterThread: Thread is done: Purchase 1-9
2026-09-29 15:16:02,311 INFO o.a.j.t.JMeterThread: Thread finished: Purchase 1-9
2026-09-29 15:16:02,314 INFO o.a.j.t.JMeterThread: Thread is done: Purchase 1-15
2026-09-29 15:16:02,314 INFO o.a.j.t.JMeterThread: Thread finished: Purchase 1-15
2026-09-29 15:16:02,316 INFO o.a.j.t.JMeterThread: Thread is done: Purchase 1-35
2026-09-29 15:16:02,317 INFO o.a.j.t.JMeterThread: Thread finished: Purchase 1-35
2026-09-29 15:16:02,320 INFO o.a.j.t.JMeterThread: Thread is done: Purchase 1-25
2026-09-29 15:16:02,320 INFO o.a.j.t.JMeterThread: Thread finished: Purchase 1-25
2026-09-29 15:16:02,322 INFO o.a.j.t.JMeterThread: Thread is done: Purchase 1-28
2026-09-29 15:16:02,322 INFO o.a.j.t.JMeterThread: Thread finished: Purchase 1-28
2026-09-29 15:16:02,330 INFO o.a.j.t.JMeterThread: Thread is done: Purchase 1-33
2026-09-29 15:16:02,331 INFO o.a.j.t.JMeterThread: Thread finished: Purchase 1-33
2026-09-29 15:16:02,353 INFO o.a.j.t.JMeterThread: Thread is done: Purchase 1-12
2026-09-29 15:16:02,353 INFO o.a.j.t.JMeterThread: Thread is done: Purchase 1-29
2026-09-29 15:16:02,353 INFO o.a.j.t.JMeterThread: Thread finished: Purchase 1-29
2026-09-29 15:16:02,353 INFO o.a.j.t.JMeterThread: Thread finished: Purchase 1-12
2026-09-29 15:16:02,354 INFO o.a.j.t.JMeterThread: Thread is done: Purchase 1-42
2026-09-29 15:16:02,354 INFO o.a.j.t.JMeterThread: Thread finished: Purchase 1-42
2026-09-29 15:16:02,356 INFO o.a.j.t.JMeterThread: Thread is done: Purchase 1-11
2026-09-29 15:16:02,356 INFO o.a.j.t.JMeterThread: Thread finished: Purchase 1-11
2026-09-29 15:16:02,357 INFO o.a.j.t.JMeterThread: Thread is done: Purchase 1-20
2026-09-29 15:16:02,357 INFO o.a.j.t.JMeterThread: Thread finished: Purchase 1-20
2026-09-29 15:16:02,363 INFO o.a.j.t.JMeterThread: Thread is done: Purchase 1-40
2026-09-29 15:16:02,364 INFO o.a.j.t.JMeterThread: Thread finished: Purchase 1-40
2026-09-29 15:16:02,364 INFO o.a.j.t.JMeterThread: Thread is done: Purchase 1-38
2026-09-29 15:16:02,364 INFO o.a.j.t.JMeterThread: Thread finished: Purchase 1-38
2026-09-29 15:16:02,383 INFO o.a.j.t.JMeterThread: Thread is done: Purchase 1-39
2026-09-29 15:16:02,383 INFO o.a.j.t.JMeterThread: Thread is done: Purchase 1-6
2026-09-29 15:16:02,383 INFO o.a.j.t.JMeterThread: Thread finished: Purchase 1-39
2026-09-29 15:16:02,383 INFO o.a.j.t.JMeterThread: Thread finished: Purchase 1-6
2026-09-29 15:16:02,384 INFO o.a.j.t.JMeterThread: Thread is done: Purchase 1-30
2026-09-29 15:16:02,385 INFO o.a.j.t.JMeterThread: Thread finished: Purchase 1-30
2026-09-29 15:16:02,386 INFO o.a.j.t.JMeterThread: Thread is done: Purchase 1-14
2026-09-29 15:16:02,386 INFO o.a.j.t.JMeterThread: Thread finished: Purchase 1-14
2026-09-29 15:16:02,389 INFO o.a.j.t.JMeterThread: Thread is done: Purchase 1-1
2026-09-29 15:16:02,390 INFO o.a.j.t.JMeterThread: Thread finished: Purchase 1-1
2026-09-29 15:16:02,392 INFO o.a.j.t.JMeterThread: Thread is done: Purchase 1-23
2026-09-29 15:16:02,392 INFO o.a.j.t.JMeterThread: Thread finished: Purchase 1-23
2026-09-29 15:16:02,396 INFO o.a.j.t.JMeterThread: Thread is done: Purchase 1-16
2026-09-29 15:16:02,396 INFO o.a.j.t.JMeterThread: Thread finished: Purchase 1-16
2026-09-29 15:16:02,399 INFO o.a.j.t.JMeterThread: Thread is done: Purchase 1-43
2026-09-29 15:16:02,399 INFO o.a.j.t.JMeterThread: Thread finished: Purchase 1-43
2026-09-29 15:16:02,400 INFO o.a.j.t.JMeterThread: Thread is done: Purchase 1-19
2026-09-29 15:16:02,401 INFO o.a.j.t.JMeterThread: Thread finished: Purchase 1-19
2026-09-29 15:16:02,403 INFO o.a.j.t.JMeterThread: Thread is done: Purchase 1-53
2026-09-29 15:16:02,403 INFO o.a.j.t.JMeterThread: Thread is done: Purchase 1-4
2026-09-29 15:16:02,403 INFO o.a.j.t.JMeterThread: Thread finished: Purchase 1-53
2026-09-29 15:16:02,403 INFO o.a.j.t.JMeterThread: Thread finished: Purchase 1-4
2026-09-29 15:16:02,407 INFO o.a.j.t.JMeterThread: Thread is done: Purchase 1-44
2026-09-29 15:16:02,407 INFO o.a.j.t.JMeterThread: Thread finished: Purchase 1-44
2026-09-29 15:16:02,409 INFO o.a.j.t.JMeterThread: Thread is done: Purchase 1-18
2026-09-29 15:16:02,409 INFO o.a.j.t.JMeterThread: Thread finished: Purchase 1-18
2026-09-29 15:16:02,411 INFO o.a.j.t.JMeterThread: Thread is done: Purchase 1-49
2026-09-29 15:16:02,411 INFO o.a.j.t.JMeterThread: Thread finished: Purchase 1-49
2026-09-29 15:16:02,417 INFO o.a.j.t.JMeterThread: Thread is done: Purchase 1-13
2026-09-29 15:16:02,417 INFO o.a.j.t.JMeterThread: Thread is done: Purchase 1-27
2026-09-29 15:16:02,418 INFO o.a.j.t.JMeterThread: Thread finished: Purchase 1-13
2026-09-29 15:16:02,418 INFO o.a.j.t.JMeterThread: Thread finished: Purchase 1-27
2026-09-29 15:16:02,423 INFO o.a.j.t.JMeterThread: Thread is done: Purchase 1-37
2026-09-29 15:16:02,424 INFO o.a.j.t.JMeterThread: Thread finished: Purchase 1-37
2026-09-29 15:16:02,428 INFO o.a.j.t.JMeterThread: Thread is done: Purchase 1-32
2026-09-29 15:16:02,429 INFO o.a.j.t.JMeterThread: Thread finished: Purchase 1-32
2026-09-29 15:16:02,433 INFO o.a.j.t.JMeterThread: Thread is done: Purchase 1-46
2026-09-29 15:16:02,433 INFO o.a.j.t.JMeterThread: Thread finished: Purchase 1-46
2026-09-29 15:16:02,437 INFO o.a.j.t.JMeterThread: Thread is done: Purchase 1-26
2026-09-29 15:16:02,437 INFO o.a.j.t.JMeterThread: Thread finished: Purchase 1-26
2026-09-29 15:16:02,449 INFO o.a.j.t.JMeterThread: Thread is done: Purchase 1-48
2026-09-29 15:16:02,449 INFO o.a.j.t.JMeterThread: Thread finished: Purchase 1-48
2026-09-29 15:16:02,461 INFO o.a.j.t.JMeterThread: Thread is done: Purchase 1-52
2026-09-29 15:16:02,462 INFO o.a.j.t.JMeterThread: Thread finished: Purchase 1-52
2026-09-29 15:16:02,495 INFO o.a.j.t.JMeterThread: Thread is done: Purchase 1-51
2026-09-29 15:16:02,495 INFO o.a.j.t.JMeterThread: Thread is done: Purchase 1-45
2026-09-29 15:16:02,496 INFO o.a.j.t.JMeterThread: Thread finished: Purchase 1-51
2026-09-29 15:16:02,496 INFO o.a.j.t.JMeterThread: Thread finished: Purchase 1-45
2026-09-29 15:16:02,502 INFO o.a.j.t.JMeterThread: Thread is done: Purchase 1-47
2026-09-29 15:16:02,502 INFO o.a.j.t.JMeterThread: Thread finished: Purchase 1-47
2026-09-29 15:16:02,517 INFO o.a.j.t.JMeterThread: Thread is done: Purchase 1-58
2026-09-29 15:16:02,518 INFO o.a.j.t.JMeterThread: Thread finished: Purchase 1-58
2026-09-29 15:16:02,522 INFO o.a.j.t.JMeterThread: Thread is done: Purchase 1-54
2026-09-29 15:16:02,523 INFO o.a.j.t.JMeterThread: Thread finished: Purchase 1-54
2026-09-29 15:16:02,523 INFO o.a.j.t.JMeterThread: Thread is done: Purchase 1-65
2026-09-29 15:16:02,523 INFO o.a.j.t.JMeterThread: Thread finished: Purchase 1-65
2026-09-29 15:16:02,530 INFO o.a.j.t.JMeterThread: Thread is done: Purchase 1-56
2026-09-29 15:16:02,531 INFO o.a.j.t.JMeterThread: Thread finished: Purchase 1-56
2026-09-29 15:16:02,540 INFO o.a.j.t.JMeterThread: Thread is done: Purchase 1-55
2026-09-29 15:16:02,540 INFO o.a.j.t.JMeterThread: Thread finished: Purchase 1-55
2026-09-29 15:16:02,554 INFO o.a.j.t.JMeterThread: Thread is done: Purchase 1-34
2026-09-29 15:16:02,554 INFO o.a.j.t.JMeterThread: Thread finished: Purchase 1-34
2026-09-29 15:16:02,556 INFO o.a.j.t.JMeterThread: Thread is done: Purchase 1-50
2026-09-29 15:16:02,556 INFO o.a.j.t.JMeterThread: Thread finished: Purchase 1-50
2026-09-29 15:16:02,557 INFO o.a.j.t.JMeterThread: Thread is done: Purchase 1-41
2026-09-29 15:16:02,557 INFO o.a.j.t.JMeterThread: Thread finished: Purchase 1-41
2026-09-29 15:16:02,558 INFO o.a.j.t.JMeterThread: Thread is done: Purchase 1-57
2026-09-29 15:16:02,558 INFO o.a.j.t.JMeterThread: Thread finished: Purchase 1-57
2026-09-29 15:16:02,558 INFO o.a.j.t.JMeterThread: Thread is done: Purchase 1-62
2026-09-29 15:16:02,558 INFO o.a.j.t.JMeterThread: Thread finished: Purchase 1-62
2026-09-29 15:16:02,562 INFO o.a.j.t.JMeterThread: Thread is done: Purchase 1-60
2026-09-29 15:16:02,563 INFO o.a.j.t.JMeterThread: Thread finished: Purchase 1-60
2026-09-29 15:16:02,573 INFO o.a.j.t.JMeterThread: Thread is done: Purchase 1-59
2026-09-29 15:16:02,573 INFO o.a.j.t.JMeterThread: Thread finished: Purchase 1-59
2026-09-29 15:16:02,576 INFO o.a.j.t.JMeterThread: Thread is done: Purchase 1-61
2026-09-29 15:16:02,576 INFO o.a.j.t.JMeterThread: Thread finished: Purchase 1-61
2026-09-29 15:16:02,580 INFO o.a.j.t.JMeterThread: Thread is done: Purchase 1-66
2026-09-29 15:16:02,580 INFO o.a.j.t.JMeterThread: Thread finished: Purchase 1-66
2026-09-29 15:16:02,589 INFO o.a.j.t.JMeterThread: Thread is done: Purchase 1-76
2026-09-29 15:16:02,589 INFO o.a.j.t.JMeterThread: Thread finished: Purchase 1-76
2026-09-29 15:16:02,591 INFO o.a.j.t.JMeterThread: Thread is done: Purchase 1-68
2026-09-29 15:16:02,591 INFO o.a.j.t.JMeterThread: Thread finished: Purchase 1-68
2026-09-29 15:16:02,592 INFO o.a.j.t.JMeterThread: Thread is done: Purchase 1-72
2026-09-29 15:16:02,592 INFO o.a.j.t.JMeterThread: Thread finished: Purchase 1-72
2026-09-29 15:16:02,593 INFO o.a.j.t.JMeterThread: Thread is done: Purchase 1-64
2026-09-29 15:16:02,593 INFO o.a.j.t.JMeterThread: Thread finished: Purchase 1-64
2026-09-29 15:16:02,600 INFO o.a.j.t.JMeterThread: Thread is done: Purchase 1-63
2026-09-29 15:16:02,600 INFO o.a.j.t.JMeterThread: Thread finished: Purchase 1-63
2026-09-29 15:16:02,606 INFO o.a.j.t.JMeterThread: Thread is done: Purchase 1-85
2026-09-29 15:16:02,606 INFO o.a.j.t.JMeterThread: Thread finished: Purchase 1-85
2026-09-29 15:16:02,614 INFO o.a.j.t.JMeterThread: Thread is done: Purchase 1-83
2026-09-29 15:16:02,614 INFO o.a.j.t.JMeterThread: Thread finished: Purchase 1-83
2026-09-29 15:16:02,618 INFO o.a.j.t.JMeterThread: Thread is done: Purchase 1-70
2026-09-29 15:16:02,618 INFO o.a.j.t.JMeterThread: Thread finished: Purchase 1-70
2026-09-29 15:16:02,624 INFO o.a.j.t.JMeterThread: Thread is done: Purchase 1-69
2026-09-29 15:16:02,624 INFO o.a.j.t.JMeterThread: Thread finished: Purchase 1-69
2026-09-29 15:16:02,628 INFO o.a.j.t.JMeterThread: Thread is done: Purchase 1-71
2026-09-29 15:16:02,628 INFO o.a.j.t.JMeterThread: Thread finished: Purchase 1-71
2026-09-29 15:16:02,633 INFO o.a.j.t.JMeterThread: Thread is done: Purchase 1-88
2026-09-29 15:16:02,633 INFO o.a.j.t.JMeterThread: Thread finished: Purchase 1-88
2026-09-29 15:16:02,634 INFO o.a.j.t.JMeterThread: Thread is done: Purchase 1-82
2026-09-29 15:16:02,634 INFO o.a.j.t.JMeterThread: Thread finished: Purchase 1-82
2026-09-29 15:16:02,637 INFO o.a.j.t.JMeterThread: Thread is done: Purchase 1-67
2026-09-29 15:16:02,637 INFO o.a.j.t.JMeterThread: Thread finished: Purchase 1-67
2026-09-29 15:16:02,640 INFO o.a.j.t.JMeterThread: Thread is done: Purchase 1-77
2026-09-29 15:16:02,640 INFO o.a.j.t.JMeterThread: Thread finished: Purchase 1-77
2026-09-29 15:16:02,641 INFO o.a.j.t.JMeterThread: Thread is done: Purchase 1-89
2026-09-29 15:16:02,641 INFO o.a.j.t.JMeterThread: Thread finished: Purchase 1-89
2026-09-29 15:16:02,644 INFO o.a.j.t.JMeterThread: Thread is done: Purchase 1-96
2026-09-29 15:16:02,644 INFO o.a.j.t.JMeterThread: Thread finished: Purchase 1-96
2026-09-29 15:16:02,646 INFO o.a.j.t.JMeterThread: Thread is done: Purchase 1-87
2026-09-29 15:16:02,646 INFO o.a.j.t.JMeterThread: Thread finished: Purchase 1-87
2026-09-29 15:16:02,647 INFO o.a.j.t.JMeterThread: Thread is done: Purchase 1-100
2026-09-29 15:16:02,647 INFO o.a.j.t.JMeterThread: Thread finished: Purchase 1-100
2026-09-29 15:16:02,648 INFO o.a.j.t.JMeterThread: Thread is done: Purchase 1-78
2026-09-29 15:16:02,648 INFO o.a.j.t.JMeterThread: Thread finished: Purchase 1-78
2026-09-29 15:16:02,650 INFO o.a.j.t.JMeterThread: Thread is done: Purchase 1-74
2026-09-29 15:16:02,650 INFO o.a.j.t.JMeterThread: Thread finished: Purchase 1-74
2026-09-29 15:16:02,652 INFO o.a.j.t.JMeterThread: Thread is done: Purchase 1-80
2026-09-29 15:16:02,652 INFO o.a.j.t.JMeterThread: Thread finished: Purchase 1-80
2026-09-29 15:16:02,652 INFO o.a.j.t.JMeterThread: Thread is done: Purchase 1-92
2026-09-29 15:16:02,652 INFO o.a.j.t.JMeterThread: Thread finished: Purchase 1-92
2026-09-29 15:16:02,653 INFO o.a.j.t.JMeterThread: Thread is done: Purchase 1-95
2026-09-29 15:16:02,654 INFO o.a.j.t.JMeterThread: Thread finished: Purchase 1-95
2026-09-29 15:16:02,657 INFO o.a.j.t.JMeterThread: Thread is done: Purchase 1-98
2026-09-29 15:16:02,658 INFO o.a.j.t.JMeterThread: Thread finished: Purchase 1-98
2026-09-29 15:16:02,658 INFO o.a.j.t.JMeterThread: Thread is done: Purchase 1-79
2026-09-29 15:16:02,659 INFO o.a.j.t.JMeterThread: Thread finished: Purchase 1-79
2026-09-29 15:16:02,660 INFO o.a.j.t.JMeterThread: Thread is done: Purchase 1-90
2026-09-29 15:16:02,660 INFO o.a.j.t.JMeterThread: Thread finished: Purchase 1-90
2026-09-29 15:16:02,666 INFO o.a.j.t.JMeterThread: Thread is done: Purchase 1-93
2026-09-29 15:16:02,666 INFO o.a.j.t.JMeterThread: Thread is done: Purchase 1-97
2026-09-29 15:16:02,666 INFO o.a.j.t.JMeterThread: Thread finished: Purchase 1-93
2026-09-29 15:16:02,666 INFO o.a.j.t.JMeterThread: Thread is done: Purchase 1-94
2026-09-29 15:16:02,666 INFO o.a.j.t.JMeterThread: Thread finished: Purchase 1-97
2026-09-29 15:16:02,667 INFO o.a.j.t.JMeterThread: Thread finished: Purchase 1-94
2026-09-29 15:16:02,675 INFO o.a.j.t.JMeterThread: Thread is done: Purchase 1-99
2026-09-29 15:16:02,675 INFO o.a.j.t.JMeterThread: Thread is done: Purchase 1-75
2026-09-29 15:16:02,675 INFO o.a.j.t.JMeterThread: Thread finished: Purchase 1-99
2026-09-29 15:16:02,675 INFO o.a.j.t.JMeterThread: Thread finished: Purchase 1-75
2026-09-29 15:16:02,679 INFO o.a.j.t.JMeterThread: Thread is done: Purchase 1-81
2026-09-29 15:16:02,679 INFO o.a.j.t.JMeterThread: Thread is done: Purchase 1-73
2026-09-29 15:16:02,679 INFO o.a.j.t.JMeterThread: Thread finished: Purchase 1-81
2026-09-29 15:16:02,679 INFO o.a.j.t.JMeterThread: Thread finished: Purchase 1-73
2026-09-29 15:16:02,680 INFO o.a.j.t.JMeterThread: Thread is done: Purchase 1-86
2026-09-29 15:16:02,680 INFO o.a.j.t.JMeterThread: Thread finished: Purchase 1-86
2026-09-29 15:16:02,685 INFO o.a.j.t.JMeterThread: Thread is done: Purchase 1-84
2026-09-29 15:16:02,686 INFO o.a.j.t.JMeterThread: Thread finished: Purchase 1-84
2026-09-29 15:16:02,697 INFO o.a.j.t.JMeterThread: Thread is done: Purchase 1-91
2026-09-29 15:16:02,697 INFO o.a.j.t.JMeterThread: Thread finished: Purchase 1-91
2026-09-29 15:16:02,697 INFO o.a.j.e.StandardJMeterEngine: Notifying test listeners of end of test
2026-09-29 15:16:02,704 INFO o.a.j.r.Summariser: summary +   7509 in 00:00:03 = 2778.0/s Avg:    33 Min:     2 Max:   113 Err:  6971 (92.84%) Active: 0 Started: 100 Finished: 100
2026-09-29 15:16:02,704 INFO o.a.j.r.Summariser: summary =  10000 in 00:00:04 = 2468.5/s Avg:    32 Min:     2 Max:   153 Err:  9162 (91.62%)
