2026-09-29 15:15:06,609 INFO o.a.j.u.JMeterUtils: Setting Locale to zh_CN
2026-09-29 15:15:06,653 INFO o.a.j.JMeter: Loading user properties from: C:\seckill-system\target\tools\apache-jmeter-5.6.3\bin\user.properties
2026-09-29 15:15:06,654 INFO o.a.j.JMeter: Loading system properties from: C:\seckill-system\target\tools\apache-jmeter-5.6.3\bin\system.properties
2026-09-29 15:15:06,654 INFO o.a.j.JMeter: Setting JMeter property: users=10
2026-09-29 15:15:06,654 INFO o.a.j.JMeter: Setting JMeter property: loops=20
2026-09-29 15:15:06,654 INFO o.a.j.JMeter: Setting JMeter property: ramp=1
2026-09-29 15:15:06,655 INFO o.a.j.JMeter: Setting JMeter property: delay=0
2026-09-29 15:15:06,655 INFO o.a.j.JMeter: Setting JMeter property: product=261
2026-09-29 15:15:06,655 INFO o.a.j.JMeter: Setting JMeter property: port=18090
2026-09-29 15:15:06,664 INFO o.a.j.JMeter: Copyright (c) 1998-2024 The Apache Software Foundation
2026-09-29 15:15:06,665 INFO o.a.j.JMeter: Version 5.6.3
2026-09-29 15:15:06,665 INFO o.a.j.JMeter: java.version=21.0.12.1
2026-09-29 15:15:06,665 INFO o.a.j.JMeter: java.vm.name=OpenJDK 64-Bit Server VM
2026-09-29 15:15:06,665 INFO o.a.j.JMeter: os.name=Windows 11
2026-09-29 15:15:06,665 INFO o.a.j.JMeter: os.arch=amd64
2026-09-29 15:15:06,665 INFO o.a.j.JMeter: os.version=10.0
2026-09-29 15:15:06,665 INFO o.a.j.JMeter: file.encoding=UTF-8
2026-09-29 15:15:06,665 INFO o.a.j.JMeter: java.awt.headless=true
2026-09-29 15:15:06,665 INFO o.a.j.JMeter: Max memory     =536870912
2026-09-29 15:15:06,665 INFO o.a.j.JMeter: Available Processors =32
2026-09-29 15:15:06,677 INFO o.a.j.JMeter: Default Locale=中文 (中国)
2026-09-29 15:15:06,678 INFO o.a.j.JMeter: JMeter  Locale=中文 (中国)
2026-09-29 15:15:06,678 INFO o.a.j.JMeter: JMeterHome=C:\seckill-system\target\tools\apache-jmeter-5.6.3
2026-09-29 15:15:06,678 INFO o.a.j.JMeter: user.dir  =C:\seckill-system
2026-09-29 15:15:06,678 INFO o.a.j.JMeter: PWD       =C:\seckill-system
2026-09-29 15:15:06,681 INFO o.a.j.JMeter: IP: 172.26.243.24 Name: LAPTOP-77E72ENH FullName: LAPTOP-77E72ENH
2026-09-29 15:15:06,710 INFO o.a.j.s.FileServer: Default base='C:\seckill-system'
2026-09-29 15:15:06,713 INFO o.a.j.s.FileServer: Set new base='C:\seckill-system\perf'
2026-09-29 15:15:07,062 INFO o.a.j.s.SaveService: Testplan (JMX) version: 2.2. Testlog (JTL) version: 2.2
2026-09-29 15:15:07,119 INFO o.a.j.s.SaveService: Using SaveService properties version 5.0
2026-09-29 15:15:07,130 INFO o.a.j.s.SaveService: Using SaveService properties file encoding UTF-8
2026-09-29 15:15:07,137 INFO o.a.j.s.SaveService: Loading file: perf\stage4.jmx
2026-09-29 15:15:07,229 INFO o.a.j.p.h.s.HTTPSamplerBase: Parser for text/html is org.apache.jmeter.protocol.http.parser.LagartoBasedHtmlParser
2026-09-29 15:15:07,230 INFO o.a.j.p.h.s.HTTPSamplerBase: Parser for application/xhtml+xml is org.apache.jmeter.protocol.http.parser.LagartoBasedHtmlParser
2026-09-29 15:15:07,230 INFO o.a.j.p.h.s.HTTPSamplerBase: Parser for application/xml is org.apache.jmeter.protocol.http.parser.LagartoBasedHtmlParser
2026-09-29 15:15:07,230 INFO o.a.j.p.h.s.HTTPSamplerBase: Parser for text/xml is org.apache.jmeter.protocol.http.parser.LagartoBasedHtmlParser
2026-09-29 15:15:07,230 INFO o.a.j.p.h.s.HTTPSamplerBase: Parser for text/vnd.wap.wml is org.apache.jmeter.protocol.http.parser.RegexpHTMLParser
2026-09-29 15:15:07,230 INFO o.a.j.p.h.s.HTTPSamplerBase: Parser for text/css is org.apache.jmeter.protocol.http.parser.CssParser
2026-09-29 15:15:07,253 INFO o.a.j.JMeter: Creating summariser <summary>
2026-09-29 15:15:07,290 INFO o.a.j.e.StandardJMeterEngine: Running the test!
2026-09-29 15:15:07,291 INFO o.a.j.s.SampleEvent: List of sample_variables: []
2026-09-29 15:15:07,292 INFO o.a.j.s.SampleEvent: List of sample_variables: []
2026-09-29 15:15:07,304 INFO o.a.j.e.u.CompoundVariable: Note: Function class names must contain the string: '.functions.'
2026-09-29 15:15:07,304 INFO o.a.j.e.u.CompoundVariable: Note: Function class names must not contain the string: '.gui.'
2026-09-29 15:15:07,422 INFO o.a.j.JMeter: 正在运行的测试 (1790666107422)
2026-09-29 15:15:07,446 INFO o.a.j.e.StandardJMeterEngine: Starting ThreadGroup: 1 : Purchase
2026-09-29 15:15:07,446 INFO o.a.j.e.StandardJMeterEngine: Starting 10 threads for group Purchase.
2026-09-29 15:15:07,446 INFO o.a.j.e.StandardJMeterEngine: Thread will continue on error
2026-09-29 15:15:07,447 INFO o.a.j.t.ThreadGroup: Starting thread group... number=1 threads=10 ramp-up=1 delayedStart=false
2026-09-29 15:15:07,458 INFO o.a.j.t.JMeterThread: Thread started: Purchase 1-1
2026-09-29 15:15:07,460 INFO o.a.j.t.ThreadGroup: Started thread group number 1
2026-09-29 15:15:07,460 INFO o.a.j.e.StandardJMeterEngine: All thread groups have been started
2026-09-29 15:15:07,480 INFO o.a.j.p.h.s.HTTPHCAbstractImpl: Local host = LAPTOP-77E72ENH
2026-09-29 15:15:07,491 INFO o.a.j.p.h.s.HTTPHC4Impl: HTTP request retry count = 0
2026-09-29 15:15:07,493 INFO o.a.j.s.SampleResult: Note: Sample TimeStamps are START times
2026-09-29 15:15:07,493 INFO o.a.j.s.SampleResult: sampleresult.default.encoding is set to UTF-8
2026-09-29 15:15:07,493 INFO o.a.j.s.SampleResult: sampleresult.useNanoTime=true
2026-09-29 15:15:07,493 INFO o.a.j.s.SampleResult: sampleresult.nanoThreadSleep=5000
2026-09-29 15:15:07,554 INFO o.a.j.t.JMeterThread: Thread started: Purchase 1-2
2026-09-29 15:15:07,653 INFO o.a.j.t.JMeterThread: Thread started: Purchase 1-3
2026-09-29 15:15:07,753 INFO o.a.j.t.JMeterThread: Thread started: Purchase 1-4
2026-09-29 15:15:07,853 INFO o.a.j.t.JMeterThread: Thread started: Purchase 1-5
2026-09-29 15:15:07,950 INFO o.a.j.t.JMeterThread: Thread started: Purchase 1-6
2026-09-29 15:15:08,049 INFO o.a.j.t.JMeterThread: Thread started: Purchase 1-7
2026-09-29 15:15:08,148 INFO o.a.j.t.JMeterThread: Thread started: Purchase 1-8
2026-09-29 15:15:08,250 INFO o.a.j.t.JMeterThread: Thread started: Purchase 1-9
2026-09-29 15:15:08,349 INFO o.a.j.t.JMeterThread: Thread started: Purchase 1-10
2026-09-29 15:15:09,772 INFO o.a.j.t.JMeterThread: Thread is done: Purchase 1-2
2026-09-29 15:15:09,772 INFO o.a.j.t.JMeterThread: Thread finished: Purchase 1-2
2026-09-29 15:15:09,773 INFO o.a.j.t.JMeterThread: Thread is done: Purchase 1-5
2026-09-29 15:15:09,773 INFO o.a.j.t.JMeterThread: Thread finished: Purchase 1-5
2026-09-29 15:15:09,774 INFO o.a.j.t.JMeterThread: Thread is done: Purchase 1-6
2026-09-29 15:15:09,774 INFO o.a.j.t.JMeterThread: Thread finished: Purchase 1-6
2026-09-29 15:15:09,775 INFO o.a.j.t.JMeterThread: Thread is done: Purchase 1-3
2026-09-29 15:15:09,776 INFO o.a.j.t.JMeterThread: Thread finished: Purchase 1-3
2026-09-29 15:15:09,807 INFO o.a.j.t.JMeterThread: Thread is done: Purchase 1-7
2026-09-29 15:15:09,807 INFO o.a.j.t.JMeterThread: Thread is done: Purchase 1-1
2026-09-29 15:15:09,808 INFO o.a.j.t.JMeterThread: Thread finished: Purchase 1-7
2026-09-29 15:15:09,807 INFO o.a.j.t.JMeterThread: Thread is done: Purchase 1-8
2026-09-29 15:15:09,807 INFO o.a.j.t.JMeterThread: Thread is done: Purchase 1-10
2026-09-29 15:15:09,807 INFO o.a.j.t.JMeterThread: Thread is done: Purchase 1-4
2026-09-29 15:15:09,808 INFO o.a.j.t.JMeterThread: Thread finished: Purchase 1-1
2026-09-29 15:15:09,808 INFO o.a.j.t.JMeterThread: Thread finished: Purchase 1-10
2026-09-29 15:15:09,808 INFO o.a.j.t.JMeterThread: Thread finished: Purchase 1-4
2026-09-29 15:15:09,808 INFO o.a.j.t.JMeterThread: Thread finished: Purchase 1-8
2026-09-29 15:15:09,825 INFO o.a.j.t.JMeterThread: Thread is done: Purchase 1-9
2026-09-29 15:15:09,825 INFO o.a.j.t.JMeterThread: Thread finished: Purchase 1-9
2026-09-29 15:15:09,826 INFO o.a.j.e.StandardJMeterEngine: Notifying test listeners of end of test
2026-09-29 15:15:09,832 INFO o.a.j.r.Summariser: summary =    200 in 00:00:02 =   83.1/s Avg:    91 Min:    14 Max:  1675 Err:     6 (3.00%)
