2026-09-29 15:14:27,598 INFO o.a.j.u.JMeterUtils: Setting Locale to zh_CN
2026-09-29 15:14:27,645 INFO o.a.j.JMeter: Loading user properties from: C:\seckill-system\target\tools\apache-jmeter-5.6.3\bin\user.properties
2026-09-29 15:14:27,646 INFO o.a.j.JMeter: Loading system properties from: C:\seckill-system\target\tools\apache-jmeter-5.6.3\bin\system.properties
2026-09-29 15:14:27,646 INFO o.a.j.JMeter: Setting JMeter property: users=100
2026-09-29 15:14:27,646 INFO o.a.j.JMeter: Setting JMeter property: loops=100
2026-09-29 15:14:27,646 INFO o.a.j.JMeter: Setting JMeter property: ramp=1
2026-09-29 15:14:27,647 INFO o.a.j.JMeter: Setting JMeter property: delay=0
2026-09-29 15:14:27,647 INFO o.a.j.JMeter: Setting JMeter property: product=260
2026-09-29 15:14:27,647 INFO o.a.j.JMeter: Setting JMeter property: port=18090
2026-09-29 15:14:27,656 INFO o.a.j.JMeter: Copyright (c) 1998-2024 The Apache Software Foundation
2026-09-29 15:14:27,657 INFO o.a.j.JMeter: Version 5.6.3
2026-09-29 15:14:27,657 INFO o.a.j.JMeter: java.version=21.0.12.1
2026-09-29 15:14:27,657 INFO o.a.j.JMeter: java.vm.name=OpenJDK 64-Bit Server VM
2026-09-29 15:14:27,657 INFO o.a.j.JMeter: os.name=Windows 11
2026-09-29 15:14:27,657 INFO o.a.j.JMeter: os.arch=amd64
2026-09-29 15:14:27,657 INFO o.a.j.JMeter: os.version=10.0
2026-09-29 15:14:27,657 INFO o.a.j.JMeter: file.encoding=UTF-8
2026-09-29 15:14:27,657 INFO o.a.j.JMeter: java.awt.headless=true
2026-09-29 15:14:27,657 INFO o.a.j.JMeter: Max memory     =536870912
2026-09-29 15:14:27,657 INFO o.a.j.JMeter: Available Processors =32
2026-09-29 15:14:27,681 INFO o.a.j.JMeter: Default Locale=中文 (中国)
2026-09-29 15:14:27,681 INFO o.a.j.JMeter: JMeter  Locale=中文 (中国)
2026-09-29 15:14:27,681 INFO o.a.j.JMeter: JMeterHome=C:\seckill-system\target\tools\apache-jmeter-5.6.3
2026-09-29 15:14:27,681 INFO o.a.j.JMeter: user.dir  =C:\seckill-system
2026-09-29 15:14:27,682 INFO o.a.j.JMeter: PWD       =C:\seckill-system
2026-09-29 15:14:27,685 INFO o.a.j.JMeter: IP: 172.26.243.24 Name: LAPTOP-77E72ENH FullName: LAPTOP-77E72ENH
2026-09-29 15:14:27,703 INFO o.a.j.s.FileServer: Default base='C:\seckill-system'
2026-09-29 15:14:27,706 INFO o.a.j.s.FileServer: Set new base='C:\seckill-system\perf'
2026-09-29 15:14:28,058 INFO o.a.j.s.SaveService: Testplan (JMX) version: 2.2. Testlog (JTL) version: 2.2
2026-09-29 15:14:28,103 INFO o.a.j.s.SaveService: Using SaveService properties version 5.0
2026-09-29 15:14:28,107 INFO o.a.j.s.SaveService: Using SaveService properties file encoding UTF-8
2026-09-29 15:14:28,113 INFO o.a.j.s.SaveService: Loading file: perf\stage4.jmx
2026-09-29 15:14:28,197 INFO o.a.j.p.h.s.HTTPSamplerBase: Parser for text/html is org.apache.jmeter.protocol.http.parser.LagartoBasedHtmlParser
2026-09-29 15:14:28,198 INFO o.a.j.p.h.s.HTTPSamplerBase: Parser for application/xhtml+xml is org.apache.jmeter.protocol.http.parser.LagartoBasedHtmlParser
2026-09-29 15:14:28,198 INFO o.a.j.p.h.s.HTTPSamplerBase: Parser for application/xml is org.apache.jmeter.protocol.http.parser.LagartoBasedHtmlParser
2026-09-29 15:14:28,198 INFO o.a.j.p.h.s.HTTPSamplerBase: Parser for text/xml is org.apache.jmeter.protocol.http.parser.LagartoBasedHtmlParser
2026-09-29 15:14:28,198 INFO o.a.j.p.h.s.HTTPSamplerBase: Parser for text/vnd.wap.wml is org.apache.jmeter.protocol.http.parser.RegexpHTMLParser
2026-09-29 15:14:28,198 INFO o.a.j.p.h.s.HTTPSamplerBase: Parser for text/css is org.apache.jmeter.protocol.http.parser.CssParser
2026-09-29 15:14:28,219 INFO o.a.j.JMeter: Creating summariser <summary>
2026-09-29 15:14:28,249 INFO o.a.j.e.StandardJMeterEngine: Running the test!
2026-09-29 15:14:28,250 INFO o.a.j.s.SampleEvent: List of sample_variables: []
2026-09-29 15:14:28,250 INFO o.a.j.s.SampleEvent: List of sample_variables: []
2026-09-29 15:14:28,256 INFO o.a.j.e.u.CompoundVariable: Note: Function class names must contain the string: '.functions.'
2026-09-29 15:14:28,257 INFO o.a.j.e.u.CompoundVariable: Note: Function class names must not contain the string: '.gui.'
2026-09-29 15:14:28,368 INFO o.a.j.JMeter: 正在运行的测试 (1790666068368)
2026-09-29 15:14:28,390 INFO o.a.j.e.StandardJMeterEngine: Starting ThreadGroup: 1 : Purchase
2026-09-29 15:14:28,391 INFO o.a.j.e.StandardJMeterEngine: Starting 100 threads for group Purchase.
2026-09-29 15:14:28,391 INFO o.a.j.e.StandardJMeterEngine: Thread will continue on error
2026-09-29 15:14:28,391 INFO o.a.j.t.ThreadGroup: Starting thread group... number=1 threads=100 ramp-up=1 delayedStart=false
2026-09-29 15:14:28,400 INFO o.a.j.t.JMeterThread: Thread started: Purchase 1-1
2026-09-29 15:14:28,407 INFO o.a.j.t.JMeterThread: Thread started: Purchase 1-2
2026-09-29 15:14:28,415 INFO o.a.j.t.JMeterThread: Thread started: Purchase 1-3
2026-09-29 15:14:28,425 INFO o.a.j.t.JMeterThread: Thread started: Purchase 1-4
2026-09-29 15:14:28,434 INFO o.a.j.t.JMeterThread: Thread started: Purchase 1-5
2026-09-29 15:14:28,443 INFO o.a.j.p.h.s.HTTPHCAbstractImpl: Local host = LAPTOP-77E72ENH
2026-09-29 15:14:28,444 INFO o.a.j.t.JMeterThread: Thread started: Purchase 1-6
2026-09-29 15:14:28,453 INFO o.a.j.t.JMeterThread: Thread started: Purchase 1-7
2026-09-29 15:14:28,464 INFO o.a.j.t.JMeterThread: Thread started: Purchase 1-8
2026-09-29 15:14:28,467 INFO o.a.j.t.ThreadGroup: Started thread group number 1
2026-09-29 15:14:28,467 INFO o.a.j.e.StandardJMeterEngine: All thread groups have been started
2026-09-29 15:14:28,472 INFO o.a.j.p.h.s.HTTPHC4Impl: HTTP request retry count = 0
2026-09-29 15:14:28,473 INFO o.a.j.t.JMeterThread: Thread started: Purchase 1-9
2026-09-29 15:14:28,475 INFO o.a.j.s.SampleResult: Note: Sample TimeStamps are START times
2026-09-29 15:14:28,475 INFO o.a.j.s.SampleResult: sampleresult.default.encoding is set to UTF-8
2026-09-29 15:14:28,475 INFO o.a.j.s.SampleResult: sampleresult.useNanoTime=true
2026-09-29 15:14:28,476 INFO o.a.j.s.SampleResult: sampleresult.nanoThreadSleep=5000
2026-09-29 15:14:28,483 INFO o.a.j.t.JMeterThread: Thread started: Purchase 1-10
2026-09-29 15:14:28,493 INFO o.a.j.t.JMeterThread: Thread started: Purchase 1-11
2026-09-29 15:14:28,502 INFO o.a.j.t.JMeterThread: Thread started: Purchase 1-12
2026-09-29 15:14:28,513 INFO o.a.j.t.JMeterThread: Thread started: Purchase 1-13
2026-09-29 15:14:28,523 INFO o.a.j.t.JMeterThread: Thread started: Purchase 1-14
2026-09-29 15:14:28,533 INFO o.a.j.t.JMeterThread: Thread started: Purchase 1-15
2026-09-29 15:14:28,543 INFO o.a.j.t.JMeterThread: Thread started: Purchase 1-16
2026-09-29 15:14:28,553 INFO o.a.j.t.JMeterThread: Thread started: Purchase 1-17
2026-09-29 15:14:28,564 INFO o.a.j.t.JMeterThread: Thread started: Purchase 1-18
2026-09-29 15:14:28,572 INFO o.a.j.t.JMeterThread: Thread started: Purchase 1-19
2026-09-29 15:14:28,582 INFO o.a.j.t.JMeterThread: Thread started: Purchase 1-20
2026-09-29 15:14:28,593 INFO o.a.j.t.JMeterThread: Thread started: Purchase 1-21
2026-09-29 15:14:28,602 INFO o.a.j.t.JMeterThread: Thread started: Purchase 1-22
2026-09-29 15:14:28,613 INFO o.a.j.t.JMeterThread: Thread started: Purchase 1-23
2026-09-29 15:14:28,623 INFO o.a.j.t.JMeterThread: Thread started: Purchase 1-24
2026-09-29 15:14:28,634 INFO o.a.j.t.JMeterThread: Thread started: Purchase 1-25
2026-09-29 15:14:28,642 INFO o.a.j.t.JMeterThread: Thread started: Purchase 1-26
2026-09-29 15:14:28,652 INFO o.a.j.t.JMeterThread: Thread started: Purchase 1-27
2026-09-29 15:14:28,662 INFO o.a.j.t.JMeterThread: Thread started: Purchase 1-28
2026-09-29 15:14:28,672 INFO o.a.j.t.JMeterThread: Thread started: Purchase 1-29
2026-09-29 15:14:28,683 INFO o.a.j.t.JMeterThread: Thread started: Purchase 1-30
2026-09-29 15:14:28,692 INFO o.a.j.t.JMeterThread: Thread started: Purchase 1-31
2026-09-29 15:14:28,702 INFO o.a.j.t.JMeterThread: Thread started: Purchase 1-32
2026-09-29 15:14:28,713 INFO o.a.j.t.JMeterThread: Thread started: Purchase 1-33
2026-09-29 15:14:28,723 INFO o.a.j.t.JMeterThread: Thread started: Purchase 1-34
2026-09-29 15:14:28,734 INFO o.a.j.t.JMeterThread: Thread started: Purchase 1-35
2026-09-29 15:14:28,743 INFO o.a.j.t.JMeterThread: Thread started: Purchase 1-36
2026-09-29 15:14:28,753 INFO o.a.j.t.JMeterThread: Thread started: Purchase 1-37
2026-09-29 15:14:28,765 INFO o.a.j.t.JMeterThread: Thread started: Purchase 1-38
2026-09-29 15:14:28,773 INFO o.a.j.t.JMeterThread: Thread started: Purchase 1-39
2026-09-29 15:14:28,783 INFO o.a.j.t.JMeterThread: Thread started: Purchase 1-40
2026-09-29 15:14:28,794 INFO o.a.j.t.JMeterThread: Thread started: Purchase 1-41
2026-09-29 15:14:28,803 INFO o.a.j.t.JMeterThread: Thread started: Purchase 1-42
2026-09-29 15:14:28,814 INFO o.a.j.t.JMeterThread: Thread started: Purchase 1-43
2026-09-29 15:14:28,824 INFO o.a.j.t.JMeterThread: Thread started: Purchase 1-44
2026-09-29 15:14:28,834 INFO o.a.j.t.JMeterThread: Thread started: Purchase 1-45
2026-09-29 15:14:28,842 INFO o.a.j.t.JMeterThread: Thread started: Purchase 1-46
2026-09-29 15:14:28,853 INFO o.a.j.t.JMeterThread: Thread started: Purchase 1-47
2026-09-29 15:14:28,864 INFO o.a.j.t.JMeterThread: Thread started: Purchase 1-48
2026-09-29 15:14:28,872 INFO o.a.j.t.JMeterThread: Thread started: Purchase 1-49
2026-09-29 15:14:28,884 INFO o.a.j.t.JMeterThread: Thread started: Purchase 1-50
2026-09-29 15:14:28,894 INFO o.a.j.t.JMeterThread: Thread started: Purchase 1-51
2026-09-29 15:14:28,903 INFO o.a.j.t.JMeterThread: Thread started: Purchase 1-52
2026-09-29 15:14:28,913 INFO o.a.j.t.JMeterThread: Thread started: Purchase 1-53
2026-09-29 15:14:28,925 INFO o.a.j.t.JMeterThread: Thread started: Purchase 1-54
2026-09-29 15:14:28,933 INFO o.a.j.t.JMeterThread: Thread started: Purchase 1-55
2026-09-29 15:14:28,942 INFO o.a.j.t.JMeterThread: Thread started: Purchase 1-56
2026-09-29 15:14:28,953 INFO o.a.j.t.JMeterThread: Thread started: Purchase 1-57
2026-09-29 15:14:28,965 INFO o.a.j.t.JMeterThread: Thread started: Purchase 1-58
2026-09-29 15:14:28,973 INFO o.a.j.t.JMeterThread: Thread started: Purchase 1-59
2026-09-29 15:14:28,984 INFO o.a.j.t.JMeterThread: Thread started: Purchase 1-60
2026-09-29 15:14:28,994 INFO o.a.j.t.JMeterThread: Thread started: Purchase 1-61
2026-09-29 15:14:29,003 INFO o.a.j.t.JMeterThread: Thread started: Purchase 1-62
2026-09-29 15:14:29,014 INFO o.a.j.t.JMeterThread: Thread started: Purchase 1-63
2026-09-29 15:14:29,026 INFO o.a.j.t.JMeterThread: Thread started: Purchase 1-64
2026-09-29 15:14:29,036 INFO o.a.j.t.JMeterThread: Thread started: Purchase 1-65
2026-09-29 15:14:29,043 INFO o.a.j.t.JMeterThread: Thread started: Purchase 1-66
2026-09-29 15:14:29,054 INFO o.a.j.t.JMeterThread: Thread started: Purchase 1-67
2026-09-29 15:14:29,063 INFO o.a.j.t.JMeterThread: Thread started: Purchase 1-68
2026-09-29 15:14:29,074 INFO o.a.j.t.JMeterThread: Thread started: Purchase 1-69
2026-09-29 15:14:29,082 INFO o.a.j.t.JMeterThread: Thread started: Purchase 1-70
2026-09-29 15:14:29,092 INFO o.a.j.t.JMeterThread: Thread started: Purchase 1-71
2026-09-29 15:14:29,103 INFO o.a.j.t.JMeterThread: Thread started: Purchase 1-72
2026-09-29 15:14:29,112 INFO o.a.j.t.JMeterThread: Thread started: Purchase 1-73
2026-09-29 15:14:29,122 INFO o.a.j.t.JMeterThread: Thread started: Purchase 1-74
2026-09-29 15:14:29,134 INFO o.a.j.t.JMeterThread: Thread started: Purchase 1-75
2026-09-29 15:14:29,143 INFO o.a.j.t.JMeterThread: Thread started: Purchase 1-76
2026-09-29 15:14:29,152 INFO o.a.j.t.JMeterThread: Thread started: Purchase 1-77
2026-09-29 15:14:29,162 INFO o.a.j.t.JMeterThread: Thread started: Purchase 1-78
2026-09-29 15:14:29,174 INFO o.a.j.t.JMeterThread: Thread started: Purchase 1-79
2026-09-29 15:14:29,183 INFO o.a.j.t.JMeterThread: Thread started: Purchase 1-80
2026-09-29 15:14:29,192 INFO o.a.j.t.JMeterThread: Thread started: Purchase 1-81
2026-09-29 15:14:29,202 INFO o.a.j.t.JMeterThread: Thread started: Purchase 1-82
2026-09-29 15:14:29,213 INFO o.a.j.t.JMeterThread: Thread started: Purchase 1-83
2026-09-29 15:14:29,223 INFO o.a.j.t.JMeterThread: Thread started: Purchase 1-84
2026-09-29 15:14:29,233 INFO o.a.j.t.JMeterThread: Thread started: Purchase 1-85
2026-09-29 15:14:29,243 INFO o.a.j.t.JMeterThread: Thread started: Purchase 1-86
2026-09-29 15:14:29,253 INFO o.a.j.t.JMeterThread: Thread started: Purchase 1-87
2026-09-29 15:14:29,262 INFO o.a.j.t.JMeterThread: Thread started: Purchase 1-88
2026-09-29 15:14:29,273 INFO o.a.j.t.JMeterThread: Thread started: Purchase 1-89
2026-09-29 15:14:29,282 INFO o.a.j.t.JMeterThread: Thread started: Purchase 1-90
2026-09-29 15:14:29,294 INFO o.a.j.t.JMeterThread: Thread started: Purchase 1-91
2026-09-29 15:14:29,302 INFO o.a.j.t.JMeterThread: Thread started: Purchase 1-92
2026-09-29 15:14:29,312 INFO o.a.j.t.JMeterThread: Thread started: Purchase 1-93
2026-09-29 15:14:29,323 INFO o.a.j.t.JMeterThread: Thread started: Purchase 1-94
2026-09-29 15:14:29,332 INFO o.a.j.t.JMeterThread: Thread started: Purchase 1-95
2026-09-29 15:14:29,343 INFO o.a.j.t.JMeterThread: Thread started: Purchase 1-96
2026-09-29 15:14:29,354 INFO o.a.j.t.JMeterThread: Thread started: Purchase 1-97
2026-09-29 15:14:29,362 INFO o.a.j.t.JMeterThread: Thread started: Purchase 1-98
2026-09-29 15:14:29,374 INFO o.a.j.t.JMeterThread: Thread started: Purchase 1-99
2026-09-29 15:14:29,382 INFO o.a.j.t.JMeterThread: Thread started: Purchase 1-100
2026-09-29 15:14:30,011 INFO o.a.j.r.Summariser: summary +   3016 in 00:00:02 = 1848.0/s Avg:    33 Min:     3 Max:   109 Err:  2671 (88.56%) Active: 100 Started: 100 Finished: 0
2026-09-29 15:14:31,908 INFO o.a.j.t.JMeterThread: Thread is done: Purchase 1-23
2026-09-29 15:14:31,908 INFO o.a.j.t.JMeterThread: Thread finished: Purchase 1-23
2026-09-29 15:14:31,959 INFO o.a.j.t.JMeterThread: Thread is done: Purchase 1-2
2026-09-29 15:14:31,959 INFO o.a.j.t.JMeterThread: Thread finished: Purchase 1-2
2026-09-29 15:14:32,014 INFO o.a.j.t.JMeterThread: Thread is done: Purchase 1-7
2026-09-29 15:14:32,014 INFO o.a.j.t.JMeterThread: Thread finished: Purchase 1-7
2026-09-29 15:14:32,020 INFO o.a.j.t.JMeterThread: Thread is done: Purchase 1-27
2026-09-29 15:14:32,020 INFO o.a.j.t.JMeterThread: Thread finished: Purchase 1-27
2026-09-29 15:14:32,046 INFO o.a.j.t.JMeterThread: Thread is done: Purchase 1-43
2026-09-29 15:14:32,046 INFO o.a.j.t.JMeterThread: Thread finished: Purchase 1-43
2026-09-29 15:14:32,087 INFO o.a.j.t.JMeterThread: Thread is done: Purchase 1-47
2026-09-29 15:14:32,087 INFO o.a.j.t.JMeterThread: Thread finished: Purchase 1-47
2026-09-29 15:14:32,102 INFO o.a.j.t.JMeterThread: Thread is done: Purchase 1-11
2026-09-29 15:14:32,102 INFO o.a.j.t.JMeterThread: Thread finished: Purchase 1-11
2026-09-29 15:14:32,108 INFO o.a.j.t.JMeterThread: Thread is done: Purchase 1-44
2026-09-29 15:14:32,108 INFO o.a.j.t.JMeterThread: Thread finished: Purchase 1-44
2026-09-29 15:14:32,154 INFO o.a.j.t.JMeterThread: Thread is done: Purchase 1-6
2026-09-29 15:14:32,154 INFO o.a.j.t.JMeterThread: Thread finished: Purchase 1-6
2026-09-29 15:14:32,154 INFO o.a.j.t.JMeterThread: Thread is done: Purchase 1-35
2026-09-29 15:14:32,154 INFO o.a.j.t.JMeterThread: Thread finished: Purchase 1-35
2026-09-29 15:14:32,163 INFO o.a.j.t.JMeterThread: Thread is done: Purchase 1-4
2026-09-29 15:14:32,164 INFO o.a.j.t.JMeterThread: Thread finished: Purchase 1-4
2026-09-29 15:14:32,165 INFO o.a.j.t.JMeterThread: Thread is done: Purchase 1-8
2026-09-29 15:14:32,166 INFO o.a.j.t.JMeterThread: Thread finished: Purchase 1-8
2026-09-29 15:14:32,168 INFO o.a.j.t.JMeterThread: Thread is done: Purchase 1-39
2026-09-29 15:14:32,168 INFO o.a.j.t.JMeterThread: Thread finished: Purchase 1-39
2026-09-29 15:14:32,170 INFO o.a.j.t.JMeterThread: Thread is done: Purchase 1-16
2026-09-29 15:14:32,170 INFO o.a.j.t.JMeterThread: Thread finished: Purchase 1-16
2026-09-29 15:14:32,170 INFO o.a.j.t.JMeterThread: Thread is done: Purchase 1-38
2026-09-29 15:14:32,171 INFO o.a.j.t.JMeterThread: Thread finished: Purchase 1-38
2026-09-29 15:14:32,175 INFO o.a.j.t.JMeterThread: Thread is done: Purchase 1-33
2026-09-29 15:14:32,175 INFO o.a.j.t.JMeterThread: Thread finished: Purchase 1-33
2026-09-29 15:14:32,180 INFO o.a.j.t.JMeterThread: Thread is done: Purchase 1-31
2026-09-29 15:14:32,180 INFO o.a.j.t.JMeterThread: Thread finished: Purchase 1-31
2026-09-29 15:14:32,183 INFO o.a.j.t.JMeterThread: Thread is done: Purchase 1-29
2026-09-29 15:14:32,183 INFO o.a.j.t.JMeterThread: Thread finished: Purchase 1-29
2026-09-29 15:14:32,208 INFO o.a.j.t.JMeterThread: Thread is done: Purchase 1-28
2026-09-29 15:14:32,208 INFO o.a.j.t.JMeterThread: Thread finished: Purchase 1-28
2026-09-29 15:14:32,213 INFO o.a.j.t.JMeterThread: Thread is done: Purchase 1-30
2026-09-29 15:14:32,213 INFO o.a.j.t.JMeterThread: Thread finished: Purchase 1-30
2026-09-29 15:14:32,214 INFO o.a.j.t.JMeterThread: Thread is done: Purchase 1-26
2026-09-29 15:14:32,214 INFO o.a.j.t.JMeterThread: Thread finished: Purchase 1-26
2026-09-29 15:14:32,224 INFO o.a.j.t.JMeterThread: Thread is done: Purchase 1-42
2026-09-29 15:14:32,224 INFO o.a.j.t.JMeterThread: Thread finished: Purchase 1-42
2026-09-29 15:14:32,226 INFO o.a.j.t.JMeterThread: Thread is done: Purchase 1-24
2026-09-29 15:14:32,226 INFO o.a.j.t.JMeterThread: Thread finished: Purchase 1-24
2026-09-29 15:14:32,229 INFO o.a.j.t.JMeterThread: Thread is done: Purchase 1-12
2026-09-29 15:14:32,229 INFO o.a.j.t.JMeterThread: Thread finished: Purchase 1-12
2026-09-29 15:14:32,236 INFO o.a.j.t.JMeterThread: Thread is done: Purchase 1-40
2026-09-29 15:14:32,236 INFO o.a.j.t.JMeterThread: Thread finished: Purchase 1-40
2026-09-29 15:14:32,237 INFO o.a.j.t.JMeterThread: Thread is done: Purchase 1-37
2026-09-29 15:14:32,238 INFO o.a.j.t.JMeterThread: Thread finished: Purchase 1-37
2026-09-29 15:14:32,245 INFO o.a.j.t.JMeterThread: Thread is done: Purchase 1-18
2026-09-29 15:14:32,246 INFO o.a.j.t.JMeterThread: Thread finished: Purchase 1-18
2026-09-29 15:14:32,246 INFO o.a.j.t.JMeterThread: Thread is done: Purchase 1-48
2026-09-29 15:14:32,246 INFO o.a.j.t.JMeterThread: Thread finished: Purchase 1-48
2026-09-29 15:14:32,247 INFO o.a.j.t.JMeterThread: Thread is done: Purchase 1-3
2026-09-29 15:14:32,247 INFO o.a.j.t.JMeterThread: Thread finished: Purchase 1-3
2026-09-29 15:14:32,248 INFO o.a.j.t.JMeterThread: Thread is done: Purchase 1-45
2026-09-29 15:14:32,248 INFO o.a.j.t.JMeterThread: Thread finished: Purchase 1-45
2026-09-29 15:14:32,255 INFO o.a.j.t.JMeterThread: Thread is done: Purchase 1-46
2026-09-29 15:14:32,255 INFO o.a.j.t.JMeterThread: Thread finished: Purchase 1-46
2026-09-29 15:14:32,264 INFO o.a.j.t.JMeterThread: Thread is done: Purchase 1-36
2026-09-29 15:14:32,264 INFO o.a.j.t.JMeterThread: Thread is done: Purchase 1-19
2026-09-29 15:14:32,265 INFO o.a.j.t.JMeterThread: Thread finished: Purchase 1-36
2026-09-29 15:14:32,265 INFO o.a.j.t.JMeterThread: Thread finished: Purchase 1-19
2026-09-29 15:14:32,271 INFO o.a.j.t.JMeterThread: Thread is done: Purchase 1-41
2026-09-29 15:14:32,271 INFO o.a.j.t.JMeterThread: Thread finished: Purchase 1-41
2026-09-29 15:14:32,274 INFO o.a.j.t.JMeterThread: Thread is done: Purchase 1-25
2026-09-29 15:14:32,275 INFO o.a.j.t.JMeterThread: Thread finished: Purchase 1-25
2026-09-29 15:14:32,277 INFO o.a.j.t.JMeterThread: Thread is done: Purchase 1-14
2026-09-29 15:14:32,277 INFO o.a.j.t.JMeterThread: Thread finished: Purchase 1-14
2026-09-29 15:14:32,285 INFO o.a.j.t.JMeterThread: Thread is done: Purchase 1-22
2026-09-29 15:14:32,285 INFO o.a.j.t.JMeterThread: Thread finished: Purchase 1-22
2026-09-29 15:14:32,297 INFO o.a.j.t.JMeterThread: Thread is done: Purchase 1-34
2026-09-29 15:14:32,297 INFO o.a.j.t.JMeterThread: Thread finished: Purchase 1-34
2026-09-29 15:14:32,298 INFO o.a.j.t.JMeterThread: Thread is done: Purchase 1-13
2026-09-29 15:14:32,298 INFO o.a.j.t.JMeterThread: Thread is done: Purchase 1-10
2026-09-29 15:14:32,298 INFO o.a.j.t.JMeterThread: Thread finished: Purchase 1-13
2026-09-29 15:14:32,298 INFO o.a.j.t.JMeterThread: Thread finished: Purchase 1-10
2026-09-29 15:14:32,302 INFO o.a.j.t.JMeterThread: Thread is done: Purchase 1-1
2026-09-29 15:14:32,302 INFO o.a.j.t.JMeterThread: Thread finished: Purchase 1-1
2026-09-29 15:14:32,303 INFO o.a.j.t.JMeterThread: Thread is done: Purchase 1-21
2026-09-29 15:14:32,303 INFO o.a.j.t.JMeterThread: Thread finished: Purchase 1-21
2026-09-29 15:14:32,305 INFO o.a.j.t.JMeterThread: Thread is done: Purchase 1-9
2026-09-29 15:14:32,306 INFO o.a.j.t.JMeterThread: Thread finished: Purchase 1-9
2026-09-29 15:14:32,306 INFO o.a.j.t.JMeterThread: Thread is done: Purchase 1-50
2026-09-29 15:14:32,307 INFO o.a.j.t.JMeterThread: Thread finished: Purchase 1-50
2026-09-29 15:14:32,310 INFO o.a.j.t.JMeterThread: Thread is done: Purchase 1-51
2026-09-29 15:14:32,310 INFO o.a.j.t.JMeterThread: Thread finished: Purchase 1-51
2026-09-29 15:14:32,314 INFO o.a.j.t.JMeterThread: Thread is done: Purchase 1-20
2026-09-29 15:14:32,315 INFO o.a.j.t.JMeterThread: Thread finished: Purchase 1-20
2026-09-29 15:14:32,316 INFO o.a.j.t.JMeterThread: Thread is done: Purchase 1-49
2026-09-29 15:14:32,317 INFO o.a.j.t.JMeterThread: Thread finished: Purchase 1-49
2026-09-29 15:14:32,322 INFO o.a.j.t.JMeterThread: Thread is done: Purchase 1-15
2026-09-29 15:14:32,322 INFO o.a.j.t.JMeterThread: Thread finished: Purchase 1-15
2026-09-29 15:14:32,329 INFO o.a.j.t.JMeterThread: Thread is done: Purchase 1-54
2026-09-29 15:14:32,329 INFO o.a.j.t.JMeterThread: Thread finished: Purchase 1-54
2026-09-29 15:14:32,333 INFO o.a.j.t.JMeterThread: Thread is done: Purchase 1-60
2026-09-29 15:14:32,333 INFO o.a.j.t.JMeterThread: Thread finished: Purchase 1-60
2026-09-29 15:14:32,333 INFO o.a.j.t.JMeterThread: Thread is done: Purchase 1-17
2026-09-29 15:14:32,333 INFO o.a.j.t.JMeterThread: Thread finished: Purchase 1-17
2026-09-29 15:14:32,334 INFO o.a.j.t.JMeterThread: Thread is done: Purchase 1-57
2026-09-29 15:14:32,334 INFO o.a.j.t.JMeterThread: Thread finished: Purchase 1-57
2026-09-29 15:14:32,342 INFO o.a.j.t.JMeterThread: Thread is done: Purchase 1-5
2026-09-29 15:14:32,343 INFO o.a.j.t.JMeterThread: Thread is done: Purchase 1-32
2026-09-29 15:14:32,343 INFO o.a.j.t.JMeterThread: Thread finished: Purchase 1-5
2026-09-29 15:14:32,343 INFO o.a.j.t.JMeterThread: Thread finished: Purchase 1-32
2026-09-29 15:14:32,346 INFO o.a.j.t.JMeterThread: Thread is done: Purchase 1-61
2026-09-29 15:14:32,346 INFO o.a.j.t.JMeterThread: Thread finished: Purchase 1-61
2026-09-29 15:14:32,346 INFO o.a.j.t.JMeterThread: Thread is done: Purchase 1-65
2026-09-29 15:14:32,346 INFO o.a.j.t.JMeterThread: Thread finished: Purchase 1-65
2026-09-29 15:14:32,350 INFO o.a.j.t.JMeterThread: Thread is done: Purchase 1-67
2026-09-29 15:14:32,350 INFO o.a.j.t.JMeterThread: Thread finished: Purchase 1-67
2026-09-29 15:14:32,359 INFO o.a.j.t.JMeterThread: Thread is done: Purchase 1-55
2026-09-29 15:14:32,360 INFO o.a.j.t.JMeterThread: Thread finished: Purchase 1-55
2026-09-29 15:14:32,362 INFO o.a.j.t.JMeterThread: Thread is done: Purchase 1-58
2026-09-29 15:14:32,362 INFO o.a.j.t.JMeterThread: Thread finished: Purchase 1-58
2026-09-29 15:14:32,371 INFO o.a.j.t.JMeterThread: Thread is done: Purchase 1-52
2026-09-29 15:14:32,372 INFO o.a.j.t.JMeterThread: Thread finished: Purchase 1-52
2026-09-29 15:14:32,374 INFO o.a.j.t.JMeterThread: Thread is done: Purchase 1-56
2026-09-29 15:14:32,374 INFO o.a.j.t.JMeterThread: Thread finished: Purchase 1-56
2026-09-29 15:14:32,389 INFO o.a.j.t.JMeterThread: Thread is done: Purchase 1-82
2026-09-29 15:14:32,389 INFO o.a.j.t.JMeterThread: Thread finished: Purchase 1-82
2026-09-29 15:14:32,396 INFO o.a.j.t.JMeterThread: Thread is done: Purchase 1-72
2026-09-29 15:14:32,397 INFO o.a.j.t.JMeterThread: Thread finished: Purchase 1-72
2026-09-29 15:14:32,401 INFO o.a.j.t.JMeterThread: Thread is done: Purchase 1-53
2026-09-29 15:14:32,402 INFO o.a.j.t.JMeterThread: Thread finished: Purchase 1-53
2026-09-29 15:14:32,404 INFO o.a.j.t.JMeterThread: Thread is done: Purchase 1-70
2026-09-29 15:14:32,404 INFO o.a.j.t.JMeterThread: Thread finished: Purchase 1-70
2026-09-29 15:14:32,405 INFO o.a.j.t.JMeterThread: Thread is done: Purchase 1-63
2026-09-29 15:14:32,405 INFO o.a.j.t.JMeterThread: Thread finished: Purchase 1-63
2026-09-29 15:14:32,407 INFO o.a.j.t.JMeterThread: Thread is done: Purchase 1-68
2026-09-29 15:14:32,407 INFO o.a.j.t.JMeterThread: Thread finished: Purchase 1-68
2026-09-29 15:14:32,411 INFO o.a.j.t.JMeterThread: Thread is done: Purchase 1-62
2026-09-29 15:14:32,411 INFO o.a.j.t.JMeterThread: Thread finished: Purchase 1-62
2026-09-29 15:14:32,413 INFO o.a.j.t.JMeterThread: Thread is done: Purchase 1-59
2026-09-29 15:14:32,413 INFO o.a.j.t.JMeterThread: Thread finished: Purchase 1-59
2026-09-29 15:14:32,416 INFO o.a.j.t.JMeterThread: Thread is done: Purchase 1-77
2026-09-29 15:14:32,416 INFO o.a.j.t.JMeterThread: Thread finished: Purchase 1-77
2026-09-29 15:14:32,425 INFO o.a.j.t.JMeterThread: Thread is done: Purchase 1-66
2026-09-29 15:14:32,425 INFO o.a.j.t.JMeterThread: Thread finished: Purchase 1-66
2026-09-29 15:14:32,429 INFO o.a.j.t.JMeterThread: Thread is done: Purchase 1-73
2026-09-29 15:14:32,429 INFO o.a.j.t.JMeterThread: Thread is done: Purchase 1-71
2026-09-29 15:14:32,429 INFO o.a.j.t.JMeterThread: Thread finished: Purchase 1-73
2026-09-29 15:14:32,429 INFO o.a.j.t.JMeterThread: Thread finished: Purchase 1-71
2026-09-29 15:14:32,430 INFO o.a.j.t.JMeterThread: Thread is done: Purchase 1-75
2026-09-29 15:14:32,430 INFO o.a.j.t.JMeterThread: Thread finished: Purchase 1-75
2026-09-29 15:14:32,431 INFO o.a.j.t.JMeterThread: Thread is done: Purchase 1-89
2026-09-29 15:14:32,431 INFO o.a.j.t.JMeterThread: Thread finished: Purchase 1-89
2026-09-29 15:14:32,434 INFO o.a.j.t.JMeterThread: Thread is done: Purchase 1-76
2026-09-29 15:14:32,434 INFO o.a.j.t.JMeterThread: Thread finished: Purchase 1-76
2026-09-29 15:14:32,435 INFO o.a.j.t.JMeterThread: Thread is done: Purchase 1-87
2026-09-29 15:14:32,435 INFO o.a.j.t.JMeterThread: Thread finished: Purchase 1-87
2026-09-29 15:14:32,435 INFO o.a.j.t.JMeterThread: Thread is done: Purchase 1-85
2026-09-29 15:14:32,436 INFO o.a.j.t.JMeterThread: Thread finished: Purchase 1-85
2026-09-29 15:14:32,436 INFO o.a.j.t.JMeterThread: Thread is done: Purchase 1-79
2026-09-29 15:14:32,437 INFO o.a.j.t.JMeterThread: Thread finished: Purchase 1-79
2026-09-29 15:14:32,440 INFO o.a.j.t.JMeterThread: Thread is done: Purchase 1-64
2026-09-29 15:14:32,441 INFO o.a.j.t.JMeterThread: Thread finished: Purchase 1-64
2026-09-29 15:14:32,443 INFO o.a.j.t.JMeterThread: Thread is done: Purchase 1-84
2026-09-29 15:14:32,443 INFO o.a.j.t.JMeterThread: Thread is done: Purchase 1-69
2026-09-29 15:14:32,443 INFO o.a.j.t.JMeterThread: Thread finished: Purchase 1-84
2026-09-29 15:14:32,443 INFO o.a.j.t.JMeterThread: Thread finished: Purchase 1-69
2026-09-29 15:14:32,446 INFO o.a.j.t.JMeterThread: Thread is done: Purchase 1-83
2026-09-29 15:14:32,446 INFO o.a.j.t.JMeterThread: Thread finished: Purchase 1-83
2026-09-29 15:14:32,446 INFO o.a.j.t.JMeterThread: Thread is done: Purchase 1-88
2026-09-29 15:14:32,446 INFO o.a.j.t.JMeterThread: Thread finished: Purchase 1-88
2026-09-29 15:14:32,447 INFO o.a.j.t.JMeterThread: Thread is done: Purchase 1-90
2026-09-29 15:14:32,447 INFO o.a.j.t.JMeterThread: Thread finished: Purchase 1-90
2026-09-29 15:14:32,449 INFO o.a.j.t.JMeterThread: Thread is done: Purchase 1-78
2026-09-29 15:14:32,449 INFO o.a.j.t.JMeterThread: Thread finished: Purchase 1-78
2026-09-29 15:14:32,458 INFO o.a.j.t.JMeterThread: Thread is done: Purchase 1-81
2026-09-29 15:14:32,459 INFO o.a.j.t.JMeterThread: Thread finished: Purchase 1-81
2026-09-29 15:14:32,460 INFO o.a.j.t.JMeterThread: Thread is done: Purchase 1-74
2026-09-29 15:14:32,460 INFO o.a.j.t.JMeterThread: Thread is done: Purchase 1-86
2026-09-29 15:14:32,461 INFO o.a.j.t.JMeterThread: Thread finished: Purchase 1-74
2026-09-29 15:14:32,461 INFO o.a.j.t.JMeterThread: Thread is done: Purchase 1-97
2026-09-29 15:14:32,461 INFO o.a.j.t.JMeterThread: Thread finished: Purchase 1-86
2026-09-29 15:14:32,461 INFO o.a.j.t.JMeterThread: Thread finished: Purchase 1-97
2026-09-29 15:14:32,462 INFO o.a.j.t.JMeterThread: Thread is done: Purchase 1-96
2026-09-29 15:14:32,462 INFO o.a.j.t.JMeterThread: Thread finished: Purchase 1-96
2026-09-29 15:14:32,478 INFO o.a.j.t.JMeterThread: Thread is done: Purchase 1-99
2026-09-29 15:14:32,478 INFO o.a.j.t.JMeterThread: Thread is done: Purchase 1-80
2026-09-29 15:14:32,478 INFO o.a.j.t.JMeterThread: Thread finished: Purchase 1-99
2026-09-29 15:14:32,479 INFO o.a.j.t.JMeterThread: Thread finished: Purchase 1-80
2026-09-29 15:14:32,486 INFO o.a.j.t.JMeterThread: Thread is done: Purchase 1-91
2026-09-29 15:14:32,486 INFO o.a.j.t.JMeterThread: Thread finished: Purchase 1-91
2026-09-29 15:14:32,490 INFO o.a.j.t.JMeterThread: Thread is done: Purchase 1-98
2026-09-29 15:14:32,490 INFO o.a.j.t.JMeterThread: Thread finished: Purchase 1-98
2026-09-29 15:14:32,494 INFO o.a.j.t.JMeterThread: Thread is done: Purchase 1-93
2026-09-29 15:14:32,494 INFO o.a.j.t.JMeterThread: Thread is done: Purchase 1-94
2026-09-29 15:14:32,494 INFO o.a.j.t.JMeterThread: Thread finished: Purchase 1-93
2026-09-29 15:14:32,494 INFO o.a.j.t.JMeterThread: Thread finished: Purchase 1-94
2026-09-29 15:14:32,501 INFO o.a.j.t.JMeterThread: Thread is done: Purchase 1-95
2026-09-29 15:14:32,501 INFO o.a.j.t.JMeterThread: Thread finished: Purchase 1-95
2026-09-29 15:14:32,506 INFO o.a.j.t.JMeterThread: Thread is done: Purchase 1-92
2026-09-29 15:14:32,506 INFO o.a.j.t.JMeterThread: Thread finished: Purchase 1-92
2026-09-29 15:14:32,533 INFO o.a.j.t.JMeterThread: Thread is done: Purchase 1-100
2026-09-29 15:14:32,533 INFO o.a.j.t.JMeterThread: Thread finished: Purchase 1-100
2026-09-29 15:14:32,534 INFO o.a.j.e.StandardJMeterEngine: Notifying test listeners of end of test
2026-09-29 15:14:32,541 INFO o.a.j.r.Summariser: summary +   6984 in 00:00:03 = 2749.6/s Avg:    33 Min:     2 Max:    96 Err:  6479 (92.77%) Active: 0 Started: 100 Finished: 100
2026-09-29 15:14:32,542 INFO o.a.j.r.Summariser: summary =  10000 in 00:00:04 = 2396.4/s Avg:    33 Min:     2 Max:   109 Err:  9150 (91.50%)
