2026-09-27 10:15:17,917 INFO o.a.j.u.JMeterUtils: Setting Locale to zh_CN
2026-09-27 10:15:17,964 INFO o.a.j.JMeter: Loading user properties from: C:\seckill-system\target\tools\apache-jmeter-5.6.3\bin\user.properties
2026-09-27 10:15:17,964 INFO o.a.j.JMeter: Loading system properties from: C:\seckill-system\target\tools\apache-jmeter-5.6.3\bin\system.properties
2026-09-27 10:15:17,964 INFO o.a.j.JMeter: Setting JMeter property: users=1
2026-09-27 10:15:17,965 INFO o.a.j.JMeter: Setting JMeter property: loops=10000
2026-09-27 10:15:17,965 INFO o.a.j.JMeter: Setting JMeter property: ramp=1
2026-09-27 10:15:17,965 INFO o.a.j.JMeter: Setting JMeter property: product=40
2026-09-27 10:15:17,965 INFO o.a.j.JMeter: Setting JMeter property: port=18082
2026-09-27 10:15:17,976 INFO o.a.j.JMeter: Copyright (c) 1998-2024 The Apache Software Foundation
2026-09-27 10:15:17,976 INFO o.a.j.JMeter: Version 5.6.3
2026-09-27 10:15:17,976 INFO o.a.j.JMeter: java.version=21.0.12.1
2026-09-27 10:15:17,976 INFO o.a.j.JMeter: java.vm.name=OpenJDK 64-Bit Server VM
2026-09-27 10:15:17,976 INFO o.a.j.JMeter: os.name=Windows 11
2026-09-27 10:15:17,976 INFO o.a.j.JMeter: os.arch=amd64
2026-09-27 10:15:17,976 INFO o.a.j.JMeter: os.version=10.0
2026-09-27 10:15:17,977 INFO o.a.j.JMeter: file.encoding=UTF-8
2026-09-27 10:15:17,977 INFO o.a.j.JMeter: java.awt.headless=true
2026-09-27 10:15:17,977 INFO o.a.j.JMeter: Max memory     =536870912
2026-09-27 10:15:17,977 INFO o.a.j.JMeter: Available Processors =32
2026-09-27 10:15:17,987 INFO o.a.j.JMeter: Default Locale=中文 (中国)
2026-09-27 10:15:17,988 INFO o.a.j.JMeter: JMeter  Locale=中文 (中国)
2026-09-27 10:15:17,988 INFO o.a.j.JMeter: JMeterHome=C:\seckill-system\target\tools\apache-jmeter-5.6.3
2026-09-27 10:15:17,988 INFO o.a.j.JMeter: user.dir  =C:\seckill-system
2026-09-27 10:15:17,988 INFO o.a.j.JMeter: PWD       =C:\seckill-system
2026-09-27 10:15:17,993 INFO o.a.j.JMeter: IP: 172.26.68.241 Name: LAPTOP-77E72ENH FullName: windows10.microdone.cn
2026-09-27 10:15:18,017 INFO o.a.j.s.FileServer: Default base='C:\seckill-system'
2026-09-27 10:15:18,020 INFO o.a.j.s.FileServer: Set new base='C:\seckill-system\perf'
2026-09-27 10:15:18,346 INFO o.a.j.s.SaveService: Testplan (JMX) version: 2.2. Testlog (JTL) version: 2.2
2026-09-27 10:15:18,388 INFO o.a.j.s.SaveService: Using SaveService properties version 5.0
2026-09-27 10:15:18,393 INFO o.a.j.s.SaveService: Using SaveService properties file encoding UTF-8
2026-09-27 10:15:18,398 INFO o.a.j.s.SaveService: Loading file: perf\stage1.jmx
2026-09-27 10:15:18,474 INFO o.a.j.p.h.s.HTTPSamplerBase: Parser for text/html is org.apache.jmeter.protocol.http.parser.LagartoBasedHtmlParser
2026-09-27 10:15:18,475 INFO o.a.j.p.h.s.HTTPSamplerBase: Parser for application/xhtml+xml is org.apache.jmeter.protocol.http.parser.LagartoBasedHtmlParser
2026-09-27 10:15:18,475 INFO o.a.j.p.h.s.HTTPSamplerBase: Parser for application/xml is org.apache.jmeter.protocol.http.parser.LagartoBasedHtmlParser
2026-09-27 10:15:18,475 INFO o.a.j.p.h.s.HTTPSamplerBase: Parser for text/xml is org.apache.jmeter.protocol.http.parser.LagartoBasedHtmlParser
2026-09-27 10:15:18,475 INFO o.a.j.p.h.s.HTTPSamplerBase: Parser for text/vnd.wap.wml is org.apache.jmeter.protocol.http.parser.RegexpHTMLParser
2026-09-27 10:15:18,475 INFO o.a.j.p.h.s.HTTPSamplerBase: Parser for text/css is org.apache.jmeter.protocol.http.parser.CssParser
2026-09-27 10:15:18,490 INFO o.a.j.JMeter: Creating summariser <summary>
2026-09-27 10:15:18,520 INFO o.a.j.e.StandardJMeterEngine: Running the test!
2026-09-27 10:15:18,521 INFO o.a.j.s.SampleEvent: List of sample_variables: []
2026-09-27 10:15:18,521 INFO o.a.j.s.SampleEvent: List of sample_variables: []
2026-09-27 10:15:18,528 INFO o.a.j.e.u.CompoundVariable: Note: Function class names must contain the string: '.functions.'
2026-09-27 10:15:18,528 INFO o.a.j.e.u.CompoundVariable: Note: Function class names must not contain the string: '.gui.'
2026-09-27 10:15:18,630 INFO o.a.j.JMeter: 正在运行的测试 (1790475318630)
2026-09-27 10:15:18,651 INFO o.a.j.e.StandardJMeterEngine: Starting ThreadGroup: 1 : Purchase
2026-09-27 10:15:18,652 INFO o.a.j.e.StandardJMeterEngine: Starting 1 threads for group Purchase.
2026-09-27 10:15:18,652 INFO o.a.j.e.StandardJMeterEngine: Thread will continue on error
2026-09-27 10:15:18,652 INFO o.a.j.t.ThreadGroup: Starting thread group... number=1 threads=1 ramp-up=1 delayedStart=false
2026-09-27 10:15:18,657 INFO o.a.j.t.ThreadGroup: Started thread group number 1
2026-09-27 10:15:18,657 INFO o.a.j.e.StandardJMeterEngine: All thread groups have been started
2026-09-27 10:15:18,660 INFO o.a.j.t.JMeterThread: Thread started: Purchase 1-1
2026-09-27 10:15:18,678 INFO o.a.j.p.h.s.HTTPHCAbstractImpl: Local host = LAPTOP-77E72ENH
2026-09-27 10:15:18,687 INFO o.a.j.p.h.s.HTTPHC4Impl: HTTP request retry count = 0
2026-09-27 10:15:18,688 INFO o.a.j.s.SampleResult: Note: Sample TimeStamps are START times
2026-09-27 10:15:18,689 INFO o.a.j.s.SampleResult: sampleresult.default.encoding is set to UTF-8
2026-09-27 10:15:18,689 INFO o.a.j.s.SampleResult: sampleresult.useNanoTime=true
2026-09-27 10:15:18,689 INFO o.a.j.s.SampleResult: sampleresult.nanoThreadSleep=5000
2026-09-27 10:15:30,008 INFO o.a.j.r.Summariser: summary +   1299 in 00:00:11 =  114.2/s Avg:     8 Min:     6 Max:    72 Err:     0 (0.00%) Active: 1 Started: 1 Finished: 0
2026-09-27 10:16:00,007 INFO o.a.j.r.Summariser: summary +   4286 in 00:00:30 =  142.9/s Avg:     6 Min:     3 Max:    30 Err:     0 (0.00%) Active: 1 Started: 1 Finished: 0
2026-09-27 10:16:00,007 INFO o.a.j.r.Summariser: summary =   5585 in 00:00:41 =  135.0/s Avg:     7 Min:     3 Max:    72 Err:     0 (0.00%)
2026-09-27 10:16:29,206 INFO o.a.j.t.JMeterThread: Thread is done: Purchase 1-1
2026-09-27 10:16:29,206 INFO o.a.j.t.JMeterThread: Thread finished: Purchase 1-1
2026-09-27 10:16:29,208 INFO o.a.j.e.StandardJMeterEngine: Notifying test listeners of end of test
2026-09-27 10:16:29,210 INFO o.a.j.r.Summariser: summary +   4415 in 00:00:29 =  151.2/s Avg:     6 Min:     2 Max:    27 Err:     0 (0.00%) Active: 0 Started: 1 Finished: 1
2026-09-27 10:16:29,211 INFO o.a.j.r.Summariser: summary =  10000 in 00:01:11 =  141.7/s Avg:     6 Min:     2 Max:    72 Err:     0 (0.00%)
