2026-09-27 10:14:58,710 INFO o.a.j.u.JMeterUtils: Setting Locale to zh_CN
2026-09-27 10:14:58,756 INFO o.a.j.JMeter: Loading user properties from: C:\seckill-system\target\tools\apache-jmeter-5.6.3\bin\user.properties
2026-09-27 10:14:58,756 INFO o.a.j.JMeter: Loading system properties from: C:\seckill-system\target\tools\apache-jmeter-5.6.3\bin\system.properties
2026-09-27 10:14:58,757 INFO o.a.j.JMeter: Setting JMeter property: users=100
2026-09-27 10:14:58,757 INFO o.a.j.JMeter: Setting JMeter property: loops=10
2026-09-27 10:14:58,757 INFO o.a.j.JMeter: Setting JMeter property: ramp=1
2026-09-27 10:14:58,758 INFO o.a.j.JMeter: Setting JMeter property: product=39
2026-09-27 10:14:58,758 INFO o.a.j.JMeter: Setting JMeter property: port=18082
2026-09-27 10:14:58,769 INFO o.a.j.JMeter: Copyright (c) 1998-2024 The Apache Software Foundation
2026-09-27 10:14:58,769 INFO o.a.j.JMeter: Version 5.6.3
2026-09-27 10:14:58,769 INFO o.a.j.JMeter: java.version=21.0.12.1
2026-09-27 10:14:58,769 INFO o.a.j.JMeter: java.vm.name=OpenJDK 64-Bit Server VM
2026-09-27 10:14:58,769 INFO o.a.j.JMeter: os.name=Windows 11
2026-09-27 10:14:58,769 INFO o.a.j.JMeter: os.arch=amd64
2026-09-27 10:14:58,769 INFO o.a.j.JMeter: os.version=10.0
2026-09-27 10:14:58,769 INFO o.a.j.JMeter: file.encoding=UTF-8
2026-09-27 10:14:58,769 INFO o.a.j.JMeter: java.awt.headless=true
2026-09-27 10:14:58,769 INFO o.a.j.JMeter: Max memory     =536870912
2026-09-27 10:14:58,769 INFO o.a.j.JMeter: Available Processors =32
2026-09-27 10:14:58,781 INFO o.a.j.JMeter: Default Locale=中文 (中国)
2026-09-27 10:14:58,781 INFO o.a.j.JMeter: JMeter  Locale=中文 (中国)
2026-09-27 10:14:58,781 INFO o.a.j.JMeter: JMeterHome=C:\seckill-system\target\tools\apache-jmeter-5.6.3
2026-09-27 10:14:58,781 INFO o.a.j.JMeter: user.dir  =C:\seckill-system
2026-09-27 10:14:58,782 INFO o.a.j.JMeter: PWD       =C:\seckill-system
2026-09-27 10:14:58,801 INFO o.a.j.JMeter: IP: 172.26.68.241 Name: LAPTOP-77E72ENH FullName: windows10.microdone.cn
2026-09-27 10:14:58,819 INFO o.a.j.s.FileServer: Default base='C:\seckill-system'
2026-09-27 10:14:58,821 INFO o.a.j.s.FileServer: Set new base='C:\seckill-system\perf'
2026-09-27 10:14:59,168 INFO o.a.j.s.SaveService: Testplan (JMX) version: 2.2. Testlog (JTL) version: 2.2
2026-09-27 10:14:59,221 INFO o.a.j.s.SaveService: Using SaveService properties version 5.0
2026-09-27 10:14:59,227 INFO o.a.j.s.SaveService: Using SaveService properties file encoding UTF-8
2026-09-27 10:14:59,232 INFO o.a.j.s.SaveService: Loading file: perf\stage1.jmx
2026-09-27 10:14:59,321 INFO o.a.j.p.h.s.HTTPSamplerBase: Parser for text/html is org.apache.jmeter.protocol.http.parser.LagartoBasedHtmlParser
2026-09-27 10:14:59,321 INFO o.a.j.p.h.s.HTTPSamplerBase: Parser for application/xhtml+xml is org.apache.jmeter.protocol.http.parser.LagartoBasedHtmlParser
2026-09-27 10:14:59,322 INFO o.a.j.p.h.s.HTTPSamplerBase: Parser for application/xml is org.apache.jmeter.protocol.http.parser.LagartoBasedHtmlParser
2026-09-27 10:14:59,322 INFO o.a.j.p.h.s.HTTPSamplerBase: Parser for text/xml is org.apache.jmeter.protocol.http.parser.LagartoBasedHtmlParser
2026-09-27 10:14:59,322 INFO o.a.j.p.h.s.HTTPSamplerBase: Parser for text/vnd.wap.wml is org.apache.jmeter.protocol.http.parser.RegexpHTMLParser
2026-09-27 10:14:59,322 INFO o.a.j.p.h.s.HTTPSamplerBase: Parser for text/css is org.apache.jmeter.protocol.http.parser.CssParser
2026-09-27 10:14:59,341 INFO o.a.j.JMeter: Creating summariser <summary>
2026-09-27 10:14:59,373 INFO o.a.j.e.StandardJMeterEngine: Running the test!
2026-09-27 10:14:59,374 INFO o.a.j.s.SampleEvent: List of sample_variables: []
2026-09-27 10:14:59,374 INFO o.a.j.s.SampleEvent: List of sample_variables: []
2026-09-27 10:14:59,385 INFO o.a.j.e.u.CompoundVariable: Note: Function class names must contain the string: '.functions.'
2026-09-27 10:14:59,385 INFO o.a.j.e.u.CompoundVariable: Note: Function class names must not contain the string: '.gui.'
2026-09-27 10:14:59,507 INFO o.a.j.JMeter: 正在运行的测试 (1790475299507)
2026-09-27 10:14:59,530 INFO o.a.j.e.StandardJMeterEngine: Starting ThreadGroup: 1 : Purchase
2026-09-27 10:14:59,531 INFO o.a.j.e.StandardJMeterEngine: Starting 100 threads for group Purchase.
2026-09-27 10:14:59,531 INFO o.a.j.e.StandardJMeterEngine: Thread will continue on error
2026-09-27 10:14:59,531 INFO o.a.j.t.ThreadGroup: Starting thread group... number=1 threads=100 ramp-up=1 delayedStart=false
2026-09-27 10:14:59,542 INFO o.a.j.t.JMeterThread: Thread started: Purchase 1-1
2026-09-27 10:14:59,548 INFO o.a.j.t.JMeterThread: Thread started: Purchase 1-2
2026-09-27 10:14:59,557 INFO o.a.j.t.JMeterThread: Thread started: Purchase 1-3
2026-09-27 10:14:59,567 INFO o.a.j.t.JMeterThread: Thread started: Purchase 1-4
2026-09-27 10:14:59,576 INFO o.a.j.t.JMeterThread: Thread started: Purchase 1-5
2026-09-27 10:14:59,578 INFO o.a.j.p.h.s.HTTPHCAbstractImpl: Local host = LAPTOP-77E72ENH
2026-09-27 10:14:59,587 INFO o.a.j.t.JMeterThread: Thread started: Purchase 1-6
2026-09-27 10:14:59,587 INFO o.a.j.t.ThreadGroup: Started thread group number 1
2026-09-27 10:14:59,587 INFO o.a.j.e.StandardJMeterEngine: All thread groups have been started
2026-09-27 10:14:59,595 INFO o.a.j.p.h.s.HTTPHC4Impl: HTTP request retry count = 0
2026-09-27 10:14:59,596 INFO o.a.j.t.JMeterThread: Thread started: Purchase 1-7
2026-09-27 10:14:59,598 INFO o.a.j.s.SampleResult: Note: Sample TimeStamps are START times
2026-09-27 10:14:59,598 INFO o.a.j.s.SampleResult: sampleresult.default.encoding is set to UTF-8
2026-09-27 10:14:59,598 INFO o.a.j.s.SampleResult: sampleresult.useNanoTime=true
2026-09-27 10:14:59,598 INFO o.a.j.s.SampleResult: sampleresult.nanoThreadSleep=5000
2026-09-27 10:14:59,606 INFO o.a.j.t.JMeterThread: Thread started: Purchase 1-8
2026-09-27 10:14:59,615 INFO o.a.j.t.JMeterThread: Thread started: Purchase 1-9
2026-09-27 10:14:59,625 INFO o.a.j.t.JMeterThread: Thread started: Purchase 1-10
2026-09-27 10:14:59,635 INFO o.a.j.t.JMeterThread: Thread started: Purchase 1-11
2026-09-27 10:14:59,643 INFO o.a.j.t.JMeterThread: Thread started: Purchase 1-12
2026-09-27 10:14:59,655 INFO o.a.j.t.JMeterThread: Thread started: Purchase 1-13
2026-09-27 10:14:59,663 INFO o.a.j.t.JMeterThread: Thread started: Purchase 1-14
2026-09-27 10:14:59,675 INFO o.a.j.t.JMeterThread: Thread started: Purchase 1-15
2026-09-27 10:14:59,685 INFO o.a.j.t.JMeterThread: Thread started: Purchase 1-16
2026-09-27 10:14:59,694 INFO o.a.j.t.JMeterThread: Thread started: Purchase 1-17
2026-09-27 10:14:59,703 INFO o.a.j.t.JMeterThread: Thread started: Purchase 1-18
2026-09-27 10:14:59,713 INFO o.a.j.t.JMeterThread: Thread started: Purchase 1-19
2026-09-27 10:14:59,725 INFO o.a.j.t.JMeterThread: Thread started: Purchase 1-20
2026-09-27 10:14:59,733 INFO o.a.j.t.JMeterThread: Thread started: Purchase 1-21
2026-09-27 10:14:59,743 INFO o.a.j.t.JMeterThread: Thread started: Purchase 1-22
2026-09-27 10:14:59,753 INFO o.a.j.t.JMeterThread: Thread started: Purchase 1-23
2026-09-27 10:14:59,765 INFO o.a.j.t.JMeterThread: Thread started: Purchase 1-24
2026-09-27 10:14:59,773 INFO o.a.j.t.JMeterThread: Thread started: Purchase 1-25
2026-09-27 10:14:59,783 INFO o.a.j.t.JMeterThread: Thread started: Purchase 1-26
2026-09-27 10:14:59,793 INFO o.a.j.t.JMeterThread: Thread started: Purchase 1-27
2026-09-27 10:14:59,805 INFO o.a.j.t.JMeterThread: Thread started: Purchase 1-28
2026-09-27 10:14:59,814 INFO o.a.j.t.JMeterThread: Thread started: Purchase 1-29
2026-09-27 10:14:59,823 INFO o.a.j.t.JMeterThread: Thread started: Purchase 1-30
2026-09-27 10:14:59,834 INFO o.a.j.t.JMeterThread: Thread started: Purchase 1-31
2026-09-27 10:14:59,843 INFO o.a.j.t.JMeterThread: Thread started: Purchase 1-32
2026-09-27 10:14:59,853 INFO o.a.j.t.JMeterThread: Thread started: Purchase 1-33
2026-09-27 10:14:59,863 INFO o.a.j.t.JMeterThread: Thread started: Purchase 1-34
2026-09-27 10:14:59,873 INFO o.a.j.t.JMeterThread: Thread started: Purchase 1-35
2026-09-27 10:14:59,883 INFO o.a.j.t.JMeterThread: Thread started: Purchase 1-36
2026-09-27 10:14:59,893 INFO o.a.j.t.JMeterThread: Thread started: Purchase 1-37
2026-09-27 10:14:59,904 INFO o.a.j.t.JMeterThread: Thread started: Purchase 1-38
2026-09-27 10:14:59,914 INFO o.a.j.t.JMeterThread: Thread started: Purchase 1-39
2026-09-27 10:14:59,925 INFO o.a.j.t.JMeterThread: Thread started: Purchase 1-40
2026-09-27 10:14:59,933 INFO o.a.j.t.JMeterThread: Thread started: Purchase 1-41
2026-09-27 10:14:59,943 INFO o.a.j.t.JMeterThread: Thread started: Purchase 1-42
2026-09-27 10:14:59,953 INFO o.a.j.t.JMeterThread: Thread started: Purchase 1-43
2026-09-27 10:14:59,962 INFO o.a.j.t.JMeterThread: Thread started: Purchase 1-44
2026-09-27 10:14:59,973 INFO o.a.j.t.JMeterThread: Thread started: Purchase 1-45
2026-09-27 10:14:59,984 INFO o.a.j.t.JMeterThread: Thread started: Purchase 1-46
2026-09-27 10:14:59,993 INFO o.a.j.t.JMeterThread: Thread started: Purchase 1-47
2026-09-27 10:15:00,003 INFO o.a.j.t.JMeterThread: Thread started: Purchase 1-48
2026-09-27 10:15:00,010 INFO o.a.j.r.Summariser: summary +     92 in 00:00:00 =  186.2/s Avg:    73 Min:    19 Max:   133 Err:     0 (0.00%) Active: 48 Started: 48 Finished: 0
2026-09-27 10:15:00,014 INFO o.a.j.t.JMeterThread: Thread started: Purchase 1-49
2026-09-27 10:15:00,024 INFO o.a.j.t.JMeterThread: Thread started: Purchase 1-50
2026-09-27 10:15:00,034 INFO o.a.j.t.JMeterThread: Thread started: Purchase 1-51
2026-09-27 10:15:00,043 INFO o.a.j.t.JMeterThread: Thread started: Purchase 1-52
2026-09-27 10:15:00,052 INFO o.a.j.t.JMeterThread: Thread started: Purchase 1-53
2026-09-27 10:15:00,063 INFO o.a.j.t.JMeterThread: Thread started: Purchase 1-54
2026-09-27 10:15:00,073 INFO o.a.j.t.JMeterThread: Thread started: Purchase 1-55
2026-09-27 10:15:00,083 INFO o.a.j.t.JMeterThread: Thread started: Purchase 1-56
2026-09-27 10:15:00,093 INFO o.a.j.t.JMeterThread: Thread started: Purchase 1-57
2026-09-27 10:15:00,102 INFO o.a.j.t.JMeterThread: Thread started: Purchase 1-58
2026-09-27 10:15:00,113 INFO o.a.j.t.JMeterThread: Thread started: Purchase 1-59
2026-09-27 10:15:00,123 INFO o.a.j.t.JMeterThread: Thread started: Purchase 1-60
2026-09-27 10:15:00,133 INFO o.a.j.t.JMeterThread: Thread started: Purchase 1-61
2026-09-27 10:15:00,143 INFO o.a.j.t.JMeterThread: Thread started: Purchase 1-62
2026-09-27 10:15:00,153 INFO o.a.j.t.JMeterThread: Thread started: Purchase 1-63
2026-09-27 10:15:00,163 INFO o.a.j.t.JMeterThread: Thread started: Purchase 1-64
2026-09-27 10:15:00,173 INFO o.a.j.t.JMeterThread: Thread started: Purchase 1-65
2026-09-27 10:15:00,183 INFO o.a.j.t.JMeterThread: Thread started: Purchase 1-66
2026-09-27 10:15:00,193 INFO o.a.j.t.JMeterThread: Thread started: Purchase 1-67
2026-09-27 10:15:00,203 INFO o.a.j.t.JMeterThread: Thread started: Purchase 1-68
2026-09-27 10:15:00,213 INFO o.a.j.t.JMeterThread: Thread started: Purchase 1-69
2026-09-27 10:15:00,223 INFO o.a.j.t.JMeterThread: Thread started: Purchase 1-70
2026-09-27 10:15:00,233 INFO o.a.j.t.JMeterThread: Thread started: Purchase 1-71
2026-09-27 10:15:00,246 INFO o.a.j.t.JMeterThread: Thread started: Purchase 1-72
2026-09-27 10:15:00,254 INFO o.a.j.t.JMeterThread: Thread started: Purchase 1-73
2026-09-27 10:15:00,263 INFO o.a.j.t.JMeterThread: Thread started: Purchase 1-74
2026-09-27 10:15:00,274 INFO o.a.j.t.JMeterThread: Thread started: Purchase 1-75
2026-09-27 10:15:00,283 INFO o.a.j.t.JMeterThread: Thread started: Purchase 1-76
2026-09-27 10:15:00,295 INFO o.a.j.t.JMeterThread: Thread started: Purchase 1-77
2026-09-27 10:15:00,304 INFO o.a.j.t.JMeterThread: Thread started: Purchase 1-78
2026-09-27 10:15:00,315 INFO o.a.j.t.JMeterThread: Thread started: Purchase 1-79
2026-09-27 10:15:00,323 INFO o.a.j.t.JMeterThread: Thread started: Purchase 1-80
2026-09-27 10:15:00,335 INFO o.a.j.t.JMeterThread: Thread started: Purchase 1-81
2026-09-27 10:15:00,343 INFO o.a.j.t.JMeterThread: Thread started: Purchase 1-82
2026-09-27 10:15:00,355 INFO o.a.j.t.JMeterThread: Thread started: Purchase 1-83
2026-09-27 10:15:00,365 INFO o.a.j.t.JMeterThread: Thread started: Purchase 1-84
2026-09-27 10:15:00,373 INFO o.a.j.t.JMeterThread: Thread started: Purchase 1-85
2026-09-27 10:15:00,384 INFO o.a.j.t.JMeterThread: Thread started: Purchase 1-86
2026-09-27 10:15:00,394 INFO o.a.j.t.JMeterThread: Thread started: Purchase 1-87
2026-09-27 10:15:00,404 INFO o.a.j.t.JMeterThread: Thread started: Purchase 1-88
2026-09-27 10:15:00,415 INFO o.a.j.t.JMeterThread: Thread started: Purchase 1-89
2026-09-27 10:15:00,423 INFO o.a.j.t.JMeterThread: Thread started: Purchase 1-90
2026-09-27 10:15:00,433 INFO o.a.j.t.JMeterThread: Thread started: Purchase 1-91
2026-09-27 10:15:00,445 INFO o.a.j.t.JMeterThread: Thread started: Purchase 1-92
2026-09-27 10:15:00,453 INFO o.a.j.t.JMeterThread: Thread started: Purchase 1-93
2026-09-27 10:15:00,461 INFO o.a.j.t.JMeterThread: Thread is done: Purchase 1-32
2026-09-27 10:15:00,462 INFO o.a.j.t.JMeterThread: Thread finished: Purchase 1-32
2026-09-27 10:15:00,462 INFO o.a.j.t.JMeterThread: Thread started: Purchase 1-94
2026-09-27 10:15:00,464 INFO o.a.j.t.JMeterThread: Thread is done: Purchase 1-23
2026-09-27 10:15:00,465 INFO o.a.j.t.JMeterThread: Thread finished: Purchase 1-23
2026-09-27 10:15:00,467 INFO o.a.j.t.JMeterThread: Thread is done: Purchase 1-4
2026-09-27 10:15:00,467 INFO o.a.j.t.JMeterThread: Thread finished: Purchase 1-4
2026-09-27 10:15:00,473 INFO o.a.j.t.JMeterThread: Thread started: Purchase 1-95
2026-09-27 10:15:00,478 INFO o.a.j.t.JMeterThread: Thread is done: Purchase 1-33
2026-09-27 10:15:00,479 INFO o.a.j.t.JMeterThread: Thread finished: Purchase 1-33
2026-09-27 10:15:00,482 INFO o.a.j.t.JMeterThread: Thread is done: Purchase 1-20
2026-09-27 10:15:00,482 INFO o.a.j.t.JMeterThread: Thread finished: Purchase 1-20
2026-09-27 10:15:00,483 INFO o.a.j.t.JMeterThread: Thread started: Purchase 1-96
2026-09-27 10:15:00,485 INFO o.a.j.t.JMeterThread: Thread is done: Purchase 1-21
2026-09-27 10:15:00,485 INFO o.a.j.t.JMeterThread: Thread finished: Purchase 1-21
2026-09-27 10:15:00,487 INFO o.a.j.t.JMeterThread: Thread is done: Purchase 1-2
2026-09-27 10:15:00,487 INFO o.a.j.t.JMeterThread: Thread finished: Purchase 1-2
2026-09-27 10:15:00,488 INFO o.a.j.t.JMeterThread: Thread is done: Purchase 1-6
2026-09-27 10:15:00,488 INFO o.a.j.t.JMeterThread: Thread finished: Purchase 1-6
2026-09-27 10:15:00,492 INFO o.a.j.t.JMeterThread: Thread is done: Purchase 1-7
2026-09-27 10:15:00,492 INFO o.a.j.t.JMeterThread: Thread finished: Purchase 1-7
2026-09-27 10:15:00,493 INFO o.a.j.t.JMeterThread: Thread started: Purchase 1-97
2026-09-27 10:15:00,503 INFO o.a.j.t.JMeterThread: Thread is done: Purchase 1-16
2026-09-27 10:15:00,503 INFO o.a.j.t.JMeterThread: Thread is done: Purchase 1-22
2026-09-27 10:15:00,503 INFO o.a.j.t.JMeterThread: Thread finished: Purchase 1-16
2026-09-27 10:15:00,503 INFO o.a.j.t.JMeterThread: Thread finished: Purchase 1-22
2026-09-27 10:15:00,504 INFO o.a.j.t.JMeterThread: Thread is done: Purchase 1-30
2026-09-27 10:15:00,504 INFO o.a.j.t.JMeterThread: Thread finished: Purchase 1-30
2026-09-27 10:15:00,506 INFO o.a.j.t.JMeterThread: Thread is done: Purchase 1-18
2026-09-27 10:15:00,505 INFO o.a.j.t.JMeterThread: Thread started: Purchase 1-98
2026-09-27 10:15:00,506 INFO o.a.j.t.JMeterThread: Thread finished: Purchase 1-18
2026-09-27 10:15:00,509 INFO o.a.j.t.JMeterThread: Thread is done: Purchase 1-17
2026-09-27 10:15:00,509 INFO o.a.j.t.JMeterThread: Thread finished: Purchase 1-17
2026-09-27 10:15:00,513 INFO o.a.j.t.JMeterThread: Thread started: Purchase 1-99
2026-09-27 10:15:00,520 INFO o.a.j.t.JMeterThread: Thread is done: Purchase 1-11
2026-09-27 10:15:00,520 INFO o.a.j.t.JMeterThread: Thread is done: Purchase 1-27
2026-09-27 10:15:00,520 INFO o.a.j.t.JMeterThread: Thread is done: Purchase 1-1
2026-09-27 10:15:00,520 INFO o.a.j.t.JMeterThread: Thread finished: Purchase 1-11
2026-09-27 10:15:00,520 INFO o.a.j.t.JMeterThread: Thread finished: Purchase 1-27
2026-09-27 10:15:00,520 INFO o.a.j.t.JMeterThread: Thread finished: Purchase 1-1
2026-09-27 10:15:00,521 INFO o.a.j.t.JMeterThread: Thread is done: Purchase 1-19
2026-09-27 10:15:00,521 INFO o.a.j.t.JMeterThread: Thread is done: Purchase 1-5
2026-09-27 10:15:00,521 INFO o.a.j.t.JMeterThread: Thread finished: Purchase 1-19
2026-09-27 10:15:00,521 INFO o.a.j.t.JMeterThread: Thread finished: Purchase 1-5
2026-09-27 10:15:00,521 INFO o.a.j.t.JMeterThread: Thread started: Purchase 1-100
2026-09-27 10:15:00,523 INFO o.a.j.t.JMeterThread: Thread is done: Purchase 1-12
2026-09-27 10:15:00,523 INFO o.a.j.t.JMeterThread: Thread is done: Purchase 1-13
2026-09-27 10:15:00,523 INFO o.a.j.t.JMeterThread: Thread finished: Purchase 1-12
2026-09-27 10:15:00,523 INFO o.a.j.t.JMeterThread: Thread finished: Purchase 1-13
2026-09-27 10:15:00,525 INFO o.a.j.t.JMeterThread: Thread is done: Purchase 1-26
2026-09-27 10:15:00,525 INFO o.a.j.t.JMeterThread: Thread finished: Purchase 1-26
2026-09-27 10:15:00,526 INFO o.a.j.t.JMeterThread: Thread is done: Purchase 1-15
2026-09-27 10:15:00,526 INFO o.a.j.t.JMeterThread: Thread finished: Purchase 1-15
2026-09-27 10:15:00,537 INFO o.a.j.t.JMeterThread: Thread is done: Purchase 1-24
2026-09-27 10:15:00,537 INFO o.a.j.t.JMeterThread: Thread is done: Purchase 1-34
2026-09-27 10:15:00,537 INFO o.a.j.t.JMeterThread: Thread is done: Purchase 1-36
2026-09-27 10:15:00,537 INFO o.a.j.t.JMeterThread: Thread finished: Purchase 1-34
2026-09-27 10:15:00,537 INFO o.a.j.t.JMeterThread: Thread finished: Purchase 1-24
2026-09-27 10:15:00,537 INFO o.a.j.t.JMeterThread: Thread finished: Purchase 1-36
2026-09-27 10:15:00,538 INFO o.a.j.t.JMeterThread: Thread is done: Purchase 1-8
2026-09-27 10:15:00,538 INFO o.a.j.t.JMeterThread: Thread finished: Purchase 1-8
2026-09-27 10:15:00,539 INFO o.a.j.t.JMeterThread: Thread is done: Purchase 1-31
2026-09-27 10:15:00,539 INFO o.a.j.t.JMeterThread: Thread finished: Purchase 1-31
2026-09-27 10:15:00,542 INFO o.a.j.t.JMeterThread: Thread is done: Purchase 1-37
2026-09-27 10:15:00,542 INFO o.a.j.t.JMeterThread: Thread finished: Purchase 1-37
2026-09-27 10:15:00,553 INFO o.a.j.t.JMeterThread: Thread is done: Purchase 1-38
2026-09-27 10:15:00,553 INFO o.a.j.t.JMeterThread: Thread finished: Purchase 1-38
2026-09-27 10:15:00,554 INFO o.a.j.t.JMeterThread: Thread is done: Purchase 1-25
2026-09-27 10:15:00,554 INFO o.a.j.t.JMeterThread: Thread finished: Purchase 1-25
2026-09-27 10:15:00,555 INFO o.a.j.t.JMeterThread: Thread is done: Purchase 1-28
2026-09-27 10:15:00,556 INFO o.a.j.t.JMeterThread: Thread finished: Purchase 1-28
2026-09-27 10:15:00,556 INFO o.a.j.t.JMeterThread: Thread is done: Purchase 1-3
2026-09-27 10:15:00,556 INFO o.a.j.t.JMeterThread: Thread finished: Purchase 1-3
2026-09-27 10:15:00,558 INFO o.a.j.t.JMeterThread: Thread is done: Purchase 1-14
2026-09-27 10:15:00,558 INFO o.a.j.t.JMeterThread: Thread finished: Purchase 1-14
2026-09-27 10:15:00,564 INFO o.a.j.t.JMeterThread: Thread is done: Purchase 1-35
2026-09-27 10:15:00,564 INFO o.a.j.t.JMeterThread: Thread finished: Purchase 1-35
2026-09-27 10:15:00,564 INFO o.a.j.t.JMeterThread: Thread is done: Purchase 1-10
2026-09-27 10:15:00,564 INFO o.a.j.t.JMeterThread: Thread finished: Purchase 1-10
2026-09-27 10:15:00,564 INFO o.a.j.t.JMeterThread: Thread is done: Purchase 1-29
2026-09-27 10:15:00,564 INFO o.a.j.t.JMeterThread: Thread finished: Purchase 1-29
2026-09-27 10:15:00,575 INFO o.a.j.t.JMeterThread: Thread is done: Purchase 1-9
2026-09-27 10:15:00,576 INFO o.a.j.t.JMeterThread: Thread is done: Purchase 1-42
2026-09-27 10:15:00,576 INFO o.a.j.t.JMeterThread: Thread finished: Purchase 1-9
2026-09-27 10:15:00,576 INFO o.a.j.t.JMeterThread: Thread finished: Purchase 1-42
2026-09-27 10:15:00,576 INFO o.a.j.t.JMeterThread: Thread is done: Purchase 1-40
2026-09-27 10:15:00,576 INFO o.a.j.t.JMeterThread: Thread finished: Purchase 1-40
2026-09-27 10:15:00,577 INFO o.a.j.t.JMeterThread: Thread is done: Purchase 1-43
2026-09-27 10:15:00,577 INFO o.a.j.t.JMeterThread: Thread finished: Purchase 1-43
2026-09-27 10:15:00,577 INFO o.a.j.t.JMeterThread: Thread is done: Purchase 1-39
2026-09-27 10:15:00,578 INFO o.a.j.t.JMeterThread: Thread finished: Purchase 1-39
2026-09-27 10:15:00,580 INFO o.a.j.t.JMeterThread: Thread is done: Purchase 1-49
2026-09-27 10:15:00,580 INFO o.a.j.t.JMeterThread: Thread finished: Purchase 1-49
2026-09-27 10:15:00,583 INFO o.a.j.t.JMeterThread: Thread is done: Purchase 1-47
2026-09-27 10:15:00,584 INFO o.a.j.t.JMeterThread: Thread finished: Purchase 1-47
2026-09-27 10:15:00,588 INFO o.a.j.t.JMeterThread: Thread is done: Purchase 1-63
2026-09-27 10:15:00,588 INFO o.a.j.t.JMeterThread: Thread finished: Purchase 1-63
2026-09-27 10:15:00,593 INFO o.a.j.t.JMeterThread: Thread is done: Purchase 1-52
2026-09-27 10:15:00,593 INFO o.a.j.t.JMeterThread: Thread is done: Purchase 1-41
2026-09-27 10:15:00,593 INFO o.a.j.t.JMeterThread: Thread finished: Purchase 1-52
2026-09-27 10:15:00,593 INFO o.a.j.t.JMeterThread: Thread finished: Purchase 1-41
2026-09-27 10:15:00,601 INFO o.a.j.t.JMeterThread: Thread is done: Purchase 1-54
2026-09-27 10:15:00,601 INFO o.a.j.t.JMeterThread: Thread is done: Purchase 1-61
2026-09-27 10:15:00,601 INFO o.a.j.t.JMeterThread: Thread is done: Purchase 1-50
2026-09-27 10:15:00,601 INFO o.a.j.t.JMeterThread: Thread finished: Purchase 1-54
2026-09-27 10:15:00,601 INFO o.a.j.t.JMeterThread: Thread is done: Purchase 1-53
2026-09-27 10:15:00,601 INFO o.a.j.t.JMeterThread: Thread is done: Purchase 1-51
2026-09-27 10:15:00,601 INFO o.a.j.t.JMeterThread: Thread is done: Purchase 1-48
2026-09-27 10:15:00,601 INFO o.a.j.t.JMeterThread: Thread finished: Purchase 1-61
2026-09-27 10:15:00,601 INFO o.a.j.t.JMeterThread: Thread finished: Purchase 1-51
2026-09-27 10:15:00,601 INFO o.a.j.t.JMeterThread: Thread finished: Purchase 1-50
2026-09-27 10:15:00,601 INFO o.a.j.t.JMeterThread: Thread is done: Purchase 1-44
2026-09-27 10:15:00,602 INFO o.a.j.t.JMeterThread: Thread finished: Purchase 1-44
2026-09-27 10:15:00,602 INFO o.a.j.t.JMeterThread: Thread finished: Purchase 1-48
2026-09-27 10:15:00,602 INFO o.a.j.t.JMeterThread: Thread is done: Purchase 1-46
2026-09-27 10:15:00,602 INFO o.a.j.t.JMeterThread: Thread finished: Purchase 1-53
2026-09-27 10:15:00,602 INFO o.a.j.t.JMeterThread: Thread finished: Purchase 1-46
2026-09-27 10:15:00,617 INFO o.a.j.t.JMeterThread: Thread is done: Purchase 1-58
2026-09-27 10:15:00,617 INFO o.a.j.t.JMeterThread: Thread is done: Purchase 1-70
2026-09-27 10:15:00,617 INFO o.a.j.t.JMeterThread: Thread is done: Purchase 1-64
2026-09-27 10:15:00,617 INFO o.a.j.t.JMeterThread: Thread finished: Purchase 1-58
2026-09-27 10:15:00,617 INFO o.a.j.t.JMeterThread: Thread finished: Purchase 1-64
2026-09-27 10:15:00,617 INFO o.a.j.t.JMeterThread: Thread is done: Purchase 1-57
2026-09-27 10:15:00,617 INFO o.a.j.t.JMeterThread: Thread finished: Purchase 1-70
2026-09-27 10:15:00,618 INFO o.a.j.t.JMeterThread: Thread finished: Purchase 1-57
2026-09-27 10:15:00,618 INFO o.a.j.t.JMeterThread: Thread is done: Purchase 1-45
2026-09-27 10:15:00,619 INFO o.a.j.t.JMeterThread: Thread finished: Purchase 1-45
2026-09-27 10:15:00,619 INFO o.a.j.t.JMeterThread: Thread is done: Purchase 1-65
2026-09-27 10:15:00,619 INFO o.a.j.t.JMeterThread: Thread finished: Purchase 1-65
2026-09-27 10:15:00,619 INFO o.a.j.t.JMeterThread: Thread is done: Purchase 1-68
2026-09-27 10:15:00,619 INFO o.a.j.t.JMeterThread: Thread finished: Purchase 1-68
2026-09-27 10:15:00,619 INFO o.a.j.t.JMeterThread: Thread is done: Purchase 1-56
2026-09-27 10:15:00,620 INFO o.a.j.t.JMeterThread: Thread finished: Purchase 1-56
2026-09-27 10:15:00,620 INFO o.a.j.t.JMeterThread: Thread is done: Purchase 1-66
2026-09-27 10:15:00,620 INFO o.a.j.t.JMeterThread: Thread finished: Purchase 1-66
2026-09-27 10:15:00,621 INFO o.a.j.t.JMeterThread: Thread is done: Purchase 1-69
2026-09-27 10:15:00,621 INFO o.a.j.t.JMeterThread: Thread finished: Purchase 1-69
2026-09-27 10:15:00,627 INFO o.a.j.t.JMeterThread: Thread is done: Purchase 1-67
2026-09-27 10:15:00,627 INFO o.a.j.t.JMeterThread: Thread finished: Purchase 1-67
2026-09-27 10:15:00,628 INFO o.a.j.t.JMeterThread: Thread is done: Purchase 1-62
2026-09-27 10:15:00,628 INFO o.a.j.t.JMeterThread: Thread finished: Purchase 1-62
2026-09-27 10:15:00,628 INFO o.a.j.t.JMeterThread: Thread is done: Purchase 1-55
2026-09-27 10:15:00,628 INFO o.a.j.t.JMeterThread: Thread is done: Purchase 1-71
2026-09-27 10:15:00,629 INFO o.a.j.t.JMeterThread: Thread finished: Purchase 1-71
2026-09-27 10:15:00,629 INFO o.a.j.t.JMeterThread: Thread finished: Purchase 1-55
2026-09-27 10:15:00,629 INFO o.a.j.t.JMeterThread: Thread is done: Purchase 1-60
2026-09-27 10:15:00,630 INFO o.a.j.t.JMeterThread: Thread finished: Purchase 1-60
2026-09-27 10:15:00,630 INFO o.a.j.t.JMeterThread: Thread is done: Purchase 1-59
2026-09-27 10:15:00,630 INFO o.a.j.t.JMeterThread: Thread finished: Purchase 1-59
2026-09-27 10:15:00,663 INFO o.a.j.t.JMeterThread: Thread is done: Purchase 1-75
2026-09-27 10:15:00,663 INFO o.a.j.t.JMeterThread: Thread finished: Purchase 1-75
2026-09-27 10:15:00,666 INFO o.a.j.t.JMeterThread: Thread is done: Purchase 1-72
2026-09-27 10:15:00,666 INFO o.a.j.t.JMeterThread: Thread finished: Purchase 1-72
2026-09-27 10:15:00,670 INFO o.a.j.t.JMeterThread: Thread is done: Purchase 1-76
2026-09-27 10:15:00,670 INFO o.a.j.t.JMeterThread: Thread finished: Purchase 1-76
2026-09-27 10:15:00,674 INFO o.a.j.t.JMeterThread: Thread is done: Purchase 1-73
2026-09-27 10:15:00,674 INFO o.a.j.t.JMeterThread: Thread finished: Purchase 1-73
2026-09-27 10:15:00,682 INFO o.a.j.t.JMeterThread: Thread is done: Purchase 1-74
2026-09-27 10:15:00,682 INFO o.a.j.t.JMeterThread: Thread finished: Purchase 1-74
2026-09-27 10:15:00,684 INFO o.a.j.t.JMeterThread: Thread is done: Purchase 1-77
2026-09-27 10:15:00,684 INFO o.a.j.t.JMeterThread: Thread finished: Purchase 1-77
2026-09-27 10:15:00,699 INFO o.a.j.t.JMeterThread: Thread is done: Purchase 1-82
2026-09-27 10:15:00,699 INFO o.a.j.t.JMeterThread: Thread finished: Purchase 1-82
2026-09-27 10:15:00,699 INFO o.a.j.t.JMeterThread: Thread is done: Purchase 1-80
2026-09-27 10:15:00,699 INFO o.a.j.t.JMeterThread: Thread is done: Purchase 1-83
2026-09-27 10:15:00,699 INFO o.a.j.t.JMeterThread: Thread finished: Purchase 1-80
2026-09-27 10:15:00,699 INFO o.a.j.t.JMeterThread: Thread finished: Purchase 1-83
2026-09-27 10:15:00,704 INFO o.a.j.t.JMeterThread: Thread is done: Purchase 1-79
2026-09-27 10:15:00,704 INFO o.a.j.t.JMeterThread: Thread finished: Purchase 1-79
2026-09-27 10:15:00,705 INFO o.a.j.t.JMeterThread: Thread is done: Purchase 1-78
2026-09-27 10:15:00,705 INFO o.a.j.t.JMeterThread: Thread is done: Purchase 1-81
2026-09-27 10:15:00,705 INFO o.a.j.t.JMeterThread: Thread finished: Purchase 1-78
2026-09-27 10:15:00,705 INFO o.a.j.t.JMeterThread: Thread finished: Purchase 1-81
2026-09-27 10:15:00,706 INFO o.a.j.t.JMeterThread: Thread is done: Purchase 1-86
2026-09-27 10:15:00,706 INFO o.a.j.t.JMeterThread: Thread finished: Purchase 1-86
2026-09-27 10:15:00,713 INFO o.a.j.t.JMeterThread: Thread is done: Purchase 1-85
2026-09-27 10:15:00,713 INFO o.a.j.t.JMeterThread: Thread finished: Purchase 1-85
2026-09-27 10:15:00,715 INFO o.a.j.t.JMeterThread: Thread is done: Purchase 1-88
2026-09-27 10:15:00,715 INFO o.a.j.t.JMeterThread: Thread finished: Purchase 1-88
2026-09-27 10:15:00,718 INFO o.a.j.t.JMeterThread: Thread is done: Purchase 1-84
2026-09-27 10:15:00,718 INFO o.a.j.t.JMeterThread: Thread finished: Purchase 1-84
2026-09-27 10:15:00,719 INFO o.a.j.t.JMeterThread: Thread is done: Purchase 1-89
2026-09-27 10:15:00,719 INFO o.a.j.t.JMeterThread: Thread finished: Purchase 1-89
2026-09-27 10:15:00,721 INFO o.a.j.t.JMeterThread: Thread is done: Purchase 1-87
2026-09-27 10:15:00,721 INFO o.a.j.t.JMeterThread: Thread is done: Purchase 1-90
2026-09-27 10:15:00,721 INFO o.a.j.t.JMeterThread: Thread finished: Purchase 1-87
2026-09-27 10:15:00,722 INFO o.a.j.t.JMeterThread: Thread finished: Purchase 1-90
2026-09-27 10:15:00,723 INFO o.a.j.t.JMeterThread: Thread is done: Purchase 1-93
2026-09-27 10:15:00,723 INFO o.a.j.t.JMeterThread: Thread finished: Purchase 1-93
2026-09-27 10:15:00,725 INFO o.a.j.t.JMeterThread: Thread is done: Purchase 1-91
2026-09-27 10:15:00,725 INFO o.a.j.t.JMeterThread: Thread finished: Purchase 1-91
2026-09-27 10:15:00,728 INFO o.a.j.t.JMeterThread: Thread is done: Purchase 1-92
2026-09-27 10:15:00,728 INFO o.a.j.t.JMeterThread: Thread finished: Purchase 1-92
2026-09-27 10:15:00,732 INFO o.a.j.t.JMeterThread: Thread is done: Purchase 1-95
2026-09-27 10:15:00,732 INFO o.a.j.t.JMeterThread: Thread finished: Purchase 1-95
2026-09-27 10:15:00,732 INFO o.a.j.t.JMeterThread: Thread is done: Purchase 1-94
2026-09-27 10:15:00,732 INFO o.a.j.t.JMeterThread: Thread finished: Purchase 1-94
2026-09-27 10:15:00,734 INFO o.a.j.t.JMeterThread: Thread is done: Purchase 1-99
2026-09-27 10:15:00,734 INFO o.a.j.t.JMeterThread: Thread finished: Purchase 1-99
2026-09-27 10:15:00,734 INFO o.a.j.t.JMeterThread: Thread is done: Purchase 1-98
2026-09-27 10:15:00,734 INFO o.a.j.t.JMeterThread: Thread finished: Purchase 1-98
2026-09-27 10:15:00,735 INFO o.a.j.t.JMeterThread: Thread is done: Purchase 1-96
2026-09-27 10:15:00,735 INFO o.a.j.t.JMeterThread: Thread finished: Purchase 1-96
2026-09-27 10:15:00,741 INFO o.a.j.t.JMeterThread: Thread is done: Purchase 1-100
2026-09-27 10:15:00,741 INFO o.a.j.t.JMeterThread: Thread finished: Purchase 1-100
2026-09-27 10:15:00,741 INFO o.a.j.t.JMeterThread: Thread is done: Purchase 1-97
2026-09-27 10:15:00,742 INFO o.a.j.t.JMeterThread: Thread finished: Purchase 1-97
2026-09-27 10:15:00,742 INFO o.a.j.e.StandardJMeterEngine: Notifying test listeners of end of test
2026-09-27 10:15:00,749 INFO o.a.j.r.Summariser: summary +    908 in 00:00:01 = 1215.5/s Avg:    51 Min:     7 Max:   278 Err:   900 (99.12%) Active: 0 Started: 100 Finished: 100
2026-09-27 10:15:00,750 INFO o.a.j.r.Summariser: summary =   1000 in 00:00:01 =  805.2/s Avg:    53 Min:     7 Max:   278 Err:   900 (90.00%)
