
  .   ____          _            __ _ _
 /\\ / ___'_ __ _ _(_)_ __  __ _ \ \ \ \
( ( )\___ | '_ | '_| | '_ \/ _` | \ \ \ \
 \\/  ___)| |_)| | | | | || (_| |  ) ) ) )
  '  |____| .__|_| |_|_| |_\__, | / / / /
 =========|_|==============|___/=/_/_/_/

 :: Spring Boot ::                (v3.3.5)

2026-09-27T10:14:15.972+08:00  INFO 41040 --- [seckill-system] [           main] com.ddk.seckill.SeckillApplication       : Starting SeckillApplication v0.0.1-SNAPSHOT using Java 21.0.12.1 with PID 41040 (C:\seckill-system\target\seckill-system-0.0.1-SNAPSHOT.jar started by Asus in C:\seckill-system)
2026-09-27T10:14:15.976+08:00  INFO 41040 --- [seckill-system] [           main] com.ddk.seckill.SeckillApplication       : The following 1 profile is active: "stage2"
2026-09-27T10:14:17.450+08:00  INFO 41040 --- [seckill-system] [           main] .s.d.r.c.RepositoryConfigurationDelegate : Multiple Spring Data modules found, entering strict repository configuration mode
2026-09-27T10:14:17.455+08:00  INFO 41040 --- [seckill-system] [           main] .s.d.r.c.RepositoryConfigurationDelegate : Bootstrapping Spring Data Redis repositories in DEFAULT mode.
2026-09-27T10:14:17.488+08:00  INFO 41040 --- [seckill-system] [           main] .s.d.r.c.RepositoryConfigurationDelegate : Finished Spring Data repository scanning in 10 ms. Found 0 Redis repository interfaces.
2026-09-27T10:14:18.644+08:00  INFO 41040 --- [seckill-system] [           main] o.s.b.w.embedded.tomcat.TomcatWebServer  : Tomcat initialized with port 18082 (http)
2026-09-27T10:14:18.668+08:00  INFO 41040 --- [seckill-system] [           main] o.apache.catalina.core.StandardService   : Starting service [Tomcat]
2026-09-27T10:14:18.668+08:00  INFO 41040 --- [seckill-system] [           main] o.apache.catalina.core.StandardEngine    : Starting Servlet engine: [Apache Tomcat/10.1.31]
2026-09-27T10:14:18.727+08:00  INFO 41040 --- [seckill-system] [           main] o.a.c.c.C.[Tomcat].[localhost].[/api]    : Initializing Spring embedded WebApplicationContext
2026-09-27T10:14:18.729+08:00  INFO 41040 --- [seckill-system] [           main] w.s.c.ServletWebServerApplicationContext : Root WebApplicationContext: initialization completed in 2629 ms
2026-09-27T10:14:21.039+08:00  INFO 41040 --- [seckill-system] [           main] o.s.b.w.embedded.tomcat.TomcatWebServer  : Tomcat started on port 18082 (http) with context path '/api'
2026-09-27T10:14:21.088+08:00  INFO 41040 --- [seckill-system] [           main] com.ddk.seckill.SeckillApplication       : Started SeckillApplication in 5.914 seconds (process running for 7.048)
2026-09-27T10:14:21.371+08:00  INFO 41040 --- [seckill-system] [io-18082-exec-1] o.a.c.c.C.[Tomcat].[localhost].[/api]    : Initializing Spring DispatcherServlet 'dispatcherServlet'
2026-09-27T10:14:21.371+08:00  INFO 41040 --- [seckill-system] [io-18082-exec-1] o.s.web.servlet.DispatcherServlet        : Initializing Servlet 'dispatcherServlet'
2026-09-27T10:14:21.374+08:00  INFO 41040 --- [seckill-system] [io-18082-exec-1] o.s.web.servlet.DispatcherServlet        : Completed initialization in 3 ms
2026-09-27T10:14:39.038+08:00  INFO 41040 --- [seckill-system] [o-18082-exec-10] com.zaxxer.hikari.HikariDataSource       : HikariPool-1 - Starting...
2026-09-27T10:14:39.862+08:00  INFO 41040 --- [seckill-system] [o-18082-exec-10] com.zaxxer.hikari.pool.HikariPool        : HikariPool-1 - Added connection com.mysql.cj.jdbc.ConnectionImpl@10609972
2026-09-27T10:14:39.867+08:00  INFO 41040 --- [seckill-system] [o-18082-exec-10] com.zaxxer.hikari.HikariDataSource       : HikariPool-1 - Start completed.
