2026-09-28 19:25:59,451 INFO o.a.j.u.JMeterUtils: Setting Locale to zh_CN
2026-09-28 19:25:59,501 INFO o.a.j.JMeter: Loading user properties from: C:\seckill-system\target\tools\apache-jmeter-5.6.3\bin\user.properties
2026-09-28 19:25:59,502 INFO o.a.j.JMeter: Loading system properties from: C:\seckill-system\target\tools\apache-jmeter-5.6.3\bin\system.properties
2026-09-28 19:25:59,502 INFO o.a.j.JMeter: Setting JMeter property: users=100
2026-09-28 19:25:59,502 INFO o.a.j.JMeter: Setting JMeter property: loops=100
2026-09-28 19:25:59,502 INFO o.a.j.JMeter: Setting JMeter property: ramp=1
2026-09-28 19:25:59,503 INFO o.a.j.JMeter: Setting JMeter property: delay=0
2026-09-28 19:25:59,503 INFO o.a.j.JMeter: Setting JMeter property: product=183
2026-09-28 19:25:59,503 INFO o.a.j.JMeter: Setting JMeter property: port=18088
2026-09-28 19:25:59,512 INFO o.a.j.JMeter: Copyright (c) 1998-2024 The Apache Software Foundation
2026-09-28 19:25:59,512 INFO o.a.j.JMeter: Version 5.6.3
2026-09-28 19:25:59,513 INFO o.a.j.JMeter: java.version=21.0.12.1
2026-09-28 19:25:59,513 INFO o.a.j.JMeter: java.vm.name=OpenJDK 64-Bit Server VM
2026-09-28 19:25:59,513 INFO o.a.j.JMeter: os.name=Windows 11
2026-09-28 19:25:59,513 INFO o.a.j.JMeter: os.arch=amd64
2026-09-28 19:25:59,513 INFO o.a.j.JMeter: os.version=10.0
2026-09-28 19:25:59,513 INFO o.a.j.JMeter: file.encoding=UTF-8
2026-09-28 19:25:59,513 INFO o.a.j.JMeter: java.awt.headless=true
2026-09-28 19:25:59,513 INFO o.a.j.JMeter: Max memory     =536870912
2026-09-28 19:25:59,513 INFO o.a.j.JMeter: Available Processors =32
2026-09-28 19:25:59,525 INFO o.a.j.JMeter: Default Locale=中文 (中国)
2026-09-28 19:25:59,525 INFO o.a.j.JMeter: JMeter  Locale=中文 (中国)
2026-09-28 19:25:59,525 INFO o.a.j.JMeter: JMeterHome=C:\seckill-system\target\tools\apache-jmeter-5.6.3
2026-09-28 19:25:59,526 INFO o.a.j.JMeter: user.dir  =C:\seckill-system
2026-09-28 19:25:59,526 INFO o.a.j.JMeter: PWD       =C:\seckill-system
2026-09-28 19:25:59,545 INFO o.a.j.JMeter: IP: 172.26.111.135 Name: LAPTOP-77E72ENH FullName: LAPTOP-77E72ENH
2026-09-28 19:25:59,570 INFO o.a.j.s.FileServer: Default base='C:\seckill-system'
2026-09-28 19:25:59,575 INFO o.a.j.s.FileServer: Set new base='C:\seckill-system\perf'
2026-09-28 19:25:59,879 INFO o.a.j.s.SaveService: Testplan (JMX) version: 2.2. Testlog (JTL) version: 2.2
2026-09-28 19:25:59,930 INFO o.a.j.s.SaveService: Using SaveService properties version 5.0
2026-09-28 19:25:59,937 INFO o.a.j.s.SaveService: Using SaveService properties file encoding UTF-8
2026-09-28 19:25:59,944 INFO o.a.j.s.SaveService: Loading file: perf\stage4.jmx
2026-09-28 19:26:00,031 INFO o.a.j.p.h.s.HTTPSamplerBase: Parser for text/html is org.apache.jmeter.protocol.http.parser.LagartoBasedHtmlParser
2026-09-28 19:26:00,031 INFO o.a.j.p.h.s.HTTPSamplerBase: Parser for application/xhtml+xml is org.apache.jmeter.protocol.http.parser.LagartoBasedHtmlParser
2026-09-28 19:26:00,031 INFO o.a.j.p.h.s.HTTPSamplerBase: Parser for application/xml is org.apache.jmeter.protocol.http.parser.LagartoBasedHtmlParser
2026-09-28 19:26:00,031 INFO o.a.j.p.h.s.HTTPSamplerBase: Parser for text/xml is org.apache.jmeter.protocol.http.parser.LagartoBasedHtmlParser
2026-09-28 19:26:00,031 INFO o.a.j.p.h.s.HTTPSamplerBase: Parser for text/vnd.wap.wml is org.apache.jmeter.protocol.http.parser.RegexpHTMLParser
2026-09-28 19:26:00,031 INFO o.a.j.p.h.s.HTTPSamplerBase: Parser for text/css is org.apache.jmeter.protocol.http.parser.CssParser
2026-09-28 19:26:00,050 INFO o.a.j.JMeter: Creating summariser <summary>
2026-09-28 19:26:00,081 INFO o.a.j.e.StandardJMeterEngine: Running the test!
2026-09-28 19:26:00,082 INFO o.a.j.s.SampleEvent: List of sample_variables: []
2026-09-28 19:26:00,082 INFO o.a.j.s.SampleEvent: List of sample_variables: []
2026-09-28 19:26:00,090 INFO o.a.j.e.u.CompoundVariable: Note: Function class names must contain the string: '.functions.'
2026-09-28 19:26:00,090 INFO o.a.j.e.u.CompoundVariable: Note: Function class names must not contain the string: '.gui.'
2026-09-28 19:26:00,211 INFO o.a.j.JMeter: 正在运行的测试 (1790594760211)
2026-09-28 19:26:00,235 INFO o.a.j.e.StandardJMeterEngine: Starting ThreadGroup: 1 : Purchase
2026-09-28 19:26:00,236 INFO o.a.j.e.StandardJMeterEngine: Starting 100 threads for group Purchase.
2026-09-28 19:26:00,236 INFO o.a.j.e.StandardJMeterEngine: Thread will continue on error
2026-09-28 19:26:00,236 INFO o.a.j.t.ThreadGroup: Starting thread group... number=1 threads=100 ramp-up=1 delayedStart=false
2026-09-28 19:26:00,248 INFO o.a.j.t.JMeterThread: Thread started: Purchase 1-1
2026-09-28 19:26:00,254 INFO o.a.j.t.JMeterThread: Thread started: Purchase 1-2
2026-09-28 19:26:00,264 INFO o.a.j.t.JMeterThread: Thread started: Purchase 1-3
2026-09-28 19:26:00,272 INFO o.a.j.t.JMeterThread: Thread started: Purchase 1-4
2026-09-28 19:26:00,282 INFO o.a.j.t.JMeterThread: Thread started: Purchase 1-5
2026-09-28 19:26:00,288 INFO o.a.j.p.h.s.HTTPHCAbstractImpl: Local host = LAPTOP-77E72ENH
2026-09-28 19:26:00,291 INFO o.a.j.t.JMeterThread: Thread started: Purchase 1-6
2026-09-28 19:26:00,301 INFO o.a.j.t.JMeterThread: Thread started: Purchase 1-7
2026-09-28 19:26:00,303 INFO o.a.j.t.ThreadGroup: Started thread group number 1
2026-09-28 19:26:00,303 INFO o.a.j.e.StandardJMeterEngine: All thread groups have been started
2026-09-28 19:26:00,310 INFO o.a.j.p.h.s.HTTPHC4Impl: HTTP request retry count = 0
2026-09-28 19:26:00,311 INFO o.a.j.t.JMeterThread: Thread started: Purchase 1-8
2026-09-28 19:26:00,312 INFO o.a.j.s.SampleResult: Note: Sample TimeStamps are START times
2026-09-28 19:26:00,312 INFO o.a.j.s.SampleResult: sampleresult.default.encoding is set to UTF-8
2026-09-28 19:26:00,312 INFO o.a.j.s.SampleResult: sampleresult.useNanoTime=true
2026-09-28 19:26:00,312 INFO o.a.j.s.SampleResult: sampleresult.nanoThreadSleep=5000
2026-09-28 19:26:00,320 INFO o.a.j.t.JMeterThread: Thread started: Purchase 1-9
2026-09-28 19:26:00,328 INFO o.a.j.t.JMeterThread: Thread started: Purchase 1-10
2026-09-28 19:26:00,338 INFO o.a.j.t.JMeterThread: Thread started: Purchase 1-11
2026-09-28 19:26:00,348 INFO o.a.j.t.JMeterThread: Thread started: Purchase 1-12
2026-09-28 19:26:00,359 INFO o.a.j.t.JMeterThread: Thread started: Purchase 1-13
2026-09-28 19:26:00,367 INFO o.a.j.t.JMeterThread: Thread started: Purchase 1-14
2026-09-28 19:26:00,379 INFO o.a.j.t.JMeterThread: Thread started: Purchase 1-15
2026-09-28 19:26:00,388 INFO o.a.j.t.JMeterThread: Thread started: Purchase 1-16
2026-09-28 19:26:00,398 INFO o.a.j.t.JMeterThread: Thread started: Purchase 1-17
2026-09-28 19:26:00,409 INFO o.a.j.t.JMeterThread: Thread started: Purchase 1-18
2026-09-28 19:26:00,418 INFO o.a.j.t.JMeterThread: Thread started: Purchase 1-19
2026-09-28 19:26:00,427 INFO o.a.j.t.JMeterThread: Thread started: Purchase 1-20
2026-09-28 19:26:00,439 INFO o.a.j.t.JMeterThread: Thread started: Purchase 1-21
2026-09-28 19:26:00,448 INFO o.a.j.t.JMeterThread: Thread started: Purchase 1-22
2026-09-28 19:26:00,460 INFO o.a.j.t.JMeterThread: Thread started: Purchase 1-23
2026-09-28 19:26:00,468 INFO o.a.j.t.JMeterThread: Thread started: Purchase 1-24
2026-09-28 19:26:00,478 INFO o.a.j.t.JMeterThread: Thread started: Purchase 1-25
2026-09-28 19:26:00,488 INFO o.a.j.t.JMeterThread: Thread started: Purchase 1-26
2026-09-28 19:26:00,498 INFO o.a.j.t.JMeterThread: Thread started: Purchase 1-27
2026-09-28 19:26:00,508 INFO o.a.j.t.JMeterThread: Thread started: Purchase 1-28
2026-09-28 19:26:00,518 INFO o.a.j.t.JMeterThread: Thread started: Purchase 1-29
2026-09-28 19:26:00,528 INFO o.a.j.t.JMeterThread: Thread started: Purchase 1-30
2026-09-28 19:26:00,538 INFO o.a.j.t.JMeterThread: Thread started: Purchase 1-31
2026-09-28 19:26:00,548 INFO o.a.j.t.JMeterThread: Thread started: Purchase 1-32
2026-09-28 19:26:00,558 INFO o.a.j.t.JMeterThread: Thread started: Purchase 1-33
2026-09-28 19:26:00,567 INFO o.a.j.t.JMeterThread: Thread started: Purchase 1-34
2026-09-28 19:26:00,578 INFO o.a.j.t.JMeterThread: Thread started: Purchase 1-35
2026-09-28 19:26:00,589 INFO o.a.j.t.JMeterThread: Thread started: Purchase 1-36
2026-09-28 19:26:00,599 INFO o.a.j.t.JMeterThread: Thread started: Purchase 1-37
2026-09-28 19:26:00,608 INFO o.a.j.t.JMeterThread: Thread started: Purchase 1-38
2026-09-28 19:26:00,617 INFO o.a.j.r.Summariser: summary +      1 in 00:00:00 =    2.5/s Avg:   113 Min:   113 Max:   113 Err:     0 (0.00%) Active: 38 Started: 38 Finished: 0
2026-09-28 19:26:00,617 INFO o.a.j.t.JMeterThread: Thread started: Purchase 1-39
2026-09-28 19:26:00,629 INFO o.a.j.t.JMeterThread: Thread started: Purchase 1-40
2026-09-28 19:26:00,637 INFO o.a.j.t.JMeterThread: Thread started: Purchase 1-41
2026-09-28 19:26:00,649 INFO o.a.j.t.JMeterThread: Thread started: Purchase 1-42
2026-09-28 19:26:00,658 INFO o.a.j.t.JMeterThread: Thread started: Purchase 1-43
2026-09-28 19:26:00,668 INFO o.a.j.t.JMeterThread: Thread started: Purchase 1-44
2026-09-28 19:26:00,677 INFO o.a.j.t.JMeterThread: Thread started: Purchase 1-45
2026-09-28 19:26:00,687 INFO o.a.j.t.JMeterThread: Thread started: Purchase 1-46
2026-09-28 19:26:00,697 INFO o.a.j.t.JMeterThread: Thread started: Purchase 1-47
2026-09-28 19:26:00,708 INFO o.a.j.t.JMeterThread: Thread started: Purchase 1-48
2026-09-28 19:26:00,719 INFO o.a.j.t.JMeterThread: Thread started: Purchase 1-49
2026-09-28 19:26:00,728 INFO o.a.j.t.JMeterThread: Thread started: Purchase 1-50
2026-09-28 19:26:00,738 INFO o.a.j.t.JMeterThread: Thread started: Purchase 1-51
2026-09-28 19:26:00,748 INFO o.a.j.t.JMeterThread: Thread started: Purchase 1-52
2026-09-28 19:26:00,757 INFO o.a.j.t.JMeterThread: Thread started: Purchase 1-53
2026-09-28 19:26:00,767 INFO o.a.j.t.JMeterThread: Thread started: Purchase 1-54
2026-09-28 19:26:00,778 INFO o.a.j.t.JMeterThread: Thread started: Purchase 1-55
2026-09-28 19:26:00,787 INFO o.a.j.t.JMeterThread: Thread started: Purchase 1-56
2026-09-28 19:26:00,798 INFO o.a.j.t.JMeterThread: Thread started: Purchase 1-57
2026-09-28 19:26:00,807 INFO o.a.j.t.JMeterThread: Thread started: Purchase 1-58
2026-09-28 19:26:00,817 INFO o.a.j.t.JMeterThread: Thread started: Purchase 1-59
2026-09-28 19:26:00,829 INFO o.a.j.t.JMeterThread: Thread started: Purchase 1-60
2026-09-28 19:26:00,837 INFO o.a.j.t.JMeterThread: Thread started: Purchase 1-61
2026-09-28 19:26:00,847 INFO o.a.j.t.JMeterThread: Thread started: Purchase 1-62
2026-09-28 19:26:00,858 INFO o.a.j.t.JMeterThread: Thread started: Purchase 1-63
2026-09-28 19:26:00,870 INFO o.a.j.t.JMeterThread: Thread started: Purchase 1-64
2026-09-28 19:26:00,879 INFO o.a.j.t.JMeterThread: Thread started: Purchase 1-65
2026-09-28 19:26:00,888 INFO o.a.j.t.JMeterThread: Thread started: Purchase 1-66
2026-09-28 19:26:00,898 INFO o.a.j.t.JMeterThread: Thread started: Purchase 1-67
2026-09-28 19:26:00,908 INFO o.a.j.t.JMeterThread: Thread started: Purchase 1-68
2026-09-28 19:26:00,918 INFO o.a.j.t.JMeterThread: Thread started: Purchase 1-69
2026-09-28 19:26:00,928 INFO o.a.j.t.JMeterThread: Thread started: Purchase 1-70
2026-09-28 19:26:00,938 INFO o.a.j.t.JMeterThread: Thread started: Purchase 1-71
2026-09-28 19:26:00,948 INFO o.a.j.t.JMeterThread: Thread started: Purchase 1-72
2026-09-28 19:26:00,957 INFO o.a.j.t.JMeterThread: Thread started: Purchase 1-73
2026-09-28 19:26:00,968 INFO o.a.j.t.JMeterThread: Thread started: Purchase 1-74
2026-09-28 19:26:00,977 INFO o.a.j.t.JMeterThread: Thread started: Purchase 1-75
2026-09-28 19:26:00,988 INFO o.a.j.t.JMeterThread: Thread started: Purchase 1-76
2026-09-28 19:26:00,997 INFO o.a.j.t.JMeterThread: Thread started: Purchase 1-77
2026-09-28 19:26:01,009 INFO o.a.j.t.JMeterThread: Thread started: Purchase 1-78
2026-09-28 19:26:01,019 INFO o.a.j.t.JMeterThread: Thread started: Purchase 1-79
2026-09-28 19:26:01,028 INFO o.a.j.t.JMeterThread: Thread started: Purchase 1-80
2026-09-28 19:26:01,038 INFO o.a.j.t.JMeterThread: Thread started: Purchase 1-81
2026-09-28 19:26:01,048 INFO o.a.j.t.JMeterThread: Thread started: Purchase 1-82
2026-09-28 19:26:01,058 INFO o.a.j.t.JMeterThread: Thread started: Purchase 1-83
2026-09-28 19:26:01,069 INFO o.a.j.t.JMeterThread: Thread started: Purchase 1-84
2026-09-28 19:26:01,077 INFO o.a.j.t.JMeterThread: Thread started: Purchase 1-85
2026-09-28 19:26:01,087 INFO o.a.j.t.JMeterThread: Thread started: Purchase 1-86
2026-09-28 19:26:01,098 INFO o.a.j.t.JMeterThread: Thread started: Purchase 1-87
2026-09-28 19:26:01,108 INFO o.a.j.t.JMeterThread: Thread started: Purchase 1-88
2026-09-28 19:26:01,119 INFO o.a.j.t.JMeterThread: Thread started: Purchase 1-89
2026-09-28 19:26:01,128 INFO o.a.j.t.JMeterThread: Thread started: Purchase 1-90
2026-09-28 19:26:01,138 INFO o.a.j.t.JMeterThread: Thread started: Purchase 1-91
2026-09-28 19:26:01,148 INFO o.a.j.t.JMeterThread: Thread started: Purchase 1-92
2026-09-28 19:26:01,157 INFO o.a.j.t.JMeterThread: Thread started: Purchase 1-93
2026-09-28 19:26:01,168 INFO o.a.j.t.JMeterThread: Thread started: Purchase 1-94
2026-09-28 19:26:01,178 INFO o.a.j.t.JMeterThread: Thread started: Purchase 1-95
2026-09-28 19:26:01,188 INFO o.a.j.t.JMeterThread: Thread started: Purchase 1-96
2026-09-28 19:26:01,199 INFO o.a.j.t.JMeterThread: Thread started: Purchase 1-97
2026-09-28 19:26:01,208 INFO o.a.j.t.JMeterThread: Thread started: Purchase 1-98
2026-09-28 19:26:01,218 INFO o.a.j.t.JMeterThread: Thread started: Purchase 1-99
2026-09-28 19:26:01,228 INFO o.a.j.t.JMeterThread: Thread started: Purchase 1-100
2026-09-28 19:26:03,537 INFO o.a.j.t.JMeterThread: Thread is done: Purchase 1-3
2026-09-28 19:26:03,538 INFO o.a.j.t.JMeterThread: Thread finished: Purchase 1-3
2026-09-28 19:26:03,695 INFO o.a.j.t.JMeterThread: Thread is done: Purchase 1-33
2026-09-28 19:26:03,695 INFO o.a.j.t.JMeterThread: Thread finished: Purchase 1-33
2026-09-28 19:26:03,734 INFO o.a.j.t.JMeterThread: Thread is done: Purchase 1-41
2026-09-28 19:26:03,734 INFO o.a.j.t.JMeterThread: Thread finished: Purchase 1-41
2026-09-28 19:26:03,735 INFO o.a.j.t.JMeterThread: Thread is done: Purchase 1-39
2026-09-28 19:26:03,735 INFO o.a.j.t.JMeterThread: Thread finished: Purchase 1-39
2026-09-28 19:26:03,745 INFO o.a.j.t.JMeterThread: Thread is done: Purchase 1-1
2026-09-28 19:26:03,745 INFO o.a.j.t.JMeterThread: Thread finished: Purchase 1-1
2026-09-28 19:26:03,747 INFO o.a.j.t.JMeterThread: Thread is done: Purchase 1-15
2026-09-28 19:26:03,747 INFO o.a.j.t.JMeterThread: Thread finished: Purchase 1-15
2026-09-28 19:26:03,779 INFO o.a.j.t.JMeterThread: Thread is done: Purchase 1-21
2026-09-28 19:26:03,780 INFO o.a.j.t.JMeterThread: Thread is done: Purchase 1-28
2026-09-28 19:26:03,780 INFO o.a.j.t.JMeterThread: Thread finished: Purchase 1-21
2026-09-28 19:26:03,780 INFO o.a.j.t.JMeterThread: Thread finished: Purchase 1-28
2026-09-28 19:26:03,790 INFO o.a.j.t.JMeterThread: Thread is done: Purchase 1-5
2026-09-28 19:26:03,790 INFO o.a.j.t.JMeterThread: Thread finished: Purchase 1-5
2026-09-28 19:26:03,797 INFO o.a.j.t.JMeterThread: Thread is done: Purchase 1-8
2026-09-28 19:26:03,798 INFO o.a.j.t.JMeterThread: Thread finished: Purchase 1-8
2026-09-28 19:26:03,800 INFO o.a.j.t.JMeterThread: Thread is done: Purchase 1-22
2026-09-28 19:26:03,800 INFO o.a.j.t.JMeterThread: Thread finished: Purchase 1-22
2026-09-28 19:26:03,800 INFO o.a.j.t.JMeterThread: Thread is done: Purchase 1-36
2026-09-28 19:26:03,801 INFO o.a.j.t.JMeterThread: Thread finished: Purchase 1-36
2026-09-28 19:26:03,801 INFO o.a.j.t.JMeterThread: Thread is done: Purchase 1-31
2026-09-28 19:26:03,801 INFO o.a.j.t.JMeterThread: Thread finished: Purchase 1-31
2026-09-28 19:26:03,813 INFO o.a.j.t.JMeterThread: Thread is done: Purchase 1-7
2026-09-28 19:26:03,813 INFO o.a.j.t.JMeterThread: Thread finished: Purchase 1-7
2026-09-28 19:26:03,814 INFO o.a.j.t.JMeterThread: Thread is done: Purchase 1-16
2026-09-28 19:26:03,814 INFO o.a.j.t.JMeterThread: Thread finished: Purchase 1-16
2026-09-28 19:26:03,815 INFO o.a.j.t.JMeterThread: Thread is done: Purchase 1-18
2026-09-28 19:26:03,815 INFO o.a.j.t.JMeterThread: Thread finished: Purchase 1-18
2026-09-28 19:26:03,827 INFO o.a.j.t.JMeterThread: Thread is done: Purchase 1-42
2026-09-28 19:26:03,828 INFO o.a.j.t.JMeterThread: Thread finished: Purchase 1-42
2026-09-28 19:26:03,828 INFO o.a.j.t.JMeterThread: Thread is done: Purchase 1-11
2026-09-28 19:26:03,828 INFO o.a.j.t.JMeterThread: Thread finished: Purchase 1-11
2026-09-28 19:26:03,841 INFO o.a.j.t.JMeterThread: Thread is done: Purchase 1-20
2026-09-28 19:26:03,842 INFO o.a.j.t.JMeterThread: Thread finished: Purchase 1-20
2026-09-28 19:26:03,849 INFO o.a.j.t.JMeterThread: Thread is done: Purchase 1-19
2026-09-28 19:26:03,849 INFO o.a.j.t.JMeterThread: Thread is done: Purchase 1-29
2026-09-28 19:26:03,849 INFO o.a.j.t.JMeterThread: Thread finished: Purchase 1-19
2026-09-28 19:26:03,849 INFO o.a.j.t.JMeterThread: Thread finished: Purchase 1-29
2026-09-28 19:26:03,858 INFO o.a.j.t.JMeterThread: Thread is done: Purchase 1-24
2026-09-28 19:26:03,858 INFO o.a.j.t.JMeterThread: Thread finished: Purchase 1-24
2026-09-28 19:26:03,862 INFO o.a.j.t.JMeterThread: Thread is done: Purchase 1-44
2026-09-28 19:26:03,862 INFO o.a.j.t.JMeterThread: Thread finished: Purchase 1-44
2026-09-28 19:26:03,867 INFO o.a.j.t.JMeterThread: Thread is done: Purchase 1-35
2026-09-28 19:26:03,868 INFO o.a.j.t.JMeterThread: Thread finished: Purchase 1-35
2026-09-28 19:26:03,868 INFO o.a.j.t.JMeterThread: Thread is done: Purchase 1-2
2026-09-28 19:26:03,869 INFO o.a.j.t.JMeterThread: Thread finished: Purchase 1-2
2026-09-28 19:26:03,869 INFO o.a.j.t.JMeterThread: Thread is done: Purchase 1-32
2026-09-28 19:26:03,869 INFO o.a.j.t.JMeterThread: Thread finished: Purchase 1-32
2026-09-28 19:26:03,873 INFO o.a.j.t.JMeterThread: Thread is done: Purchase 1-46
2026-09-28 19:26:03,874 INFO o.a.j.t.JMeterThread: Thread finished: Purchase 1-46
2026-09-28 19:26:03,883 INFO o.a.j.t.JMeterThread: Thread is done: Purchase 1-17
2026-09-28 19:26:03,883 INFO o.a.j.t.JMeterThread: Thread finished: Purchase 1-17
2026-09-28 19:26:03,887 INFO o.a.j.t.JMeterThread: Thread is done: Purchase 1-23
2026-09-28 19:26:03,887 INFO o.a.j.t.JMeterThread: Thread finished: Purchase 1-23
2026-09-28 19:26:03,887 INFO o.a.j.t.JMeterThread: Thread is done: Purchase 1-9
2026-09-28 19:26:03,887 INFO o.a.j.t.JMeterThread: Thread finished: Purchase 1-9
2026-09-28 19:26:03,889 INFO o.a.j.t.JMeterThread: Thread is done: Purchase 1-37
2026-09-28 19:26:03,889 INFO o.a.j.t.JMeterThread: Thread finished: Purchase 1-37
2026-09-28 19:26:03,892 INFO o.a.j.t.JMeterThread: Thread is done: Purchase 1-25
2026-09-28 19:26:03,892 INFO o.a.j.t.JMeterThread: Thread finished: Purchase 1-25
2026-09-28 19:26:03,895 INFO o.a.j.t.JMeterThread: Thread is done: Purchase 1-10
2026-09-28 19:26:03,895 INFO o.a.j.t.JMeterThread: Thread finished: Purchase 1-10
2026-09-28 19:26:03,896 INFO o.a.j.t.JMeterThread: Thread is done: Purchase 1-13
2026-09-28 19:26:03,897 INFO o.a.j.t.JMeterThread: Thread finished: Purchase 1-13
2026-09-28 19:26:03,898 INFO o.a.j.t.JMeterThread: Thread is done: Purchase 1-38
2026-09-28 19:26:03,898 INFO o.a.j.t.JMeterThread: Thread finished: Purchase 1-38
2026-09-28 19:26:03,903 INFO o.a.j.t.JMeterThread: Thread is done: Purchase 1-50
2026-09-28 19:26:03,903 INFO o.a.j.t.JMeterThread: Thread finished: Purchase 1-50
2026-09-28 19:26:03,915 INFO o.a.j.t.JMeterThread: Thread is done: Purchase 1-4
2026-09-28 19:26:03,916 INFO o.a.j.t.JMeterThread: Thread finished: Purchase 1-4
2026-09-28 19:26:03,917 INFO o.a.j.t.JMeterThread: Thread is done: Purchase 1-45
2026-09-28 19:26:03,917 INFO o.a.j.t.JMeterThread: Thread finished: Purchase 1-45
2026-09-28 19:26:03,918 INFO o.a.j.t.JMeterThread: Thread is done: Purchase 1-6
2026-09-28 19:26:03,918 INFO o.a.j.t.JMeterThread: Thread finished: Purchase 1-6
2026-09-28 19:26:03,925 INFO o.a.j.t.JMeterThread: Thread is done: Purchase 1-14
2026-09-28 19:26:03,925 INFO o.a.j.t.JMeterThread: Thread finished: Purchase 1-14
2026-09-28 19:26:03,931 INFO o.a.j.t.JMeterThread: Thread is done: Purchase 1-26
2026-09-28 19:26:03,931 INFO o.a.j.t.JMeterThread: Thread finished: Purchase 1-26
2026-09-28 19:26:03,937 INFO o.a.j.t.JMeterThread: Thread is done: Purchase 1-54
2026-09-28 19:26:03,937 INFO o.a.j.t.JMeterThread: Thread finished: Purchase 1-54
2026-09-28 19:26:03,939 INFO o.a.j.t.JMeterThread: Thread is done: Purchase 1-27
2026-09-28 19:26:03,939 INFO o.a.j.t.JMeterThread: Thread finished: Purchase 1-27
2026-09-28 19:26:03,946 INFO o.a.j.t.JMeterThread: Thread is done: Purchase 1-34
2026-09-28 19:26:03,946 INFO o.a.j.t.JMeterThread: Thread is done: Purchase 1-48
2026-09-28 19:26:03,947 INFO o.a.j.t.JMeterThread: Thread finished: Purchase 1-34
2026-09-28 19:26:03,947 INFO o.a.j.t.JMeterThread: Thread finished: Purchase 1-48
2026-09-28 19:26:03,949 INFO o.a.j.t.JMeterThread: Thread is done: Purchase 1-40
2026-09-28 19:26:03,950 INFO o.a.j.t.JMeterThread: Thread finished: Purchase 1-40
2026-09-28 19:26:03,951 INFO o.a.j.t.JMeterThread: Thread is done: Purchase 1-12
2026-09-28 19:26:03,952 INFO o.a.j.t.JMeterThread: Thread finished: Purchase 1-12
2026-09-28 19:26:03,965 INFO o.a.j.t.JMeterThread: Thread is done: Purchase 1-30
2026-09-28 19:26:03,965 INFO o.a.j.t.JMeterThread: Thread finished: Purchase 1-30
2026-09-28 19:26:03,980 INFO o.a.j.t.JMeterThread: Thread is done: Purchase 1-49
2026-09-28 19:26:03,980 INFO o.a.j.t.JMeterThread: Thread is done: Purchase 1-53
2026-09-28 19:26:03,980 INFO o.a.j.t.JMeterThread: Thread finished: Purchase 1-49
2026-09-28 19:26:03,980 INFO o.a.j.t.JMeterThread: Thread finished: Purchase 1-53
2026-09-28 19:26:03,980 INFO o.a.j.t.JMeterThread: Thread is done: Purchase 1-47
2026-09-28 19:26:03,981 INFO o.a.j.t.JMeterThread: Thread finished: Purchase 1-47
2026-09-28 19:26:03,981 INFO o.a.j.t.JMeterThread: Thread is done: Purchase 1-52
2026-09-28 19:26:03,981 INFO o.a.j.t.JMeterThread: Thread finished: Purchase 1-52
2026-09-28 19:26:03,984 INFO o.a.j.t.JMeterThread: Thread is done: Purchase 1-43
2026-09-28 19:26:03,984 INFO o.a.j.t.JMeterThread: Thread finished: Purchase 1-43
2026-09-28 19:26:04,000 INFO o.a.j.t.JMeterThread: Thread is done: Purchase 1-59
2026-09-28 19:26:04,000 INFO o.a.j.t.JMeterThread: Thread finished: Purchase 1-59
2026-09-28 19:26:04,027 INFO o.a.j.t.JMeterThread: Thread is done: Purchase 1-58
2026-09-28 19:26:04,028 INFO o.a.j.t.JMeterThread: Thread finished: Purchase 1-58
2026-09-28 19:26:04,033 INFO o.a.j.t.JMeterThread: Thread is done: Purchase 1-51
2026-09-28 19:26:04,034 INFO o.a.j.t.JMeterThread: Thread finished: Purchase 1-51
2026-09-28 19:26:04,040 INFO o.a.j.t.JMeterThread: Thread is done: Purchase 1-62
2026-09-28 19:26:04,040 INFO o.a.j.t.JMeterThread: Thread finished: Purchase 1-62
2026-09-28 19:26:04,047 INFO o.a.j.t.JMeterThread: Thread is done: Purchase 1-55
2026-09-28 19:26:04,047 INFO o.a.j.t.JMeterThread: Thread finished: Purchase 1-55
2026-09-28 19:26:04,069 INFO o.a.j.t.JMeterThread: Thread is done: Purchase 1-56
2026-09-28 19:26:04,070 INFO o.a.j.t.JMeterThread: Thread finished: Purchase 1-56
2026-09-28 19:26:04,072 INFO o.a.j.t.JMeterThread: Thread is done: Purchase 1-75
2026-09-28 19:26:04,072 INFO o.a.j.t.JMeterThread: Thread finished: Purchase 1-75
2026-09-28 19:26:04,073 INFO o.a.j.t.JMeterThread: Thread is done: Purchase 1-60
2026-09-28 19:26:04,074 INFO o.a.j.t.JMeterThread: Thread finished: Purchase 1-60
2026-09-28 19:26:04,086 INFO o.a.j.t.JMeterThread: Thread is done: Purchase 1-64
2026-09-28 19:26:04,087 INFO o.a.j.t.JMeterThread: Thread finished: Purchase 1-64
2026-09-28 19:26:04,088 INFO o.a.j.t.JMeterThread: Thread is done: Purchase 1-71
2026-09-28 19:26:04,089 INFO o.a.j.t.JMeterThread: Thread finished: Purchase 1-71
2026-09-28 19:26:04,095 INFO o.a.j.t.JMeterThread: Thread is done: Purchase 1-84
2026-09-28 19:26:04,095 INFO o.a.j.t.JMeterThread: Thread finished: Purchase 1-84
2026-09-28 19:26:04,112 INFO o.a.j.t.JMeterThread: Thread is done: Purchase 1-61
2026-09-28 19:26:04,112 INFO o.a.j.t.JMeterThread: Thread is done: Purchase 1-66
2026-09-28 19:26:04,113 INFO o.a.j.t.JMeterThread: Thread finished: Purchase 1-61
2026-09-28 19:26:04,113 INFO o.a.j.t.JMeterThread: Thread finished: Purchase 1-66
2026-09-28 19:26:04,117 INFO o.a.j.t.JMeterThread: Thread is done: Purchase 1-73
2026-09-28 19:26:04,117 INFO o.a.j.t.JMeterThread: Thread finished: Purchase 1-73
2026-09-28 19:26:04,124 INFO o.a.j.t.JMeterThread: Thread is done: Purchase 1-57
2026-09-28 19:26:04,124 INFO o.a.j.t.JMeterThread: Thread finished: Purchase 1-57
2026-09-28 19:26:04,129 INFO o.a.j.t.JMeterThread: Thread is done: Purchase 1-85
2026-09-28 19:26:04,129 INFO o.a.j.t.JMeterThread: Thread finished: Purchase 1-85
2026-09-28 19:26:04,137 INFO o.a.j.t.JMeterThread: Thread is done: Purchase 1-65
2026-09-28 19:26:04,137 INFO o.a.j.t.JMeterThread: Thread finished: Purchase 1-65
2026-09-28 19:26:04,141 INFO o.a.j.t.JMeterThread: Thread is done: Purchase 1-89
2026-09-28 19:26:04,141 INFO o.a.j.t.JMeterThread: Thread finished: Purchase 1-89
2026-09-28 19:26:04,142 INFO o.a.j.t.JMeterThread: Thread is done: Purchase 1-78
2026-09-28 19:26:04,142 INFO o.a.j.t.JMeterThread: Thread finished: Purchase 1-78
2026-09-28 19:26:04,142 INFO o.a.j.t.JMeterThread: Thread is done: Purchase 1-70
2026-09-28 19:26:04,142 INFO o.a.j.t.JMeterThread: Thread finished: Purchase 1-70
2026-09-28 19:26:04,144 INFO o.a.j.t.JMeterThread: Thread is done: Purchase 1-76
2026-09-28 19:26:04,144 INFO o.a.j.t.JMeterThread: Thread is done: Purchase 1-67
2026-09-28 19:26:04,145 INFO o.a.j.t.JMeterThread: Thread finished: Purchase 1-76
2026-09-28 19:26:04,145 INFO o.a.j.t.JMeterThread: Thread finished: Purchase 1-67
2026-09-28 19:26:04,152 INFO o.a.j.t.JMeterThread: Thread is done: Purchase 1-69
2026-09-28 19:26:04,152 INFO o.a.j.t.JMeterThread: Thread finished: Purchase 1-69
2026-09-28 19:26:04,156 INFO o.a.j.t.JMeterThread: Thread is done: Purchase 1-91
2026-09-28 19:26:04,157 INFO o.a.j.t.JMeterThread: Thread finished: Purchase 1-91
2026-09-28 19:26:04,159 INFO o.a.j.t.JMeterThread: Thread is done: Purchase 1-63
2026-09-28 19:26:04,159 INFO o.a.j.t.JMeterThread: Thread finished: Purchase 1-63
2026-09-28 19:26:04,159 INFO o.a.j.t.JMeterThread: Thread is done: Purchase 1-74
2026-09-28 19:26:04,159 INFO o.a.j.t.JMeterThread: Thread finished: Purchase 1-74
2026-09-28 19:26:04,159 INFO o.a.j.t.JMeterThread: Thread is done: Purchase 1-99
2026-09-28 19:26:04,159 INFO o.a.j.t.JMeterThread: Thread finished: Purchase 1-99
2026-09-28 19:26:04,165 INFO o.a.j.t.JMeterThread: Thread is done: Purchase 1-83
2026-09-28 19:26:04,165 INFO o.a.j.t.JMeterThread: Thread is done: Purchase 1-79
2026-09-28 19:26:04,165 INFO o.a.j.t.JMeterThread: Thread finished: Purchase 1-83
2026-09-28 19:26:04,165 INFO o.a.j.t.JMeterThread: Thread finished: Purchase 1-79
2026-09-28 19:26:04,165 INFO o.a.j.t.JMeterThread: Thread is done: Purchase 1-94
2026-09-28 19:26:04,165 INFO o.a.j.t.JMeterThread: Thread finished: Purchase 1-94
2026-09-28 19:26:04,165 INFO o.a.j.t.JMeterThread: Thread is done: Purchase 1-95
2026-09-28 19:26:04,165 INFO o.a.j.t.JMeterThread: Thread finished: Purchase 1-95
2026-09-28 19:26:04,167 INFO o.a.j.t.JMeterThread: Thread is done: Purchase 1-77
2026-09-28 19:26:04,167 INFO o.a.j.t.JMeterThread: Thread finished: Purchase 1-77
2026-09-28 19:26:04,171 INFO o.a.j.t.JMeterThread: Thread is done: Purchase 1-86
2026-09-28 19:26:04,171 INFO o.a.j.t.JMeterThread: Thread finished: Purchase 1-86
2026-09-28 19:26:04,172 INFO o.a.j.t.JMeterThread: Thread is done: Purchase 1-97
2026-09-28 19:26:04,172 INFO o.a.j.t.JMeterThread: Thread finished: Purchase 1-97
2026-09-28 19:26:04,174 INFO o.a.j.t.JMeterThread: Thread is done: Purchase 1-100
2026-09-28 19:26:04,174 INFO o.a.j.t.JMeterThread: Thread is done: Purchase 1-68
2026-09-28 19:26:04,174 INFO o.a.j.t.JMeterThread: Thread finished: Purchase 1-100
2026-09-28 19:26:04,174 INFO o.a.j.t.JMeterThread: Thread finished: Purchase 1-68
2026-09-28 19:26:04,176 INFO o.a.j.t.JMeterThread: Thread is done: Purchase 1-87
2026-09-28 19:26:04,176 INFO o.a.j.t.JMeterThread: Thread finished: Purchase 1-87
2026-09-28 19:26:04,177 INFO o.a.j.t.JMeterThread: Thread is done: Purchase 1-81
2026-09-28 19:26:04,178 INFO o.a.j.t.JMeterThread: Thread finished: Purchase 1-81
2026-09-28 19:26:04,179 INFO o.a.j.t.JMeterThread: Thread is done: Purchase 1-90
2026-09-28 19:26:04,179 INFO o.a.j.t.JMeterThread: Thread finished: Purchase 1-90
2026-09-28 19:26:04,179 INFO o.a.j.t.JMeterThread: Thread is done: Purchase 1-92
2026-09-28 19:26:04,179 INFO o.a.j.t.JMeterThread: Thread finished: Purchase 1-92
2026-09-28 19:26:04,181 INFO o.a.j.t.JMeterThread: Thread is done: Purchase 1-88
2026-09-28 19:26:04,182 INFO o.a.j.t.JMeterThread: Thread finished: Purchase 1-88
2026-09-28 19:26:04,183 INFO o.a.j.t.JMeterThread: Thread is done: Purchase 1-82
2026-09-28 19:26:04,183 INFO o.a.j.t.JMeterThread: Thread finished: Purchase 1-82
2026-09-28 19:26:04,184 INFO o.a.j.t.JMeterThread: Thread is done: Purchase 1-80
2026-09-28 19:26:04,184 INFO o.a.j.t.JMeterThread: Thread is done: Purchase 1-72
2026-09-28 19:26:04,184 INFO o.a.j.t.JMeterThread: Thread finished: Purchase 1-80
2026-09-28 19:26:04,184 INFO o.a.j.t.JMeterThread: Thread finished: Purchase 1-72
2026-09-28 19:26:04,184 INFO o.a.j.t.JMeterThread: Thread is done: Purchase 1-93
2026-09-28 19:26:04,184 INFO o.a.j.t.JMeterThread: Thread finished: Purchase 1-93
2026-09-28 19:26:04,190 INFO o.a.j.t.JMeterThread: Thread is done: Purchase 1-96
2026-09-28 19:26:04,190 INFO o.a.j.t.JMeterThread: Thread finished: Purchase 1-96
2026-09-28 19:26:04,194 INFO o.a.j.t.JMeterThread: Thread is done: Purchase 1-98
2026-09-28 19:26:04,194 INFO o.a.j.t.JMeterThread: Thread finished: Purchase 1-98
2026-09-28 19:26:04,194 INFO o.a.j.e.StandardJMeterEngine: Notifying test listeners of end of test
2026-09-28 19:26:04,200 INFO o.a.j.r.Summariser: summary +   9999 in 00:00:04 = 2787.6/s Avg:    31 Min:     2 Max:   118 Err:  9174 (91.75%) Active: 0 Started: 100 Finished: 100
2026-09-28 19:26:04,200 INFO o.a.j.r.Summariser: summary =  10000 in 00:00:04 = 2506.9/s Avg:    31 Min:     2 Max:   118 Err:  9174 (91.74%)
