2026-09-28 19:25:15,383 INFO o.a.j.u.JMeterUtils: Setting Locale to zh_CN
2026-09-28 19:25:15,426 INFO o.a.j.JMeter: Loading user properties from: C:\seckill-system\target\tools\apache-jmeter-5.6.3\bin\user.properties
2026-09-28 19:25:15,426 INFO o.a.j.JMeter: Loading system properties from: C:\seckill-system\target\tools\apache-jmeter-5.6.3\bin\system.properties
2026-09-28 19:25:15,427 INFO o.a.j.JMeter: Setting JMeter property: users=10
2026-09-28 19:25:15,427 INFO o.a.j.JMeter: Setting JMeter property: loops=20
2026-09-28 19:25:15,427 INFO o.a.j.JMeter: Setting JMeter property: ramp=1
2026-09-28 19:25:15,427 INFO o.a.j.JMeter: Setting JMeter property: delay=0
2026-09-28 19:25:15,427 INFO o.a.j.JMeter: Setting JMeter property: product=181
2026-09-28 19:25:15,427 INFO o.a.j.JMeter: Setting JMeter property: port=18088
2026-09-28 19:25:15,437 INFO o.a.j.JMeter: Copyright (c) 1998-2024 The Apache Software Foundation
2026-09-28 19:25:15,437 INFO o.a.j.JMeter: Version 5.6.3
2026-09-28 19:25:15,437 INFO o.a.j.JMeter: java.version=21.0.12.1
2026-09-28 19:25:15,437 INFO o.a.j.JMeter: java.vm.name=OpenJDK 64-Bit Server VM
2026-09-28 19:25:15,437 INFO o.a.j.JMeter: os.name=Windows 11
2026-09-28 19:25:15,437 INFO o.a.j.JMeter: os.arch=amd64
2026-09-28 19:25:15,437 INFO o.a.j.JMeter: os.version=10.0
2026-09-28 19:25:15,437 INFO o.a.j.JMeter: file.encoding=UTF-8
2026-09-28 19:25:15,438 INFO o.a.j.JMeter: java.awt.headless=true
2026-09-28 19:25:15,438 INFO o.a.j.JMeter: Max memory     =536870912
2026-09-28 19:25:15,438 INFO o.a.j.JMeter: Available Processors =32
2026-09-28 19:25:15,449 INFO o.a.j.JMeter: Default Locale=中文 (中国)
2026-09-28 19:25:15,450 INFO o.a.j.JMeter: JMeter  Locale=中文 (中国)
2026-09-28 19:25:15,450 INFO o.a.j.JMeter: JMeterHome=C:\seckill-system\target\tools\apache-jmeter-5.6.3
2026-09-28 19:25:15,450 INFO o.a.j.JMeter: user.dir  =C:\seckill-system
2026-09-28 19:25:15,451 INFO o.a.j.JMeter: PWD       =C:\seckill-system
2026-09-28 19:25:15,469 INFO o.a.j.JMeter: IP: 172.26.111.135 Name: LAPTOP-77E72ENH FullName: LAPTOP-77E72ENH
2026-09-28 19:25:15,494 INFO o.a.j.s.FileServer: Default base='C:\seckill-system'
2026-09-28 19:25:15,497 INFO o.a.j.s.FileServer: Set new base='C:\seckill-system\perf'
2026-09-28 19:25:15,812 INFO o.a.j.s.SaveService: Testplan (JMX) version: 2.2. Testlog (JTL) version: 2.2
2026-09-28 19:25:15,859 INFO o.a.j.s.SaveService: Using SaveService properties version 5.0
2026-09-28 19:25:15,864 INFO o.a.j.s.SaveService: Using SaveService properties file encoding UTF-8
2026-09-28 19:25:15,869 INFO o.a.j.s.SaveService: Loading file: perf\stage4.jmx
2026-09-28 19:25:15,945 INFO o.a.j.p.h.s.HTTPSamplerBase: Parser for text/html is org.apache.jmeter.protocol.http.parser.LagartoBasedHtmlParser
2026-09-28 19:25:15,946 INFO o.a.j.p.h.s.HTTPSamplerBase: Parser for application/xhtml+xml is org.apache.jmeter.protocol.http.parser.LagartoBasedHtmlParser
2026-09-28 19:25:15,946 INFO o.a.j.p.h.s.HTTPSamplerBase: Parser for application/xml is org.apache.jmeter.protocol.http.parser.LagartoBasedHtmlParser
2026-09-28 19:25:15,946 INFO o.a.j.p.h.s.HTTPSamplerBase: Parser for text/xml is org.apache.jmeter.protocol.http.parser.LagartoBasedHtmlParser
2026-09-28 19:25:15,946 INFO o.a.j.p.h.s.HTTPSamplerBase: Parser for text/vnd.wap.wml is org.apache.jmeter.protocol.http.parser.RegexpHTMLParser
2026-09-28 19:25:15,946 INFO o.a.j.p.h.s.HTTPSamplerBase: Parser for text/css is org.apache.jmeter.protocol.http.parser.CssParser
2026-09-28 19:25:15,964 INFO o.a.j.JMeter: Creating summariser <summary>
2026-09-28 19:25:16,000 INFO o.a.j.e.StandardJMeterEngine: Running the test!
2026-09-28 19:25:16,002 INFO o.a.j.s.SampleEvent: List of sample_variables: []
2026-09-28 19:25:16,002 INFO o.a.j.s.SampleEvent: List of sample_variables: []
2026-09-28 19:25:16,011 INFO o.a.j.e.u.CompoundVariable: Note: Function class names must contain the string: '.functions.'
2026-09-28 19:25:16,012 INFO o.a.j.e.u.CompoundVariable: Note: Function class names must not contain the string: '.gui.'
2026-09-28 19:25:16,120 INFO o.a.j.JMeter: 正在运行的测试 (1790594716120)
2026-09-28 19:25:16,141 INFO o.a.j.e.StandardJMeterEngine: Starting ThreadGroup: 1 : Purchase
2026-09-28 19:25:16,141 INFO o.a.j.e.StandardJMeterEngine: Starting 10 threads for group Purchase.
2026-09-28 19:25:16,141 INFO o.a.j.e.StandardJMeterEngine: Thread will continue on error
2026-09-28 19:25:16,142 INFO o.a.j.t.ThreadGroup: Starting thread group... number=1 threads=10 ramp-up=1 delayedStart=false
2026-09-28 19:25:16,152 INFO o.a.j.t.JMeterThread: Thread started: Purchase 1-1
2026-09-28 19:25:16,153 INFO o.a.j.t.ThreadGroup: Started thread group number 1
2026-09-28 19:25:16,153 INFO o.a.j.e.StandardJMeterEngine: All thread groups have been started
2026-09-28 19:25:16,173 INFO o.a.j.p.h.s.HTTPHCAbstractImpl: Local host = LAPTOP-77E72ENH
2026-09-28 19:25:16,182 INFO o.a.j.p.h.s.HTTPHC4Impl: HTTP request retry count = 0
2026-09-28 19:25:16,184 INFO o.a.j.s.SampleResult: Note: Sample TimeStamps are START times
2026-09-28 19:25:16,184 INFO o.a.j.s.SampleResult: sampleresult.default.encoding is set to UTF-8
2026-09-28 19:25:16,184 INFO o.a.j.s.SampleResult: sampleresult.useNanoTime=true
2026-09-28 19:25:16,184 INFO o.a.j.s.SampleResult: sampleresult.nanoThreadSleep=5000
2026-09-28 19:25:16,250 INFO o.a.j.t.JMeterThread: Thread started: Purchase 1-2
2026-09-28 19:25:16,349 INFO o.a.j.t.JMeterThread: Thread started: Purchase 1-3
2026-09-28 19:25:16,447 INFO o.a.j.t.JMeterThread: Thread started: Purchase 1-4
2026-09-28 19:25:16,546 INFO o.a.j.t.JMeterThread: Thread started: Purchase 1-5
2026-09-28 19:25:16,647 INFO o.a.j.t.JMeterThread: Thread started: Purchase 1-6
2026-09-28 19:25:16,745 INFO o.a.j.t.JMeterThread: Thread started: Purchase 1-7
2026-09-28 19:25:16,845 INFO o.a.j.t.JMeterThread: Thread started: Purchase 1-8
2026-09-28 19:25:16,944 INFO o.a.j.t.JMeterThread: Thread started: Purchase 1-9
2026-09-28 19:25:17,045 INFO o.a.j.t.JMeterThread: Thread started: Purchase 1-10
2026-09-28 19:25:18,714 INFO o.a.j.t.JMeterThread: Thread is done: Purchase 1-8
2026-09-28 19:25:18,714 INFO o.a.j.t.JMeterThread: Thread finished: Purchase 1-8
2026-09-28 19:25:18,726 INFO o.a.j.t.JMeterThread: Thread is done: Purchase 1-4
2026-09-28 19:25:18,726 INFO o.a.j.t.JMeterThread: Thread finished: Purchase 1-4
2026-09-28 19:25:18,732 INFO o.a.j.t.JMeterThread: Thread is done: Purchase 1-7
2026-09-28 19:25:18,732 INFO o.a.j.t.JMeterThread: Thread finished: Purchase 1-7
2026-09-28 19:25:18,835 INFO o.a.j.t.JMeterThread: Thread is done: Purchase 1-6
2026-09-28 19:25:18,835 INFO o.a.j.t.JMeterThread: Thread finished: Purchase 1-6
2026-09-28 19:25:18,836 INFO o.a.j.t.JMeterThread: Thread is done: Purchase 1-5
2026-09-28 19:25:18,836 INFO o.a.j.t.JMeterThread: Thread finished: Purchase 1-5
2026-09-28 19:25:18,854 INFO o.a.j.t.JMeterThread: Thread is done: Purchase 1-2
2026-09-28 19:25:18,854 INFO o.a.j.t.JMeterThread: Thread is done: Purchase 1-3
2026-09-28 19:25:18,854 INFO o.a.j.t.JMeterThread: Thread is done: Purchase 1-9
2026-09-28 19:25:18,855 INFO o.a.j.t.JMeterThread: Thread finished: Purchase 1-3
2026-09-28 19:25:18,855 INFO o.a.j.t.JMeterThread: Thread finished: Purchase 1-2
2026-09-28 19:25:18,855 INFO o.a.j.t.JMeterThread: Thread finished: Purchase 1-9
2026-09-28 19:25:18,883 INFO o.a.j.t.JMeterThread: Thread is done: Purchase 1-10
2026-09-28 19:25:18,883 INFO o.a.j.t.JMeterThread: Thread finished: Purchase 1-10
2026-09-28 19:25:18,884 INFO o.a.j.t.JMeterThread: Thread is done: Purchase 1-1
2026-09-28 19:25:18,884 INFO o.a.j.t.JMeterThread: Thread finished: Purchase 1-1
2026-09-28 19:25:18,885 INFO o.a.j.e.StandardJMeterEngine: Notifying test listeners of end of test
2026-09-28 19:25:18,890 INFO o.a.j.r.Summariser: summary =    200 in 00:00:03 =   72.3/s Avg:   108 Min:    12 Max:  2008 Err:     7 (3.50%)
