
  .   ____          _            __ _ _
 /\\ / ___'_ __ _ _(_)_ __  __ _ \ \ \ \
( ( )\___ | '_ | '_| | '_ \/ _` | \ \ \ \
 \\/  ___)| |_)| | | | | || (_| |  ) ) ) )
  '  |____| .__|_| |_|_| |_\__, | / / / /
 =========|_|==============|___/=/_/_/_/

 :: Spring Boot ::                (v3.3.5)

2026-09-28T19:24:52.360+08:00  INFO 34144 --- [seckill-system] [           main] com.ddk.seckill.SeckillApplication       : Starting SeckillApplication v0.0.1-SNAPSHOT using Java 21.0.12.1 with PID 34144 (C:\seckill-system\target\seckill-system-stage4.jar started by Asus in C:\seckill-system)
2026-09-28T19:24:52.365+08:00  INFO 34144 --- [seckill-system] [           main] com.ddk.seckill.SeckillApplication       : The following 1 profile is active: "stage4"
2026-09-28T19:24:54.211+08:00  INFO 34144 --- [seckill-system] [           main] .s.d.r.c.RepositoryConfigurationDelegate : Multiple Spring Data modules found, entering strict repository configuration mode
2026-09-28T19:24:54.218+08:00  INFO 34144 --- [seckill-system] [           main] .s.d.r.c.RepositoryConfigurationDelegate : Bootstrapping Spring Data Redis repositories in DEFAULT mode.
2026-09-28T19:24:54.269+08:00  INFO 34144 --- [seckill-system] [           main] .s.d.r.c.RepositoryConfigurationDelegate : Finished Spring Data repository scanning in 17 ms. Found 0 Redis repository interfaces.
2026-09-28T19:24:55.710+08:00  INFO 34144 --- [seckill-system] [           main] o.s.b.w.embedded.tomcat.TomcatWebServer  : Tomcat initialized with port 18088 (http)
2026-09-28T19:24:55.739+08:00  INFO 34144 --- [seckill-system] [           main] o.apache.catalina.core.StandardService   : Starting service [Tomcat]
2026-09-28T19:24:55.739+08:00  INFO 34144 --- [seckill-system] [           main] o.apache.catalina.core.StandardEngine    : Starting Servlet engine: [Apache Tomcat/10.1.31]
2026-09-28T19:24:55.815+08:00  INFO 34144 --- [seckill-system] [           main] o.a.c.c.C.[Tomcat].[localhost].[/api]    : Initializing Spring embedded WebApplicationContext
2026-09-28T19:24:55.817+08:00  INFO 34144 --- [seckill-system] [           main] w.s.c.ServletWebServerApplicationContext : Root WebApplicationContext: initialization completed in 3318 ms
2026-09-28T19:24:59.733+08:00  INFO 34144 --- [seckill-system] [           main] o.s.b.w.embedded.tomcat.TomcatWebServer  : Tomcat started on port 18088 (http) with context path '/api'
2026-09-28T19:24:59.747+08:00  INFO 34144 --- [seckill-system] [           main] o.s.a.r.c.CachingConnectionFactory       : Attempting to connect to: [localhost:5672]
2026-09-28T19:25:00.031+08:00  INFO 34144 --- [seckill-system] [           main] o.s.a.r.c.CachingConnectionFactory       : Created new connection: rabbitConnectionFactory#2776fd8f:0/SimpleConnection@738a39cc [delegate=amqp://seckill_app@127.0.0.1:5672/seckill, localPort=59854]
2026-09-28T19:25:00.334+08:00  INFO 34144 --- [seckill-system] [           main] com.ddk.seckill.SeckillApplication       : Started SeckillApplication in 8.741 seconds (process running for 9.77)
2026-09-28T19:25:00.402+08:00  INFO 34144 --- [seckill-system] [io-18088-exec-1] o.a.c.c.C.[Tomcat].[localhost].[/api]    : Initializing Spring DispatcherServlet 'dispatcherServlet'
2026-09-28T19:25:00.403+08:00  INFO 34144 --- [seckill-system] [io-18088-exec-1] o.s.web.servlet.DispatcherServlet        : Initializing Servlet 'dispatcherServlet'
2026-09-28T19:25:00.405+08:00  INFO 34144 --- [seckill-system] [io-18088-exec-1] o.s.web.servlet.DispatcherServlet        : Completed initialization in 2 ms
2026-09-28T19:25:18.480+08:00  INFO 34144 --- [seckill-system] [OrderListener-1] com.zaxxer.hikari.HikariDataSource       : HikariPool-1 - Starting...
2026-09-28T19:25:19.422+08:00  INFO 34144 --- [seckill-system] [OrderListener-1] com.zaxxer.hikari.pool.HikariPool        : HikariPool-1 - Added connection com.mysql.cj.jdbc.ConnectionImpl@71e79ca2
2026-09-28T19:25:19.425+08:00  INFO 34144 --- [seckill-system] [OrderListener-1] com.zaxxer.hikari.HikariDataSource       : HikariPool-1 - Start completed.
