2026-09-28 19:23:38,966 INFO o.a.j.u.JMeterUtils: Setting Locale to zh_CN
2026-09-28 19:23:39,019 INFO o.a.j.JMeter: Loading user properties from: C:\seckill-system\target\tools\apache-jmeter-5.6.3\bin\user.properties
2026-09-28 19:23:39,020 INFO o.a.j.JMeter: Loading system properties from: C:\seckill-system\target\tools\apache-jmeter-5.6.3\bin\system.properties
2026-09-28 19:23:39,021 INFO o.a.j.JMeter: Setting JMeter property: users=10
2026-09-28 19:23:39,021 INFO o.a.j.JMeter: Setting JMeter property: loops=50
2026-09-28 19:23:39,021 INFO o.a.j.JMeter: Setting JMeter property: ramp=1
2026-09-28 19:23:39,021 INFO o.a.j.JMeter: Setting JMeter property: delay=100
2026-09-28 19:23:39,021 INFO o.a.j.JMeter: Setting JMeter property: product=179
2026-09-28 19:23:39,021 INFO o.a.j.JMeter: Setting JMeter property: port=18088
2026-09-28 19:23:39,031 INFO o.a.j.JMeter: Copyright (c) 1998-2024 The Apache Software Foundation
2026-09-28 19:23:39,032 INFO o.a.j.JMeter: Version 5.6.3
2026-09-28 19:23:39,032 INFO o.a.j.JMeter: java.version=21.0.12.1
2026-09-28 19:23:39,032 INFO o.a.j.JMeter: java.vm.name=OpenJDK 64-Bit Server VM
2026-09-28 19:23:39,032 INFO o.a.j.JMeter: os.name=Windows 11
2026-09-28 19:23:39,032 INFO o.a.j.JMeter: os.arch=amd64
2026-09-28 19:23:39,032 INFO o.a.j.JMeter: os.version=10.0
2026-09-28 19:23:39,033 INFO o.a.j.JMeter: file.encoding=UTF-8
2026-09-28 19:23:39,033 INFO o.a.j.JMeter: java.awt.headless=true
2026-09-28 19:23:39,033 INFO o.a.j.JMeter: Max memory     =536870912
2026-09-28 19:23:39,033 INFO o.a.j.JMeter: Available Processors =32
2026-09-28 19:23:39,058 INFO o.a.j.JMeter: Default Locale=中文 (中国)
2026-09-28 19:23:39,059 INFO o.a.j.JMeter: JMeter  Locale=中文 (中国)
2026-09-28 19:23:39,059 INFO o.a.j.JMeter: JMeterHome=C:\seckill-system\target\tools\apache-jmeter-5.6.3
2026-09-28 19:23:39,059 INFO o.a.j.JMeter: user.dir  =C:\seckill-system
2026-09-28 19:23:39,060 INFO o.a.j.JMeter: PWD       =C:\seckill-system
2026-09-28 19:23:39,077 INFO o.a.j.JMeter: IP: 172.26.111.135 Name: LAPTOP-77E72ENH FullName: LAPTOP-77E72ENH
2026-09-28 19:23:39,094 INFO o.a.j.s.FileServer: Default base='C:\seckill-system'
2026-09-28 19:23:39,096 INFO o.a.j.s.FileServer: Set new base='C:\seckill-system\perf'
2026-09-28 19:23:39,433 INFO o.a.j.s.SaveService: Testplan (JMX) version: 2.2. Testlog (JTL) version: 2.2
2026-09-28 19:23:39,495 INFO o.a.j.s.SaveService: Using SaveService properties version 5.0
2026-09-28 19:23:39,504 INFO o.a.j.s.SaveService: Using SaveService properties file encoding UTF-8
2026-09-28 19:23:39,511 INFO o.a.j.s.SaveService: Loading file: perf\stage4.jmx
2026-09-28 19:23:39,601 INFO o.a.j.p.h.s.HTTPSamplerBase: Parser for text/html is org.apache.jmeter.protocol.http.parser.LagartoBasedHtmlParser
2026-09-28 19:23:39,602 INFO o.a.j.p.h.s.HTTPSamplerBase: Parser for application/xhtml+xml is org.apache.jmeter.protocol.http.parser.LagartoBasedHtmlParser
2026-09-28 19:23:39,602 INFO o.a.j.p.h.s.HTTPSamplerBase: Parser for application/xml is org.apache.jmeter.protocol.http.parser.LagartoBasedHtmlParser
2026-09-28 19:23:39,602 INFO o.a.j.p.h.s.HTTPSamplerBase: Parser for text/xml is org.apache.jmeter.protocol.http.parser.LagartoBasedHtmlParser
2026-09-28 19:23:39,602 INFO o.a.j.p.h.s.HTTPSamplerBase: Parser for text/vnd.wap.wml is org.apache.jmeter.protocol.http.parser.RegexpHTMLParser
2026-09-28 19:23:39,602 INFO o.a.j.p.h.s.HTTPSamplerBase: Parser for text/css is org.apache.jmeter.protocol.http.parser.CssParser
2026-09-28 19:23:39,622 INFO o.a.j.JMeter: Creating summariser <summary>
2026-09-28 19:23:39,653 INFO o.a.j.e.StandardJMeterEngine: Running the test!
2026-09-28 19:23:39,654 INFO o.a.j.s.SampleEvent: List of sample_variables: []
2026-09-28 19:23:39,654 INFO o.a.j.s.SampleEvent: List of sample_variables: []
2026-09-28 19:23:39,664 INFO o.a.j.e.u.CompoundVariable: Note: Function class names must contain the string: '.functions.'
2026-09-28 19:23:39,665 INFO o.a.j.e.u.CompoundVariable: Note: Function class names must not contain the string: '.gui.'
2026-09-28 19:23:39,779 INFO o.a.j.JMeter: 正在运行的测试 (1790594619779)
2026-09-28 19:23:39,801 INFO o.a.j.e.StandardJMeterEngine: Starting ThreadGroup: 1 : Purchase
2026-09-28 19:23:39,802 INFO o.a.j.e.StandardJMeterEngine: Starting 10 threads for group Purchase.
2026-09-28 19:23:39,802 INFO o.a.j.e.StandardJMeterEngine: Thread will continue on error
2026-09-28 19:23:39,802 INFO o.a.j.t.ThreadGroup: Starting thread group... number=1 threads=10 ramp-up=1 delayedStart=false
2026-09-28 19:23:39,814 INFO o.a.j.t.JMeterThread: Thread started: Purchase 1-1
2026-09-28 19:23:39,815 INFO o.a.j.t.ThreadGroup: Started thread group number 1
2026-09-28 19:23:39,815 INFO o.a.j.e.StandardJMeterEngine: All thread groups have been started
2026-09-28 19:23:39,909 INFO o.a.j.t.JMeterThread: Thread started: Purchase 1-2
2026-09-28 19:23:39,938 INFO o.a.j.p.h.s.HTTPHCAbstractImpl: Local host = LAPTOP-77E72ENH
2026-09-28 19:23:39,947 INFO o.a.j.p.h.s.HTTPHC4Impl: HTTP request retry count = 0
2026-09-28 19:23:39,949 INFO o.a.j.s.SampleResult: Note: Sample TimeStamps are START times
2026-09-28 19:23:39,950 INFO o.a.j.s.SampleResult: sampleresult.default.encoding is set to UTF-8
2026-09-28 19:23:39,950 INFO o.a.j.s.SampleResult: sampleresult.useNanoTime=true
2026-09-28 19:23:39,950 INFO o.a.j.s.SampleResult: sampleresult.nanoThreadSleep=5000
2026-09-28 19:23:40,008 INFO o.a.j.t.JMeterThread: Thread started: Purchase 1-3
2026-09-28 19:23:40,108 INFO o.a.j.t.JMeterThread: Thread started: Purchase 1-4
2026-09-28 19:23:40,207 INFO o.a.j.t.JMeterThread: Thread started: Purchase 1-5
2026-09-28 19:23:40,306 INFO o.a.j.t.JMeterThread: Thread started: Purchase 1-6
2026-09-28 19:23:40,406 INFO o.a.j.t.JMeterThread: Thread started: Purchase 1-7
2026-09-28 19:23:40,504 INFO o.a.j.t.JMeterThread: Thread started: Purchase 1-8
2026-09-28 19:23:40,604 INFO o.a.j.t.JMeterThread: Thread started: Purchase 1-9
2026-09-28 19:23:40,704 INFO o.a.j.t.JMeterThread: Thread started: Purchase 1-10
2026-09-28 19:23:46,178 INFO o.a.j.t.JMeterThread: Thread is done: Purchase 1-2
2026-09-28 19:23:46,178 INFO o.a.j.t.JMeterThread: Thread finished: Purchase 1-2
2026-09-28 19:23:46,181 INFO o.a.j.t.JMeterThread: Thread is done: Purchase 1-1
2026-09-28 19:23:46,181 INFO o.a.j.t.JMeterThread: Thread is done: Purchase 1-3
2026-09-28 19:23:46,181 INFO o.a.j.t.JMeterThread: Thread finished: Purchase 1-1
2026-09-28 19:23:46,181 INFO o.a.j.t.JMeterThread: Thread finished: Purchase 1-3
2026-09-28 19:23:46,241 INFO o.a.j.t.JMeterThread: Thread is done: Purchase 1-4
2026-09-28 19:23:46,241 INFO o.a.j.t.JMeterThread: Thread finished: Purchase 1-4
2026-09-28 19:23:46,350 INFO o.a.j.t.JMeterThread: Thread is done: Purchase 1-5
2026-09-28 19:23:46,350 INFO o.a.j.t.JMeterThread: Thread finished: Purchase 1-5
2026-09-28 19:23:46,472 INFO o.a.j.t.JMeterThread: Thread is done: Purchase 1-6
2026-09-28 19:23:46,472 INFO o.a.j.t.JMeterThread: Thread finished: Purchase 1-6
2026-09-28 19:23:46,535 INFO o.a.j.t.JMeterThread: Thread is done: Purchase 1-7
2026-09-28 19:23:46,535 INFO o.a.j.t.JMeterThread: Thread finished: Purchase 1-7
2026-09-28 19:23:46,657 INFO o.a.j.t.JMeterThread: Thread is done: Purchase 1-8
2026-09-28 19:23:46,657 INFO o.a.j.t.JMeterThread: Thread finished: Purchase 1-8
2026-09-28 19:23:46,769 INFO o.a.j.t.JMeterThread: Thread is done: Purchase 1-9
2026-09-28 19:23:46,769 INFO o.a.j.t.JMeterThread: Thread finished: Purchase 1-9
2026-09-28 19:23:46,827 INFO o.a.j.t.JMeterThread: Thread is done: Purchase 1-10
2026-09-28 19:23:46,828 INFO o.a.j.t.JMeterThread: Thread finished: Purchase 1-10
2026-09-28 19:23:46,828 INFO o.a.j.e.StandardJMeterEngine: Notifying test listeners of end of test
2026-09-28 19:23:46,834 INFO o.a.j.r.Summariser: summary =    500 in 00:00:07 =   70.9/s Avg:    13 Min:     6 Max:    76 Err:     0 (0.00%)
