2026-09-28 19:23:17,759 INFO o.a.j.u.JMeterUtils: Setting Locale to zh_CN
2026-09-28 19:23:17,812 INFO o.a.j.JMeter: Loading user properties from: C:\seckill-system\target\tools\apache-jmeter-5.6.3\bin\user.properties
2026-09-28 19:23:17,813 INFO o.a.j.JMeter: Loading system properties from: C:\seckill-system\target\tools\apache-jmeter-5.6.3\bin\system.properties
2026-09-28 19:23:17,815 INFO o.a.j.JMeter: Setting JMeter property: users=10
2026-09-28 19:23:17,815 INFO o.a.j.JMeter: Setting JMeter property: loops=20
2026-09-28 19:23:17,815 INFO o.a.j.JMeter: Setting JMeter property: ramp=1
2026-09-28 19:23:17,816 INFO o.a.j.JMeter: Setting JMeter property: delay=0
2026-09-28 19:23:17,816 INFO o.a.j.JMeter: Setting JMeter property: product=178
2026-09-28 19:23:17,816 INFO o.a.j.JMeter: Setting JMeter property: port=18088
2026-09-28 19:23:17,826 INFO o.a.j.JMeter: Copyright (c) 1998-2024 The Apache Software Foundation
2026-09-28 19:23:17,826 INFO o.a.j.JMeter: Version 5.6.3
2026-09-28 19:23:17,826 INFO o.a.j.JMeter: java.version=21.0.12.1
2026-09-28 19:23:17,826 INFO o.a.j.JMeter: java.vm.name=OpenJDK 64-Bit Server VM
2026-09-28 19:23:17,826 INFO o.a.j.JMeter: os.name=Windows 11
2026-09-28 19:23:17,826 INFO o.a.j.JMeter: os.arch=amd64
2026-09-28 19:23:17,826 INFO o.a.j.JMeter: os.version=10.0
2026-09-28 19:23:17,826 INFO o.a.j.JMeter: file.encoding=UTF-8
2026-09-28 19:23:17,826 INFO o.a.j.JMeter: java.awt.headless=true
2026-09-28 19:23:17,826 INFO o.a.j.JMeter: Max memory     =536870912
2026-09-28 19:23:17,827 INFO o.a.j.JMeter: Available Processors =32
2026-09-28 19:23:17,841 INFO o.a.j.JMeter: Default Locale=中文 (中国)
2026-09-28 19:23:17,842 INFO o.a.j.JMeter: JMeter  Locale=中文 (中国)
2026-09-28 19:23:17,842 INFO o.a.j.JMeter: JMeterHome=C:\seckill-system\target\tools\apache-jmeter-5.6.3
2026-09-28 19:23:17,842 INFO o.a.j.JMeter: user.dir  =C:\seckill-system
2026-09-28 19:23:17,842 INFO o.a.j.JMeter: PWD       =C:\seckill-system
2026-09-28 19:23:17,861 INFO o.a.j.JMeter: IP: 172.26.111.135 Name: LAPTOP-77E72ENH FullName: LAPTOP-77E72ENH
2026-09-28 19:23:17,897 INFO o.a.j.s.FileServer: Default base='C:\seckill-system'
2026-09-28 19:23:17,901 INFO o.a.j.s.FileServer: Set new base='C:\seckill-system\perf'
2026-09-28 19:23:18,322 INFO o.a.j.s.SaveService: Testplan (JMX) version: 2.2. Testlog (JTL) version: 2.2
2026-09-28 19:23:18,377 INFO o.a.j.s.SaveService: Using SaveService properties version 5.0
2026-09-28 19:23:18,384 INFO o.a.j.s.SaveService: Using SaveService properties file encoding UTF-8
2026-09-28 19:23:18,390 INFO o.a.j.s.SaveService: Loading file: perf\stage4.jmx
2026-09-28 19:23:18,494 INFO o.a.j.p.h.s.HTTPSamplerBase: Parser for text/html is org.apache.jmeter.protocol.http.parser.LagartoBasedHtmlParser
2026-09-28 19:23:18,495 INFO o.a.j.p.h.s.HTTPSamplerBase: Parser for application/xhtml+xml is org.apache.jmeter.protocol.http.parser.LagartoBasedHtmlParser
2026-09-28 19:23:18,495 INFO o.a.j.p.h.s.HTTPSamplerBase: Parser for application/xml is org.apache.jmeter.protocol.http.parser.LagartoBasedHtmlParser
2026-09-28 19:23:18,495 INFO o.a.j.p.h.s.HTTPSamplerBase: Parser for text/xml is org.apache.jmeter.protocol.http.parser.LagartoBasedHtmlParser
2026-09-28 19:23:18,495 INFO o.a.j.p.h.s.HTTPSamplerBase: Parser for text/vnd.wap.wml is org.apache.jmeter.protocol.http.parser.RegexpHTMLParser
2026-09-28 19:23:18,495 INFO o.a.j.p.h.s.HTTPSamplerBase: Parser for text/css is org.apache.jmeter.protocol.http.parser.CssParser
2026-09-28 19:23:18,520 INFO o.a.j.JMeter: Creating summariser <summary>
2026-09-28 19:23:18,556 INFO o.a.j.e.StandardJMeterEngine: Running the test!
2026-09-28 19:23:18,557 INFO o.a.j.s.SampleEvent: List of sample_variables: []
2026-09-28 19:23:18,557 INFO o.a.j.s.SampleEvent: List of sample_variables: []
2026-09-28 19:23:18,568 INFO o.a.j.e.u.CompoundVariable: Note: Function class names must contain the string: '.functions.'
2026-09-28 19:23:18,568 INFO o.a.j.e.u.CompoundVariable: Note: Function class names must not contain the string: '.gui.'
2026-09-28 19:23:18,687 INFO o.a.j.JMeter: 正在运行的测试 (1790594598687)
2026-09-28 19:23:18,711 INFO o.a.j.e.StandardJMeterEngine: Starting ThreadGroup: 1 : Purchase
2026-09-28 19:23:18,711 INFO o.a.j.e.StandardJMeterEngine: Starting 10 threads for group Purchase.
2026-09-28 19:23:18,711 INFO o.a.j.e.StandardJMeterEngine: Thread will continue on error
2026-09-28 19:23:18,712 INFO o.a.j.t.ThreadGroup: Starting thread group... number=1 threads=10 ramp-up=1 delayedStart=false
2026-09-28 19:23:18,722 INFO o.a.j.t.JMeterThread: Thread started: Purchase 1-1
2026-09-28 19:23:18,724 INFO o.a.j.t.ThreadGroup: Started thread group number 1
2026-09-28 19:23:18,724 INFO o.a.j.e.StandardJMeterEngine: All thread groups have been started
2026-09-28 19:23:18,751 INFO o.a.j.p.h.s.HTTPHCAbstractImpl: Local host = LAPTOP-77E72ENH
2026-09-28 19:23:18,759 INFO o.a.j.p.h.s.HTTPHC4Impl: HTTP request retry count = 0
2026-09-28 19:23:18,762 INFO o.a.j.s.SampleResult: Note: Sample TimeStamps are START times
2026-09-28 19:23:18,762 INFO o.a.j.s.SampleResult: sampleresult.default.encoding is set to UTF-8
2026-09-28 19:23:18,762 INFO o.a.j.s.SampleResult: sampleresult.useNanoTime=true
2026-09-28 19:23:18,762 INFO o.a.j.s.SampleResult: sampleresult.nanoThreadSleep=5000
2026-09-28 19:23:18,819 INFO o.a.j.t.JMeterThread: Thread started: Purchase 1-2
2026-09-28 19:23:18,918 INFO o.a.j.t.JMeterThread: Thread started: Purchase 1-3
2026-09-28 19:23:19,018 INFO o.a.j.t.JMeterThread: Thread started: Purchase 1-4
2026-09-28 19:23:19,118 INFO o.a.j.t.JMeterThread: Thread started: Purchase 1-5
2026-09-28 19:23:19,216 INFO o.a.j.t.JMeterThread: Thread started: Purchase 1-6
2026-09-28 19:23:19,316 INFO o.a.j.t.JMeterThread: Thread started: Purchase 1-7
2026-09-28 19:23:19,414 INFO o.a.j.t.JMeterThread: Thread started: Purchase 1-8
2026-09-28 19:23:19,514 INFO o.a.j.t.JMeterThread: Thread started: Purchase 1-9
2026-09-28 19:23:19,614 INFO o.a.j.t.JMeterThread: Thread started: Purchase 1-10
2026-09-28 19:23:20,848 INFO o.a.j.t.JMeterThread: Thread is done: Purchase 1-5
2026-09-28 19:23:20,849 INFO o.a.j.t.JMeterThread: Thread finished: Purchase 1-5
2026-09-28 19:23:20,850 INFO o.a.j.t.JMeterThread: Thread is done: Purchase 1-3
2026-09-28 19:23:20,850 INFO o.a.j.t.JMeterThread: Thread finished: Purchase 1-3
2026-09-28 19:23:20,851 INFO o.a.j.t.JMeterThread: Thread is done: Purchase 1-10
2026-09-28 19:23:20,851 INFO o.a.j.t.JMeterThread: Thread finished: Purchase 1-10
2026-09-28 19:23:20,852 INFO o.a.j.t.JMeterThread: Thread is done: Purchase 1-7
2026-09-28 19:23:20,852 INFO o.a.j.t.JMeterThread: Thread finished: Purchase 1-7
2026-09-28 19:23:20,856 INFO o.a.j.t.JMeterThread: Thread is done: Purchase 1-6
2026-09-28 19:23:20,857 INFO o.a.j.t.JMeterThread: Thread finished: Purchase 1-6
2026-09-28 19:23:20,858 INFO o.a.j.t.JMeterThread: Thread is done: Purchase 1-8
2026-09-28 19:23:20,858 INFO o.a.j.t.JMeterThread: Thread finished: Purchase 1-8
2026-09-28 19:23:20,859 INFO o.a.j.t.JMeterThread: Thread is done: Purchase 1-1
2026-09-28 19:23:20,859 INFO o.a.j.t.JMeterThread: Thread finished: Purchase 1-1
2026-09-28 19:23:20,861 INFO o.a.j.t.JMeterThread: Thread is done: Purchase 1-4
2026-09-28 19:23:20,861 INFO o.a.j.t.JMeterThread: Thread is done: Purchase 1-9
2026-09-28 19:23:20,861 INFO o.a.j.t.JMeterThread: Thread is done: Purchase 1-2
2026-09-28 19:23:20,861 INFO o.a.j.t.JMeterThread: Thread finished: Purchase 1-4
2026-09-28 19:23:20,861 INFO o.a.j.t.JMeterThread: Thread finished: Purchase 1-9
2026-09-28 19:23:20,861 INFO o.a.j.t.JMeterThread: Thread finished: Purchase 1-2
2026-09-28 19:23:20,861 INFO o.a.j.e.StandardJMeterEngine: Notifying test listeners of end of test
2026-09-28 19:23:20,870 INFO o.a.j.r.Summariser: summary =    200 in 00:00:02 =   91.7/s Avg:    81 Min:     9 Max:  1634 Err:     0 (0.00%)
