2026-09-28 19:24:03,605 INFO o.a.j.u.JMeterUtils: Setting Locale to zh_CN
2026-09-28 19:24:03,650 INFO o.a.j.JMeter: Loading user properties from: C:\seckill-system\target\tools\apache-jmeter-5.6.3\bin\user.properties
2026-09-28 19:24:03,650 INFO o.a.j.JMeter: Loading system properties from: C:\seckill-system\target\tools\apache-jmeter-5.6.3\bin\system.properties
2026-09-28 19:24:03,651 INFO o.a.j.JMeter: Setting JMeter property: users=100
2026-09-28 19:24:03,651 INFO o.a.j.JMeter: Setting JMeter property: loops=100
2026-09-28 19:24:03,651 INFO o.a.j.JMeter: Setting JMeter property: ramp=1
2026-09-28 19:24:03,651 INFO o.a.j.JMeter: Setting JMeter property: delay=0
2026-09-28 19:24:03,652 INFO o.a.j.JMeter: Setting JMeter property: product=180
2026-09-28 19:24:03,652 INFO o.a.j.JMeter: Setting JMeter property: port=18088
2026-09-28 19:24:03,669 INFO o.a.j.JMeter: Copyright (c) 1998-2024 The Apache Software Foundation
2026-09-28 19:24:03,669 INFO o.a.j.JMeter: Version 5.6.3
2026-09-28 19:24:03,669 INFO o.a.j.JMeter: java.version=21.0.12.1
2026-09-28 19:24:03,670 INFO o.a.j.JMeter: java.vm.name=OpenJDK 64-Bit Server VM
2026-09-28 19:24:03,670 INFO o.a.j.JMeter: os.name=Windows 11
2026-09-28 19:24:03,670 INFO o.a.j.JMeter: os.arch=amd64
2026-09-28 19:24:03,670 INFO o.a.j.JMeter: os.version=10.0
2026-09-28 19:24:03,670 INFO o.a.j.JMeter: file.encoding=UTF-8
2026-09-28 19:24:03,670 INFO o.a.j.JMeter: java.awt.headless=true
2026-09-28 19:24:03,670 INFO o.a.j.JMeter: Max memory     =536870912
2026-09-28 19:24:03,670 INFO o.a.j.JMeter: Available Processors =32
2026-09-28 19:24:03,683 INFO o.a.j.JMeter: Default Locale=中文 (中国)
2026-09-28 19:24:03,683 INFO o.a.j.JMeter: JMeter  Locale=中文 (中国)
2026-09-28 19:24:03,683 INFO o.a.j.JMeter: JMeterHome=C:\seckill-system\target\tools\apache-jmeter-5.6.3
2026-09-28 19:24:03,684 INFO o.a.j.JMeter: user.dir  =C:\seckill-system
2026-09-28 19:24:03,684 INFO o.a.j.JMeter: PWD       =C:\seckill-system
2026-09-28 19:24:03,701 INFO o.a.j.JMeter: IP: 172.26.111.135 Name: LAPTOP-77E72ENH FullName: LAPTOP-77E72ENH
2026-09-28 19:24:03,721 INFO o.a.j.s.FileServer: Default base='C:\seckill-system'
2026-09-28 19:24:03,723 INFO o.a.j.s.FileServer: Set new base='C:\seckill-system\perf'
2026-09-28 19:24:04,036 INFO o.a.j.s.SaveService: Testplan (JMX) version: 2.2. Testlog (JTL) version: 2.2
2026-09-28 19:24:04,083 INFO o.a.j.s.SaveService: Using SaveService properties version 5.0
2026-09-28 19:24:04,092 INFO o.a.j.s.SaveService: Using SaveService properties file encoding UTF-8
2026-09-28 19:24:04,099 INFO o.a.j.s.SaveService: Loading file: perf\stage4.jmx
2026-09-28 19:24:04,186 INFO o.a.j.p.h.s.HTTPSamplerBase: Parser for text/html is org.apache.jmeter.protocol.http.parser.LagartoBasedHtmlParser
2026-09-28 19:24:04,186 INFO o.a.j.p.h.s.HTTPSamplerBase: Parser for application/xhtml+xml is org.apache.jmeter.protocol.http.parser.LagartoBasedHtmlParser
2026-09-28 19:24:04,187 INFO o.a.j.p.h.s.HTTPSamplerBase: Parser for application/xml is org.apache.jmeter.protocol.http.parser.LagartoBasedHtmlParser
2026-09-28 19:24:04,187 INFO o.a.j.p.h.s.HTTPSamplerBase: Parser for text/xml is org.apache.jmeter.protocol.http.parser.LagartoBasedHtmlParser
2026-09-28 19:24:04,187 INFO o.a.j.p.h.s.HTTPSamplerBase: Parser for text/vnd.wap.wml is org.apache.jmeter.protocol.http.parser.RegexpHTMLParser
2026-09-28 19:24:04,187 INFO o.a.j.p.h.s.HTTPSamplerBase: Parser for text/css is org.apache.jmeter.protocol.http.parser.CssParser
2026-09-28 19:24:04,207 INFO o.a.j.JMeter: Creating summariser <summary>
2026-09-28 19:24:04,239 INFO o.a.j.e.StandardJMeterEngine: Running the test!
2026-09-28 19:24:04,240 INFO o.a.j.s.SampleEvent: List of sample_variables: []
2026-09-28 19:24:04,240 INFO o.a.j.s.SampleEvent: List of sample_variables: []
2026-09-28 19:24:04,253 INFO o.a.j.e.u.CompoundVariable: Note: Function class names must contain the string: '.functions.'
2026-09-28 19:24:04,253 INFO o.a.j.e.u.CompoundVariable: Note: Function class names must not contain the string: '.gui.'
2026-09-28 19:24:04,371 INFO o.a.j.JMeter: 正在运行的测试 (1790594644371)
2026-09-28 19:24:04,393 INFO o.a.j.e.StandardJMeterEngine: Starting ThreadGroup: 1 : Purchase
2026-09-28 19:24:04,393 INFO o.a.j.e.StandardJMeterEngine: Starting 100 threads for group Purchase.
2026-09-28 19:24:04,393 INFO o.a.j.e.StandardJMeterEngine: Thread will continue on error
2026-09-28 19:24:04,394 INFO o.a.j.t.ThreadGroup: Starting thread group... number=1 threads=100 ramp-up=1 delayedStart=false
2026-09-28 19:24:04,406 INFO o.a.j.t.JMeterThread: Thread started: Purchase 1-1
2026-09-28 19:24:04,411 INFO o.a.j.t.JMeterThread: Thread started: Purchase 1-2
2026-09-28 19:24:04,419 INFO o.a.j.t.JMeterThread: Thread started: Purchase 1-3
2026-09-28 19:24:04,429 INFO o.a.j.t.JMeterThread: Thread started: Purchase 1-4
2026-09-28 19:24:04,438 INFO o.a.j.t.JMeterThread: Thread started: Purchase 1-5
2026-09-28 19:24:04,445 INFO o.a.j.p.h.s.HTTPHCAbstractImpl: Local host = LAPTOP-77E72ENH
2026-09-28 19:24:04,447 INFO o.a.j.t.JMeterThread: Thread started: Purchase 1-6
2026-09-28 19:24:04,456 INFO o.a.j.t.JMeterThread: Thread started: Purchase 1-7
2026-09-28 19:24:04,463 INFO o.a.j.t.ThreadGroup: Started thread group number 1
2026-09-28 19:24:04,463 INFO o.a.j.e.StandardJMeterEngine: All thread groups have been started
2026-09-28 19:24:04,466 INFO o.a.j.t.JMeterThread: Thread started: Purchase 1-8
2026-09-28 19:24:04,468 INFO o.a.j.p.h.s.HTTPHC4Impl: HTTP request retry count = 0
2026-09-28 19:24:04,470 INFO o.a.j.s.SampleResult: Note: Sample TimeStamps are START times
2026-09-28 19:24:04,470 INFO o.a.j.s.SampleResult: sampleresult.default.encoding is set to UTF-8
2026-09-28 19:24:04,471 INFO o.a.j.s.SampleResult: sampleresult.useNanoTime=true
2026-09-28 19:24:04,471 INFO o.a.j.s.SampleResult: sampleresult.nanoThreadSleep=5000
2026-09-28 19:24:04,477 INFO o.a.j.t.JMeterThread: Thread started: Purchase 1-9
2026-09-28 19:24:04,485 INFO o.a.j.t.JMeterThread: Thread started: Purchase 1-10
2026-09-28 19:24:04,495 INFO o.a.j.t.JMeterThread: Thread started: Purchase 1-11
2026-09-28 19:24:04,507 INFO o.a.j.t.JMeterThread: Thread started: Purchase 1-12
2026-09-28 19:24:04,517 INFO o.a.j.t.JMeterThread: Thread started: Purchase 1-13
2026-09-28 19:24:04,527 INFO o.a.j.t.JMeterThread: Thread started: Purchase 1-14
2026-09-28 19:24:04,535 INFO o.a.j.t.JMeterThread: Thread started: Purchase 1-15
2026-09-28 19:24:04,547 INFO o.a.j.t.JMeterThread: Thread started: Purchase 1-16
2026-09-28 19:24:04,554 INFO o.a.j.t.JMeterThread: Thread started: Purchase 1-17
2026-09-28 19:24:04,567 INFO o.a.j.t.JMeterThread: Thread started: Purchase 1-18
2026-09-28 19:24:04,576 INFO o.a.j.t.JMeterThread: Thread started: Purchase 1-19
2026-09-28 19:24:04,586 INFO o.a.j.t.JMeterThread: Thread started: Purchase 1-20
2026-09-28 19:24:04,596 INFO o.a.j.t.JMeterThread: Thread started: Purchase 1-21
2026-09-28 19:24:04,607 INFO o.a.j.t.JMeterThread: Thread started: Purchase 1-22
2026-09-28 19:24:04,618 INFO o.a.j.t.JMeterThread: Thread started: Purchase 1-23
2026-09-28 19:24:04,628 INFO o.a.j.t.JMeterThread: Thread started: Purchase 1-24
2026-09-28 19:24:04,636 INFO o.a.j.t.JMeterThread: Thread started: Purchase 1-25
2026-09-28 19:24:04,647 INFO o.a.j.t.JMeterThread: Thread started: Purchase 1-26
2026-09-28 19:24:04,657 INFO o.a.j.t.JMeterThread: Thread started: Purchase 1-27
2026-09-28 19:24:04,667 INFO o.a.j.t.JMeterThread: Thread started: Purchase 1-28
2026-09-28 19:24:04,678 INFO o.a.j.t.JMeterThread: Thread started: Purchase 1-29
2026-09-28 19:24:04,686 INFO o.a.j.t.JMeterThread: Thread started: Purchase 1-30
2026-09-28 19:24:04,697 INFO o.a.j.t.JMeterThread: Thread started: Purchase 1-31
2026-09-28 19:24:04,706 INFO o.a.j.t.JMeterThread: Thread started: Purchase 1-32
2026-09-28 19:24:04,717 INFO o.a.j.t.JMeterThread: Thread started: Purchase 1-33
2026-09-28 19:24:04,726 INFO o.a.j.t.JMeterThread: Thread started: Purchase 1-34
2026-09-28 19:24:04,735 INFO o.a.j.t.JMeterThread: Thread started: Purchase 1-35
2026-09-28 19:24:04,748 INFO o.a.j.t.JMeterThread: Thread started: Purchase 1-36
2026-09-28 19:24:04,756 INFO o.a.j.t.JMeterThread: Thread started: Purchase 1-37
2026-09-28 19:24:04,768 INFO o.a.j.t.JMeterThread: Thread started: Purchase 1-38
2026-09-28 19:24:04,776 INFO o.a.j.t.JMeterThread: Thread started: Purchase 1-39
2026-09-28 19:24:04,786 INFO o.a.j.t.JMeterThread: Thread started: Purchase 1-40
2026-09-28 19:24:04,796 INFO o.a.j.t.JMeterThread: Thread started: Purchase 1-41
2026-09-28 19:24:04,797 INFO o.a.j.r.Summariser: summary +      1 in 00:00:00 =    2.4/s Avg:   116 Min:   116 Max:   116 Err:     0 (0.00%) Active: 40 Started: 40 Finished: 0
2026-09-28 19:24:04,806 INFO o.a.j.t.JMeterThread: Thread started: Purchase 1-42
2026-09-28 19:24:04,816 INFO o.a.j.t.JMeterThread: Thread started: Purchase 1-43
2026-09-28 19:24:04,826 INFO o.a.j.t.JMeterThread: Thread started: Purchase 1-44
2026-09-28 19:24:04,836 INFO o.a.j.t.JMeterThread: Thread started: Purchase 1-45
2026-09-28 19:24:04,846 INFO o.a.j.t.JMeterThread: Thread started: Purchase 1-46
2026-09-28 19:24:04,855 INFO o.a.j.t.JMeterThread: Thread started: Purchase 1-47
2026-09-28 19:24:04,868 INFO o.a.j.t.JMeterThread: Thread started: Purchase 1-48
2026-09-28 19:24:04,876 INFO o.a.j.t.JMeterThread: Thread started: Purchase 1-49
2026-09-28 19:24:04,891 INFO o.a.j.t.JMeterThread: Thread started: Purchase 1-50
2026-09-28 19:24:04,897 INFO o.a.j.t.JMeterThread: Thread started: Purchase 1-51
2026-09-28 19:24:04,906 INFO o.a.j.t.JMeterThread: Thread started: Purchase 1-52
2026-09-28 19:24:04,918 INFO o.a.j.t.JMeterThread: Thread started: Purchase 1-53
2026-09-28 19:24:04,926 INFO o.a.j.t.JMeterThread: Thread started: Purchase 1-54
2026-09-28 19:24:04,936 INFO o.a.j.t.JMeterThread: Thread started: Purchase 1-55
2026-09-28 19:24:04,947 INFO o.a.j.t.JMeterThread: Thread started: Purchase 1-56
2026-09-28 19:24:04,956 INFO o.a.j.t.JMeterThread: Thread started: Purchase 1-57
2026-09-28 19:24:04,966 INFO o.a.j.t.JMeterThread: Thread started: Purchase 1-58
2026-09-28 19:24:04,977 INFO o.a.j.t.JMeterThread: Thread started: Purchase 1-59
2026-09-28 19:24:04,987 INFO o.a.j.t.JMeterThread: Thread started: Purchase 1-60
2026-09-28 19:24:04,997 INFO o.a.j.t.JMeterThread: Thread started: Purchase 1-61
2026-09-28 19:24:05,006 INFO o.a.j.t.JMeterThread: Thread started: Purchase 1-62
2026-09-28 19:24:05,016 INFO o.a.j.t.JMeterThread: Thread started: Purchase 1-63
2026-09-28 19:24:05,026 INFO o.a.j.t.JMeterThread: Thread started: Purchase 1-64
2026-09-28 19:24:05,036 INFO o.a.j.t.JMeterThread: Thread started: Purchase 1-65
2026-09-28 19:24:05,046 INFO o.a.j.t.JMeterThread: Thread started: Purchase 1-66
2026-09-28 19:24:05,057 INFO o.a.j.t.JMeterThread: Thread started: Purchase 1-67
2026-09-28 19:24:05,067 INFO o.a.j.t.JMeterThread: Thread started: Purchase 1-68
2026-09-28 19:24:05,077 INFO o.a.j.t.JMeterThread: Thread started: Purchase 1-69
2026-09-28 19:24:05,087 INFO o.a.j.t.JMeterThread: Thread started: Purchase 1-70
2026-09-28 19:24:05,097 INFO o.a.j.t.JMeterThread: Thread started: Purchase 1-71
2026-09-28 19:24:05,108 INFO o.a.j.t.JMeterThread: Thread started: Purchase 1-72
2026-09-28 19:24:05,116 INFO o.a.j.t.JMeterThread: Thread started: Purchase 1-73
2026-09-28 19:24:05,127 INFO o.a.j.t.JMeterThread: Thread started: Purchase 1-74
2026-09-28 19:24:05,136 INFO o.a.j.t.JMeterThread: Thread started: Purchase 1-75
2026-09-28 19:24:05,146 INFO o.a.j.t.JMeterThread: Thread started: Purchase 1-76
2026-09-28 19:24:05,158 INFO o.a.j.t.JMeterThread: Thread started: Purchase 1-77
2026-09-28 19:24:05,168 INFO o.a.j.t.JMeterThread: Thread started: Purchase 1-78
2026-09-28 19:24:05,176 INFO o.a.j.t.JMeterThread: Thread started: Purchase 1-79
2026-09-28 19:24:05,186 INFO o.a.j.t.JMeterThread: Thread started: Purchase 1-80
2026-09-28 19:24:05,198 INFO o.a.j.t.JMeterThread: Thread started: Purchase 1-81
2026-09-28 19:24:05,214 INFO o.a.j.t.JMeterThread: Thread started: Purchase 1-82
2026-09-28 19:24:05,217 INFO o.a.j.t.JMeterThread: Thread started: Purchase 1-83
2026-09-28 19:24:05,228 INFO o.a.j.t.JMeterThread: Thread started: Purchase 1-84
2026-09-28 19:24:05,236 INFO o.a.j.t.JMeterThread: Thread started: Purchase 1-85
2026-09-28 19:24:05,247 INFO o.a.j.t.JMeterThread: Thread started: Purchase 1-86
2026-09-28 19:24:05,258 INFO o.a.j.t.JMeterThread: Thread started: Purchase 1-87
2026-09-28 19:24:05,266 INFO o.a.j.t.JMeterThread: Thread started: Purchase 1-88
2026-09-28 19:24:05,276 INFO o.a.j.t.JMeterThread: Thread started: Purchase 1-89
2026-09-28 19:24:05,286 INFO o.a.j.t.JMeterThread: Thread started: Purchase 1-90
2026-09-28 19:24:05,296 INFO o.a.j.t.JMeterThread: Thread started: Purchase 1-91
2026-09-28 19:24:05,307 INFO o.a.j.t.JMeterThread: Thread started: Purchase 1-92
2026-09-28 19:24:05,316 INFO o.a.j.t.JMeterThread: Thread started: Purchase 1-93
2026-09-28 19:24:05,326 INFO o.a.j.t.JMeterThread: Thread started: Purchase 1-94
2026-09-28 19:24:05,337 INFO o.a.j.t.JMeterThread: Thread started: Purchase 1-95
2026-09-28 19:24:05,346 INFO o.a.j.t.JMeterThread: Thread started: Purchase 1-96
2026-09-28 19:24:05,358 INFO o.a.j.t.JMeterThread: Thread started: Purchase 1-97
2026-09-28 19:24:05,366 INFO o.a.j.t.JMeterThread: Thread started: Purchase 1-98
2026-09-28 19:24:05,381 INFO o.a.j.t.JMeterThread: Thread started: Purchase 1-99
2026-09-28 19:24:05,386 INFO o.a.j.t.JMeterThread: Thread started: Purchase 1-100
2026-09-28 19:24:09,642 INFO o.a.j.t.JMeterThread: Thread is done: Purchase 1-45
2026-09-28 19:24:09,642 INFO o.a.j.t.JMeterThread: Thread is done: Purchase 1-12
2026-09-28 19:24:09,642 INFO o.a.j.t.JMeterThread: Thread finished: Purchase 1-45
2026-09-28 19:24:09,642 INFO o.a.j.t.JMeterThread: Thread finished: Purchase 1-12
2026-09-28 19:24:09,675 INFO o.a.j.t.JMeterThread: Thread is done: Purchase 1-17
2026-09-28 19:24:09,675 INFO o.a.j.t.JMeterThread: Thread finished: Purchase 1-17
2026-09-28 19:24:09,677 INFO o.a.j.t.JMeterThread: Thread is done: Purchase 1-48
2026-09-28 19:24:09,677 INFO o.a.j.t.JMeterThread: Thread finished: Purchase 1-48
2026-09-28 19:24:09,694 INFO o.a.j.t.JMeterThread: Thread is done: Purchase 1-39
2026-09-28 19:24:09,694 INFO o.a.j.t.JMeterThread: Thread finished: Purchase 1-39
2026-09-28 19:24:09,698 INFO o.a.j.t.JMeterThread: Thread is done: Purchase 1-30
2026-09-28 19:24:09,698 INFO o.a.j.t.JMeterThread: Thread finished: Purchase 1-30
2026-09-28 19:24:09,717 INFO o.a.j.t.JMeterThread: Thread is done: Purchase 1-33
2026-09-28 19:24:09,717 INFO o.a.j.t.JMeterThread: Thread finished: Purchase 1-33
2026-09-28 19:24:09,720 INFO o.a.j.t.JMeterThread: Thread is done: Purchase 1-11
2026-09-28 19:24:09,720 INFO o.a.j.t.JMeterThread: Thread finished: Purchase 1-11
2026-09-28 19:24:09,757 INFO o.a.j.t.JMeterThread: Thread is done: Purchase 1-42
2026-09-28 19:24:09,757 INFO o.a.j.t.JMeterThread: Thread finished: Purchase 1-42
2026-09-28 19:24:09,767 INFO o.a.j.t.JMeterThread: Thread is done: Purchase 1-20
2026-09-28 19:24:09,768 INFO o.a.j.t.JMeterThread: Thread finished: Purchase 1-20
2026-09-28 19:24:09,785 INFO o.a.j.t.JMeterThread: Thread is done: Purchase 1-28
2026-09-28 19:24:09,785 INFO o.a.j.t.JMeterThread: Thread finished: Purchase 1-28
2026-09-28 19:24:09,791 INFO o.a.j.t.JMeterThread: Thread is done: Purchase 1-61
2026-09-28 19:24:09,791 INFO o.a.j.t.JMeterThread: Thread finished: Purchase 1-61
2026-09-28 19:24:09,809 INFO o.a.j.t.JMeterThread: Thread is done: Purchase 1-34
2026-09-28 19:24:09,809 INFO o.a.j.t.JMeterThread: Thread finished: Purchase 1-34
2026-09-28 19:24:09,814 INFO o.a.j.t.JMeterThread: Thread is done: Purchase 1-7
2026-09-28 19:24:09,814 INFO o.a.j.t.JMeterThread: Thread finished: Purchase 1-7
2026-09-28 19:24:09,817 INFO o.a.j.t.JMeterThread: Thread is done: Purchase 1-41
2026-09-28 19:24:09,817 INFO o.a.j.t.JMeterThread: Thread finished: Purchase 1-41
2026-09-28 19:24:09,826 INFO o.a.j.t.JMeterThread: Thread is done: Purchase 1-25
2026-09-28 19:24:09,826 INFO o.a.j.t.JMeterThread: Thread finished: Purchase 1-25
2026-09-28 19:24:09,835 INFO o.a.j.t.JMeterThread: Thread is done: Purchase 1-1
2026-09-28 19:24:09,835 INFO o.a.j.t.JMeterThread: Thread finished: Purchase 1-1
2026-09-28 19:24:09,835 INFO o.a.j.t.JMeterThread: Thread is done: Purchase 1-19
2026-09-28 19:24:09,835 INFO o.a.j.t.JMeterThread: Thread finished: Purchase 1-19
2026-09-28 19:24:09,861 INFO o.a.j.t.JMeterThread: Thread is done: Purchase 1-14
2026-09-28 19:24:09,861 INFO o.a.j.t.JMeterThread: Thread finished: Purchase 1-14
2026-09-28 19:24:09,865 INFO o.a.j.t.JMeterThread: Thread is done: Purchase 1-26
2026-09-28 19:24:09,865 INFO o.a.j.t.JMeterThread: Thread finished: Purchase 1-26
2026-09-28 19:24:09,870 INFO o.a.j.t.JMeterThread: Thread is done: Purchase 1-15
2026-09-28 19:24:09,870 INFO o.a.j.t.JMeterThread: Thread is done: Purchase 1-18
2026-09-28 19:24:09,870 INFO o.a.j.t.JMeterThread: Thread finished: Purchase 1-15
2026-09-28 19:24:09,870 INFO o.a.j.t.JMeterThread: Thread finished: Purchase 1-18
2026-09-28 19:24:09,872 INFO o.a.j.t.JMeterThread: Thread is done: Purchase 1-29
2026-09-28 19:24:09,873 INFO o.a.j.t.JMeterThread: Thread finished: Purchase 1-29
2026-09-28 19:24:09,874 INFO o.a.j.t.JMeterThread: Thread is done: Purchase 1-36
2026-09-28 19:24:09,874 INFO o.a.j.t.JMeterThread: Thread finished: Purchase 1-36
2026-09-28 19:24:09,882 INFO o.a.j.t.JMeterThread: Thread is done: Purchase 1-55
2026-09-28 19:24:09,884 INFO o.a.j.t.JMeterThread: Thread finished: Purchase 1-55
2026-09-28 19:24:09,890 INFO o.a.j.t.JMeterThread: Thread is done: Purchase 1-13
2026-09-28 19:24:09,890 INFO o.a.j.t.JMeterThread: Thread finished: Purchase 1-13
2026-09-28 19:24:09,893 INFO o.a.j.t.JMeterThread: Thread is done: Purchase 1-9
2026-09-28 19:24:09,894 INFO o.a.j.t.JMeterThread: Thread finished: Purchase 1-9
2026-09-28 19:24:09,904 INFO o.a.j.t.JMeterThread: Thread is done: Purchase 1-46
2026-09-28 19:24:09,904 INFO o.a.j.t.JMeterThread: Thread finished: Purchase 1-46
2026-09-28 19:24:09,905 INFO o.a.j.t.JMeterThread: Thread is done: Purchase 1-74
2026-09-28 19:24:09,905 INFO o.a.j.t.JMeterThread: Thread finished: Purchase 1-74
2026-09-28 19:24:09,908 INFO o.a.j.t.JMeterThread: Thread is done: Purchase 1-32
2026-09-28 19:24:09,908 INFO o.a.j.t.JMeterThread: Thread finished: Purchase 1-32
2026-09-28 19:24:09,913 INFO o.a.j.t.JMeterThread: Thread is done: Purchase 1-8
2026-09-28 19:24:09,913 INFO o.a.j.t.JMeterThread: Thread finished: Purchase 1-8
2026-09-28 19:24:09,915 INFO o.a.j.t.JMeterThread: Thread is done: Purchase 1-58
2026-09-28 19:24:09,915 INFO o.a.j.t.JMeterThread: Thread finished: Purchase 1-58
2026-09-28 19:24:09,920 INFO o.a.j.t.JMeterThread: Thread is done: Purchase 1-31
2026-09-28 19:24:09,920 INFO o.a.j.t.JMeterThread: Thread finished: Purchase 1-31
2026-09-28 19:24:09,923 INFO o.a.j.t.JMeterThread: Thread is done: Purchase 1-10
2026-09-28 19:24:09,923 INFO o.a.j.t.JMeterThread: Thread finished: Purchase 1-10
2026-09-28 19:24:09,924 INFO o.a.j.t.JMeterThread: Thread is done: Purchase 1-35
2026-09-28 19:24:09,924 INFO o.a.j.t.JMeterThread: Thread finished: Purchase 1-35
2026-09-28 19:24:09,928 INFO o.a.j.t.JMeterThread: Thread is done: Purchase 1-21
2026-09-28 19:24:09,928 INFO o.a.j.t.JMeterThread: Thread is done: Purchase 1-2
2026-09-28 19:24:09,928 INFO o.a.j.t.JMeterThread: Thread finished: Purchase 1-21
2026-09-28 19:24:09,928 INFO o.a.j.t.JMeterThread: Thread finished: Purchase 1-2
2026-09-28 19:24:09,937 INFO o.a.j.t.JMeterThread: Thread is done: Purchase 1-65
2026-09-28 19:24:09,937 INFO o.a.j.t.JMeterThread: Thread finished: Purchase 1-65
2026-09-28 19:24:09,943 INFO o.a.j.t.JMeterThread: Thread is done: Purchase 1-37
2026-09-28 19:24:09,943 INFO o.a.j.t.JMeterThread: Thread finished: Purchase 1-37
2026-09-28 19:24:09,947 INFO o.a.j.t.JMeterThread: Thread is done: Purchase 1-38
2026-09-28 19:24:09,947 INFO o.a.j.t.JMeterThread: Thread finished: Purchase 1-38
2026-09-28 19:24:09,954 INFO o.a.j.t.JMeterThread: Thread is done: Purchase 1-43
2026-09-28 19:24:09,954 INFO o.a.j.t.JMeterThread: Thread is done: Purchase 1-59
2026-09-28 19:24:09,954 INFO o.a.j.t.JMeterThread: Thread is done: Purchase 1-23
2026-09-28 19:24:09,955 INFO o.a.j.t.JMeterThread: Thread finished: Purchase 1-59
2026-09-28 19:24:09,955 INFO o.a.j.t.JMeterThread: Thread finished: Purchase 1-43
2026-09-28 19:24:09,955 INFO o.a.j.t.JMeterThread: Thread finished: Purchase 1-23
2026-09-28 19:24:09,958 INFO o.a.j.t.JMeterThread: Thread is done: Purchase 1-22
2026-09-28 19:24:09,959 INFO o.a.j.t.JMeterThread: Thread finished: Purchase 1-22
2026-09-28 19:24:09,961 INFO o.a.j.t.JMeterThread: Thread is done: Purchase 1-56
2026-09-28 19:24:09,961 INFO o.a.j.t.JMeterThread: Thread finished: Purchase 1-56
2026-09-28 19:24:09,970 INFO o.a.j.t.JMeterThread: Thread is done: Purchase 1-40
2026-09-28 19:24:09,971 INFO o.a.j.t.JMeterThread: Thread finished: Purchase 1-40
2026-09-28 19:24:09,971 INFO o.a.j.t.JMeterThread: Thread is done: Purchase 1-5
2026-09-28 19:24:09,971 INFO o.a.j.t.JMeterThread: Thread finished: Purchase 1-5
2026-09-28 19:24:09,981 INFO o.a.j.t.JMeterThread: Thread is done: Purchase 1-60
2026-09-28 19:24:09,982 INFO o.a.j.t.JMeterThread: Thread finished: Purchase 1-60
2026-09-28 19:24:09,986 INFO o.a.j.t.JMeterThread: Thread is done: Purchase 1-16
2026-09-28 19:24:09,986 INFO o.a.j.t.JMeterThread: Thread finished: Purchase 1-16
2026-09-28 19:24:09,994 INFO o.a.j.t.JMeterThread: Thread is done: Purchase 1-6
2026-09-28 19:24:09,994 INFO o.a.j.t.JMeterThread: Thread is done: Purchase 1-4
2026-09-28 19:24:09,996 INFO o.a.j.t.JMeterThread: Thread finished: Purchase 1-6
2026-09-28 19:24:09,996 INFO o.a.j.t.JMeterThread: Thread finished: Purchase 1-4
2026-09-28 19:24:10,006 INFO o.a.j.t.JMeterThread: Thread is done: Purchase 1-53
2026-09-28 19:24:10,006 INFO o.a.j.t.JMeterThread: Thread finished: Purchase 1-53
2026-09-28 19:24:10,024 INFO o.a.j.t.JMeterThread: Thread is done: Purchase 1-3
2026-09-28 19:24:10,024 INFO o.a.j.t.JMeterThread: Thread finished: Purchase 1-3
2026-09-28 19:24:10,038 INFO o.a.j.t.JMeterThread: Thread is done: Purchase 1-78
2026-09-28 19:24:10,038 INFO o.a.j.t.JMeterThread: Thread is done: Purchase 1-79
2026-09-28 19:24:10,038 INFO o.a.j.t.JMeterThread: Thread finished: Purchase 1-78
2026-09-28 19:24:10,039 INFO o.a.j.t.JMeterThread: Thread finished: Purchase 1-79
2026-09-28 19:24:10,038 INFO o.a.j.t.JMeterThread: Thread is done: Purchase 1-52
2026-09-28 19:24:10,039 INFO o.a.j.t.JMeterThread: Thread finished: Purchase 1-52
2026-09-28 19:24:10,039 INFO o.a.j.t.JMeterThread: Thread is done: Purchase 1-27
2026-09-28 19:24:10,039 INFO o.a.j.t.JMeterThread: Thread finished: Purchase 1-27
2026-09-28 19:24:10,039 INFO o.a.j.t.JMeterThread: Thread is done: Purchase 1-62
2026-09-28 19:24:10,039 INFO o.a.j.t.JMeterThread: Thread finished: Purchase 1-62
2026-09-28 19:24:10,055 INFO o.a.j.t.JMeterThread: Thread is done: Purchase 1-49
2026-09-28 19:24:10,055 INFO o.a.j.t.JMeterThread: Thread is done: Purchase 1-47
2026-09-28 19:24:10,055 INFO o.a.j.t.JMeterThread: Thread finished: Purchase 1-47
2026-09-28 19:24:10,055 INFO o.a.j.t.JMeterThread: Thread finished: Purchase 1-49
2026-09-28 19:24:10,066 INFO o.a.j.t.JMeterThread: Thread is done: Purchase 1-51
2026-09-28 19:24:10,066 INFO o.a.j.t.JMeterThread: Thread finished: Purchase 1-51
2026-09-28 19:24:10,079 INFO o.a.j.t.JMeterThread: Thread is done: Purchase 1-50
2026-09-28 19:24:10,079 INFO o.a.j.t.JMeterThread: Thread finished: Purchase 1-50
2026-09-28 19:24:10,081 INFO o.a.j.t.JMeterThread: Thread is done: Purchase 1-24
2026-09-28 19:24:10,081 INFO o.a.j.t.JMeterThread: Thread finished: Purchase 1-24
2026-09-28 19:24:10,086 INFO o.a.j.t.JMeterThread: Thread is done: Purchase 1-66
2026-09-28 19:24:10,086 INFO o.a.j.t.JMeterThread: Thread finished: Purchase 1-66
2026-09-28 19:24:10,086 INFO o.a.j.t.JMeterThread: Thread is done: Purchase 1-57
2026-09-28 19:24:10,086 INFO o.a.j.t.JMeterThread: Thread finished: Purchase 1-57
2026-09-28 19:24:10,090 INFO o.a.j.t.JMeterThread: Thread is done: Purchase 1-44
2026-09-28 19:24:10,091 INFO o.a.j.t.JMeterThread: Thread finished: Purchase 1-44
2026-09-28 19:24:10,090 INFO o.a.j.t.JMeterThread: Thread is done: Purchase 1-87
2026-09-28 19:24:10,091 INFO o.a.j.t.JMeterThread: Thread finished: Purchase 1-87
2026-09-28 19:24:10,092 INFO o.a.j.t.JMeterThread: Thread is done: Purchase 1-92
2026-09-28 19:24:10,092 INFO o.a.j.t.JMeterThread: Thread finished: Purchase 1-92
2026-09-28 19:24:10,094 INFO o.a.j.t.JMeterThread: Thread is done: Purchase 1-71
2026-09-28 19:24:10,094 INFO o.a.j.t.JMeterThread: Thread finished: Purchase 1-71
2026-09-28 19:24:10,101 INFO o.a.j.t.JMeterThread: Thread is done: Purchase 1-77
2026-09-28 19:24:10,101 INFO o.a.j.t.JMeterThread: Thread finished: Purchase 1-77
2026-09-28 19:24:10,102 INFO o.a.j.t.JMeterThread: Thread is done: Purchase 1-67
2026-09-28 19:24:10,102 INFO o.a.j.t.JMeterThread: Thread finished: Purchase 1-67
2026-09-28 19:24:10,109 INFO o.a.j.t.JMeterThread: Thread is done: Purchase 1-80
2026-09-28 19:24:10,109 INFO o.a.j.t.JMeterThread: Thread finished: Purchase 1-80
2026-09-28 19:24:10,113 INFO o.a.j.t.JMeterThread: Thread is done: Purchase 1-54
2026-09-28 19:24:10,113 INFO o.a.j.t.JMeterThread: Thread finished: Purchase 1-54
2026-09-28 19:24:10,115 INFO o.a.j.t.JMeterThread: Thread is done: Purchase 1-68
2026-09-28 19:24:10,115 INFO o.a.j.t.JMeterThread: Thread finished: Purchase 1-68
2026-09-28 19:24:10,116 INFO o.a.j.t.JMeterThread: Thread is done: Purchase 1-88
2026-09-28 19:24:10,116 INFO o.a.j.t.JMeterThread: Thread finished: Purchase 1-88
2026-09-28 19:24:10,121 INFO o.a.j.t.JMeterThread: Thread is done: Purchase 1-69
2026-09-28 19:24:10,122 INFO o.a.j.t.JMeterThread: Thread finished: Purchase 1-69
2026-09-28 19:24:10,123 INFO o.a.j.t.JMeterThread: Thread is done: Purchase 1-84
2026-09-28 19:24:10,123 INFO o.a.j.t.JMeterThread: Thread finished: Purchase 1-84
2026-09-28 19:24:10,130 INFO o.a.j.t.JMeterThread: Thread is done: Purchase 1-70
2026-09-28 19:24:10,131 INFO o.a.j.t.JMeterThread: Thread finished: Purchase 1-70
2026-09-28 19:24:10,137 INFO o.a.j.t.JMeterThread: Thread is done: Purchase 1-63
2026-09-28 19:24:10,138 INFO o.a.j.t.JMeterThread: Thread finished: Purchase 1-63
2026-09-28 19:24:10,141 INFO o.a.j.t.JMeterThread: Thread is done: Purchase 1-96
2026-09-28 19:24:10,141 INFO o.a.j.t.JMeterThread: Thread finished: Purchase 1-96
2026-09-28 19:24:10,143 INFO o.a.j.t.JMeterThread: Thread is done: Purchase 1-72
2026-09-28 19:24:10,143 INFO o.a.j.t.JMeterThread: Thread finished: Purchase 1-72
2026-09-28 19:24:10,149 INFO o.a.j.t.JMeterThread: Thread is done: Purchase 1-93
2026-09-28 19:24:10,149 INFO o.a.j.t.JMeterThread: Thread finished: Purchase 1-93
2026-09-28 19:24:10,150 INFO o.a.j.t.JMeterThread: Thread is done: Purchase 1-64
2026-09-28 19:24:10,150 INFO o.a.j.t.JMeterThread: Thread finished: Purchase 1-64
2026-09-28 19:24:10,150 INFO o.a.j.t.JMeterThread: Thread is done: Purchase 1-75
2026-09-28 19:24:10,150 INFO o.a.j.t.JMeterThread: Thread finished: Purchase 1-75
2026-09-28 19:24:10,166 INFO o.a.j.t.JMeterThread: Thread is done: Purchase 1-95
2026-09-28 19:24:10,166 INFO o.a.j.t.JMeterThread: Thread is done: Purchase 1-94
2026-09-28 19:24:10,166 INFO o.a.j.t.JMeterThread: Thread finished: Purchase 1-94
2026-09-28 19:24:10,166 INFO o.a.j.t.JMeterThread: Thread finished: Purchase 1-95
2026-09-28 19:24:10,168 INFO o.a.j.t.JMeterThread: Thread is done: Purchase 1-86
2026-09-28 19:24:10,168 INFO o.a.j.t.JMeterThread: Thread finished: Purchase 1-86
2026-09-28 19:24:10,172 INFO o.a.j.t.JMeterThread: Thread is done: Purchase 1-81
2026-09-28 19:24:10,172 INFO o.a.j.t.JMeterThread: Thread finished: Purchase 1-81
2026-09-28 19:24:10,172 INFO o.a.j.t.JMeterThread: Thread is done: Purchase 1-83
2026-09-28 19:24:10,173 INFO o.a.j.t.JMeterThread: Thread finished: Purchase 1-83
2026-09-28 19:24:10,175 INFO o.a.j.t.JMeterThread: Thread is done: Purchase 1-89
2026-09-28 19:24:10,175 INFO o.a.j.t.JMeterThread: Thread finished: Purchase 1-89
2026-09-28 19:24:10,179 INFO o.a.j.t.JMeterThread: Thread is done: Purchase 1-82
2026-09-28 19:24:10,179 INFO o.a.j.t.JMeterThread: Thread is done: Purchase 1-97
2026-09-28 19:24:10,179 INFO o.a.j.t.JMeterThread: Thread finished: Purchase 1-82
2026-09-28 19:24:10,179 INFO o.a.j.t.JMeterThread: Thread finished: Purchase 1-97
2026-09-28 19:24:10,180 INFO o.a.j.t.JMeterThread: Thread is done: Purchase 1-76
2026-09-28 19:24:10,180 INFO o.a.j.t.JMeterThread: Thread finished: Purchase 1-76
2026-09-28 19:24:10,181 INFO o.a.j.t.JMeterThread: Thread is done: Purchase 1-90
2026-09-28 19:24:10,181 INFO o.a.j.t.JMeterThread: Thread finished: Purchase 1-90
2026-09-28 19:24:10,186 INFO o.a.j.t.JMeterThread: Thread is done: Purchase 1-73
2026-09-28 19:24:10,186 INFO o.a.j.t.JMeterThread: Thread finished: Purchase 1-73
2026-09-28 19:24:10,197 INFO o.a.j.t.JMeterThread: Thread is done: Purchase 1-98
2026-09-28 19:24:10,197 INFO o.a.j.t.JMeterThread: Thread finished: Purchase 1-98
2026-09-28 19:24:10,198 INFO o.a.j.t.JMeterThread: Thread is done: Purchase 1-100
2026-09-28 19:24:10,198 INFO o.a.j.t.JMeterThread: Thread finished: Purchase 1-100
2026-09-28 19:24:10,212 INFO o.a.j.t.JMeterThread: Thread is done: Purchase 1-99
2026-09-28 19:24:10,212 INFO o.a.j.t.JMeterThread: Thread finished: Purchase 1-99
2026-09-28 19:24:10,236 INFO o.a.j.t.JMeterThread: Thread is done: Purchase 1-85
2026-09-28 19:24:10,236 INFO o.a.j.t.JMeterThread: Thread finished: Purchase 1-85
2026-09-28 19:24:10,238 INFO o.a.j.t.JMeterThread: Thread is done: Purchase 1-91
2026-09-28 19:24:10,238 INFO o.a.j.t.JMeterThread: Thread finished: Purchase 1-91
2026-09-28 19:24:10,238 INFO o.a.j.e.StandardJMeterEngine: Notifying test listeners of end of test
2026-09-28 19:24:10,243 INFO o.a.j.r.Summariser: summary +   9999 in 00:00:05 = 1832.7/s Avg:    50 Min:     7 Max:   173 Err:     0 (0.00%) Active: 0 Started: 100 Finished: 100
2026-09-28 19:24:10,244 INFO o.a.j.r.Summariser: summary =  10000 in 00:00:06 = 1702.7/s Avg:    50 Min:     7 Max:   173 Err:     0 (0.00%)
