2026-09-28 13:23:06,986 INFO o.a.j.u.JMeterUtils: Setting Locale to zh_CN
2026-09-28 13:23:07,034 INFO o.a.j.JMeter: Loading user properties from: C:\seckill-system\target\tools\apache-jmeter-5.6.3\bin\user.properties
2026-09-28 13:23:07,035 INFO o.a.j.JMeter: Loading system properties from: C:\seckill-system\target\tools\apache-jmeter-5.6.3\bin\system.properties
2026-09-28 13:23:07,035 INFO o.a.j.JMeter: Setting JMeter property: users=100
2026-09-28 13:23:07,035 INFO o.a.j.JMeter: Setting JMeter property: loops=10
2026-09-28 13:23:07,035 INFO o.a.j.JMeter: Setting JMeter property: ramp=1
2026-09-28 13:23:07,036 INFO o.a.j.JMeter: Setting JMeter property: product=85
2026-09-28 13:23:07,036 INFO o.a.j.JMeter: Setting JMeter property: port=18084
2026-09-28 13:23:07,048 INFO o.a.j.JMeter: Copyright (c) 1998-2024 The Apache Software Foundation
2026-09-28 13:23:07,048 INFO o.a.j.JMeter: Version 5.6.3
2026-09-28 13:23:07,048 INFO o.a.j.JMeter: java.version=21.0.12.1
2026-09-28 13:23:07,048 INFO o.a.j.JMeter: java.vm.name=OpenJDK 64-Bit Server VM
2026-09-28 13:23:07,048 INFO o.a.j.JMeter: os.name=Windows 11
2026-09-28 13:23:07,049 INFO o.a.j.JMeter: os.arch=amd64
2026-09-28 13:23:07,049 INFO o.a.j.JMeter: os.version=10.0
2026-09-28 13:23:07,049 INFO o.a.j.JMeter: file.encoding=UTF-8
2026-09-28 13:23:07,049 INFO o.a.j.JMeter: java.awt.headless=true
2026-09-28 13:23:07,049 INFO o.a.j.JMeter: Max memory     =536870912
2026-09-28 13:23:07,049 INFO o.a.j.JMeter: Available Processors =32
2026-09-28 13:23:07,067 INFO o.a.j.JMeter: Default Locale=中文 (中国)
2026-09-28 13:23:07,068 INFO o.a.j.JMeter: JMeter  Locale=中文 (中国)
2026-09-28 13:23:07,068 INFO o.a.j.JMeter: JMeterHome=C:\seckill-system\target\tools\apache-jmeter-5.6.3
2026-09-28 13:23:07,068 INFO o.a.j.JMeter: user.dir  =C:\seckill-system
2026-09-28 13:23:07,068 INFO o.a.j.JMeter: PWD       =C:\seckill-system
2026-09-28 13:23:07,088 INFO o.a.j.JMeter: IP: 172.26.111.135 Name: LAPTOP-77E72ENH FullName: windows10.microdone.cn
2026-09-28 13:23:07,107 INFO o.a.j.s.FileServer: Default base='C:\seckill-system'
2026-09-28 13:23:07,109 INFO o.a.j.s.FileServer: Set new base='C:\seckill-system\perf'
2026-09-28 13:23:07,427 INFO o.a.j.s.SaveService: Testplan (JMX) version: 2.2. Testlog (JTL) version: 2.2
2026-09-28 13:23:07,474 INFO o.a.j.s.SaveService: Using SaveService properties version 5.0
2026-09-28 13:23:07,479 INFO o.a.j.s.SaveService: Using SaveService properties file encoding UTF-8
2026-09-28 13:23:07,484 INFO o.a.j.s.SaveService: Loading file: perf\stage1.jmx
2026-09-28 13:23:07,561 INFO o.a.j.p.h.s.HTTPSamplerBase: Parser for text/html is org.apache.jmeter.protocol.http.parser.LagartoBasedHtmlParser
2026-09-28 13:23:07,561 INFO o.a.j.p.h.s.HTTPSamplerBase: Parser for application/xhtml+xml is org.apache.jmeter.protocol.http.parser.LagartoBasedHtmlParser
2026-09-28 13:23:07,561 INFO o.a.j.p.h.s.HTTPSamplerBase: Parser for application/xml is org.apache.jmeter.protocol.http.parser.LagartoBasedHtmlParser
2026-09-28 13:23:07,561 INFO o.a.j.p.h.s.HTTPSamplerBase: Parser for text/xml is org.apache.jmeter.protocol.http.parser.LagartoBasedHtmlParser
2026-09-28 13:23:07,561 INFO o.a.j.p.h.s.HTTPSamplerBase: Parser for text/vnd.wap.wml is org.apache.jmeter.protocol.http.parser.RegexpHTMLParser
2026-09-28 13:23:07,562 INFO o.a.j.p.h.s.HTTPSamplerBase: Parser for text/css is org.apache.jmeter.protocol.http.parser.CssParser
2026-09-28 13:23:07,576 INFO o.a.j.JMeter: Creating summariser <summary>
2026-09-28 13:23:07,607 INFO o.a.j.e.StandardJMeterEngine: Running the test!
2026-09-28 13:23:07,608 INFO o.a.j.s.SampleEvent: List of sample_variables: []
2026-09-28 13:23:07,608 INFO o.a.j.s.SampleEvent: List of sample_variables: []
2026-09-28 13:23:07,615 INFO o.a.j.e.u.CompoundVariable: Note: Function class names must contain the string: '.functions.'
2026-09-28 13:23:07,615 INFO o.a.j.e.u.CompoundVariable: Note: Function class names must not contain the string: '.gui.'
2026-09-28 13:23:07,722 INFO o.a.j.JMeter: 正在运行的测试 (1790572987722)
2026-09-28 13:23:07,742 INFO o.a.j.e.StandardJMeterEngine: Starting ThreadGroup: 1 : Purchase
2026-09-28 13:23:07,743 INFO o.a.j.e.StandardJMeterEngine: Starting 100 threads for group Purchase.
2026-09-28 13:23:07,743 INFO o.a.j.e.StandardJMeterEngine: Thread will continue on error
2026-09-28 13:23:07,743 INFO o.a.j.t.ThreadGroup: Starting thread group... number=1 threads=100 ramp-up=1 delayedStart=false
2026-09-28 13:23:07,754 INFO o.a.j.t.JMeterThread: Thread started: Purchase 1-1
2026-09-28 13:23:07,761 INFO o.a.j.t.JMeterThread: Thread started: Purchase 1-2
2026-09-28 13:23:07,770 INFO o.a.j.t.JMeterThread: Thread started: Purchase 1-3
2026-09-28 13:23:07,780 INFO o.a.j.t.JMeterThread: Thread started: Purchase 1-4
2026-09-28 13:23:07,789 INFO o.a.j.t.JMeterThread: Thread started: Purchase 1-5
2026-09-28 13:23:07,790 INFO o.a.j.p.h.s.HTTPHCAbstractImpl: Local host = LAPTOP-77E72ENH
2026-09-28 13:23:07,800 INFO o.a.j.t.JMeterThread: Thread started: Purchase 1-6
2026-09-28 13:23:07,801 INFO o.a.j.t.ThreadGroup: Started thread group number 1
2026-09-28 13:23:07,801 INFO o.a.j.e.StandardJMeterEngine: All thread groups have been started
2026-09-28 13:23:07,807 INFO o.a.j.p.h.s.HTTPHC4Impl: HTTP request retry count = 0
2026-09-28 13:23:07,808 INFO o.a.j.t.JMeterThread: Thread started: Purchase 1-7
2026-09-28 13:23:07,809 INFO o.a.j.s.SampleResult: Note: Sample TimeStamps are START times
2026-09-28 13:23:07,809 INFO o.a.j.s.SampleResult: sampleresult.default.encoding is set to UTF-8
2026-09-28 13:23:07,809 INFO o.a.j.s.SampleResult: sampleresult.useNanoTime=true
2026-09-28 13:23:07,810 INFO o.a.j.s.SampleResult: sampleresult.nanoThreadSleep=5000
2026-09-28 13:23:07,817 INFO o.a.j.t.JMeterThread: Thread started: Purchase 1-8
2026-09-28 13:23:07,827 INFO o.a.j.t.JMeterThread: Thread started: Purchase 1-9
2026-09-28 13:23:07,836 INFO o.a.j.t.JMeterThread: Thread started: Purchase 1-10
2026-09-28 13:23:07,844 INFO o.a.j.t.JMeterThread: Thread started: Purchase 1-11
2026-09-28 13:23:07,854 INFO o.a.j.t.JMeterThread: Thread started: Purchase 1-12
2026-09-28 13:23:07,864 INFO o.a.j.t.JMeterThread: Thread started: Purchase 1-13
2026-09-28 13:23:07,876 INFO o.a.j.t.JMeterThread: Thread started: Purchase 1-14
2026-09-28 13:23:07,884 INFO o.a.j.t.JMeterThread: Thread started: Purchase 1-15
2026-09-28 13:23:07,897 INFO o.a.j.t.JMeterThread: Thread started: Purchase 1-16
2026-09-28 13:23:07,905 INFO o.a.j.t.JMeterThread: Thread started: Purchase 1-17
2026-09-28 13:23:07,916 INFO o.a.j.t.JMeterThread: Thread started: Purchase 1-18
2026-09-28 13:23:07,925 INFO o.a.j.t.JMeterThread: Thread started: Purchase 1-19
2026-09-28 13:23:07,935 INFO o.a.j.t.JMeterThread: Thread started: Purchase 1-20
2026-09-28 13:23:07,945 INFO o.a.j.t.JMeterThread: Thread started: Purchase 1-21
2026-09-28 13:23:07,954 INFO o.a.j.t.JMeterThread: Thread started: Purchase 1-22
2026-09-28 13:23:07,965 INFO o.a.j.t.JMeterThread: Thread started: Purchase 1-23
2026-09-28 13:23:07,976 INFO o.a.j.t.JMeterThread: Thread started: Purchase 1-24
2026-09-28 13:23:07,986 INFO o.a.j.t.JMeterThread: Thread started: Purchase 1-25
2026-09-28 13:23:07,994 INFO o.a.j.t.JMeterThread: Thread started: Purchase 1-26
2026-09-28 13:23:08,006 INFO o.a.j.t.JMeterThread: Thread started: Purchase 1-27
2026-09-28 13:23:08,016 INFO o.a.j.t.JMeterThread: Thread started: Purchase 1-28
2026-09-28 13:23:08,024 INFO o.a.j.t.JMeterThread: Thread started: Purchase 1-29
2026-09-28 13:23:08,036 INFO o.a.j.t.JMeterThread: Thread started: Purchase 1-30
2026-09-28 13:23:08,045 INFO o.a.j.t.JMeterThread: Thread started: Purchase 1-31
2026-09-28 13:23:08,055 INFO o.a.j.t.JMeterThread: Thread started: Purchase 1-32
2026-09-28 13:23:08,064 INFO o.a.j.t.JMeterThread: Thread started: Purchase 1-33
2026-09-28 13:23:08,075 INFO o.a.j.t.JMeterThread: Thread started: Purchase 1-34
2026-09-28 13:23:08,085 INFO o.a.j.t.JMeterThread: Thread started: Purchase 1-35
2026-09-28 13:23:08,095 INFO o.a.j.t.JMeterThread: Thread started: Purchase 1-36
2026-09-28 13:23:08,105 INFO o.a.j.t.JMeterThread: Thread started: Purchase 1-37
2026-09-28 13:23:08,115 INFO o.a.j.t.JMeterThread: Thread started: Purchase 1-38
2026-09-28 13:23:08,125 INFO o.a.j.t.JMeterThread: Thread started: Purchase 1-39
2026-09-28 13:23:08,138 INFO o.a.j.t.JMeterThread: Thread started: Purchase 1-40
2026-09-28 13:23:08,145 INFO o.a.j.t.JMeterThread: Thread started: Purchase 1-41
2026-09-28 13:23:08,155 INFO o.a.j.t.JMeterThread: Thread started: Purchase 1-42
2026-09-28 13:23:08,164 INFO o.a.j.t.JMeterThread: Thread started: Purchase 1-43
2026-09-28 13:23:08,175 INFO o.a.j.t.JMeterThread: Thread started: Purchase 1-44
2026-09-28 13:23:08,185 INFO o.a.j.t.JMeterThread: Thread started: Purchase 1-45
2026-09-28 13:23:08,195 INFO o.a.j.t.JMeterThread: Thread started: Purchase 1-46
2026-09-28 13:23:08,205 INFO o.a.j.t.JMeterThread: Thread started: Purchase 1-47
2026-09-28 13:23:08,215 INFO o.a.j.t.JMeterThread: Thread started: Purchase 1-48
2026-09-28 13:23:08,225 INFO o.a.j.t.JMeterThread: Thread started: Purchase 1-49
2026-09-28 13:23:08,235 INFO o.a.j.t.JMeterThread: Thread started: Purchase 1-50
2026-09-28 13:23:08,245 INFO o.a.j.t.JMeterThread: Thread started: Purchase 1-51
2026-09-28 13:23:08,254 INFO o.a.j.t.JMeterThread: Thread started: Purchase 1-52
2026-09-28 13:23:08,265 INFO o.a.j.t.JMeterThread: Thread started: Purchase 1-53
2026-09-28 13:23:08,274 INFO o.a.j.t.JMeterThread: Thread started: Purchase 1-54
2026-09-28 13:23:08,284 INFO o.a.j.t.JMeterThread: Thread started: Purchase 1-55
2026-09-28 13:23:08,296 INFO o.a.j.t.JMeterThread: Thread started: Purchase 1-56
2026-09-28 13:23:08,304 INFO o.a.j.t.JMeterThread: Thread started: Purchase 1-57
2026-09-28 13:23:08,316 INFO o.a.j.t.JMeterThread: Thread started: Purchase 1-58
2026-09-28 13:23:08,324 INFO o.a.j.t.JMeterThread: Thread started: Purchase 1-59
2026-09-28 13:23:08,335 INFO o.a.j.t.JMeterThread: Thread started: Purchase 1-60
2026-09-28 13:23:08,344 INFO o.a.j.t.JMeterThread: Thread started: Purchase 1-61
2026-09-28 13:23:08,355 INFO o.a.j.t.JMeterThread: Thread started: Purchase 1-62
2026-09-28 13:23:08,364 INFO o.a.j.t.JMeterThread: Thread started: Purchase 1-63
2026-09-28 13:23:08,375 INFO o.a.j.t.JMeterThread: Thread started: Purchase 1-64
2026-09-28 13:23:08,384 INFO o.a.j.t.JMeterThread: Thread started: Purchase 1-65
2026-09-28 13:23:08,399 INFO o.a.j.t.JMeterThread: Thread started: Purchase 1-66
2026-09-28 13:23:08,405 INFO o.a.j.t.JMeterThread: Thread started: Purchase 1-67
2026-09-28 13:23:08,414 INFO o.a.j.t.JMeterThread: Thread started: Purchase 1-68
2026-09-28 13:23:08,424 INFO o.a.j.t.JMeterThread: Thread started: Purchase 1-69
2026-09-28 13:23:08,435 INFO o.a.j.t.JMeterThread: Thread started: Purchase 1-70
2026-09-28 13:23:08,446 INFO o.a.j.t.JMeterThread: Thread started: Purchase 1-71
2026-09-28 13:23:08,455 INFO o.a.j.t.JMeterThread: Thread started: Purchase 1-72
2026-09-28 13:23:08,465 INFO o.a.j.t.JMeterThread: Thread started: Purchase 1-73
2026-09-28 13:23:08,476 INFO o.a.j.t.JMeterThread: Thread started: Purchase 1-74
2026-09-28 13:23:08,484 INFO o.a.j.t.JMeterThread: Thread started: Purchase 1-75
2026-09-28 13:23:08,495 INFO o.a.j.t.JMeterThread: Thread started: Purchase 1-76
2026-09-28 13:23:08,505 INFO o.a.j.t.JMeterThread: Thread started: Purchase 1-77
2026-09-28 13:23:08,515 INFO o.a.j.t.JMeterThread: Thread started: Purchase 1-78
2026-09-28 13:23:08,526 INFO o.a.j.t.JMeterThread: Thread started: Purchase 1-79
2026-09-28 13:23:08,534 INFO o.a.j.t.JMeterThread: Thread started: Purchase 1-80
2026-09-28 13:23:08,546 INFO o.a.j.t.JMeterThread: Thread started: Purchase 1-81
2026-09-28 13:23:08,556 INFO o.a.j.t.JMeterThread: Thread is done: Purchase 1-20
2026-09-28 13:23:08,557 INFO o.a.j.t.JMeterThread: Thread finished: Purchase 1-20
2026-09-28 13:23:08,560 INFO o.a.j.t.JMeterThread: Thread started: Purchase 1-82
2026-09-28 13:23:08,564 INFO o.a.j.t.JMeterThread: Thread started: Purchase 1-83
2026-09-28 13:23:08,575 INFO o.a.j.t.JMeterThread: Thread started: Purchase 1-84
2026-09-28 13:23:08,584 INFO o.a.j.t.JMeterThread: Thread is done: Purchase 1-5
2026-09-28 13:23:08,584 INFO o.a.j.t.JMeterThread: Thread finished: Purchase 1-5
2026-09-28 13:23:08,589 INFO o.a.j.t.JMeterThread: Thread is done: Purchase 1-29
2026-09-28 13:23:08,589 INFO o.a.j.t.JMeterThread: Thread finished: Purchase 1-29
2026-09-28 13:23:08,589 INFO o.a.j.t.JMeterThread: Thread started: Purchase 1-85
2026-09-28 13:23:08,595 INFO o.a.j.t.JMeterThread: Thread started: Purchase 1-86
2026-09-28 13:23:08,598 INFO o.a.j.t.JMeterThread: Thread is done: Purchase 1-11
2026-09-28 13:23:08,598 INFO o.a.j.t.JMeterThread: Thread finished: Purchase 1-11
2026-09-28 13:23:08,598 INFO o.a.j.t.JMeterThread: Thread is done: Purchase 1-17
2026-09-28 13:23:08,598 INFO o.a.j.t.JMeterThread: Thread finished: Purchase 1-17
2026-09-28 13:23:08,604 INFO o.a.j.t.JMeterThread: Thread started: Purchase 1-87
2026-09-28 13:23:08,615 INFO o.a.j.t.JMeterThread: Thread is done: Purchase 1-21
2026-09-28 13:23:08,615 INFO o.a.j.t.JMeterThread: Thread is done: Purchase 1-24
2026-09-28 13:23:08,615 INFO o.a.j.t.JMeterThread: Thread finished: Purchase 1-21
2026-09-28 13:23:08,615 INFO o.a.j.t.JMeterThread: Thread finished: Purchase 1-24
2026-09-28 13:23:08,615 INFO o.a.j.t.JMeterThread: Thread started: Purchase 1-88
2026-09-28 13:23:08,621 INFO o.a.j.t.JMeterThread: Thread is done: Purchase 1-8
2026-09-28 13:23:08,621 INFO o.a.j.t.JMeterThread: Thread finished: Purchase 1-8
2026-09-28 13:23:08,622 INFO o.a.j.t.JMeterThread: Thread is done: Purchase 1-7
2026-09-28 13:23:08,622 INFO o.a.j.t.JMeterThread: Thread finished: Purchase 1-7
2026-09-28 13:23:08,622 INFO o.a.j.t.JMeterThread: Thread is done: Purchase 1-10
2026-09-28 13:23:08,623 INFO o.a.j.t.JMeterThread: Thread finished: Purchase 1-10
2026-09-28 13:23:08,624 INFO o.a.j.t.JMeterThread: Thread is done: Purchase 1-1
2026-09-28 13:23:08,624 INFO o.a.j.t.JMeterThread: Thread finished: Purchase 1-1
2026-09-28 13:23:08,625 INFO o.a.j.t.JMeterThread: Thread is done: Purchase 1-35
2026-09-28 13:23:08,626 INFO o.a.j.t.JMeterThread: Thread finished: Purchase 1-35
2026-09-28 13:23:08,626 INFO o.a.j.t.JMeterThread: Thread is done: Purchase 1-25
2026-09-28 13:23:08,626 INFO o.a.j.t.JMeterThread: Thread finished: Purchase 1-25
2026-09-28 13:23:08,627 INFO o.a.j.t.JMeterThread: Thread started: Purchase 1-89
2026-09-28 13:23:08,631 INFO o.a.j.t.JMeterThread: Thread is done: Purchase 1-27
2026-09-28 13:23:08,631 INFO o.a.j.t.JMeterThread: Thread finished: Purchase 1-27
2026-09-28 13:23:08,631 INFO o.a.j.t.JMeterThread: Thread is done: Purchase 1-36
2026-09-28 13:23:08,631 INFO o.a.j.t.JMeterThread: Thread finished: Purchase 1-36
2026-09-28 13:23:08,631 INFO o.a.j.t.JMeterThread: Thread is done: Purchase 1-15
2026-09-28 13:23:08,631 INFO o.a.j.t.JMeterThread: Thread finished: Purchase 1-15
2026-09-28 13:23:08,633 INFO o.a.j.t.JMeterThread: Thread is done: Purchase 1-16
2026-09-28 13:23:08,634 INFO o.a.j.t.JMeterThread: Thread finished: Purchase 1-16
2026-09-28 13:23:08,634 INFO o.a.j.t.JMeterThread: Thread is done: Purchase 1-14
2026-09-28 13:23:08,634 INFO o.a.j.t.JMeterThread: Thread finished: Purchase 1-14
2026-09-28 13:23:08,634 INFO o.a.j.t.JMeterThread: Thread started: Purchase 1-90
2026-09-28 13:23:08,637 INFO o.a.j.t.JMeterThread: Thread is done: Purchase 1-34
2026-09-28 13:23:08,637 INFO o.a.j.t.JMeterThread: Thread finished: Purchase 1-34
2026-09-28 13:23:08,638 INFO o.a.j.t.JMeterThread: Thread is done: Purchase 1-28
2026-09-28 13:23:08,638 INFO o.a.j.t.JMeterThread: Thread finished: Purchase 1-28
2026-09-28 13:23:08,639 INFO o.a.j.t.JMeterThread: Thread is done: Purchase 1-4
2026-09-28 13:23:08,639 INFO o.a.j.t.JMeterThread: Thread finished: Purchase 1-4
2026-09-28 13:23:08,644 INFO o.a.j.t.JMeterThread: Thread is done: Purchase 1-13
2026-09-28 13:23:08,644 INFO o.a.j.t.JMeterThread: Thread finished: Purchase 1-13
2026-09-28 13:23:08,645 INFO o.a.j.t.JMeterThread: Thread is done: Purchase 1-3
2026-09-28 13:23:08,645 INFO o.a.j.t.JMeterThread: Thread is done: Purchase 1-19
2026-09-28 13:23:08,645 INFO o.a.j.t.JMeterThread: Thread finished: Purchase 1-19
2026-09-28 13:23:08,645 INFO o.a.j.t.JMeterThread: Thread is done: Purchase 1-23
2026-09-28 13:23:08,645 INFO o.a.j.t.JMeterThread: Thread started: Purchase 1-91
2026-09-28 13:23:08,645 INFO o.a.j.t.JMeterThread: Thread finished: Purchase 1-3
2026-09-28 13:23:08,646 INFO o.a.j.t.JMeterThread: Thread finished: Purchase 1-23
2026-09-28 13:23:08,646 INFO o.a.j.t.JMeterThread: Thread is done: Purchase 1-12
2026-09-28 13:23:08,646 INFO o.a.j.t.JMeterThread: Thread finished: Purchase 1-12
2026-09-28 13:23:08,655 INFO o.a.j.t.JMeterThread: Thread is done: Purchase 1-26
2026-09-28 13:23:08,656 INFO o.a.j.t.JMeterThread: Thread finished: Purchase 1-26
2026-09-28 13:23:08,655 INFO o.a.j.t.JMeterThread: Thread started: Purchase 1-92
2026-09-28 13:23:08,657 INFO o.a.j.t.JMeterThread: Thread is done: Purchase 1-2
2026-09-28 13:23:08,657 INFO o.a.j.t.JMeterThread: Thread is done: Purchase 1-9
2026-09-28 13:23:08,658 INFO o.a.j.t.JMeterThread: Thread finished: Purchase 1-2
2026-09-28 13:23:08,658 INFO o.a.j.t.JMeterThread: Thread finished: Purchase 1-9
2026-09-28 13:23:08,662 INFO o.a.j.t.JMeterThread: Thread is done: Purchase 1-22
2026-09-28 13:23:08,662 INFO o.a.j.t.JMeterThread: Thread is done: Purchase 1-30
2026-09-28 13:23:08,662 INFO o.a.j.t.JMeterThread: Thread is done: Purchase 1-31
2026-09-28 13:23:08,662 INFO o.a.j.t.JMeterThread: Thread finished: Purchase 1-22
2026-09-28 13:23:08,662 INFO o.a.j.t.JMeterThread: Thread finished: Purchase 1-30
2026-09-28 13:23:08,662 INFO o.a.j.t.JMeterThread: Thread finished: Purchase 1-31
2026-09-28 13:23:08,665 INFO o.a.j.t.JMeterThread: Thread started: Purchase 1-93
2026-09-28 13:23:08,666 INFO o.a.j.t.JMeterThread: Thread is done: Purchase 1-32
2026-09-28 13:23:08,666 INFO o.a.j.t.JMeterThread: Thread finished: Purchase 1-32
2026-09-28 13:23:08,674 INFO o.a.j.t.JMeterThread: Thread started: Purchase 1-94
2026-09-28 13:23:08,683 INFO o.a.j.t.JMeterThread: Thread is done: Purchase 1-6
2026-09-28 13:23:08,683 INFO o.a.j.t.JMeterThread: Thread is done: Purchase 1-33
2026-09-28 13:23:08,684 INFO o.a.j.t.JMeterThread: Thread finished: Purchase 1-6
2026-09-28 13:23:08,684 INFO o.a.j.t.JMeterThread: Thread finished: Purchase 1-33
2026-09-28 13:23:08,685 INFO o.a.j.t.JMeterThread: Thread started: Purchase 1-95
2026-09-28 13:23:08,687 INFO o.a.j.t.JMeterThread: Thread is done: Purchase 1-37
2026-09-28 13:23:08,687 INFO o.a.j.t.JMeterThread: Thread finished: Purchase 1-37
2026-09-28 13:23:08,691 INFO o.a.j.t.JMeterThread: Thread is done: Purchase 1-62
2026-09-28 13:23:08,691 INFO o.a.j.t.JMeterThread: Thread finished: Purchase 1-62
2026-09-28 13:23:08,696 INFO o.a.j.t.JMeterThread: Thread is done: Purchase 1-46
2026-09-28 13:23:08,696 INFO o.a.j.t.JMeterThread: Thread finished: Purchase 1-46
2026-09-28 13:23:08,696 INFO o.a.j.t.JMeterThread: Thread started: Purchase 1-96
2026-09-28 13:23:08,701 INFO o.a.j.t.JMeterThread: Thread is done: Purchase 1-18
2026-09-28 13:23:08,701 INFO o.a.j.t.JMeterThread: Thread finished: Purchase 1-18
2026-09-28 13:23:08,702 INFO o.a.j.t.JMeterThread: Thread is done: Purchase 1-41
2026-09-28 13:23:08,702 INFO o.a.j.t.JMeterThread: Thread finished: Purchase 1-41
2026-09-28 13:23:08,703 INFO o.a.j.t.JMeterThread: Thread is done: Purchase 1-51
2026-09-28 13:23:08,703 INFO o.a.j.t.JMeterThread: Thread finished: Purchase 1-51
2026-09-28 13:23:08,704 INFO o.a.j.t.JMeterThread: Thread is done: Purchase 1-64
2026-09-28 13:23:08,704 INFO o.a.j.t.JMeterThread: Thread finished: Purchase 1-64
2026-09-28 13:23:08,704 INFO o.a.j.t.JMeterThread: Thread is done: Purchase 1-54
2026-09-28 13:23:08,705 INFO o.a.j.t.JMeterThread: Thread finished: Purchase 1-54
2026-09-28 13:23:08,705 INFO o.a.j.t.JMeterThread: Thread started: Purchase 1-97
2026-09-28 13:23:08,705 INFO o.a.j.t.JMeterThread: Thread is done: Purchase 1-47
2026-09-28 13:23:08,706 INFO o.a.j.t.JMeterThread: Thread finished: Purchase 1-47
2026-09-28 13:23:08,707 INFO o.a.j.t.JMeterThread: Thread is done: Purchase 1-50
2026-09-28 13:23:08,707 INFO o.a.j.t.JMeterThread: Thread finished: Purchase 1-50
2026-09-28 13:23:08,708 INFO o.a.j.t.JMeterThread: Thread is done: Purchase 1-49
2026-09-28 13:23:08,708 INFO o.a.j.t.JMeterThread: Thread finished: Purchase 1-49
2026-09-28 13:23:08,709 INFO o.a.j.t.JMeterThread: Thread is done: Purchase 1-55
2026-09-28 13:23:08,709 INFO o.a.j.t.JMeterThread: Thread finished: Purchase 1-55
2026-09-28 13:23:08,710 INFO o.a.j.t.JMeterThread: Thread is done: Purchase 1-63
2026-09-28 13:23:08,710 INFO o.a.j.t.JMeterThread: Thread finished: Purchase 1-63
2026-09-28 13:23:08,712 INFO o.a.j.t.JMeterThread: Thread is done: Purchase 1-53
2026-09-28 13:23:08,712 INFO o.a.j.t.JMeterThread: Thread finished: Purchase 1-53
2026-09-28 13:23:08,712 INFO o.a.j.t.JMeterThread: Thread is done: Purchase 1-45
2026-09-28 13:23:08,712 INFO o.a.j.t.JMeterThread: Thread is done: Purchase 1-52
2026-09-28 13:23:08,712 INFO o.a.j.t.JMeterThread: Thread finished: Purchase 1-45
2026-09-28 13:23:08,712 INFO o.a.j.t.JMeterThread: Thread finished: Purchase 1-52
2026-09-28 13:23:08,714 INFO o.a.j.t.JMeterThread: Thread is done: Purchase 1-48
2026-09-28 13:23:08,714 INFO o.a.j.t.JMeterThread: Thread finished: Purchase 1-48
2026-09-28 13:23:08,714 INFO o.a.j.t.JMeterThread: Thread is done: Purchase 1-38
2026-09-28 13:23:08,715 INFO o.a.j.t.JMeterThread: Thread finished: Purchase 1-38
2026-09-28 13:23:08,715 INFO o.a.j.t.JMeterThread: Thread started: Purchase 1-98
2026-09-28 13:23:08,716 INFO o.a.j.t.JMeterThread: Thread is done: Purchase 1-39
2026-09-28 13:23:08,717 INFO o.a.j.t.JMeterThread: Thread finished: Purchase 1-39
2026-09-28 13:23:08,717 INFO o.a.j.t.JMeterThread: Thread is done: Purchase 1-58
2026-09-28 13:23:08,717 INFO o.a.j.t.JMeterThread: Thread finished: Purchase 1-58
2026-09-28 13:23:08,719 INFO o.a.j.t.JMeterThread: Thread is done: Purchase 1-43
2026-09-28 13:23:08,719 INFO o.a.j.t.JMeterThread: Thread finished: Purchase 1-43
2026-09-28 13:23:08,719 INFO o.a.j.t.JMeterThread: Thread is done: Purchase 1-59
2026-09-28 13:23:08,719 INFO o.a.j.t.JMeterThread: Thread finished: Purchase 1-59
2026-09-28 13:23:08,724 INFO o.a.j.t.JMeterThread: Thread is done: Purchase 1-42
2026-09-28 13:23:08,724 INFO o.a.j.t.JMeterThread: Thread finished: Purchase 1-42
2026-09-28 13:23:08,724 INFO o.a.j.t.JMeterThread: Thread started: Purchase 1-99
2026-09-28 13:23:08,728 INFO o.a.j.t.JMeterThread: Thread is done: Purchase 1-56
2026-09-28 13:23:08,729 INFO o.a.j.t.JMeterThread: Thread finished: Purchase 1-56
2026-09-28 13:23:08,729 INFO o.a.j.t.JMeterThread: Thread is done: Purchase 1-60
2026-09-28 13:23:08,729 INFO o.a.j.t.JMeterThread: Thread finished: Purchase 1-60
2026-09-28 13:23:08,729 INFO o.a.j.t.JMeterThread: Thread is done: Purchase 1-40
2026-09-28 13:23:08,730 INFO o.a.j.t.JMeterThread: Thread finished: Purchase 1-40
2026-09-28 13:23:08,730 INFO o.a.j.t.JMeterThread: Thread is done: Purchase 1-44
2026-09-28 13:23:08,730 INFO o.a.j.t.JMeterThread: Thread finished: Purchase 1-44
2026-09-28 13:23:08,730 INFO o.a.j.t.JMeterThread: Thread is done: Purchase 1-61
2026-09-28 13:23:08,730 INFO o.a.j.t.JMeterThread: Thread finished: Purchase 1-61
2026-09-28 13:23:08,733 INFO o.a.j.t.JMeterThread: Thread is done: Purchase 1-57
2026-09-28 13:23:08,733 INFO o.a.j.t.JMeterThread: Thread finished: Purchase 1-57
2026-09-28 13:23:08,734 INFO o.a.j.t.JMeterThread: Thread started: Purchase 1-100
2026-09-28 13:23:08,735 INFO o.a.j.t.JMeterThread: Thread is done: Purchase 1-67
2026-09-28 13:23:08,735 INFO o.a.j.t.JMeterThread: Thread finished: Purchase 1-67
2026-09-28 13:23:08,736 INFO o.a.j.t.JMeterThread: Thread is done: Purchase 1-68
2026-09-28 13:23:08,736 INFO o.a.j.t.JMeterThread: Thread finished: Purchase 1-68
2026-09-28 13:23:08,738 INFO o.a.j.t.JMeterThread: Thread is done: Purchase 1-65
2026-09-28 13:23:08,738 INFO o.a.j.t.JMeterThread: Thread finished: Purchase 1-65
2026-09-28 13:23:08,742 INFO o.a.j.t.JMeterThread: Thread is done: Purchase 1-70
2026-09-28 13:23:08,743 INFO o.a.j.t.JMeterThread: Thread finished: Purchase 1-70
2026-09-28 13:23:08,752 INFO o.a.j.t.JMeterThread: Thread is done: Purchase 1-69
2026-09-28 13:23:08,753 INFO o.a.j.t.JMeterThread: Thread finished: Purchase 1-69
2026-09-28 13:23:08,753 INFO o.a.j.t.JMeterThread: Thread is done: Purchase 1-66
2026-09-28 13:23:08,753 INFO o.a.j.t.JMeterThread: Thread finished: Purchase 1-66
2026-09-28 13:23:08,762 INFO o.a.j.t.JMeterThread: Thread is done: Purchase 1-75
2026-09-28 13:23:08,762 INFO o.a.j.t.JMeterThread: Thread finished: Purchase 1-75
2026-09-28 13:23:08,768 INFO o.a.j.t.JMeterThread: Thread is done: Purchase 1-72
2026-09-28 13:23:08,768 INFO o.a.j.t.JMeterThread: Thread finished: Purchase 1-72
2026-09-28 13:23:08,772 INFO o.a.j.t.JMeterThread: Thread is done: Purchase 1-73
2026-09-28 13:23:08,772 INFO o.a.j.t.JMeterThread: Thread is done: Purchase 1-81
2026-09-28 13:23:08,772 INFO o.a.j.t.JMeterThread: Thread finished: Purchase 1-73
2026-09-28 13:23:08,772 INFO o.a.j.t.JMeterThread: Thread finished: Purchase 1-81
2026-09-28 13:23:08,774 INFO o.a.j.t.JMeterThread: Thread is done: Purchase 1-74
2026-09-28 13:23:08,774 INFO o.a.j.t.JMeterThread: Thread finished: Purchase 1-74
2026-09-28 13:23:08,776 INFO o.a.j.t.JMeterThread: Thread is done: Purchase 1-78
2026-09-28 13:23:08,776 INFO o.a.j.t.JMeterThread: Thread is done: Purchase 1-71
2026-09-28 13:23:08,776 INFO o.a.j.t.JMeterThread: Thread finished: Purchase 1-71
2026-09-28 13:23:08,776 INFO o.a.j.t.JMeterThread: Thread finished: Purchase 1-78
2026-09-28 13:23:08,779 INFO o.a.j.t.JMeterThread: Thread is done: Purchase 1-76
2026-09-28 13:23:08,779 INFO o.a.j.t.JMeterThread: Thread finished: Purchase 1-76
2026-09-28 13:23:08,786 INFO o.a.j.t.JMeterThread: Thread is done: Purchase 1-79
2026-09-28 13:23:08,786 INFO o.a.j.t.JMeterThread: Thread finished: Purchase 1-79
2026-09-28 13:23:08,786 INFO o.a.j.t.JMeterThread: Thread is done: Purchase 1-83
2026-09-28 13:23:08,786 INFO o.a.j.t.JMeterThread: Thread finished: Purchase 1-83
2026-09-28 13:23:08,786 INFO o.a.j.t.JMeterThread: Thread is done: Purchase 1-77
2026-09-28 13:23:08,786 INFO o.a.j.t.JMeterThread: Thread finished: Purchase 1-77
2026-09-28 13:23:08,789 INFO o.a.j.t.JMeterThread: Thread is done: Purchase 1-87
2026-09-28 13:23:08,789 INFO o.a.j.t.JMeterThread: Thread is done: Purchase 1-80
2026-09-28 13:23:08,789 INFO o.a.j.t.JMeterThread: Thread finished: Purchase 1-87
2026-09-28 13:23:08,789 INFO o.a.j.t.JMeterThread: Thread finished: Purchase 1-80
2026-09-28 13:23:08,791 INFO o.a.j.t.JMeterThread: Thread is done: Purchase 1-84
2026-09-28 13:23:08,791 INFO o.a.j.t.JMeterThread: Thread finished: Purchase 1-84
2026-09-28 13:23:08,792 INFO o.a.j.t.JMeterThread: Thread is done: Purchase 1-82
2026-09-28 13:23:08,792 INFO o.a.j.t.JMeterThread: Thread finished: Purchase 1-82
2026-09-28 13:23:08,793 INFO o.a.j.t.JMeterThread: Thread is done: Purchase 1-85
2026-09-28 13:23:08,793 INFO o.a.j.t.JMeterThread: Thread finished: Purchase 1-85
2026-09-28 13:23:08,794 INFO o.a.j.t.JMeterThread: Thread is done: Purchase 1-91
2026-09-28 13:23:08,794 INFO o.a.j.t.JMeterThread: Thread finished: Purchase 1-91
2026-09-28 13:23:08,796 INFO o.a.j.t.JMeterThread: Thread is done: Purchase 1-86
2026-09-28 13:23:08,796 INFO o.a.j.t.JMeterThread: Thread finished: Purchase 1-86
2026-09-28 13:23:08,797 INFO o.a.j.t.JMeterThread: Thread is done: Purchase 1-89
2026-09-28 13:23:08,797 INFO o.a.j.t.JMeterThread: Thread finished: Purchase 1-89
2026-09-28 13:23:08,800 INFO o.a.j.t.JMeterThread: Thread is done: Purchase 1-92
2026-09-28 13:23:08,800 INFO o.a.j.t.JMeterThread: Thread finished: Purchase 1-92
2026-09-28 13:23:08,800 INFO o.a.j.t.JMeterThread: Thread is done: Purchase 1-88
2026-09-28 13:23:08,800 INFO o.a.j.t.JMeterThread: Thread is done: Purchase 1-94
2026-09-28 13:23:08,800 INFO o.a.j.t.JMeterThread: Thread finished: Purchase 1-88
2026-09-28 13:23:08,800 INFO o.a.j.t.JMeterThread: Thread finished: Purchase 1-94
2026-09-28 13:23:08,802 INFO o.a.j.t.JMeterThread: Thread is done: Purchase 1-90
2026-09-28 13:23:08,802 INFO o.a.j.t.JMeterThread: Thread finished: Purchase 1-90
2026-09-28 13:23:08,805 INFO o.a.j.t.JMeterThread: Thread is done: Purchase 1-93
2026-09-28 13:23:08,805 INFO o.a.j.t.JMeterThread: Thread finished: Purchase 1-93
2026-09-28 13:23:08,806 INFO o.a.j.t.JMeterThread: Thread is done: Purchase 1-95
2026-09-28 13:23:08,807 INFO o.a.j.t.JMeterThread: Thread finished: Purchase 1-95
2026-09-28 13:23:08,809 INFO o.a.j.t.JMeterThread: Thread is done: Purchase 1-96
2026-09-28 13:23:08,809 INFO o.a.j.t.JMeterThread: Thread finished: Purchase 1-96
2026-09-28 13:23:08,814 INFO o.a.j.t.JMeterThread: Thread is done: Purchase 1-97
2026-09-28 13:23:08,814 INFO o.a.j.t.JMeterThread: Thread finished: Purchase 1-97
2026-09-28 13:23:08,815 INFO o.a.j.t.JMeterThread: Thread is done: Purchase 1-98
2026-09-28 13:23:08,815 INFO o.a.j.t.JMeterThread: Thread finished: Purchase 1-98
2026-09-28 13:23:08,821 INFO o.a.j.t.JMeterThread: Thread is done: Purchase 1-99
2026-09-28 13:23:08,821 INFO o.a.j.t.JMeterThread: Thread finished: Purchase 1-99
2026-09-28 13:23:08,824 INFO o.a.j.t.JMeterThread: Thread is done: Purchase 1-100
2026-09-28 13:23:08,824 INFO o.a.j.t.JMeterThread: Thread finished: Purchase 1-100
2026-09-28 13:23:08,825 INFO o.a.j.e.StandardJMeterEngine: Notifying test listeners of end of test
2026-09-28 13:23:08,835 INFO o.a.j.r.Summariser: summary =   1000 in 00:00:01 =  902.5/s Avg:    42 Min:     5 Max:   255 Err:   900 (90.00%)
