2026-09-28 13:25:26,186 INFO o.a.j.u.JMeterUtils: Setting Locale to zh_CN
2026-09-28 13:25:26,239 INFO o.a.j.JMeter: Loading user properties from: C:\seckill-system\target\tools\apache-jmeter-5.6.3\bin\user.properties
2026-09-28 13:25:26,239 INFO o.a.j.JMeter: Loading system properties from: C:\seckill-system\target\tools\apache-jmeter-5.6.3\bin\system.properties
2026-09-28 13:25:26,240 INFO o.a.j.JMeter: Setting JMeter property: users=100
2026-09-28 13:25:26,240 INFO o.a.j.JMeter: Setting JMeter property: loops=30
2026-09-28 13:25:26,240 INFO o.a.j.JMeter: Setting JMeter property: ramp=1
2026-09-28 13:25:26,240 INFO o.a.j.JMeter: Setting JMeter property: product=88
2026-09-28 13:25:26,240 INFO o.a.j.JMeter: Setting JMeter property: port=18084
2026-09-28 13:25:26,250 INFO o.a.j.JMeter: Copyright (c) 1998-2024 The Apache Software Foundation
2026-09-28 13:25:26,250 INFO o.a.j.JMeter: Version 5.6.3
2026-09-28 13:25:26,250 INFO o.a.j.JMeter: java.version=21.0.12.1
2026-09-28 13:25:26,250 INFO o.a.j.JMeter: java.vm.name=OpenJDK 64-Bit Server VM
2026-09-28 13:25:26,250 INFO o.a.j.JMeter: os.name=Windows 11
2026-09-28 13:25:26,250 INFO o.a.j.JMeter: os.arch=amd64
2026-09-28 13:25:26,250 INFO o.a.j.JMeter: os.version=10.0
2026-09-28 13:25:26,250 INFO o.a.j.JMeter: file.encoding=UTF-8
2026-09-28 13:25:26,251 INFO o.a.j.JMeter: java.awt.headless=true
2026-09-28 13:25:26,251 INFO o.a.j.JMeter: Max memory     =536870912
2026-09-28 13:25:26,251 INFO o.a.j.JMeter: Available Processors =32
2026-09-28 13:25:26,269 INFO o.a.j.JMeter: Default Locale=中文 (中国)
2026-09-28 13:25:26,270 INFO o.a.j.JMeter: JMeter  Locale=中文 (中国)
2026-09-28 13:25:26,270 INFO o.a.j.JMeter: JMeterHome=C:\seckill-system\target\tools\apache-jmeter-5.6.3
2026-09-28 13:25:26,270 INFO o.a.j.JMeter: user.dir  =C:\seckill-system
2026-09-28 13:25:26,271 INFO o.a.j.JMeter: PWD       =C:\seckill-system
2026-09-28 13:25:26,276 INFO o.a.j.JMeter: IP: 172.26.111.135 Name: LAPTOP-77E72ENH FullName: windows10.microdone.cn
2026-09-28 13:25:26,292 INFO o.a.j.s.FileServer: Default base='C:\seckill-system'
2026-09-28 13:25:26,295 INFO o.a.j.s.FileServer: Set new base='C:\seckill-system\perf'
2026-09-28 13:25:26,655 INFO o.a.j.s.SaveService: Testplan (JMX) version: 2.2. Testlog (JTL) version: 2.2
2026-09-28 13:25:26,716 INFO o.a.j.s.SaveService: Using SaveService properties version 5.0
2026-09-28 13:25:26,725 INFO o.a.j.s.SaveService: Using SaveService properties file encoding UTF-8
2026-09-28 13:25:26,731 INFO o.a.j.s.SaveService: Loading file: perf\stage1.jmx
2026-09-28 13:25:26,831 INFO o.a.j.p.h.s.HTTPSamplerBase: Parser for text/html is org.apache.jmeter.protocol.http.parser.LagartoBasedHtmlParser
2026-09-28 13:25:26,831 INFO o.a.j.p.h.s.HTTPSamplerBase: Parser for application/xhtml+xml is org.apache.jmeter.protocol.http.parser.LagartoBasedHtmlParser
2026-09-28 13:25:26,831 INFO o.a.j.p.h.s.HTTPSamplerBase: Parser for application/xml is org.apache.jmeter.protocol.http.parser.LagartoBasedHtmlParser
2026-09-28 13:25:26,832 INFO o.a.j.p.h.s.HTTPSamplerBase: Parser for text/xml is org.apache.jmeter.protocol.http.parser.LagartoBasedHtmlParser
2026-09-28 13:25:26,832 INFO o.a.j.p.h.s.HTTPSamplerBase: Parser for text/vnd.wap.wml is org.apache.jmeter.protocol.http.parser.RegexpHTMLParser
2026-09-28 13:25:26,832 INFO o.a.j.p.h.s.HTTPSamplerBase: Parser for text/css is org.apache.jmeter.protocol.http.parser.CssParser
2026-09-28 13:25:26,848 INFO o.a.j.JMeter: Creating summariser <summary>
2026-09-28 13:25:26,886 INFO o.a.j.e.StandardJMeterEngine: Running the test!
2026-09-28 13:25:26,887 INFO o.a.j.s.SampleEvent: List of sample_variables: []
2026-09-28 13:25:26,887 INFO o.a.j.s.SampleEvent: List of sample_variables: []
2026-09-28 13:25:26,900 INFO o.a.j.e.u.CompoundVariable: Note: Function class names must contain the string: '.functions.'
2026-09-28 13:25:26,901 INFO o.a.j.e.u.CompoundVariable: Note: Function class names must not contain the string: '.gui.'
2026-09-28 13:25:27,016 INFO o.a.j.JMeter: 正在运行的测试 (1790573127016)
2026-09-28 13:25:27,040 INFO o.a.j.e.StandardJMeterEngine: Starting ThreadGroup: 1 : Purchase
2026-09-28 13:25:27,041 INFO o.a.j.e.StandardJMeterEngine: Starting 100 threads for group Purchase.
2026-09-28 13:25:27,041 INFO o.a.j.e.StandardJMeterEngine: Thread will continue on error
2026-09-28 13:25:27,041 INFO o.a.j.t.ThreadGroup: Starting thread group... number=1 threads=100 ramp-up=1 delayedStart=false
2026-09-28 13:25:27,053 INFO o.a.j.t.JMeterThread: Thread started: Purchase 1-1
2026-09-28 13:25:27,059 INFO o.a.j.t.JMeterThread: Thread started: Purchase 1-2
2026-09-28 13:25:27,069 INFO o.a.j.t.JMeterThread: Thread started: Purchase 1-3
2026-09-28 13:25:27,077 INFO o.a.j.t.JMeterThread: Thread started: Purchase 1-4
2026-09-28 13:25:27,087 INFO o.a.j.t.JMeterThread: Thread started: Purchase 1-5
2026-09-28 13:25:27,093 INFO o.a.j.p.h.s.HTTPHCAbstractImpl: Local host = LAPTOP-77E72ENH
2026-09-28 13:25:27,096 INFO o.a.j.t.JMeterThread: Thread started: Purchase 1-6
2026-09-28 13:25:27,106 INFO o.a.j.t.JMeterThread: Thread started: Purchase 1-7
2026-09-28 13:25:27,106 INFO o.a.j.t.ThreadGroup: Started thread group number 1
2026-09-28 13:25:27,107 INFO o.a.j.e.StandardJMeterEngine: All thread groups have been started
2026-09-28 13:25:27,115 INFO o.a.j.t.JMeterThread: Thread started: Purchase 1-8
2026-09-28 13:25:27,117 INFO o.a.j.p.h.s.HTTPHC4Impl: HTTP request retry count = 0
2026-09-28 13:25:27,120 INFO o.a.j.s.SampleResult: Note: Sample TimeStamps are START times
2026-09-28 13:25:27,120 INFO o.a.j.s.SampleResult: sampleresult.default.encoding is set to UTF-8
2026-09-28 13:25:27,120 INFO o.a.j.s.SampleResult: sampleresult.useNanoTime=true
2026-09-28 13:25:27,120 INFO o.a.j.s.SampleResult: sampleresult.nanoThreadSleep=5000
2026-09-28 13:25:27,124 INFO o.a.j.t.JMeterThread: Thread started: Purchase 1-9
2026-09-28 13:25:27,133 INFO o.a.j.t.JMeterThread: Thread started: Purchase 1-10
2026-09-28 13:25:27,144 INFO o.a.j.t.JMeterThread: Thread started: Purchase 1-11
2026-09-28 13:25:27,153 INFO o.a.j.t.JMeterThread: Thread started: Purchase 1-12
2026-09-28 13:25:27,162 INFO o.a.j.t.JMeterThread: Thread started: Purchase 1-13
2026-09-28 13:25:27,173 INFO o.a.j.t.JMeterThread: Thread started: Purchase 1-14
2026-09-28 13:25:27,184 INFO o.a.j.t.JMeterThread: Thread started: Purchase 1-15
2026-09-28 13:25:27,195 INFO o.a.j.t.JMeterThread: Thread started: Purchase 1-16
2026-09-28 13:25:27,204 INFO o.a.j.t.JMeterThread: Thread started: Purchase 1-17
2026-09-28 13:25:27,214 INFO o.a.j.t.JMeterThread: Thread started: Purchase 1-18
2026-09-28 13:25:27,222 INFO o.a.j.t.JMeterThread: Thread started: Purchase 1-19
2026-09-28 13:25:27,233 INFO o.a.j.t.JMeterThread: Thread started: Purchase 1-20
2026-09-28 13:25:27,242 INFO o.a.j.t.JMeterThread: Thread started: Purchase 1-21
2026-09-28 13:25:27,253 INFO o.a.j.t.JMeterThread: Thread started: Purchase 1-22
2026-09-28 13:25:27,262 INFO o.a.j.t.JMeterThread: Thread started: Purchase 1-23
2026-09-28 13:25:27,274 INFO o.a.j.t.JMeterThread: Thread started: Purchase 1-24
2026-09-28 13:25:27,282 INFO o.a.j.t.JMeterThread: Thread started: Purchase 1-25
2026-09-28 13:25:27,292 INFO o.a.j.t.JMeterThread: Thread started: Purchase 1-26
2026-09-28 13:25:27,302 INFO o.a.j.t.JMeterThread: Thread started: Purchase 1-27
2026-09-28 13:25:27,312 INFO o.a.j.t.JMeterThread: Thread started: Purchase 1-28
2026-09-28 13:25:27,323 INFO o.a.j.t.JMeterThread: Thread started: Purchase 1-29
2026-09-28 13:25:27,332 INFO o.a.j.t.JMeterThread: Thread started: Purchase 1-30
2026-09-28 13:25:27,343 INFO o.a.j.t.JMeterThread: Thread started: Purchase 1-31
2026-09-28 13:25:27,354 INFO o.a.j.t.JMeterThread: Thread started: Purchase 1-32
2026-09-28 13:25:27,363 INFO o.a.j.t.JMeterThread: Thread started: Purchase 1-33
2026-09-28 13:25:27,373 INFO o.a.j.t.JMeterThread: Thread started: Purchase 1-34
2026-09-28 13:25:27,383 INFO o.a.j.t.JMeterThread: Thread started: Purchase 1-35
2026-09-28 13:25:27,392 INFO o.a.j.t.JMeterThread: Thread started: Purchase 1-36
2026-09-28 13:25:27,403 INFO o.a.j.t.JMeterThread: Thread started: Purchase 1-37
2026-09-28 13:25:27,414 INFO o.a.j.t.JMeterThread: Thread started: Purchase 1-38
2026-09-28 13:25:27,422 INFO o.a.j.t.JMeterThread: Thread started: Purchase 1-39
2026-09-28 13:25:27,433 INFO o.a.j.t.JMeterThread: Thread started: Purchase 1-40
2026-09-28 13:25:27,442 INFO o.a.j.t.JMeterThread: Thread started: Purchase 1-41
2026-09-28 13:25:27,452 INFO o.a.j.t.JMeterThread: Thread started: Purchase 1-42
2026-09-28 13:25:27,462 INFO o.a.j.t.JMeterThread: Thread started: Purchase 1-43
2026-09-28 13:25:27,472 INFO o.a.j.t.JMeterThread: Thread started: Purchase 1-44
2026-09-28 13:25:27,482 INFO o.a.j.t.JMeterThread: Thread started: Purchase 1-45
2026-09-28 13:25:27,493 INFO o.a.j.t.JMeterThread: Thread started: Purchase 1-46
2026-09-28 13:25:27,502 INFO o.a.j.t.JMeterThread: Thread started: Purchase 1-47
2026-09-28 13:25:27,512 INFO o.a.j.t.JMeterThread: Thread started: Purchase 1-48
2026-09-28 13:25:27,523 INFO o.a.j.t.JMeterThread: Thread started: Purchase 1-49
2026-09-28 13:25:27,532 INFO o.a.j.t.JMeterThread: Thread started: Purchase 1-50
2026-09-28 13:25:27,543 INFO o.a.j.t.JMeterThread: Thread started: Purchase 1-51
2026-09-28 13:25:27,553 INFO o.a.j.t.JMeterThread: Thread started: Purchase 1-52
2026-09-28 13:25:27,562 INFO o.a.j.t.JMeterThread: Thread started: Purchase 1-53
2026-09-28 13:25:27,573 INFO o.a.j.t.JMeterThread: Thread started: Purchase 1-54
2026-09-28 13:25:27,584 INFO o.a.j.t.JMeterThread: Thread started: Purchase 1-55
2026-09-28 13:25:27,594 INFO o.a.j.t.JMeterThread: Thread started: Purchase 1-56
2026-09-28 13:25:27,602 INFO o.a.j.t.JMeterThread: Thread started: Purchase 1-57
2026-09-28 13:25:27,613 INFO o.a.j.t.JMeterThread: Thread started: Purchase 1-58
2026-09-28 13:25:27,622 INFO o.a.j.t.JMeterThread: Thread started: Purchase 1-59
2026-09-28 13:25:27,632 INFO o.a.j.t.JMeterThread: Thread started: Purchase 1-60
2026-09-28 13:25:27,643 INFO o.a.j.t.JMeterThread: Thread started: Purchase 1-61
2026-09-28 13:25:27,652 INFO o.a.j.t.JMeterThread: Thread started: Purchase 1-62
2026-09-28 13:25:27,662 INFO o.a.j.t.JMeterThread: Thread started: Purchase 1-63
2026-09-28 13:25:27,672 INFO o.a.j.t.JMeterThread: Thread started: Purchase 1-64
2026-09-28 13:25:27,683 INFO o.a.j.t.JMeterThread: Thread started: Purchase 1-65
2026-09-28 13:25:27,693 INFO o.a.j.t.JMeterThread: Thread started: Purchase 1-66
2026-09-28 13:25:27,702 INFO o.a.j.t.JMeterThread: Thread started: Purchase 1-67
2026-09-28 13:25:27,713 INFO o.a.j.t.JMeterThread: Thread started: Purchase 1-68
2026-09-28 13:25:27,723 INFO o.a.j.t.JMeterThread: Thread started: Purchase 1-69
2026-09-28 13:25:27,732 INFO o.a.j.t.JMeterThread: Thread started: Purchase 1-70
2026-09-28 13:25:27,742 INFO o.a.j.t.JMeterThread: Thread started: Purchase 1-71
2026-09-28 13:25:27,753 INFO o.a.j.t.JMeterThread: Thread started: Purchase 1-72
2026-09-28 13:25:27,763 INFO o.a.j.t.JMeterThread: Thread started: Purchase 1-73
2026-09-28 13:25:27,773 INFO o.a.j.t.JMeterThread: Thread started: Purchase 1-74
2026-09-28 13:25:27,783 INFO o.a.j.t.JMeterThread: Thread started: Purchase 1-75
2026-09-28 13:25:27,792 INFO o.a.j.t.JMeterThread: Thread started: Purchase 1-76
2026-09-28 13:25:27,802 INFO o.a.j.t.JMeterThread: Thread started: Purchase 1-77
2026-09-28 13:25:27,813 INFO o.a.j.t.JMeterThread: Thread started: Purchase 1-78
2026-09-28 13:25:27,822 INFO o.a.j.t.JMeterThread: Thread started: Purchase 1-79
2026-09-28 13:25:27,833 INFO o.a.j.t.JMeterThread: Thread started: Purchase 1-80
2026-09-28 13:25:27,843 INFO o.a.j.t.JMeterThread: Thread started: Purchase 1-81
2026-09-28 13:25:27,853 INFO o.a.j.t.JMeterThread: Thread started: Purchase 1-82
2026-09-28 13:25:27,862 INFO o.a.j.t.JMeterThread: Thread started: Purchase 1-83
2026-09-28 13:25:27,872 INFO o.a.j.t.JMeterThread: Thread started: Purchase 1-84
2026-09-28 13:25:27,884 INFO o.a.j.t.JMeterThread: Thread started: Purchase 1-85
2026-09-28 13:25:27,892 INFO o.a.j.t.JMeterThread: Thread started: Purchase 1-86
2026-09-28 13:25:27,903 INFO o.a.j.t.JMeterThread: Thread started: Purchase 1-87
2026-09-28 13:25:27,913 INFO o.a.j.t.JMeterThread: Thread started: Purchase 1-88
2026-09-28 13:25:27,923 INFO o.a.j.t.JMeterThread: Thread started: Purchase 1-89
2026-09-28 13:25:27,933 INFO o.a.j.t.JMeterThread: Thread started: Purchase 1-90
2026-09-28 13:25:27,942 INFO o.a.j.t.JMeterThread: Thread started: Purchase 1-91
2026-09-28 13:25:27,953 INFO o.a.j.t.JMeterThread: Thread started: Purchase 1-92
2026-09-28 13:25:27,962 INFO o.a.j.t.JMeterThread: Thread started: Purchase 1-93
2026-09-28 13:25:27,972 INFO o.a.j.t.JMeterThread: Thread started: Purchase 1-94
2026-09-28 13:25:27,982 INFO o.a.j.t.JMeterThread: Thread started: Purchase 1-95
2026-09-28 13:25:27,994 INFO o.a.j.t.JMeterThread: Thread started: Purchase 1-96
2026-09-28 13:25:28,002 INFO o.a.j.t.JMeterThread: Thread started: Purchase 1-97
2026-09-28 13:25:28,014 INFO o.a.j.t.JMeterThread: Thread started: Purchase 1-98
2026-09-28 13:25:28,022 INFO o.a.j.t.JMeterThread: Thread started: Purchase 1-99
2026-09-28 13:25:28,032 INFO o.a.j.t.JMeterThread: Thread started: Purchase 1-100
2026-09-28 13:25:28,226 INFO o.a.j.t.JMeterThread: Thread is done: Purchase 1-3
2026-09-28 13:25:28,226 INFO o.a.j.t.JMeterThread: Thread finished: Purchase 1-3
2026-09-28 13:25:28,234 INFO o.a.j.t.JMeterThread: Thread is done: Purchase 1-31
2026-09-28 13:25:28,235 INFO o.a.j.t.JMeterThread: Thread finished: Purchase 1-31
2026-09-28 13:25:28,267 INFO o.a.j.t.JMeterThread: Thread is done: Purchase 1-7
2026-09-28 13:25:28,267 INFO o.a.j.t.JMeterThread: Thread finished: Purchase 1-7
2026-09-28 13:25:28,268 INFO o.a.j.t.JMeterThread: Thread is done: Purchase 1-5
2026-09-28 13:25:28,268 INFO o.a.j.t.JMeterThread: Thread finished: Purchase 1-5
2026-09-28 13:25:28,270 INFO o.a.j.t.JMeterThread: Thread is done: Purchase 1-33
2026-09-28 13:25:28,270 INFO o.a.j.t.JMeterThread: Thread finished: Purchase 1-33
2026-09-28 13:25:28,344 INFO o.a.j.t.JMeterThread: Thread is done: Purchase 1-17
2026-09-28 13:25:28,344 INFO o.a.j.t.JMeterThread: Thread finished: Purchase 1-17
2026-09-28 13:25:28,344 INFO o.a.j.t.JMeterThread: Thread is done: Purchase 1-28
2026-09-28 13:25:28,345 INFO o.a.j.t.JMeterThread: Thread finished: Purchase 1-28
2026-09-28 13:25:28,347 INFO o.a.j.t.JMeterThread: Thread is done: Purchase 1-18
2026-09-28 13:25:28,347 INFO o.a.j.t.JMeterThread: Thread finished: Purchase 1-18
2026-09-28 13:25:28,354 INFO o.a.j.t.JMeterThread: Thread is done: Purchase 1-37
2026-09-28 13:25:28,354 INFO o.a.j.t.JMeterThread: Thread finished: Purchase 1-37
2026-09-28 13:25:28,355 INFO o.a.j.t.JMeterThread: Thread is done: Purchase 1-39
2026-09-28 13:25:28,355 INFO o.a.j.t.JMeterThread: Thread finished: Purchase 1-39
2026-09-28 13:25:28,355 INFO o.a.j.t.JMeterThread: Thread is done: Purchase 1-1
2026-09-28 13:25:28,355 INFO o.a.j.t.JMeterThread: Thread finished: Purchase 1-1
2026-09-28 13:25:28,370 INFO o.a.j.t.JMeterThread: Thread is done: Purchase 1-24
2026-09-28 13:25:28,371 INFO o.a.j.t.JMeterThread: Thread finished: Purchase 1-24
2026-09-28 13:25:28,374 INFO o.a.j.t.JMeterThread: Thread is done: Purchase 1-26
2026-09-28 13:25:28,376 INFO o.a.j.t.JMeterThread: Thread finished: Purchase 1-26
2026-09-28 13:25:28,381 INFO o.a.j.t.JMeterThread: Thread is done: Purchase 1-10
2026-09-28 13:25:28,381 INFO o.a.j.t.JMeterThread: Thread finished: Purchase 1-10
2026-09-28 13:25:28,383 INFO o.a.j.t.JMeterThread: Thread is done: Purchase 1-15
2026-09-28 13:25:28,383 INFO o.a.j.t.JMeterThread: Thread finished: Purchase 1-15
2026-09-28 13:25:28,383 INFO o.a.j.t.JMeterThread: Thread is done: Purchase 1-35
2026-09-28 13:25:28,383 INFO o.a.j.t.JMeterThread: Thread finished: Purchase 1-35
2026-09-28 13:25:28,391 INFO o.a.j.t.JMeterThread: Thread is done: Purchase 1-23
2026-09-28 13:25:28,391 INFO o.a.j.t.JMeterThread: Thread finished: Purchase 1-23
2026-09-28 13:25:28,397 INFO o.a.j.t.JMeterThread: Thread is done: Purchase 1-19
2026-09-28 13:25:28,397 INFO o.a.j.t.JMeterThread: Thread finished: Purchase 1-19
2026-09-28 13:25:28,401 INFO o.a.j.t.JMeterThread: Thread is done: Purchase 1-21
2026-09-28 13:25:28,402 INFO o.a.j.t.JMeterThread: Thread is done: Purchase 1-41
2026-09-28 13:25:28,402 INFO o.a.j.t.JMeterThread: Thread finished: Purchase 1-21
2026-09-28 13:25:28,401 INFO o.a.j.t.JMeterThread: Thread is done: Purchase 1-14
2026-09-28 13:25:28,401 INFO o.a.j.t.JMeterThread: Thread is done: Purchase 1-29
2026-09-28 13:25:28,403 INFO o.a.j.t.JMeterThread: Thread finished: Purchase 1-14
2026-09-28 13:25:28,403 INFO o.a.j.t.JMeterThread: Thread finished: Purchase 1-29
2026-09-28 13:25:28,403 INFO o.a.j.t.JMeterThread: Thread finished: Purchase 1-41
2026-09-28 13:25:28,403 INFO o.a.j.t.JMeterThread: Thread is done: Purchase 1-2
2026-09-28 13:25:28,403 INFO o.a.j.t.JMeterThread: Thread finished: Purchase 1-2
2026-09-28 13:25:28,412 INFO o.a.j.t.JMeterThread: Thread is done: Purchase 1-9
2026-09-28 13:25:28,413 INFO o.a.j.t.JMeterThread: Thread finished: Purchase 1-9
2026-09-28 13:25:28,413 INFO o.a.j.t.JMeterThread: Thread is done: Purchase 1-38
2026-09-28 13:25:28,413 INFO o.a.j.t.JMeterThread: Thread finished: Purchase 1-38
2026-09-28 13:25:28,424 INFO o.a.j.t.JMeterThread: Thread is done: Purchase 1-27
2026-09-28 13:25:28,424 INFO o.a.j.t.JMeterThread: Thread finished: Purchase 1-27
2026-09-28 13:25:28,429 INFO o.a.j.t.JMeterThread: Thread is done: Purchase 1-4
2026-09-28 13:25:28,429 INFO o.a.j.t.JMeterThread: Thread finished: Purchase 1-4
2026-09-28 13:25:28,431 INFO o.a.j.t.JMeterThread: Thread is done: Purchase 1-12
2026-09-28 13:25:28,431 INFO o.a.j.t.JMeterThread: Thread finished: Purchase 1-12
2026-09-28 13:25:28,440 INFO o.a.j.t.JMeterThread: Thread is done: Purchase 1-20
2026-09-28 13:25:28,440 INFO o.a.j.t.JMeterThread: Thread finished: Purchase 1-20
2026-09-28 13:25:28,443 INFO o.a.j.t.JMeterThread: Thread is done: Purchase 1-30
2026-09-28 13:25:28,443 INFO o.a.j.t.JMeterThread: Thread finished: Purchase 1-30
2026-09-28 13:25:28,446 INFO o.a.j.t.JMeterThread: Thread is done: Purchase 1-6
2026-09-28 13:25:28,446 INFO o.a.j.t.JMeterThread: Thread finished: Purchase 1-6
2026-09-28 13:25:28,447 INFO o.a.j.t.JMeterThread: Thread is done: Purchase 1-22
2026-09-28 13:25:28,447 INFO o.a.j.t.JMeterThread: Thread finished: Purchase 1-22
2026-09-28 13:25:28,465 INFO o.a.j.t.JMeterThread: Thread is done: Purchase 1-40
2026-09-28 13:25:28,465 INFO o.a.j.t.JMeterThread: Thread finished: Purchase 1-40
2026-09-28 13:25:28,467 INFO o.a.j.t.JMeterThread: Thread is done: Purchase 1-36
2026-09-28 13:25:28,468 INFO o.a.j.t.JMeterThread: Thread finished: Purchase 1-36
2026-09-28 13:25:28,471 INFO o.a.j.t.JMeterThread: Thread is done: Purchase 1-34
2026-09-28 13:25:28,471 INFO o.a.j.t.JMeterThread: Thread finished: Purchase 1-34
2026-09-28 13:25:28,490 INFO o.a.j.t.JMeterThread: Thread is done: Purchase 1-32
2026-09-28 13:25:28,490 INFO o.a.j.t.JMeterThread: Thread finished: Purchase 1-32
2026-09-28 13:25:28,493 INFO o.a.j.t.JMeterThread: Thread is done: Purchase 1-25
2026-09-28 13:25:28,493 INFO o.a.j.t.JMeterThread: Thread finished: Purchase 1-25
2026-09-28 13:25:28,513 INFO o.a.j.t.JMeterThread: Thread is done: Purchase 1-16
2026-09-28 13:25:28,513 INFO o.a.j.t.JMeterThread: Thread finished: Purchase 1-16
2026-09-28 13:25:28,513 INFO o.a.j.t.JMeterThread: Thread is done: Purchase 1-43
2026-09-28 13:25:28,513 INFO o.a.j.t.JMeterThread: Thread finished: Purchase 1-43
2026-09-28 13:25:28,536 INFO o.a.j.t.JMeterThread: Thread is done: Purchase 1-11
2026-09-28 13:25:28,536 INFO o.a.j.t.JMeterThread: Thread is done: Purchase 1-8
2026-09-28 13:25:28,536 INFO o.a.j.t.JMeterThread: Thread finished: Purchase 1-11
2026-09-28 13:25:28,536 INFO o.a.j.t.JMeterThread: Thread finished: Purchase 1-8
2026-09-28 13:25:28,537 INFO o.a.j.t.JMeterThread: Thread is done: Purchase 1-13
2026-09-28 13:25:28,537 INFO o.a.j.t.JMeterThread: Thread finished: Purchase 1-13
2026-09-28 13:25:28,540 INFO o.a.j.t.JMeterThread: Thread is done: Purchase 1-47
2026-09-28 13:25:28,541 INFO o.a.j.t.JMeterThread: Thread finished: Purchase 1-47
2026-09-28 13:25:28,542 INFO o.a.j.t.JMeterThread: Thread is done: Purchase 1-46
2026-09-28 13:25:28,542 INFO o.a.j.t.JMeterThread: Thread finished: Purchase 1-46
2026-09-28 13:25:28,550 INFO o.a.j.t.JMeterThread: Thread is done: Purchase 1-45
2026-09-28 13:25:28,550 INFO o.a.j.t.JMeterThread: Thread finished: Purchase 1-45
2026-09-28 13:25:28,554 INFO o.a.j.t.JMeterThread: Thread is done: Purchase 1-42
2026-09-28 13:25:28,554 INFO o.a.j.t.JMeterThread: Thread is done: Purchase 1-44
2026-09-28 13:25:28,555 INFO o.a.j.t.JMeterThread: Thread finished: Purchase 1-44
2026-09-28 13:25:28,555 INFO o.a.j.t.JMeterThread: Thread finished: Purchase 1-42
2026-09-28 13:25:28,578 INFO o.a.j.t.JMeterThread: Thread is done: Purchase 1-48
2026-09-28 13:25:28,578 INFO o.a.j.t.JMeterThread: Thread finished: Purchase 1-48
2026-09-28 13:25:28,591 INFO o.a.j.t.JMeterThread: Thread is done: Purchase 1-50
2026-09-28 13:25:28,591 INFO o.a.j.t.JMeterThread: Thread finished: Purchase 1-50
2026-09-28 13:25:28,600 INFO o.a.j.t.JMeterThread: Thread is done: Purchase 1-49
2026-09-28 13:25:28,600 INFO o.a.j.t.JMeterThread: Thread finished: Purchase 1-49
2026-09-28 13:25:28,602 INFO o.a.j.t.JMeterThread: Thread is done: Purchase 1-61
2026-09-28 13:25:28,603 INFO o.a.j.t.JMeterThread: Thread finished: Purchase 1-61
2026-09-28 13:25:28,616 INFO o.a.j.t.JMeterThread: Thread is done: Purchase 1-53
2026-09-28 13:25:28,616 INFO o.a.j.t.JMeterThread: Thread finished: Purchase 1-53
2026-09-28 13:25:28,617 INFO o.a.j.t.JMeterThread: Thread is done: Purchase 1-51
2026-09-28 13:25:28,618 INFO o.a.j.t.JMeterThread: Thread finished: Purchase 1-51
2026-09-28 13:25:28,626 INFO o.a.j.t.JMeterThread: Thread is done: Purchase 1-52
2026-09-28 13:25:28,626 INFO o.a.j.t.JMeterThread: Thread finished: Purchase 1-52
2026-09-28 13:25:28,631 INFO o.a.j.t.JMeterThread: Thread is done: Purchase 1-58
2026-09-28 13:25:28,631 INFO o.a.j.t.JMeterThread: Thread finished: Purchase 1-58
2026-09-28 13:25:28,634 INFO o.a.j.t.JMeterThread: Thread is done: Purchase 1-55
2026-09-28 13:25:28,634 INFO o.a.j.t.JMeterThread: Thread finished: Purchase 1-55
2026-09-28 13:25:28,641 INFO o.a.j.t.JMeterThread: Thread is done: Purchase 1-54
2026-09-28 13:25:28,641 INFO o.a.j.t.JMeterThread: Thread finished: Purchase 1-54
2026-09-28 13:25:28,677 INFO o.a.j.t.JMeterThread: Thread is done: Purchase 1-63
2026-09-28 13:25:28,677 INFO o.a.j.t.JMeterThread: Thread finished: Purchase 1-63
2026-09-28 13:25:28,679 INFO o.a.j.t.JMeterThread: Thread is done: Purchase 1-56
2026-09-28 13:25:28,679 INFO o.a.j.t.JMeterThread: Thread finished: Purchase 1-56
2026-09-28 13:25:28,681 INFO o.a.j.t.JMeterThread: Thread is done: Purchase 1-59
2026-09-28 13:25:28,682 INFO o.a.j.t.JMeterThread: Thread finished: Purchase 1-59
2026-09-28 13:25:28,690 INFO o.a.j.t.JMeterThread: Thread is done: Purchase 1-60
2026-09-28 13:25:28,690 INFO o.a.j.t.JMeterThread: Thread finished: Purchase 1-60
2026-09-28 13:25:28,700 INFO o.a.j.t.JMeterThread: Thread is done: Purchase 1-57
2026-09-28 13:25:28,701 INFO o.a.j.t.JMeterThread: Thread finished: Purchase 1-57
2026-09-28 13:25:28,718 INFO o.a.j.t.JMeterThread: Thread is done: Purchase 1-62
2026-09-28 13:25:28,718 INFO o.a.j.t.JMeterThread: Thread finished: Purchase 1-62
2026-09-28 13:25:28,718 INFO o.a.j.t.JMeterThread: Thread is done: Purchase 1-65
2026-09-28 13:25:28,719 INFO o.a.j.t.JMeterThread: Thread finished: Purchase 1-65
2026-09-28 13:25:28,736 INFO o.a.j.t.JMeterThread: Thread is done: Purchase 1-67
2026-09-28 13:25:28,736 INFO o.a.j.t.JMeterThread: Thread finished: Purchase 1-67
2026-09-28 13:25:28,742 INFO o.a.j.t.JMeterThread: Thread is done: Purchase 1-64
2026-09-28 13:25:28,742 INFO o.a.j.t.JMeterThread: Thread finished: Purchase 1-64
2026-09-28 13:25:28,748 INFO o.a.j.t.JMeterThread: Thread is done: Purchase 1-70
2026-09-28 13:25:28,748 INFO o.a.j.t.JMeterThread: Thread finished: Purchase 1-70
2026-09-28 13:25:28,748 INFO o.a.j.t.JMeterThread: Thread is done: Purchase 1-73
2026-09-28 13:25:28,748 INFO o.a.j.t.JMeterThread: Thread finished: Purchase 1-73
2026-09-28 13:25:28,750 INFO o.a.j.t.JMeterThread: Thread is done: Purchase 1-72
2026-09-28 13:25:28,750 INFO o.a.j.t.JMeterThread: Thread finished: Purchase 1-72
2026-09-28 13:25:28,750 INFO o.a.j.t.JMeterThread: Thread is done: Purchase 1-66
2026-09-28 13:25:28,750 INFO o.a.j.t.JMeterThread: Thread finished: Purchase 1-66
2026-09-28 13:25:28,751 INFO o.a.j.t.JMeterThread: Thread is done: Purchase 1-77
2026-09-28 13:25:28,752 INFO o.a.j.t.JMeterThread: Thread finished: Purchase 1-77
2026-09-28 13:25:28,758 INFO o.a.j.t.JMeterThread: Thread is done: Purchase 1-71
2026-09-28 13:25:28,758 INFO o.a.j.t.JMeterThread: Thread finished: Purchase 1-71
2026-09-28 13:25:28,763 INFO o.a.j.t.JMeterThread: Thread is done: Purchase 1-69
2026-09-28 13:25:28,763 INFO o.a.j.t.JMeterThread: Thread is done: Purchase 1-74
2026-09-28 13:25:28,763 INFO o.a.j.t.JMeterThread: Thread finished: Purchase 1-69
2026-09-28 13:25:28,764 INFO o.a.j.t.JMeterThread: Thread finished: Purchase 1-74
2026-09-28 13:25:28,765 INFO o.a.j.t.JMeterThread: Thread is done: Purchase 1-68
2026-09-28 13:25:28,765 INFO o.a.j.t.JMeterThread: Thread is done: Purchase 1-75
2026-09-28 13:25:28,765 INFO o.a.j.t.JMeterThread: Thread finished: Purchase 1-68
2026-09-28 13:25:28,765 INFO o.a.j.t.JMeterThread: Thread finished: Purchase 1-75
2026-09-28 13:25:28,774 INFO o.a.j.t.JMeterThread: Thread is done: Purchase 1-78
2026-09-28 13:25:28,774 INFO o.a.j.t.JMeterThread: Thread finished: Purchase 1-78
2026-09-28 13:25:28,774 INFO o.a.j.t.JMeterThread: Thread is done: Purchase 1-81
2026-09-28 13:25:28,774 INFO o.a.j.t.JMeterThread: Thread finished: Purchase 1-81
2026-09-28 13:25:28,781 INFO o.a.j.t.JMeterThread: Thread is done: Purchase 1-82
2026-09-28 13:25:28,781 INFO o.a.j.t.JMeterThread: Thread finished: Purchase 1-82
2026-09-28 13:25:28,789 INFO o.a.j.t.JMeterThread: Thread is done: Purchase 1-80
2026-09-28 13:25:28,789 INFO o.a.j.t.JMeterThread: Thread is done: Purchase 1-85
2026-09-28 13:25:28,790 INFO o.a.j.t.JMeterThread: Thread finished: Purchase 1-80
2026-09-28 13:25:28,790 INFO o.a.j.t.JMeterThread: Thread finished: Purchase 1-85
2026-09-28 13:25:28,792 INFO o.a.j.t.JMeterThread: Thread is done: Purchase 1-86
2026-09-28 13:25:28,792 INFO o.a.j.t.JMeterThread: Thread finished: Purchase 1-86
2026-09-28 13:25:28,795 INFO o.a.j.t.JMeterThread: Thread is done: Purchase 1-76
2026-09-28 13:25:28,795 INFO o.a.j.t.JMeterThread: Thread finished: Purchase 1-76
2026-09-28 13:25:28,803 INFO o.a.j.t.JMeterThread: Thread is done: Purchase 1-89
2026-09-28 13:25:28,803 INFO o.a.j.t.JMeterThread: Thread finished: Purchase 1-89
2026-09-28 13:25:28,803 INFO o.a.j.t.JMeterThread: Thread is done: Purchase 1-79
2026-09-28 13:25:28,803 INFO o.a.j.t.JMeterThread: Thread finished: Purchase 1-79
2026-09-28 13:25:28,806 INFO o.a.j.t.JMeterThread: Thread is done: Purchase 1-84
2026-09-28 13:25:28,806 INFO o.a.j.t.JMeterThread: Thread finished: Purchase 1-84
2026-09-28 13:25:28,810 INFO o.a.j.t.JMeterThread: Thread is done: Purchase 1-83
2026-09-28 13:25:28,811 INFO o.a.j.t.JMeterThread: Thread finished: Purchase 1-83
2026-09-28 13:25:28,834 INFO o.a.j.t.JMeterThread: Thread is done: Purchase 1-93
2026-09-28 13:25:28,834 INFO o.a.j.t.JMeterThread: Thread is done: Purchase 1-90
2026-09-28 13:25:28,834 INFO o.a.j.t.JMeterThread: Thread finished: Purchase 1-93
2026-09-28 13:25:28,834 INFO o.a.j.t.JMeterThread: Thread finished: Purchase 1-90
2026-09-28 13:25:28,836 INFO o.a.j.t.JMeterThread: Thread is done: Purchase 1-98
2026-09-28 13:25:28,837 INFO o.a.j.t.JMeterThread: Thread finished: Purchase 1-98
2026-09-28 13:25:28,842 INFO o.a.j.t.JMeterThread: Thread is done: Purchase 1-87
2026-09-28 13:25:28,843 INFO o.a.j.t.JMeterThread: Thread is done: Purchase 1-92
2026-09-28 13:25:28,843 INFO o.a.j.t.JMeterThread: Thread finished: Purchase 1-87
2026-09-28 13:25:28,843 INFO o.a.j.t.JMeterThread: Thread finished: Purchase 1-92
2026-09-28 13:25:28,843 INFO o.a.j.t.JMeterThread: Thread is done: Purchase 1-100
2026-09-28 13:25:28,843 INFO o.a.j.t.JMeterThread: Thread finished: Purchase 1-100
2026-09-28 13:25:28,845 INFO o.a.j.t.JMeterThread: Thread is done: Purchase 1-88
2026-09-28 13:25:28,845 INFO o.a.j.t.JMeterThread: Thread finished: Purchase 1-88
2026-09-28 13:25:28,847 INFO o.a.j.t.JMeterThread: Thread is done: Purchase 1-91
2026-09-28 13:25:28,847 INFO o.a.j.t.JMeterThread: Thread finished: Purchase 1-91
2026-09-28 13:25:28,849 INFO o.a.j.t.JMeterThread: Thread is done: Purchase 1-95
2026-09-28 13:25:28,849 INFO o.a.j.t.JMeterThread: Thread finished: Purchase 1-95
2026-09-28 13:25:28,852 INFO o.a.j.t.JMeterThread: Thread is done: Purchase 1-96
2026-09-28 13:25:28,852 INFO o.a.j.t.JMeterThread: Thread finished: Purchase 1-96
2026-09-28 13:25:28,858 INFO o.a.j.t.JMeterThread: Thread is done: Purchase 1-99
2026-09-28 13:25:28,858 INFO o.a.j.t.JMeterThread: Thread finished: Purchase 1-99
2026-09-28 13:25:28,859 INFO o.a.j.t.JMeterThread: Thread is done: Purchase 1-97
2026-09-28 13:25:28,859 INFO o.a.j.t.JMeterThread: Thread finished: Purchase 1-97
2026-09-28 13:25:28,859 INFO o.a.j.t.JMeterThread: Thread is done: Purchase 1-94
2026-09-28 13:25:28,859 INFO o.a.j.t.JMeterThread: Thread finished: Purchase 1-94
2026-09-28 13:25:28,859 INFO o.a.j.e.StandardJMeterEngine: Notifying test listeners of end of test
2026-09-28 13:25:28,870 INFO o.a.j.r.Summariser: summary =   3000 in 00:00:02 = 1623.4/s Avg:    33 Min:     5 Max:   132 Err:     0 (0.00%)
