
  .   ____          _            __ _ _
 /\\ / ___'_ __ _ _(_)_ __  __ _ \ \ \ \
( ( )\___ | '_ | '_| | '_ \/ _` | \ \ \ \
 \\/  ___)| |_)| | | | | || (_| |  ) ) ) )
  '  |____| .__|_| |_|_| |_\__, | / / / /
 =========|_|==============|___/=/_/_/_/

 :: Spring Boot ::                (v3.3.5)

2026-09-28T13:22:28.251+08:00  INFO 10964 --- [seckill-system] [           main] com.ddk.seckill.SeckillApplication       : Starting SeckillApplication v0.0.1-SNAPSHOT using Java 21.0.12.1 with PID 10964 (C:\seckill-system\target\seckill-system-0.0.1-SNAPSHOT.jar started by Asus in C:\seckill-system)
2026-09-28T13:22:28.255+08:00  INFO 10964 --- [seckill-system] [           main] com.ddk.seckill.SeckillApplication       : The following 1 profile is active: "stage3"
2026-09-28T13:22:29.787+08:00  INFO 10964 --- [seckill-system] [           main] .s.d.r.c.RepositoryConfigurationDelegate : Multiple Spring Data modules found, entering strict repository configuration mode
2026-09-28T13:22:29.794+08:00  INFO 10964 --- [seckill-system] [           main] .s.d.r.c.RepositoryConfigurationDelegate : Bootstrapping Spring Data Redis repositories in DEFAULT mode.
2026-09-28T13:22:29.829+08:00  INFO 10964 --- [seckill-system] [           main] .s.d.r.c.RepositoryConfigurationDelegate : Finished Spring Data repository scanning in 9 ms. Found 0 Redis repository interfaces.
2026-09-28T13:22:31.031+08:00  INFO 10964 --- [seckill-system] [           main] o.s.b.w.embedded.tomcat.TomcatWebServer  : Tomcat initialized with port 18084 (http)
2026-09-28T13:22:31.053+08:00  INFO 10964 --- [seckill-system] [           main] o.apache.catalina.core.StandardService   : Starting service [Tomcat]
2026-09-28T13:22:31.054+08:00  INFO 10964 --- [seckill-system] [           main] o.apache.catalina.core.StandardEngine    : Starting Servlet engine: [Apache Tomcat/10.1.31]
2026-09-28T13:22:31.110+08:00  INFO 10964 --- [seckill-system] [           main] o.a.c.c.C.[Tomcat].[localhost].[/api]    : Initializing Spring embedded WebApplicationContext
2026-09-28T13:22:31.111+08:00  INFO 10964 --- [seckill-system] [           main] w.s.c.ServletWebServerApplicationContext : Root WebApplicationContext: initialization completed in 2728 ms
2026-09-28T13:22:34.830+08:00  INFO 10964 --- [seckill-system] [           main] o.s.b.w.embedded.tomcat.TomcatWebServer  : Tomcat started on port 18084 (http) with context path '/api'
2026-09-28T13:22:34.839+08:00  INFO 10964 --- [seckill-system] [           main] o.s.a.r.c.CachingConnectionFactory       : Attempting to connect to: [localhost:5672]
2026-09-28T13:22:35.008+08:00  INFO 10964 --- [seckill-system] [           main] o.s.a.r.c.CachingConnectionFactory       : Created new connection: rabbitConnectionFactory#230232b0:0/SimpleConnection@5950054d [delegate=amqp://seckill_app@127.0.0.1:5672/seckill, localPort=47736]
2026-09-28T13:22:35.186+08:00  INFO 10964 --- [seckill-system] [           main] com.ddk.seckill.SeckillApplication       : Started SeckillApplication in 7.731 seconds (process running for 8.771)
2026-09-28T13:22:35.476+08:00  INFO 10964 --- [seckill-system] [io-18084-exec-1] o.a.c.c.C.[Tomcat].[localhost].[/api]    : Initializing Spring DispatcherServlet 'dispatcherServlet'
2026-09-28T13:22:35.476+08:00  INFO 10964 --- [seckill-system] [io-18084-exec-1] o.s.web.servlet.DispatcherServlet        : Initializing Servlet 'dispatcherServlet'
2026-09-28T13:22:35.479+08:00  INFO 10964 --- [seckill-system] [io-18084-exec-1] o.s.web.servlet.DispatcherServlet        : Completed initialization in 1 ms
2026-09-28T13:22:51.366+08:00  INFO 10964 --- [seckill-system] [OrderListener-1] com.zaxxer.hikari.HikariDataSource       : HikariPool-1 - Starting...
2026-09-28T13:22:51.975+08:00  INFO 10964 --- [seckill-system] [OrderListener-1] com.zaxxer.hikari.pool.HikariPool        : HikariPool-1 - Added connection com.mysql.cj.jdbc.ConnectionImpl@37c921a3
2026-09-28T13:22:51.977+08:00  INFO 10964 --- [seckill-system] [OrderListener-1] com.zaxxer.hikari.HikariDataSource       : HikariPool-1 - Start completed.
