2026-09-28 13:23:25,101 INFO o.a.j.u.JMeterUtils: Setting Locale to zh_CN
2026-09-28 13:23:25,144 INFO o.a.j.JMeter: Loading user properties from: C:\seckill-system\target\tools\apache-jmeter-5.6.3\bin\user.properties
2026-09-28 13:23:25,145 INFO o.a.j.JMeter: Loading system properties from: C:\seckill-system\target\tools\apache-jmeter-5.6.3\bin\system.properties
2026-09-28 13:23:25,145 INFO o.a.j.JMeter: Setting JMeter property: users=1
2026-09-28 13:23:25,145 INFO o.a.j.JMeter: Setting JMeter property: loops=3000
2026-09-28 13:23:25,145 INFO o.a.j.JMeter: Setting JMeter property: ramp=1
2026-09-28 13:23:25,145 INFO o.a.j.JMeter: Setting JMeter property: product=86
2026-09-28 13:23:25,146 INFO o.a.j.JMeter: Setting JMeter property: port=18084
2026-09-28 13:23:25,156 INFO o.a.j.JMeter: Copyright (c) 1998-2024 The Apache Software Foundation
2026-09-28 13:23:25,156 INFO o.a.j.JMeter: Version 5.6.3
2026-09-28 13:23:25,156 INFO o.a.j.JMeter: java.version=21.0.12.1
2026-09-28 13:23:25,156 INFO o.a.j.JMeter: java.vm.name=OpenJDK 64-Bit Server VM
2026-09-28 13:23:25,156 INFO o.a.j.JMeter: os.name=Windows 11
2026-09-28 13:23:25,156 INFO o.a.j.JMeter: os.arch=amd64
2026-09-28 13:23:25,156 INFO o.a.j.JMeter: os.version=10.0
2026-09-28 13:23:25,157 INFO o.a.j.JMeter: file.encoding=UTF-8
2026-09-28 13:23:25,157 INFO o.a.j.JMeter: java.awt.headless=true
2026-09-28 13:23:25,157 INFO o.a.j.JMeter: Max memory     =536870912
2026-09-28 13:23:25,157 INFO o.a.j.JMeter: Available Processors =32
2026-09-28 13:23:25,177 INFO o.a.j.JMeter: Default Locale=中文 (中国)
2026-09-28 13:23:25,178 INFO o.a.j.JMeter: JMeter  Locale=中文 (中国)
2026-09-28 13:23:25,178 INFO o.a.j.JMeter: JMeterHome=C:\seckill-system\target\tools\apache-jmeter-5.6.3
2026-09-28 13:23:25,178 INFO o.a.j.JMeter: user.dir  =C:\seckill-system
2026-09-28 13:23:25,178 INFO o.a.j.JMeter: PWD       =C:\seckill-system
2026-09-28 13:23:25,183 INFO o.a.j.JMeter: IP: 172.26.111.135 Name: LAPTOP-77E72ENH FullName: windows10.microdone.cn
2026-09-28 13:23:25,200 INFO o.a.j.s.FileServer: Default base='C:\seckill-system'
2026-09-28 13:23:25,203 INFO o.a.j.s.FileServer: Set new base='C:\seckill-system\perf'
2026-09-28 13:23:25,538 INFO o.a.j.s.SaveService: Testplan (JMX) version: 2.2. Testlog (JTL) version: 2.2
2026-09-28 13:23:25,587 INFO o.a.j.s.SaveService: Using SaveService properties version 5.0
2026-09-28 13:23:25,593 INFO o.a.j.s.SaveService: Using SaveService properties file encoding UTF-8
2026-09-28 13:23:25,597 INFO o.a.j.s.SaveService: Loading file: perf\stage1.jmx
2026-09-28 13:23:25,682 INFO o.a.j.p.h.s.HTTPSamplerBase: Parser for text/html is org.apache.jmeter.protocol.http.parser.LagartoBasedHtmlParser
2026-09-28 13:23:25,682 INFO o.a.j.p.h.s.HTTPSamplerBase: Parser for application/xhtml+xml is org.apache.jmeter.protocol.http.parser.LagartoBasedHtmlParser
2026-09-28 13:23:25,683 INFO o.a.j.p.h.s.HTTPSamplerBase: Parser for application/xml is org.apache.jmeter.protocol.http.parser.LagartoBasedHtmlParser
2026-09-28 13:23:25,683 INFO o.a.j.p.h.s.HTTPSamplerBase: Parser for text/xml is org.apache.jmeter.protocol.http.parser.LagartoBasedHtmlParser
2026-09-28 13:23:25,683 INFO o.a.j.p.h.s.HTTPSamplerBase: Parser for text/vnd.wap.wml is org.apache.jmeter.protocol.http.parser.RegexpHTMLParser
2026-09-28 13:23:25,683 INFO o.a.j.p.h.s.HTTPSamplerBase: Parser for text/css is org.apache.jmeter.protocol.http.parser.CssParser
2026-09-28 13:23:25,702 INFO o.a.j.JMeter: Creating summariser <summary>
2026-09-28 13:23:25,732 INFO o.a.j.e.StandardJMeterEngine: Running the test!
2026-09-28 13:23:25,733 INFO o.a.j.s.SampleEvent: List of sample_variables: []
2026-09-28 13:23:25,733 INFO o.a.j.s.SampleEvent: List of sample_variables: []
2026-09-28 13:23:25,740 INFO o.a.j.e.u.CompoundVariable: Note: Function class names must contain the string: '.functions.'
2026-09-28 13:23:25,740 INFO o.a.j.e.u.CompoundVariable: Note: Function class names must not contain the string: '.gui.'
2026-09-28 13:23:25,856 INFO o.a.j.JMeter: 正在运行的测试 (1790573005856)
2026-09-28 13:23:25,876 INFO o.a.j.e.StandardJMeterEngine: Starting ThreadGroup: 1 : Purchase
2026-09-28 13:23:25,877 INFO o.a.j.e.StandardJMeterEngine: Starting 1 threads for group Purchase.
2026-09-28 13:23:25,877 INFO o.a.j.e.StandardJMeterEngine: Thread will continue on error
2026-09-28 13:23:25,877 INFO o.a.j.t.ThreadGroup: Starting thread group... number=1 threads=1 ramp-up=1 delayedStart=false
2026-09-28 13:23:25,882 INFO o.a.j.t.ThreadGroup: Started thread group number 1
2026-09-28 13:23:25,883 INFO o.a.j.e.StandardJMeterEngine: All thread groups have been started
2026-09-28 13:23:25,885 INFO o.a.j.t.JMeterThread: Thread started: Purchase 1-1
2026-09-28 13:23:25,905 INFO o.a.j.p.h.s.HTTPHCAbstractImpl: Local host = LAPTOP-77E72ENH
2026-09-28 13:23:25,914 INFO o.a.j.p.h.s.HTTPHC4Impl: HTTP request retry count = 0
2026-09-28 13:23:25,916 INFO o.a.j.s.SampleResult: Note: Sample TimeStamps are START times
2026-09-28 13:23:25,916 INFO o.a.j.s.SampleResult: sampleresult.default.encoding is set to UTF-8
2026-09-28 13:23:25,916 INFO o.a.j.s.SampleResult: sampleresult.useNanoTime=true
2026-09-28 13:23:25,916 INFO o.a.j.s.SampleResult: sampleresult.nanoThreadSleep=5000
2026-09-28 13:23:30,009 INFO o.a.j.r.Summariser: summary +    138 in 00:00:04 =   33.3/s Avg:    28 Min:     6 Max:    64 Err:     0 (0.00%) Active: 1 Started: 1 Finished: 0
2026-09-28 13:24:00,039 INFO o.a.j.r.Summariser: summary +   1125 in 00:00:30 =   37.5/s Avg:    26 Min:     5 Max:    62 Err:     0 (0.00%) Active: 1 Started: 1 Finished: 0
2026-09-28 13:24:00,039 INFO o.a.j.r.Summariser: summary =   1263 in 00:00:34 =   36.9/s Avg:    26 Min:     5 Max:    64 Err:     0 (0.00%)
2026-09-28 13:24:30,027 INFO o.a.j.r.Summariser: summary +   1181 in 00:00:30 =   39.4/s Avg:    25 Min:     4 Max:    63 Err:     0 (0.00%) Active: 1 Started: 1 Finished: 0
2026-09-28 13:24:30,027 INFO o.a.j.r.Summariser: summary =   2444 in 00:01:04 =   38.1/s Avg:    25 Min:     4 Max:    64 Err:     0 (0.00%)
2026-09-28 13:24:43,391 INFO o.a.j.t.JMeterThread: Thread is done: Purchase 1-1
2026-09-28 13:24:43,391 INFO o.a.j.t.JMeterThread: Thread finished: Purchase 1-1
2026-09-28 13:24:43,392 INFO o.a.j.e.StandardJMeterEngine: Notifying test listeners of end of test
2026-09-28 13:24:43,395 INFO o.a.j.r.Summariser: summary +    556 in 00:00:13 =   41.6/s Avg:    23 Min:     4 Max:    74 Err:     0 (0.00%) Active: 0 Started: 1 Finished: 1
2026-09-28 13:24:43,395 INFO o.a.j.r.Summariser: summary =   3000 in 00:01:18 =   38.7/s Avg:    25 Min:     4 Max:    74 Err:     0 (0.00%)
