2026-09-28 13:24:58,513 INFO o.a.j.u.JMeterUtils: Setting Locale to zh_CN
2026-09-28 13:24:58,554 INFO o.a.j.JMeter: Loading user properties from: C:\seckill-system\target\tools\apache-jmeter-5.6.3\bin\user.properties
2026-09-28 13:24:58,554 INFO o.a.j.JMeter: Loading system properties from: C:\seckill-system\target\tools\apache-jmeter-5.6.3\bin\system.properties
2026-09-28 13:24:58,555 INFO o.a.j.JMeter: Setting JMeter property: users=10
2026-09-28 13:24:58,555 INFO o.a.j.JMeter: Setting JMeter property: loops=300
2026-09-28 13:24:58,555 INFO o.a.j.JMeter: Setting JMeter property: ramp=1
2026-09-28 13:24:58,555 INFO o.a.j.JMeter: Setting JMeter property: product=87
2026-09-28 13:24:58,555 INFO o.a.j.JMeter: Setting JMeter property: port=18084
2026-09-28 13:24:58,565 INFO o.a.j.JMeter: Copyright (c) 1998-2024 The Apache Software Foundation
2026-09-28 13:24:58,565 INFO o.a.j.JMeter: Version 5.6.3
2026-09-28 13:24:58,565 INFO o.a.j.JMeter: java.version=21.0.12.1
2026-09-28 13:24:58,565 INFO o.a.j.JMeter: java.vm.name=OpenJDK 64-Bit Server VM
2026-09-28 13:24:58,565 INFO o.a.j.JMeter: os.name=Windows 11
2026-09-28 13:24:58,565 INFO o.a.j.JMeter: os.arch=amd64
2026-09-28 13:24:58,565 INFO o.a.j.JMeter: os.version=10.0
2026-09-28 13:24:58,565 INFO o.a.j.JMeter: file.encoding=UTF-8
2026-09-28 13:24:58,565 INFO o.a.j.JMeter: java.awt.headless=true
2026-09-28 13:24:58,565 INFO o.a.j.JMeter: Max memory     =536870912
2026-09-28 13:24:58,565 INFO o.a.j.JMeter: Available Processors =32
2026-09-28 13:24:58,576 INFO o.a.j.JMeter: Default Locale=中文 (中国)
2026-09-28 13:24:58,577 INFO o.a.j.JMeter: JMeter  Locale=中文 (中国)
2026-09-28 13:24:58,577 INFO o.a.j.JMeter: JMeterHome=C:\seckill-system\target\tools\apache-jmeter-5.6.3
2026-09-28 13:24:58,577 INFO o.a.j.JMeter: user.dir  =C:\seckill-system
2026-09-28 13:24:58,578 INFO o.a.j.JMeter: PWD       =C:\seckill-system
2026-09-28 13:24:58,597 INFO o.a.j.JMeter: IP: 172.26.111.135 Name: LAPTOP-77E72ENH FullName: windows10.microdone.cn
2026-09-28 13:24:58,621 INFO o.a.j.s.FileServer: Default base='C:\seckill-system'
2026-09-28 13:24:58,624 INFO o.a.j.s.FileServer: Set new base='C:\seckill-system\perf'
2026-09-28 13:24:58,945 INFO o.a.j.s.SaveService: Testplan (JMX) version: 2.2. Testlog (JTL) version: 2.2
2026-09-28 13:24:58,996 INFO o.a.j.s.SaveService: Using SaveService properties version 5.0
2026-09-28 13:24:59,004 INFO o.a.j.s.SaveService: Using SaveService properties file encoding UTF-8
2026-09-28 13:24:59,010 INFO o.a.j.s.SaveService: Loading file: perf\stage1.jmx
2026-09-28 13:24:59,093 INFO o.a.j.p.h.s.HTTPSamplerBase: Parser for text/html is org.apache.jmeter.protocol.http.parser.LagartoBasedHtmlParser
2026-09-28 13:24:59,093 INFO o.a.j.p.h.s.HTTPSamplerBase: Parser for application/xhtml+xml is org.apache.jmeter.protocol.http.parser.LagartoBasedHtmlParser
2026-09-28 13:24:59,093 INFO o.a.j.p.h.s.HTTPSamplerBase: Parser for application/xml is org.apache.jmeter.protocol.http.parser.LagartoBasedHtmlParser
2026-09-28 13:24:59,093 INFO o.a.j.p.h.s.HTTPSamplerBase: Parser for text/xml is org.apache.jmeter.protocol.http.parser.LagartoBasedHtmlParser
2026-09-28 13:24:59,093 INFO o.a.j.p.h.s.HTTPSamplerBase: Parser for text/vnd.wap.wml is org.apache.jmeter.protocol.http.parser.RegexpHTMLParser
2026-09-28 13:24:59,093 INFO o.a.j.p.h.s.HTTPSamplerBase: Parser for text/css is org.apache.jmeter.protocol.http.parser.CssParser
2026-09-28 13:24:59,108 INFO o.a.j.JMeter: Creating summariser <summary>
2026-09-28 13:24:59,139 INFO o.a.j.e.StandardJMeterEngine: Running the test!
2026-09-28 13:24:59,140 INFO o.a.j.s.SampleEvent: List of sample_variables: []
2026-09-28 13:24:59,140 INFO o.a.j.s.SampleEvent: List of sample_variables: []
2026-09-28 13:24:59,154 INFO o.a.j.e.u.CompoundVariable: Note: Function class names must contain the string: '.functions.'
2026-09-28 13:24:59,154 INFO o.a.j.e.u.CompoundVariable: Note: Function class names must not contain the string: '.gui.'
2026-09-28 13:24:59,262 INFO o.a.j.JMeter: 正在运行的测试 (1790573099262)
2026-09-28 13:24:59,283 INFO o.a.j.e.StandardJMeterEngine: Starting ThreadGroup: 1 : Purchase
2026-09-28 13:24:59,283 INFO o.a.j.e.StandardJMeterEngine: Starting 10 threads for group Purchase.
2026-09-28 13:24:59,284 INFO o.a.j.e.StandardJMeterEngine: Thread will continue on error
2026-09-28 13:24:59,284 INFO o.a.j.t.ThreadGroup: Starting thread group... number=1 threads=10 ramp-up=1 delayedStart=false
2026-09-28 13:24:59,293 INFO o.a.j.t.JMeterThread: Thread started: Purchase 1-1
2026-09-28 13:24:59,295 INFO o.a.j.t.ThreadGroup: Started thread group number 1
2026-09-28 13:24:59,296 INFO o.a.j.e.StandardJMeterEngine: All thread groups have been started
2026-09-28 13:24:59,314 INFO o.a.j.p.h.s.HTTPHCAbstractImpl: Local host = LAPTOP-77E72ENH
2026-09-28 13:24:59,323 INFO o.a.j.p.h.s.HTTPHC4Impl: HTTP request retry count = 0
2026-09-28 13:24:59,324 INFO o.a.j.s.SampleResult: Note: Sample TimeStamps are START times
2026-09-28 13:24:59,324 INFO o.a.j.s.SampleResult: sampleresult.default.encoding is set to UTF-8
2026-09-28 13:24:59,324 INFO o.a.j.s.SampleResult: sampleresult.useNanoTime=true
2026-09-28 13:24:59,325 INFO o.a.j.s.SampleResult: sampleresult.nanoThreadSleep=5000
2026-09-28 13:24:59,389 INFO o.a.j.t.JMeterThread: Thread started: Purchase 1-2
2026-09-28 13:24:59,488 INFO o.a.j.t.JMeterThread: Thread started: Purchase 1-3
2026-09-28 13:24:59,586 INFO o.a.j.t.JMeterThread: Thread started: Purchase 1-4
2026-09-28 13:24:59,687 INFO o.a.j.t.JMeterThread: Thread started: Purchase 1-5
2026-09-28 13:24:59,786 INFO o.a.j.t.JMeterThread: Thread started: Purchase 1-6
2026-09-28 13:24:59,886 INFO o.a.j.t.JMeterThread: Thread started: Purchase 1-7
2026-09-28 13:24:59,986 INFO o.a.j.t.JMeterThread: Thread started: Purchase 1-8
2026-09-28 13:25:00,042 INFO o.a.j.r.Summariser: summary +     91 in 00:00:01 =  117.0/s Avg:    28 Min:     6 Max:    64 Err:     0 (0.00%) Active: 8 Started: 8 Finished: 0
2026-09-28 13:25:00,086 INFO o.a.j.t.JMeterThread: Thread started: Purchase 1-9
2026-09-28 13:25:00,185 INFO o.a.j.t.JMeterThread: Thread started: Purchase 1-10
2026-09-28 13:25:02,535 INFO o.a.j.t.JMeterThread: Thread is done: Purchase 1-1
2026-09-28 13:25:02,536 INFO o.a.j.t.JMeterThread: Thread finished: Purchase 1-1
2026-09-28 13:25:02,556 INFO o.a.j.t.JMeterThread: Thread is done: Purchase 1-4
2026-09-28 13:25:02,556 INFO o.a.j.t.JMeterThread: Thread finished: Purchase 1-4
2026-09-28 13:25:02,559 INFO o.a.j.t.JMeterThread: Thread is done: Purchase 1-3
2026-09-28 13:25:02,559 INFO o.a.j.t.JMeterThread: Thread finished: Purchase 1-3
2026-09-28 13:25:02,568 INFO o.a.j.t.JMeterThread: Thread is done: Purchase 1-2
2026-09-28 13:25:02,568 INFO o.a.j.t.JMeterThread: Thread finished: Purchase 1-2
2026-09-28 13:25:02,610 INFO o.a.j.t.JMeterThread: Thread is done: Purchase 1-5
2026-09-28 13:25:02,610 INFO o.a.j.t.JMeterThread: Thread finished: Purchase 1-5
2026-09-28 13:25:02,636 INFO o.a.j.t.JMeterThread: Thread is done: Purchase 1-7
2026-09-28 13:25:02,636 INFO o.a.j.t.JMeterThread: Thread finished: Purchase 1-7
2026-09-28 13:25:02,658 INFO o.a.j.t.JMeterThread: Thread is done: Purchase 1-6
2026-09-28 13:25:02,658 INFO o.a.j.t.JMeterThread: Thread finished: Purchase 1-6
2026-09-28 13:25:02,667 INFO o.a.j.t.JMeterThread: Thread is done: Purchase 1-8
2026-09-28 13:25:02,667 INFO o.a.j.t.JMeterThread: Thread finished: Purchase 1-8
2026-09-28 13:25:02,671 INFO o.a.j.t.JMeterThread: Thread is done: Purchase 1-9
2026-09-28 13:25:02,672 INFO o.a.j.t.JMeterThread: Thread finished: Purchase 1-9
2026-09-28 13:25:02,784 INFO o.a.j.t.JMeterThread: Thread is done: Purchase 1-10
2026-09-28 13:25:02,785 INFO o.a.j.t.JMeterThread: Thread finished: Purchase 1-10
2026-09-28 13:25:02,785 INFO o.a.j.e.StandardJMeterEngine: Notifying test listeners of end of test
2026-09-28 13:25:02,787 INFO o.a.j.r.Summariser: summary +   2909 in 00:00:03 = 1058.6/s Avg:     8 Min:     5 Max:    50 Err:     0 (0.00%) Active: 0 Started: 10 Finished: 10
2026-09-28 13:25:02,788 INFO o.a.j.r.Summariser: summary =   3000 in 00:00:04 =  850.6/s Avg:     9 Min:     5 Max:    64 Err:     0 (0.00%)
