2026-09-28 13:22:00,459 INFO o.a.j.u.JMeterUtils: Setting Locale to zh_CN
2026-09-28 13:22:00,501 INFO o.a.j.JMeter: Loading user properties from: C:\seckill-system\target\tools\apache-jmeter-5.6.3\bin\user.properties
2026-09-28 13:22:00,502 INFO o.a.j.JMeter: Loading system properties from: C:\seckill-system\target\tools\apache-jmeter-5.6.3\bin\system.properties
2026-09-28 13:22:00,503 INFO o.a.j.JMeter: Setting JMeter property: users=10
2026-09-28 13:22:00,503 INFO o.a.j.JMeter: Setting JMeter property: loops=300
2026-09-28 13:22:00,503 INFO o.a.j.JMeter: Setting JMeter property: ramp=1
2026-09-28 13:22:00,503 INFO o.a.j.JMeter: Setting JMeter property: product=82
2026-09-28 13:22:00,504 INFO o.a.j.JMeter: Setting JMeter property: port=18084
2026-09-28 13:22:00,513 INFO o.a.j.JMeter: Copyright (c) 1998-2024 The Apache Software Foundation
2026-09-28 13:22:00,514 INFO o.a.j.JMeter: Version 5.6.3
2026-09-28 13:22:00,514 INFO o.a.j.JMeter: java.version=21.0.12.1
2026-09-28 13:22:00,514 INFO o.a.j.JMeter: java.vm.name=OpenJDK 64-Bit Server VM
2026-09-28 13:22:00,514 INFO o.a.j.JMeter: os.name=Windows 11
2026-09-28 13:22:00,514 INFO o.a.j.JMeter: os.arch=amd64
2026-09-28 13:22:00,514 INFO o.a.j.JMeter: os.version=10.0
2026-09-28 13:22:00,514 INFO o.a.j.JMeter: file.encoding=UTF-8
2026-09-28 13:22:00,514 INFO o.a.j.JMeter: java.awt.headless=true
2026-09-28 13:22:00,514 INFO o.a.j.JMeter: Max memory     =536870912
2026-09-28 13:22:00,514 INFO o.a.j.JMeter: Available Processors =32
2026-09-28 13:22:00,526 INFO o.a.j.JMeter: Default Locale=中文 (中国)
2026-09-28 13:22:00,527 INFO o.a.j.JMeter: JMeter  Locale=中文 (中国)
2026-09-28 13:22:00,527 INFO o.a.j.JMeter: JMeterHome=C:\seckill-system\target\tools\apache-jmeter-5.6.3
2026-09-28 13:22:00,527 INFO o.a.j.JMeter: user.dir  =C:\seckill-system
2026-09-28 13:22:00,527 INFO o.a.j.JMeter: PWD       =C:\seckill-system
2026-09-28 13:22:00,546 INFO o.a.j.JMeter: IP: 172.26.111.135 Name: LAPTOP-77E72ENH FullName: windows10.microdone.cn
2026-09-28 13:22:00,573 INFO o.a.j.s.FileServer: Default base='C:\seckill-system'
2026-09-28 13:22:00,576 INFO o.a.j.s.FileServer: Set new base='C:\seckill-system\perf'
2026-09-28 13:22:00,931 INFO o.a.j.s.SaveService: Testplan (JMX) version: 2.2. Testlog (JTL) version: 2.2
2026-09-28 13:22:00,993 INFO o.a.j.s.SaveService: Using SaveService properties version 5.0
2026-09-28 13:22:00,998 INFO o.a.j.s.SaveService: Using SaveService properties file encoding UTF-8
2026-09-28 13:22:01,004 INFO o.a.j.s.SaveService: Loading file: perf\stage1.jmx
2026-09-28 13:22:01,093 INFO o.a.j.p.h.s.HTTPSamplerBase: Parser for text/html is org.apache.jmeter.protocol.http.parser.LagartoBasedHtmlParser
2026-09-28 13:22:01,093 INFO o.a.j.p.h.s.HTTPSamplerBase: Parser for application/xhtml+xml is org.apache.jmeter.protocol.http.parser.LagartoBasedHtmlParser
2026-09-28 13:22:01,093 INFO o.a.j.p.h.s.HTTPSamplerBase: Parser for application/xml is org.apache.jmeter.protocol.http.parser.LagartoBasedHtmlParser
2026-09-28 13:22:01,094 INFO o.a.j.p.h.s.HTTPSamplerBase: Parser for text/xml is org.apache.jmeter.protocol.http.parser.LagartoBasedHtmlParser
2026-09-28 13:22:01,094 INFO o.a.j.p.h.s.HTTPSamplerBase: Parser for text/vnd.wap.wml is org.apache.jmeter.protocol.http.parser.RegexpHTMLParser
2026-09-28 13:22:01,094 INFO o.a.j.p.h.s.HTTPSamplerBase: Parser for text/css is org.apache.jmeter.protocol.http.parser.CssParser
2026-09-28 13:22:01,111 INFO o.a.j.JMeter: Creating summariser <summary>
2026-09-28 13:22:01,141 INFO o.a.j.e.StandardJMeterEngine: Running the test!
2026-09-28 13:22:01,142 INFO o.a.j.s.SampleEvent: List of sample_variables: []
2026-09-28 13:22:01,143 INFO o.a.j.s.SampleEvent: List of sample_variables: []
2026-09-28 13:22:01,152 INFO o.a.j.e.u.CompoundVariable: Note: Function class names must contain the string: '.functions.'
2026-09-28 13:22:01,153 INFO o.a.j.e.u.CompoundVariable: Note: Function class names must not contain the string: '.gui.'
2026-09-28 13:22:01,263 INFO o.a.j.JMeter: 正在运行的测试 (1790572921263)
2026-09-28 13:22:01,284 INFO o.a.j.e.StandardJMeterEngine: Starting ThreadGroup: 1 : Purchase
2026-09-28 13:22:01,284 INFO o.a.j.e.StandardJMeterEngine: Starting 10 threads for group Purchase.
2026-09-28 13:22:01,284 INFO o.a.j.e.StandardJMeterEngine: Thread will continue on error
2026-09-28 13:22:01,285 INFO o.a.j.t.ThreadGroup: Starting thread group... number=1 threads=10 ramp-up=1 delayedStart=false
2026-09-28 13:22:01,297 INFO o.a.j.t.ThreadGroup: Started thread group number 1
2026-09-28 13:22:01,297 INFO o.a.j.e.StandardJMeterEngine: All thread groups have been started
2026-09-28 13:22:01,297 INFO o.a.j.t.JMeterThread: Thread started: Purchase 1-1
2026-09-28 13:22:01,317 INFO o.a.j.p.h.s.HTTPHCAbstractImpl: Local host = LAPTOP-77E72ENH
2026-09-28 13:22:01,326 INFO o.a.j.p.h.s.HTTPHC4Impl: HTTP request retry count = 0
2026-09-28 13:22:01,329 INFO o.a.j.s.SampleResult: Note: Sample TimeStamps are START times
2026-09-28 13:22:01,329 INFO o.a.j.s.SampleResult: sampleresult.default.encoding is set to UTF-8
2026-09-28 13:22:01,329 INFO o.a.j.s.SampleResult: sampleresult.useNanoTime=true
2026-09-28 13:22:01,329 INFO o.a.j.s.SampleResult: sampleresult.nanoThreadSleep=5000
2026-09-28 13:22:01,393 INFO o.a.j.t.JMeterThread: Thread started: Purchase 1-2
2026-09-28 13:22:01,493 INFO o.a.j.t.JMeterThread: Thread started: Purchase 1-3
2026-09-28 13:22:01,536 INFO o.a.j.r.Summariser: summary +      1 in 00:00:00 =    3.7/s Avg:    73 Min:    73 Max:    73 Err:     0 (0.00%) Active: 3 Started: 3 Finished: 0
2026-09-28 13:22:01,592 INFO o.a.j.t.JMeterThread: Thread started: Purchase 1-4
2026-09-28 13:22:01,692 INFO o.a.j.t.JMeterThread: Thread started: Purchase 1-5
2026-09-28 13:22:01,791 INFO o.a.j.t.JMeterThread: Thread started: Purchase 1-6
2026-09-28 13:22:01,891 INFO o.a.j.t.JMeterThread: Thread started: Purchase 1-7
2026-09-28 13:22:01,989 INFO o.a.j.t.JMeterThread: Thread started: Purchase 1-8
2026-09-28 13:22:02,090 INFO o.a.j.t.JMeterThread: Thread started: Purchase 1-9
2026-09-28 13:22:02,188 INFO o.a.j.t.JMeterThread: Thread started: Purchase 1-10
2026-09-28 13:22:04,348 INFO o.a.j.t.JMeterThread: Thread is done: Purchase 1-1
2026-09-28 13:22:04,348 INFO o.a.j.t.JMeterThread: Thread finished: Purchase 1-1
2026-09-28 13:22:04,356 INFO o.a.j.t.JMeterThread: Thread is done: Purchase 1-2
2026-09-28 13:22:04,356 INFO o.a.j.t.JMeterThread: Thread finished: Purchase 1-2
2026-09-28 13:22:04,373 INFO o.a.j.t.JMeterThread: Thread is done: Purchase 1-3
2026-09-28 13:22:04,373 INFO o.a.j.t.JMeterThread: Thread finished: Purchase 1-3
2026-09-28 13:22:04,405 INFO o.a.j.t.JMeterThread: Thread is done: Purchase 1-4
2026-09-28 13:22:04,405 INFO o.a.j.t.JMeterThread: Thread finished: Purchase 1-4
2026-09-28 13:22:04,472 INFO o.a.j.t.JMeterThread: Thread is done: Purchase 1-5
2026-09-28 13:22:04,472 INFO o.a.j.t.JMeterThread: Thread finished: Purchase 1-5
2026-09-28 13:22:04,559 INFO o.a.j.t.JMeterThread: Thread is done: Purchase 1-6
2026-09-28 13:22:04,559 INFO o.a.j.t.JMeterThread: Thread finished: Purchase 1-6
2026-09-28 13:22:04,636 INFO o.a.j.t.JMeterThread: Thread is done: Purchase 1-7
2026-09-28 13:22:04,636 INFO o.a.j.t.JMeterThread: Thread finished: Purchase 1-7
2026-09-28 13:22:04,715 INFO o.a.j.t.JMeterThread: Thread is done: Purchase 1-8
2026-09-28 13:22:04,715 INFO o.a.j.t.JMeterThread: Thread finished: Purchase 1-8
2026-09-28 13:22:04,825 INFO o.a.j.t.JMeterThread: Thread is done: Purchase 1-9
2026-09-28 13:22:04,825 INFO o.a.j.t.JMeterThread: Thread finished: Purchase 1-9
2026-09-28 13:22:04,866 INFO o.a.j.t.JMeterThread: Thread is done: Purchase 1-10
2026-09-28 13:22:04,866 INFO o.a.j.t.JMeterThread: Thread finished: Purchase 1-10
2026-09-28 13:22:04,867 INFO o.a.j.e.StandardJMeterEngine: Notifying test listeners of end of test
2026-09-28 13:22:04,869 INFO o.a.j.r.Summariser: summary +   2999 in 00:00:03 =  899.3/s Avg:     9 Min:     5 Max:    73 Err:     0 (0.00%) Active: 0 Started: 10 Finished: 10
2026-09-28 13:22:04,870 INFO o.a.j.r.Summariser: summary =   3000 in 00:00:04 =  831.7/s Avg:     9 Min:     5 Max:    73 Err:     0 (0.00%)
