2026-09-28 13:21:21,224 INFO o.a.j.u.JMeterUtils: Setting Locale to zh_CN
2026-09-28 13:21:21,272 INFO o.a.j.JMeter: Loading user properties from: C:\seckill-system\target\tools\apache-jmeter-5.6.3\bin\user.properties
2026-09-28 13:21:21,273 INFO o.a.j.JMeter: Loading system properties from: C:\seckill-system\target\tools\apache-jmeter-5.6.3\bin\system.properties
2026-09-28 13:21:21,273 INFO o.a.j.JMeter: Setting JMeter property: users=1
2026-09-28 13:21:21,273 INFO o.a.j.JMeter: Setting JMeter property: loops=3000
2026-09-28 13:21:21,273 INFO o.a.j.JMeter: Setting JMeter property: ramp=1
2026-09-28 13:21:21,274 INFO o.a.j.JMeter: Setting JMeter property: product=81
2026-09-28 13:21:21,274 INFO o.a.j.JMeter: Setting JMeter property: port=18084
2026-09-28 13:21:21,286 INFO o.a.j.JMeter: Copyright (c) 1998-2024 The Apache Software Foundation
2026-09-28 13:21:21,286 INFO o.a.j.JMeter: Version 5.6.3
2026-09-28 13:21:21,286 INFO o.a.j.JMeter: java.version=21.0.12.1
2026-09-28 13:21:21,286 INFO o.a.j.JMeter: java.vm.name=OpenJDK 64-Bit Server VM
2026-09-28 13:21:21,286 INFO o.a.j.JMeter: os.name=Windows 11
2026-09-28 13:21:21,286 INFO o.a.j.JMeter: os.arch=amd64
2026-09-28 13:21:21,286 INFO o.a.j.JMeter: os.version=10.0
2026-09-28 13:21:21,286 INFO o.a.j.JMeter: file.encoding=UTF-8
2026-09-28 13:21:21,287 INFO o.a.j.JMeter: java.awt.headless=true
2026-09-28 13:21:21,287 INFO o.a.j.JMeter: Max memory     =536870912
2026-09-28 13:21:21,287 INFO o.a.j.JMeter: Available Processors =32
2026-09-28 13:21:21,297 INFO o.a.j.JMeter: Default Locale=中文 (中国)
2026-09-28 13:21:21,298 INFO o.a.j.JMeter: JMeter  Locale=中文 (中国)
2026-09-28 13:21:21,298 INFO o.a.j.JMeter: JMeterHome=C:\seckill-system\target\tools\apache-jmeter-5.6.3
2026-09-28 13:21:21,298 INFO o.a.j.JMeter: user.dir  =C:\seckill-system
2026-09-28 13:21:21,298 INFO o.a.j.JMeter: PWD       =C:\seckill-system
2026-09-28 13:21:21,319 INFO o.a.j.JMeter: IP: 172.26.111.135 Name: LAPTOP-77E72ENH FullName: windows10.microdone.cn
2026-09-28 13:21:21,346 INFO o.a.j.s.FileServer: Default base='C:\seckill-system'
2026-09-28 13:21:21,349 INFO o.a.j.s.FileServer: Set new base='C:\seckill-system\perf'
2026-09-28 13:21:21,704 INFO o.a.j.s.SaveService: Testplan (JMX) version: 2.2. Testlog (JTL) version: 2.2
2026-09-28 13:21:21,757 INFO o.a.j.s.SaveService: Using SaveService properties version 5.0
2026-09-28 13:21:21,764 INFO o.a.j.s.SaveService: Using SaveService properties file encoding UTF-8
2026-09-28 13:21:21,770 INFO o.a.j.s.SaveService: Loading file: perf\stage1.jmx
2026-09-28 13:21:21,858 INFO o.a.j.p.h.s.HTTPSamplerBase: Parser for text/html is org.apache.jmeter.protocol.http.parser.LagartoBasedHtmlParser
2026-09-28 13:21:21,858 INFO o.a.j.p.h.s.HTTPSamplerBase: Parser for application/xhtml+xml is org.apache.jmeter.protocol.http.parser.LagartoBasedHtmlParser
2026-09-28 13:21:21,858 INFO o.a.j.p.h.s.HTTPSamplerBase: Parser for application/xml is org.apache.jmeter.protocol.http.parser.LagartoBasedHtmlParser
2026-09-28 13:21:21,858 INFO o.a.j.p.h.s.HTTPSamplerBase: Parser for text/xml is org.apache.jmeter.protocol.http.parser.LagartoBasedHtmlParser
2026-09-28 13:21:21,859 INFO o.a.j.p.h.s.HTTPSamplerBase: Parser for text/vnd.wap.wml is org.apache.jmeter.protocol.http.parser.RegexpHTMLParser
2026-09-28 13:21:21,859 INFO o.a.j.p.h.s.HTTPSamplerBase: Parser for text/css is org.apache.jmeter.protocol.http.parser.CssParser
2026-09-28 13:21:21,874 INFO o.a.j.JMeter: Creating summariser <summary>
2026-09-28 13:21:21,906 INFO o.a.j.e.StandardJMeterEngine: Running the test!
2026-09-28 13:21:21,908 INFO o.a.j.s.SampleEvent: List of sample_variables: []
2026-09-28 13:21:21,908 INFO o.a.j.s.SampleEvent: List of sample_variables: []
2026-09-28 13:21:21,921 INFO o.a.j.e.u.CompoundVariable: Note: Function class names must contain the string: '.functions.'
2026-09-28 13:21:21,921 INFO o.a.j.e.u.CompoundVariable: Note: Function class names must not contain the string: '.gui.'
2026-09-28 13:21:22,032 INFO o.a.j.JMeter: 正在运行的测试 (1790572882032)
2026-09-28 13:21:22,052 INFO o.a.j.e.StandardJMeterEngine: Starting ThreadGroup: 1 : Purchase
2026-09-28 13:21:22,052 INFO o.a.j.e.StandardJMeterEngine: Starting 1 threads for group Purchase.
2026-09-28 13:21:22,052 INFO o.a.j.e.StandardJMeterEngine: Thread will continue on error
2026-09-28 13:21:22,053 INFO o.a.j.t.ThreadGroup: Starting thread group... number=1 threads=1 ramp-up=1 delayedStart=false
2026-09-28 13:21:22,058 INFO o.a.j.t.ThreadGroup: Started thread group number 1
2026-09-28 13:21:22,058 INFO o.a.j.e.StandardJMeterEngine: All thread groups have been started
2026-09-28 13:21:22,061 INFO o.a.j.t.JMeterThread: Thread started: Purchase 1-1
2026-09-28 13:21:22,079 INFO o.a.j.p.h.s.HTTPHCAbstractImpl: Local host = LAPTOP-77E72ENH
2026-09-28 13:21:22,087 INFO o.a.j.p.h.s.HTTPHC4Impl: HTTP request retry count = 0
2026-09-28 13:21:22,089 INFO o.a.j.s.SampleResult: Note: Sample TimeStamps are START times
2026-09-28 13:21:22,089 INFO o.a.j.s.SampleResult: sampleresult.default.encoding is set to UTF-8
2026-09-28 13:21:22,089 INFO o.a.j.s.SampleResult: sampleresult.useNanoTime=true
2026-09-28 13:21:22,089 INFO o.a.j.s.SampleResult: sampleresult.nanoThreadSleep=5000
2026-09-28 13:21:30,007 INFO o.a.j.r.Summariser: summary +    861 in 00:00:08 =  108.0/s Avg:     8 Min:     6 Max:    71 Err:     0 (0.00%) Active: 1 Started: 1 Finished: 0
2026-09-28 13:21:44,780 INFO o.a.j.t.JMeterThread: Thread is done: Purchase 1-1
2026-09-28 13:21:44,780 INFO o.a.j.t.JMeterThread: Thread finished: Purchase 1-1
2026-09-28 13:21:44,781 INFO o.a.j.e.StandardJMeterEngine: Notifying test listeners of end of test
2026-09-28 13:21:44,783 INFO o.a.j.r.Summariser: summary +   2139 in 00:00:15 =  144.7/s Avg:     6 Min:     6 Max:    21 Err:     0 (0.00%) Active: 0 Started: 1 Finished: 1
2026-09-28 13:21:44,784 INFO o.a.j.r.Summariser: summary =   3000 in 00:00:23 =  131.9/s Avg:     7 Min:     6 Max:    71 Err:     0 (0.00%)
