2026-09-28 13:22:20,114 INFO o.a.j.u.JMeterUtils: Setting Locale to zh_CN
2026-09-28 13:22:20,163 INFO o.a.j.JMeter: Loading user properties from: C:\seckill-system\target\tools\apache-jmeter-5.6.3\bin\user.properties
2026-09-28 13:22:20,164 INFO o.a.j.JMeter: Loading system properties from: C:\seckill-system\target\tools\apache-jmeter-5.6.3\bin\system.properties
2026-09-28 13:22:20,165 INFO o.a.j.JMeter: Setting JMeter property: users=100
2026-09-28 13:22:20,165 INFO o.a.j.JMeter: Setting JMeter property: loops=30
2026-09-28 13:22:20,165 INFO o.a.j.JMeter: Setting JMeter property: ramp=1
2026-09-28 13:22:20,165 INFO o.a.j.JMeter: Setting JMeter property: product=83
2026-09-28 13:22:20,165 INFO o.a.j.JMeter: Setting JMeter property: port=18084
2026-09-28 13:22:20,175 INFO o.a.j.JMeter: Copyright (c) 1998-2024 The Apache Software Foundation
2026-09-28 13:22:20,175 INFO o.a.j.JMeter: Version 5.6.3
2026-09-28 13:22:20,175 INFO o.a.j.JMeter: java.version=21.0.12.1
2026-09-28 13:22:20,175 INFO o.a.j.JMeter: java.vm.name=OpenJDK 64-Bit Server VM
2026-09-28 13:22:20,175 INFO o.a.j.JMeter: os.name=Windows 11
2026-09-28 13:22:20,175 INFO o.a.j.JMeter: os.arch=amd64
2026-09-28 13:22:20,175 INFO o.a.j.JMeter: os.version=10.0
2026-09-28 13:22:20,176 INFO o.a.j.JMeter: file.encoding=UTF-8
2026-09-28 13:22:20,176 INFO o.a.j.JMeter: java.awt.headless=true
2026-09-28 13:22:20,176 INFO o.a.j.JMeter: Max memory     =536870912
2026-09-28 13:22:20,176 INFO o.a.j.JMeter: Available Processors =32
2026-09-28 13:22:20,187 INFO o.a.j.JMeter: Default Locale=中文 (中国)
2026-09-28 13:22:20,188 INFO o.a.j.JMeter: JMeter  Locale=中文 (中国)
2026-09-28 13:22:20,188 INFO o.a.j.JMeter: JMeterHome=C:\seckill-system\target\tools\apache-jmeter-5.6.3
2026-09-28 13:22:20,188 INFO o.a.j.JMeter: user.dir  =C:\seckill-system
2026-09-28 13:22:20,189 INFO o.a.j.JMeter: PWD       =C:\seckill-system
2026-09-28 13:22:20,208 INFO o.a.j.JMeter: IP: 172.26.111.135 Name: LAPTOP-77E72ENH FullName: windows10.microdone.cn
2026-09-28 13:22:20,233 INFO o.a.j.s.FileServer: Default base='C:\seckill-system'
2026-09-28 13:22:20,236 INFO o.a.j.s.FileServer: Set new base='C:\seckill-system\perf'
2026-09-28 13:22:20,590 INFO o.a.j.s.SaveService: Testplan (JMX) version: 2.2. Testlog (JTL) version: 2.2
2026-09-28 13:22:20,644 INFO o.a.j.s.SaveService: Using SaveService properties version 5.0
2026-09-28 13:22:20,653 INFO o.a.j.s.SaveService: Using SaveService properties file encoding UTF-8
2026-09-28 13:22:20,660 INFO o.a.j.s.SaveService: Loading file: perf\stage1.jmx
2026-09-28 13:22:20,755 INFO o.a.j.p.h.s.HTTPSamplerBase: Parser for text/html is org.apache.jmeter.protocol.http.parser.LagartoBasedHtmlParser
2026-09-28 13:22:20,755 INFO o.a.j.p.h.s.HTTPSamplerBase: Parser for application/xhtml+xml is org.apache.jmeter.protocol.http.parser.LagartoBasedHtmlParser
2026-09-28 13:22:20,755 INFO o.a.j.p.h.s.HTTPSamplerBase: Parser for application/xml is org.apache.jmeter.protocol.http.parser.LagartoBasedHtmlParser
2026-09-28 13:22:20,755 INFO o.a.j.p.h.s.HTTPSamplerBase: Parser for text/xml is org.apache.jmeter.protocol.http.parser.LagartoBasedHtmlParser
2026-09-28 13:22:20,755 INFO o.a.j.p.h.s.HTTPSamplerBase: Parser for text/vnd.wap.wml is org.apache.jmeter.protocol.http.parser.RegexpHTMLParser
2026-09-28 13:22:20,755 INFO o.a.j.p.h.s.HTTPSamplerBase: Parser for text/css is org.apache.jmeter.protocol.http.parser.CssParser
2026-09-28 13:22:20,771 INFO o.a.j.JMeter: Creating summariser <summary>
2026-09-28 13:22:20,803 INFO o.a.j.e.StandardJMeterEngine: Running the test!
2026-09-28 13:22:20,804 INFO o.a.j.s.SampleEvent: List of sample_variables: []
2026-09-28 13:22:20,804 INFO o.a.j.s.SampleEvent: List of sample_variables: []
2026-09-28 13:22:20,821 INFO o.a.j.e.u.CompoundVariable: Note: Function class names must contain the string: '.functions.'
2026-09-28 13:22:20,821 INFO o.a.j.e.u.CompoundVariable: Note: Function class names must not contain the string: '.gui.'
2026-09-28 13:22:20,928 INFO o.a.j.JMeter: 正在运行的测试 (1790572940927)
2026-09-28 13:22:20,947 INFO o.a.j.e.StandardJMeterEngine: Starting ThreadGroup: 1 : Purchase
2026-09-28 13:22:20,948 INFO o.a.j.e.StandardJMeterEngine: Starting 100 threads for group Purchase.
2026-09-28 13:22:20,948 INFO o.a.j.e.StandardJMeterEngine: Thread will continue on error
2026-09-28 13:22:20,948 INFO o.a.j.t.ThreadGroup: Starting thread group... number=1 threads=100 ramp-up=1 delayedStart=false
2026-09-28 13:22:20,960 INFO o.a.j.t.JMeterThread: Thread started: Purchase 1-1
2026-09-28 13:22:20,966 INFO o.a.j.t.JMeterThread: Thread started: Purchase 1-2
2026-09-28 13:22:20,977 INFO o.a.j.t.JMeterThread: Thread started: Purchase 1-3
2026-09-28 13:22:20,984 INFO o.a.j.t.JMeterThread: Thread started: Purchase 1-4
2026-09-28 13:22:20,992 INFO o.a.j.p.h.s.HTTPHCAbstractImpl: Local host = LAPTOP-77E72ENH
2026-09-28 13:22:20,993 INFO o.a.j.t.JMeterThread: Thread started: Purchase 1-5
2026-09-28 13:22:21,002 INFO o.a.j.t.JMeterThread: Thread started: Purchase 1-6
2026-09-28 13:22:21,008 INFO o.a.j.t.ThreadGroup: Started thread group number 1
2026-09-28 13:22:21,008 INFO o.a.j.e.StandardJMeterEngine: All thread groups have been started
2026-09-28 13:22:21,012 INFO o.a.j.t.JMeterThread: Thread started: Purchase 1-7
2026-09-28 13:22:21,017 INFO o.a.j.p.h.s.HTTPHC4Impl: HTTP request retry count = 0
2026-09-28 13:22:21,020 INFO o.a.j.s.SampleResult: Note: Sample TimeStamps are START times
2026-09-28 13:22:21,020 INFO o.a.j.s.SampleResult: sampleresult.default.encoding is set to UTF-8
2026-09-28 13:22:21,020 INFO o.a.j.s.SampleResult: sampleresult.useNanoTime=true
2026-09-28 13:22:21,021 INFO o.a.j.s.SampleResult: sampleresult.nanoThreadSleep=5000
2026-09-28 13:22:21,022 INFO o.a.j.t.JMeterThread: Thread started: Purchase 1-8
2026-09-28 13:22:21,030 INFO o.a.j.t.JMeterThread: Thread started: Purchase 1-9
2026-09-28 13:22:21,039 INFO o.a.j.t.JMeterThread: Thread started: Purchase 1-10
2026-09-28 13:22:21,050 INFO o.a.j.t.JMeterThread: Thread started: Purchase 1-11
2026-09-28 13:22:21,059 INFO o.a.j.t.JMeterThread: Thread started: Purchase 1-12
2026-09-28 13:22:21,070 INFO o.a.j.t.JMeterThread: Thread started: Purchase 1-13
2026-09-28 13:22:21,079 INFO o.a.j.t.JMeterThread: Thread started: Purchase 1-14
2026-09-28 13:22:21,090 INFO o.a.j.t.JMeterThread: Thread started: Purchase 1-15
2026-09-28 13:22:21,100 INFO o.a.j.t.JMeterThread: Thread started: Purchase 1-16
2026-09-28 13:22:21,111 INFO o.a.j.t.JMeterThread: Thread started: Purchase 1-17
2026-09-28 13:22:21,120 INFO o.a.j.t.JMeterThread: Thread started: Purchase 1-18
2026-09-28 13:22:21,130 INFO o.a.j.t.JMeterThread: Thread started: Purchase 1-19
2026-09-28 13:22:21,140 INFO o.a.j.t.JMeterThread: Thread started: Purchase 1-20
2026-09-28 13:22:21,150 INFO o.a.j.t.JMeterThread: Thread started: Purchase 1-21
2026-09-28 13:22:21,160 INFO o.a.j.t.JMeterThread: Thread started: Purchase 1-22
2026-09-28 13:22:21,170 INFO o.a.j.t.JMeterThread: Thread started: Purchase 1-23
2026-09-28 13:22:21,180 INFO o.a.j.t.JMeterThread: Thread started: Purchase 1-24
2026-09-28 13:22:21,189 INFO o.a.j.t.JMeterThread: Thread started: Purchase 1-25
2026-09-28 13:22:21,199 INFO o.a.j.t.JMeterThread: Thread started: Purchase 1-26
2026-09-28 13:22:21,210 INFO o.a.j.t.JMeterThread: Thread started: Purchase 1-27
2026-09-28 13:22:21,219 INFO o.a.j.t.JMeterThread: Thread started: Purchase 1-28
2026-09-28 13:22:21,229 INFO o.a.j.t.JMeterThread: Thread started: Purchase 1-29
2026-09-28 13:22:21,239 INFO o.a.j.t.JMeterThread: Thread started: Purchase 1-30
2026-09-28 13:22:21,249 INFO o.a.j.t.JMeterThread: Thread started: Purchase 1-31
2026-09-28 13:22:21,260 INFO o.a.j.t.JMeterThread: Thread started: Purchase 1-32
2026-09-28 13:22:21,269 INFO o.a.j.t.JMeterThread: Thread started: Purchase 1-33
2026-09-28 13:22:21,280 INFO o.a.j.t.JMeterThread: Thread started: Purchase 1-34
2026-09-28 13:22:21,291 INFO o.a.j.t.JMeterThread: Thread started: Purchase 1-35
2026-09-28 13:22:21,301 INFO o.a.j.t.JMeterThread: Thread started: Purchase 1-36
2026-09-28 13:22:21,310 INFO o.a.j.t.JMeterThread: Thread started: Purchase 1-37
2026-09-28 13:22:21,321 INFO o.a.j.t.JMeterThread: Thread started: Purchase 1-38
2026-09-28 13:22:21,331 INFO o.a.j.t.JMeterThread: Thread started: Purchase 1-39
2026-09-28 13:22:21,342 INFO o.a.j.t.JMeterThread: Thread started: Purchase 1-40
2026-09-28 13:22:21,350 INFO o.a.j.t.JMeterThread: Thread started: Purchase 1-41
2026-09-28 13:22:21,359 INFO o.a.j.t.JMeterThread: Thread started: Purchase 1-42
2026-09-28 13:22:21,370 INFO o.a.j.t.JMeterThread: Thread started: Purchase 1-43
2026-09-28 13:22:21,379 INFO o.a.j.t.JMeterThread: Thread started: Purchase 1-44
2026-09-28 13:22:21,389 INFO o.a.j.t.JMeterThread: Thread started: Purchase 1-45
2026-09-28 13:22:21,399 INFO o.a.j.t.JMeterThread: Thread started: Purchase 1-46
2026-09-28 13:22:21,409 INFO o.a.j.t.JMeterThread: Thread started: Purchase 1-47
2026-09-28 13:22:21,419 INFO o.a.j.t.JMeterThread: Thread started: Purchase 1-48
2026-09-28 13:22:21,430 INFO o.a.j.t.JMeterThread: Thread started: Purchase 1-49
2026-09-28 13:22:21,440 INFO o.a.j.t.JMeterThread: Thread started: Purchase 1-50
2026-09-28 13:22:21,451 INFO o.a.j.t.JMeterThread: Thread started: Purchase 1-51
2026-09-28 13:22:21,460 INFO o.a.j.t.JMeterThread: Thread started: Purchase 1-52
2026-09-28 13:22:21,470 INFO o.a.j.t.JMeterThread: Thread started: Purchase 1-53
2026-09-28 13:22:21,480 INFO o.a.j.t.JMeterThread: Thread started: Purchase 1-54
2026-09-28 13:22:21,490 INFO o.a.j.t.JMeterThread: Thread started: Purchase 1-55
2026-09-28 13:22:21,502 INFO o.a.j.t.JMeterThread: Thread started: Purchase 1-56
2026-09-28 13:22:21,511 INFO o.a.j.t.JMeterThread: Thread started: Purchase 1-57
2026-09-28 13:22:21,520 INFO o.a.j.t.JMeterThread: Thread started: Purchase 1-58
2026-09-28 13:22:21,531 INFO o.a.j.t.JMeterThread: Thread started: Purchase 1-59
2026-09-28 13:22:21,540 INFO o.a.j.t.JMeterThread: Thread started: Purchase 1-60
2026-09-28 13:22:21,550 INFO o.a.j.t.JMeterThread: Thread started: Purchase 1-61
2026-09-28 13:22:21,560 INFO o.a.j.t.JMeterThread: Thread started: Purchase 1-62
2026-09-28 13:22:21,570 INFO o.a.j.t.JMeterThread: Thread started: Purchase 1-63
2026-09-28 13:22:21,579 INFO o.a.j.t.JMeterThread: Thread started: Purchase 1-64
2026-09-28 13:22:21,590 INFO o.a.j.t.JMeterThread: Thread started: Purchase 1-65
2026-09-28 13:22:21,601 INFO o.a.j.t.JMeterThread: Thread started: Purchase 1-66
2026-09-28 13:22:21,610 INFO o.a.j.t.JMeterThread: Thread started: Purchase 1-67
2026-09-28 13:22:21,621 INFO o.a.j.t.JMeterThread: Thread started: Purchase 1-68
2026-09-28 13:22:21,630 INFO o.a.j.t.JMeterThread: Thread started: Purchase 1-69
2026-09-28 13:22:21,640 INFO o.a.j.t.JMeterThread: Thread started: Purchase 1-70
2026-09-28 13:22:21,650 INFO o.a.j.t.JMeterThread: Thread started: Purchase 1-71
2026-09-28 13:22:21,660 INFO o.a.j.t.JMeterThread: Thread started: Purchase 1-72
2026-09-28 13:22:21,669 INFO o.a.j.t.JMeterThread: Thread started: Purchase 1-73
2026-09-28 13:22:21,681 INFO o.a.j.t.JMeterThread: Thread started: Purchase 1-74
2026-09-28 13:22:21,689 INFO o.a.j.t.JMeterThread: Thread started: Purchase 1-75
2026-09-28 13:22:21,700 INFO o.a.j.t.JMeterThread: Thread started: Purchase 1-76
2026-09-28 13:22:21,710 INFO o.a.j.t.JMeterThread: Thread started: Purchase 1-77
2026-09-28 13:22:21,720 INFO o.a.j.t.JMeterThread: Thread started: Purchase 1-78
2026-09-28 13:22:21,729 INFO o.a.j.t.JMeterThread: Thread started: Purchase 1-79
2026-09-28 13:22:21,740 INFO o.a.j.t.JMeterThread: Thread started: Purchase 1-80
2026-09-28 13:22:21,750 INFO o.a.j.t.JMeterThread: Thread started: Purchase 1-81
2026-09-28 13:22:21,761 INFO o.a.j.t.JMeterThread: Thread started: Purchase 1-82
2026-09-28 13:22:21,770 INFO o.a.j.t.JMeterThread: Thread started: Purchase 1-83
2026-09-28 13:22:21,780 INFO o.a.j.t.JMeterThread: Thread started: Purchase 1-84
2026-09-28 13:22:21,791 INFO o.a.j.t.JMeterThread: Thread started: Purchase 1-85
2026-09-28 13:22:21,800 INFO o.a.j.t.JMeterThread: Thread started: Purchase 1-86
2026-09-28 13:22:21,810 INFO o.a.j.t.JMeterThread: Thread started: Purchase 1-87
2026-09-28 13:22:21,820 INFO o.a.j.t.JMeterThread: Thread started: Purchase 1-88
2026-09-28 13:22:21,829 INFO o.a.j.t.JMeterThread: Thread started: Purchase 1-89
2026-09-28 13:22:21,839 INFO o.a.j.t.JMeterThread: Thread started: Purchase 1-90
2026-09-28 13:22:21,849 INFO o.a.j.t.JMeterThread: Thread started: Purchase 1-91
2026-09-28 13:22:21,860 INFO o.a.j.t.JMeterThread: Thread started: Purchase 1-92
2026-09-28 13:22:21,870 INFO o.a.j.t.JMeterThread: Thread started: Purchase 1-93
2026-09-28 13:22:21,881 INFO o.a.j.t.JMeterThread: Thread started: Purchase 1-94
2026-09-28 13:22:21,890 INFO o.a.j.t.JMeterThread: Thread started: Purchase 1-95
2026-09-28 13:22:21,901 INFO o.a.j.t.JMeterThread: Thread started: Purchase 1-96
2026-09-28 13:22:21,911 INFO o.a.j.t.JMeterThread: Thread started: Purchase 1-97
2026-09-28 13:22:21,920 INFO o.a.j.t.JMeterThread: Thread started: Purchase 1-98
2026-09-28 13:22:21,930 INFO o.a.j.t.JMeterThread: Thread started: Purchase 1-99
2026-09-28 13:22:21,939 INFO o.a.j.t.JMeterThread: Thread started: Purchase 1-100
2026-09-28 13:22:22,961 INFO o.a.j.t.JMeterThread: Thread is done: Purchase 1-35
2026-09-28 13:22:22,962 INFO o.a.j.t.JMeterThread: Thread finished: Purchase 1-35
2026-09-28 13:22:23,007 INFO o.a.j.t.JMeterThread: Thread is done: Purchase 1-31
2026-09-28 13:22:23,008 INFO o.a.j.t.JMeterThread: Thread finished: Purchase 1-31
2026-09-28 13:22:23,009 INFO o.a.j.t.JMeterThread: Thread is done: Purchase 1-15
2026-09-28 13:22:23,009 INFO o.a.j.t.JMeterThread: Thread finished: Purchase 1-15
2026-09-28 13:22:23,028 INFO o.a.j.t.JMeterThread: Thread is done: Purchase 1-19
2026-09-28 13:22:23,029 INFO o.a.j.t.JMeterThread: Thread finished: Purchase 1-19
2026-09-28 13:22:23,034 INFO o.a.j.t.JMeterThread: Thread is done: Purchase 1-4
2026-09-28 13:22:23,034 INFO o.a.j.t.JMeterThread: Thread is done: Purchase 1-34
2026-09-28 13:22:23,034 INFO o.a.j.t.JMeterThread: Thread is done: Purchase 1-5
2026-09-28 13:22:23,034 INFO o.a.j.t.JMeterThread: Thread finished: Purchase 1-4
2026-09-28 13:22:23,035 INFO o.a.j.t.JMeterThread: Thread finished: Purchase 1-34
2026-09-28 13:22:23,035 INFO o.a.j.t.JMeterThread: Thread finished: Purchase 1-5
2026-09-28 13:22:23,037 INFO o.a.j.t.JMeterThread: Thread is done: Purchase 1-21
2026-09-28 13:22:23,037 INFO o.a.j.t.JMeterThread: Thread finished: Purchase 1-21
2026-09-28 13:22:23,051 INFO o.a.j.t.JMeterThread: Thread is done: Purchase 1-33
2026-09-28 13:22:23,051 INFO o.a.j.t.JMeterThread: Thread is done: Purchase 1-16
2026-09-28 13:22:23,051 INFO o.a.j.t.JMeterThread: Thread is done: Purchase 1-25
2026-09-28 13:22:23,051 INFO o.a.j.t.JMeterThread: Thread is done: Purchase 1-23
2026-09-28 13:22:23,051 INFO o.a.j.t.JMeterThread: Thread finished: Purchase 1-25
2026-09-28 13:22:23,051 INFO o.a.j.t.JMeterThread: Thread is done: Purchase 1-11
2026-09-28 13:22:23,052 INFO o.a.j.t.JMeterThread: Thread finished: Purchase 1-16
2026-09-28 13:22:23,052 INFO o.a.j.t.JMeterThread: Thread finished: Purchase 1-11
2026-09-28 13:22:23,051 INFO o.a.j.t.JMeterThread: Thread finished: Purchase 1-33
2026-09-28 13:22:23,052 INFO o.a.j.t.JMeterThread: Thread finished: Purchase 1-23
2026-09-28 13:22:23,076 INFO o.a.j.t.JMeterThread: Thread is done: Purchase 1-32
2026-09-28 13:22:23,076 INFO o.a.j.t.JMeterThread: Thread is done: Purchase 1-30
2026-09-28 13:22:23,076 INFO o.a.j.t.JMeterThread: Thread finished: Purchase 1-32
2026-09-28 13:22:23,076 INFO o.a.j.t.JMeterThread: Thread finished: Purchase 1-30
2026-09-28 13:22:23,084 INFO o.a.j.t.JMeterThread: Thread is done: Purchase 1-36
2026-09-28 13:22:23,084 INFO o.a.j.t.JMeterThread: Thread finished: Purchase 1-36
2026-09-28 13:22:23,100 INFO o.a.j.t.JMeterThread: Thread is done: Purchase 1-24
2026-09-28 13:22:23,100 INFO o.a.j.t.JMeterThread: Thread finished: Purchase 1-24
2026-09-28 13:22:23,114 INFO o.a.j.t.JMeterThread: Thread is done: Purchase 1-17
2026-09-28 13:22:23,114 INFO o.a.j.t.JMeterThread: Thread finished: Purchase 1-17
2026-09-28 13:22:23,120 INFO o.a.j.t.JMeterThread: Thread is done: Purchase 1-7
2026-09-28 13:22:23,121 INFO o.a.j.t.JMeterThread: Thread is done: Purchase 1-9
2026-09-28 13:22:23,121 INFO o.a.j.t.JMeterThread: Thread is done: Purchase 1-28
2026-09-28 13:22:23,122 INFO o.a.j.t.JMeterThread: Thread finished: Purchase 1-7
2026-09-28 13:22:23,122 INFO o.a.j.t.JMeterThread: Thread finished: Purchase 1-28
2026-09-28 13:22:23,122 INFO o.a.j.t.JMeterThread: Thread finished: Purchase 1-9
2026-09-28 13:22:23,126 INFO o.a.j.t.JMeterThread: Thread is done: Purchase 1-22
2026-09-28 13:22:23,126 INFO o.a.j.t.JMeterThread: Thread finished: Purchase 1-22
2026-09-28 13:22:23,131 INFO o.a.j.t.JMeterThread: Thread is done: Purchase 1-2
2026-09-28 13:22:23,131 INFO o.a.j.t.JMeterThread: Thread finished: Purchase 1-2
2026-09-28 13:22:23,135 INFO o.a.j.t.JMeterThread: Thread is done: Purchase 1-1
2026-09-28 13:22:23,136 INFO o.a.j.t.JMeterThread: Thread finished: Purchase 1-1
2026-09-28 13:22:23,150 INFO o.a.j.t.JMeterThread: Thread is done: Purchase 1-13
2026-09-28 13:22:23,150 INFO o.a.j.t.JMeterThread: Thread is done: Purchase 1-14
2026-09-28 13:22:23,150 INFO o.a.j.t.JMeterThread: Thread finished: Purchase 1-13
2026-09-28 13:22:23,150 INFO o.a.j.t.JMeterThread: Thread finished: Purchase 1-14
2026-09-28 13:22:23,151 INFO o.a.j.t.JMeterThread: Thread is done: Purchase 1-26
2026-09-28 13:22:23,151 INFO o.a.j.t.JMeterThread: Thread finished: Purchase 1-26
2026-09-28 13:22:23,156 INFO o.a.j.t.JMeterThread: Thread is done: Purchase 1-8
2026-09-28 13:22:23,156 INFO o.a.j.t.JMeterThread: Thread finished: Purchase 1-8
2026-09-28 13:22:23,163 INFO o.a.j.t.JMeterThread: Thread is done: Purchase 1-27
2026-09-28 13:22:23,163 INFO o.a.j.t.JMeterThread: Thread finished: Purchase 1-27
2026-09-28 13:22:23,166 INFO o.a.j.t.JMeterThread: Thread is done: Purchase 1-18
2026-09-28 13:22:23,166 INFO o.a.j.t.JMeterThread: Thread is done: Purchase 1-3
2026-09-28 13:22:23,167 INFO o.a.j.t.JMeterThread: Thread finished: Purchase 1-18
2026-09-28 13:22:23,167 INFO o.a.j.t.JMeterThread: Thread finished: Purchase 1-3
2026-09-28 13:22:23,180 INFO o.a.j.t.JMeterThread: Thread is done: Purchase 1-20
2026-09-28 13:22:23,181 INFO o.a.j.t.JMeterThread: Thread finished: Purchase 1-20
2026-09-28 13:22:23,184 INFO o.a.j.t.JMeterThread: Thread is done: Purchase 1-6
2026-09-28 13:22:23,184 INFO o.a.j.t.JMeterThread: Thread finished: Purchase 1-6
2026-09-28 13:22:23,196 INFO o.a.j.t.JMeterThread: Thread is done: Purchase 1-37
2026-09-28 13:22:23,196 INFO o.a.j.t.JMeterThread: Thread finished: Purchase 1-37
2026-09-28 13:22:23,203 INFO o.a.j.t.JMeterThread: Thread is done: Purchase 1-38
2026-09-28 13:22:23,203 INFO o.a.j.t.JMeterThread: Thread finished: Purchase 1-38
2026-09-28 13:22:23,204 INFO o.a.j.t.JMeterThread: Thread is done: Purchase 1-39
2026-09-28 13:22:23,204 INFO o.a.j.t.JMeterThread: Thread finished: Purchase 1-39
2026-09-28 13:22:23,212 INFO o.a.j.t.JMeterThread: Thread is done: Purchase 1-29
2026-09-28 13:22:23,212 INFO o.a.j.t.JMeterThread: Thread finished: Purchase 1-29
2026-09-28 13:22:23,216 INFO o.a.j.t.JMeterThread: Thread is done: Purchase 1-12
2026-09-28 13:22:23,216 INFO o.a.j.t.JMeterThread: Thread finished: Purchase 1-12
2026-09-28 13:22:23,236 INFO o.a.j.t.JMeterThread: Thread is done: Purchase 1-40
2026-09-28 13:22:23,236 INFO o.a.j.t.JMeterThread: Thread finished: Purchase 1-40
2026-09-28 13:22:23,256 INFO o.a.j.t.JMeterThread: Thread is done: Purchase 1-10
2026-09-28 13:22:23,256 INFO o.a.j.t.JMeterThread: Thread finished: Purchase 1-10
2026-09-28 13:22:23,257 INFO o.a.j.t.JMeterThread: Thread is done: Purchase 1-41
2026-09-28 13:22:23,257 INFO o.a.j.t.JMeterThread: Thread finished: Purchase 1-41
2026-09-28 13:22:23,287 INFO o.a.j.t.JMeterThread: Thread is done: Purchase 1-44
2026-09-28 13:22:23,288 INFO o.a.j.t.JMeterThread: Thread finished: Purchase 1-44
2026-09-28 13:22:23,295 INFO o.a.j.t.JMeterThread: Thread is done: Purchase 1-47
2026-09-28 13:22:23,296 INFO o.a.j.t.JMeterThread: Thread finished: Purchase 1-47
2026-09-28 13:22:23,301 INFO o.a.j.t.JMeterThread: Thread is done: Purchase 1-43
2026-09-28 13:22:23,301 INFO o.a.j.t.JMeterThread: Thread finished: Purchase 1-43
2026-09-28 13:22:23,306 INFO o.a.j.t.JMeterThread: Thread is done: Purchase 1-42
2026-09-28 13:22:23,306 INFO o.a.j.t.JMeterThread: Thread finished: Purchase 1-42
2026-09-28 13:22:23,358 INFO o.a.j.t.JMeterThread: Thread is done: Purchase 1-46
2026-09-28 13:22:23,359 INFO o.a.j.t.JMeterThread: Thread finished: Purchase 1-46
2026-09-28 13:22:23,377 INFO o.a.j.t.JMeterThread: Thread is done: Purchase 1-45
2026-09-28 13:22:23,377 INFO o.a.j.t.JMeterThread: Thread finished: Purchase 1-45
2026-09-28 13:22:23,382 INFO o.a.j.t.JMeterThread: Thread is done: Purchase 1-49
2026-09-28 13:22:23,382 INFO o.a.j.t.JMeterThread: Thread finished: Purchase 1-49
2026-09-28 13:22:23,404 INFO o.a.j.t.JMeterThread: Thread is done: Purchase 1-57
2026-09-28 13:22:23,405 INFO o.a.j.t.JMeterThread: Thread finished: Purchase 1-57
2026-09-28 13:22:23,410 INFO o.a.j.t.JMeterThread: Thread is done: Purchase 1-54
2026-09-28 13:22:23,410 INFO o.a.j.t.JMeterThread: Thread finished: Purchase 1-54
2026-09-28 13:22:23,410 INFO o.a.j.t.JMeterThread: Thread is done: Purchase 1-51
2026-09-28 13:22:23,410 INFO o.a.j.t.JMeterThread: Thread finished: Purchase 1-51
2026-09-28 13:22:23,433 INFO o.a.j.t.JMeterThread: Thread is done: Purchase 1-52
2026-09-28 13:22:23,433 INFO o.a.j.t.JMeterThread: Thread is done: Purchase 1-48
2026-09-28 13:22:23,434 INFO o.a.j.t.JMeterThread: Thread finished: Purchase 1-52
2026-09-28 13:22:23,434 INFO o.a.j.t.JMeterThread: Thread finished: Purchase 1-48
2026-09-28 13:22:23,441 INFO o.a.j.t.JMeterThread: Thread is done: Purchase 1-50
2026-09-28 13:22:23,441 INFO o.a.j.t.JMeterThread: Thread finished: Purchase 1-50
2026-09-28 13:22:23,463 INFO o.a.j.t.JMeterThread: Thread is done: Purchase 1-56
2026-09-28 13:22:23,463 INFO o.a.j.t.JMeterThread: Thread finished: Purchase 1-56
2026-09-28 13:22:23,469 INFO o.a.j.t.JMeterThread: Thread is done: Purchase 1-53
2026-09-28 13:22:23,470 INFO o.a.j.t.JMeterThread: Thread finished: Purchase 1-53
2026-09-28 13:22:23,478 INFO o.a.j.t.JMeterThread: Thread is done: Purchase 1-62
2026-09-28 13:22:23,478 INFO o.a.j.t.JMeterThread: Thread finished: Purchase 1-62
2026-09-28 13:22:23,483 INFO o.a.j.t.JMeterThread: Thread is done: Purchase 1-58
2026-09-28 13:22:23,483 INFO o.a.j.t.JMeterThread: Thread finished: Purchase 1-58
2026-09-28 13:22:23,485 INFO o.a.j.t.JMeterThread: Thread is done: Purchase 1-55
2026-09-28 13:22:23,486 INFO o.a.j.t.JMeterThread: Thread finished: Purchase 1-55
2026-09-28 13:22:23,492 INFO o.a.j.t.JMeterThread: Thread is done: Purchase 1-60
2026-09-28 13:22:23,492 INFO o.a.j.t.JMeterThread: Thread finished: Purchase 1-60
2026-09-28 13:22:23,498 INFO o.a.j.t.JMeterThread: Thread is done: Purchase 1-64
2026-09-28 13:22:23,498 INFO o.a.j.t.JMeterThread: Thread finished: Purchase 1-64
2026-09-28 13:22:23,508 INFO o.a.j.t.JMeterThread: Thread is done: Purchase 1-76
2026-09-28 13:22:23,509 INFO o.a.j.t.JMeterThread: Thread finished: Purchase 1-76
2026-09-28 13:22:23,510 INFO o.a.j.t.JMeterThread: Thread is done: Purchase 1-59
2026-09-28 13:22:23,510 INFO o.a.j.t.JMeterThread: Thread finished: Purchase 1-59
2026-09-28 13:22:23,512 INFO o.a.j.t.JMeterThread: Thread is done: Purchase 1-70
2026-09-28 13:22:23,512 INFO o.a.j.t.JMeterThread: Thread finished: Purchase 1-70
2026-09-28 13:22:23,518 INFO o.a.j.t.JMeterThread: Thread is done: Purchase 1-75
2026-09-28 13:22:23,518 INFO o.a.j.t.JMeterThread: Thread finished: Purchase 1-75
2026-09-28 13:22:23,523 INFO o.a.j.t.JMeterThread: Thread is done: Purchase 1-65
2026-09-28 13:22:23,523 INFO o.a.j.t.JMeterThread: Thread is done: Purchase 1-61
2026-09-28 13:22:23,523 INFO o.a.j.t.JMeterThread: Thread finished: Purchase 1-65
2026-09-28 13:22:23,523 INFO o.a.j.t.JMeterThread: Thread finished: Purchase 1-61
2026-09-28 13:22:23,530 INFO o.a.j.t.JMeterThread: Thread is done: Purchase 1-67
2026-09-28 13:22:23,530 INFO o.a.j.t.JMeterThread: Thread is done: Purchase 1-63
2026-09-28 13:22:23,530 INFO o.a.j.t.JMeterThread: Thread is done: Purchase 1-72
2026-09-28 13:22:23,530 INFO o.a.j.t.JMeterThread: Thread finished: Purchase 1-63
2026-09-28 13:22:23,530 INFO o.a.j.t.JMeterThread: Thread finished: Purchase 1-67
2026-09-28 13:22:23,530 INFO o.a.j.t.JMeterThread: Thread finished: Purchase 1-72
2026-09-28 13:22:23,531 INFO o.a.j.t.JMeterThread: Thread is done: Purchase 1-71
2026-09-28 13:22:23,531 INFO o.a.j.t.JMeterThread: Thread finished: Purchase 1-71
2026-09-28 13:22:23,536 INFO o.a.j.t.JMeterThread: Thread is done: Purchase 1-68
2026-09-28 13:22:23,536 INFO o.a.j.t.JMeterThread: Thread finished: Purchase 1-68
2026-09-28 13:22:23,542 INFO o.a.j.t.JMeterThread: Thread is done: Purchase 1-69
2026-09-28 13:22:23,542 INFO o.a.j.t.JMeterThread: Thread finished: Purchase 1-69
2026-09-28 13:22:23,556 INFO o.a.j.t.JMeterThread: Thread is done: Purchase 1-74
2026-09-28 13:22:23,557 INFO o.a.j.t.JMeterThread: Thread finished: Purchase 1-74
2026-09-28 13:22:23,559 INFO o.a.j.t.JMeterThread: Thread is done: Purchase 1-77
2026-09-28 13:22:23,559 INFO o.a.j.t.JMeterThread: Thread finished: Purchase 1-77
2026-09-28 13:22:23,564 INFO o.a.j.t.JMeterThread: Thread is done: Purchase 1-85
2026-09-28 13:22:23,564 INFO o.a.j.t.JMeterThread: Thread finished: Purchase 1-85
2026-09-28 13:22:23,564 INFO o.a.j.t.JMeterThread: Thread is done: Purchase 1-82
2026-09-28 13:22:23,564 INFO o.a.j.t.JMeterThread: Thread finished: Purchase 1-82
2026-09-28 13:22:23,564 INFO o.a.j.t.JMeterThread: Thread is done: Purchase 1-81
2026-09-28 13:22:23,564 INFO o.a.j.t.JMeterThread: Thread finished: Purchase 1-81
2026-09-28 13:22:23,566 INFO o.a.j.t.JMeterThread: Thread is done: Purchase 1-66
2026-09-28 13:22:23,566 INFO o.a.j.t.JMeterThread: Thread finished: Purchase 1-66
2026-09-28 13:22:23,569 INFO o.a.j.t.JMeterThread: Thread is done: Purchase 1-79
2026-09-28 13:22:23,569 INFO o.a.j.t.JMeterThread: Thread finished: Purchase 1-79
2026-09-28 13:22:23,571 INFO o.a.j.t.JMeterThread: Thread is done: Purchase 1-73
2026-09-28 13:22:23,571 INFO o.a.j.t.JMeterThread: Thread finished: Purchase 1-73
2026-09-28 13:22:23,571 INFO o.a.j.t.JMeterThread: Thread is done: Purchase 1-78
2026-09-28 13:22:23,571 INFO o.a.j.t.JMeterThread: Thread finished: Purchase 1-78
2026-09-28 13:22:23,578 INFO o.a.j.t.JMeterThread: Thread is done: Purchase 1-80
2026-09-28 13:22:23,578 INFO o.a.j.t.JMeterThread: Thread is done: Purchase 1-84
2026-09-28 13:22:23,578 INFO o.a.j.t.JMeterThread: Thread finished: Purchase 1-80
2026-09-28 13:22:23,578 INFO o.a.j.t.JMeterThread: Thread finished: Purchase 1-84
2026-09-28 13:22:23,584 INFO o.a.j.t.JMeterThread: Thread is done: Purchase 1-87
2026-09-28 13:22:23,584 INFO o.a.j.t.JMeterThread: Thread finished: Purchase 1-87
2026-09-28 13:22:23,592 INFO o.a.j.t.JMeterThread: Thread is done: Purchase 1-83
2026-09-28 13:22:23,592 INFO o.a.j.t.JMeterThread: Thread is done: Purchase 1-86
2026-09-28 13:22:23,592 INFO o.a.j.t.JMeterThread: Thread finished: Purchase 1-83
2026-09-28 13:22:23,592 INFO o.a.j.t.JMeterThread: Thread finished: Purchase 1-86
2026-09-28 13:22:23,592 INFO o.a.j.t.JMeterThread: Thread is done: Purchase 1-91
2026-09-28 13:22:23,592 INFO o.a.j.t.JMeterThread: Thread finished: Purchase 1-91
2026-09-28 13:22:23,596 INFO o.a.j.t.JMeterThread: Thread is done: Purchase 1-89
2026-09-28 13:22:23,596 INFO o.a.j.t.JMeterThread: Thread finished: Purchase 1-89
2026-09-28 13:22:23,601 INFO o.a.j.t.JMeterThread: Thread is done: Purchase 1-93
2026-09-28 13:22:23,602 INFO o.a.j.t.JMeterThread: Thread finished: Purchase 1-93
2026-09-28 13:22:23,606 INFO o.a.j.t.JMeterThread: Thread is done: Purchase 1-90
2026-09-28 13:22:23,606 INFO o.a.j.t.JMeterThread: Thread finished: Purchase 1-90
2026-09-28 13:22:23,608 INFO o.a.j.t.JMeterThread: Thread is done: Purchase 1-96
2026-09-28 13:22:23,608 INFO o.a.j.t.JMeterThread: Thread finished: Purchase 1-96
2026-09-28 13:22:23,609 INFO o.a.j.t.JMeterThread: Thread is done: Purchase 1-98
2026-09-28 13:22:23,609 INFO o.a.j.t.JMeterThread: Thread finished: Purchase 1-98
2026-09-28 13:22:23,609 INFO o.a.j.t.JMeterThread: Thread is done: Purchase 1-94
2026-09-28 13:22:23,609 INFO o.a.j.t.JMeterThread: Thread finished: Purchase 1-94
2026-09-28 13:22:23,611 INFO o.a.j.t.JMeterThread: Thread is done: Purchase 1-97
2026-09-28 13:22:23,611 INFO o.a.j.t.JMeterThread: Thread finished: Purchase 1-97
2026-09-28 13:22:23,612 INFO o.a.j.t.JMeterThread: Thread is done: Purchase 1-88
2026-09-28 13:22:23,612 INFO o.a.j.t.JMeterThread: Thread finished: Purchase 1-88
2026-09-28 13:22:23,612 INFO o.a.j.t.JMeterThread: Thread is done: Purchase 1-95
2026-09-28 13:22:23,612 INFO o.a.j.t.JMeterThread: Thread finished: Purchase 1-95
2026-09-28 13:22:23,616 INFO o.a.j.t.JMeterThread: Thread is done: Purchase 1-92
2026-09-28 13:22:23,616 INFO o.a.j.t.JMeterThread: Thread finished: Purchase 1-92
2026-09-28 13:22:23,617 INFO o.a.j.t.JMeterThread: Thread is done: Purchase 1-99
2026-09-28 13:22:23,617 INFO o.a.j.t.JMeterThread: Thread finished: Purchase 1-99
2026-09-28 13:22:23,618 INFO o.a.j.t.JMeterThread: Thread is done: Purchase 1-100
2026-09-28 13:22:23,618 INFO o.a.j.t.JMeterThread: Thread finished: Purchase 1-100
2026-09-28 13:22:23,619 INFO o.a.j.e.StandardJMeterEngine: Notifying test listeners of end of test
2026-09-28 13:22:23,629 INFO o.a.j.r.Summariser: summary =   3000 in 00:00:03 = 1112.8/s Avg:    62 Min:     8 Max:   245 Err:     0 (0.00%)
